
> gmc-shelters@1.0.0 pretest
> npm rebuild better-sqlite3

rebuilt dependencies successfully

> gmc-shelters@1.0.0 test
> jest

PASS main src/main/db/shelters.test.ts (9.345 s)
PASS main src/main/db/map-markers.test.ts (9.582 s)
PASS main src/main/db/photos.test.ts (9.544 s)
PASS main src/main/preload.test.ts
PASS main src/main/ipc/photos.test.ts
  ● Console

    console.warn
      Thumbnail purge failed after photo deletion: Error: boom
          at /Users/johnneed/Projects/gmc-shelters/src/main/ipc/photos.test.ts:115:91
          at /Users/johnneed/Projects/gmc-shelters/node_modules/jest-mock/build/index.js:397:39
          at /Users/johnneed/Projects/gmc-shelters/node_modules/jest-mock/build/index.js:404:13
          at mockConstructor (/Users/johnneed/Projects/gmc-shelters/node_modules/jest-mock/build/index.js:148:19)
          at purgeThumbnailsForSource (eval at _createMockFunction (/Users/johnneed/Projects/gmc-shelters/node_modules/jest-mock/build/index.js:566:31), <anonymous>:3:70)
          at /Users/johnneed/Projects/gmc-shelters/src/main/ipc/photos.ts:98:37
          at processTicksAndRejections (node:internal/process/task_queues:105:5)
          at Object.<anonymous> (/Users/johnneed/Projects/gmc-shelters/src/main/ipc/photos.test.ts:118:5)

       98 |             purgeThumbnailsForSource(filePath);
       99 |           } catch (err) {
    > 100 |             console.warn('Thumbnail purge failed after photo deletion:', err);
          |                     ^
      101 |           }
      102 |         }
      103 |       }

      at src/main/ipc/photos.ts:100:21
      at Object.<anonymous> (src/main/ipc/photos.test.ts:118:5)

    console.warn
      Thumbnail purge failed after photo move: Error: boom
          at /Users/johnneed/Projects/gmc-shelters/src/main/ipc/photos.test.ts:115:91
          at /Users/johnneed/Projects/gmc-shelters/node_modules/jest-mock/build/index.js:397:39
          at /Users/johnneed/Projects/gmc-shelters/node_modules/jest-mock/build/index.js:404:13
          at mockConstructor (/Users/johnneed/Projects/gmc-shelters/node_modules/jest-mock/build/index.js:148:19)
          at purgeThumbnailsForSource (eval at _createMockFunction (/Users/johnneed/Projects/gmc-shelters/node_modules/jest-mock/build/index.js:566:31), <anonymous>:3:70)
          at /Users/johnneed/Projects/gmc-shelters/src/main/ipc/photos.ts:147:33
          at processTicksAndRejections (node:internal/process/task_queues:105:5)
          at Object.<anonymous> (/Users/johnneed/Projects/gmc-shelters/src/main/ipc/photos.test.ts:157:7)

      147 |         purgeThumbnailsForSource(oldFilePath);
      148 |       } catch (err) {
    > 149 |         console.warn('Thumbnail purge failed after photo move:', err);
          |                 ^
      150 |       }
      151 |     }
      152 |

      at src/main/ipc/photos.ts:149:17
      at Object.<anonymous> (src/main/ipc/photos.test.ts:157:7)

PASS main src/main/export/zipper.test.ts
(node:79207) [DEP0040] DeprecationWarning: The `punycode` module is deprecated. Please use a userland alternative instead.
(Use `node --trace-deprecation ...` to show where the warning was created)
FAIL renderer src/renderer/components/MainPane/tabs/PhotoDetailPane.test.tsx (9.983 s)
  ● Console

    console.error
      Error: Uncaught [TypeError: fieldsRef.current?.scrollTo is not a function]
          at reportException (/Users/johnneed/Projects/gmc-shelters/node_modules/jsdom/lib/jsdom/living/helpers/runtime-script-errors.js:66:24)
          at innerInvokeEventListeners (/Users/johnneed/Projects/gmc-shelters/node_modules/jsdom/lib/jsdom/living/events/EventTarget-impl.js:353:9)
          at invokeEventListeners (/Users/johnneed/Projects/gmc-shelters/node_modules/jsdom/lib/jsdom/living/events/EventTarget-impl.js:286:3)
          at HTMLUnknownElementImpl._dispatch (/Users/johnneed/Projects/gmc-shelters/node_modules/jsdom/lib/jsdom/living/events/EventTarget-impl.js:233:9)
          at HTMLUnknownElementImpl.dispatchEvent (/Users/johnneed/Projects/gmc-shelters/node_modules/jsdom/lib/jsdom/living/events/EventTarget-impl.js:104:17)
          at HTMLUnknownElement.dispatchEvent (/Users/johnneed/Projects/gmc-shelters/node_modules/jsdom/lib/jsdom/living/generated/EventTarget.js:241:34)
          at Object.invokeGuardedCallbackDev (/Users/johnneed/Projects/gmc-shelters/node_modules/react-dom/cjs/react-dom.development.js:4213:16)
          at invokeGuardedCallback (/Users/johnneed/Projects/gmc-shelters/node_modules/react-dom/cjs/react-dom.development.js:4277:31)
          at reportUncaughtErrorInDEV (/Users/johnneed/Projects/gmc-shelters/node_modules/react-dom/cjs/react-dom.development.js:22877:5)
          at captureCommitPhaseError (/Users/johnneed/Projects/gmc-shelters/node_modules/react-dom/cjs/react-dom.development.js:27165:5)
          at commitPassiveMountEffects_complete (/Users/johnneed/Projects/gmc-shelters/node_modules/react-dom/cjs/react-dom.development.js:24932:9)
          at commitPassiveMountEffects_begin (/Users/johnneed/Projects/gmc-shelters/node_modules/react-dom/cjs/react-dom.development.js:24917:7)
          at commitPassiveMountEffects (/Users/johnneed/Projects/gmc-shelters/node_modules/react-dom/cjs/react-dom.development.js:24905:3)
          at flushPassiveEffectsImpl (/Users/johnneed/Projects/gmc-shelters/node_modules/react-dom/cjs/react-dom.development.js:27078:3)
          at flushPassiveEffects (/Users/johnneed/Projects/gmc-shelters/node_modules/react-dom/cjs/react-dom.development.js:27023:14)
          at /Users/johnneed/Projects/gmc-shelters/node_modules/react-dom/cjs/react-dom.development.js:26808:9
          at flushActQueue (/Users/johnneed/Projects/gmc-shelters/node_modules/react/cjs/react.development.js:2667:24)
          at act (/Users/johnneed/Projects/gmc-shelters/node_modules/react/cjs/react.development.js:2582:11)
          at /Users/johnneed/Projects/gmc-shelters/node_modules/@testing-library/react/dist/act-compat.js:46:25
          at renderRoot (/Users/johnneed/Projects/gmc-shelters/node_modules/@testing-library/react/dist/pure.js:189:26)
          at render (/Users/johnneed/Projects/gmc-shelters/node_modules/@testing-library/react/dist/pure.js:291:10)
          at Object.<anonymous> (/Users/johnneed/Projects/gmc-shelters/src/renderer/components/MainPane/tabs/PhotoDetailPane.test.tsx:69:11)
          at Promise.then.completed (/Users/johnneed/Projects/gmc-shelters/node_modules/jest-circus/build/utils.js:298:28)
          at new Promise (<anonymous>)
          at callAsyncCircusFn (/Users/johnneed/Projects/gmc-shelters/node_modules/jest-circus/build/utils.js:231:10)
          at _callCircusTest (/Users/johnneed/Projects/gmc-shelters/node_modules/jest-circus/build/run.js:316:40)
          at processTicksAndRejections (node:internal/process/task_queues:105:5)
          at _runTest (/Users/johnneed/Projects/gmc-shelters/node_modules/jest-circus/build/run.js:252:3)
          at _runTestsForDescribeBlock (/Users/johnneed/Projects/gmc-shelters/node_modules/jest-circus/build/run.js:126:9)
          at _runTestsForDescribeBlock (/Users/johnneed/Projects/gmc-shelters/node_modules/jest-circus/build/run.js:121:9)
          at run (/Users/johnneed/Projects/gmc-shelters/node_modules/jest-circus/build/run.js:71:3)
          at runAndTransformResultsToJestFormat (/Users/johnneed/Projects/gmc-shelters/node_modules/jest-circus/build/legacy-code-todo-rewrite/jestAdapterInit.js:122:21)
          at jestAdapter (/Users/johnneed/Projects/gmc-shelters/node_modules/jest-circus/build/legacy-code-todo-rewrite/jestAdapter.js:79:19)
          at runTestInternal (/Users/johnneed/Projects/gmc-shelters/node_modules/jest-runner/build/runTest.js:367:16)
          at runTest (/Users/johnneed/Projects/gmc-shelters/node_modules/jest-runner/build/runTest.js:444:34)
          at Object.worker (/Users/johnneed/Projects/gmc-shelters/node_modules/jest-runner/build/testWorker.js:106:12) {
        detail: TypeError: fieldsRef.current?.scrollTo is not a function
            at /Users/johnneed/Projects/gmc-shelters/src/renderer/components/MainPane/tabs/PhotoDetailPane.tsx:49:24
            at commitHookEffectListMount (/Users/johnneed/Projects/gmc-shelters/node_modules/react-dom/cjs/react-dom.development.js:23189:26)
            at commitPassiveMountOnFiber (/Users/johnneed/Projects/gmc-shelters/node_modules/react-dom/cjs/react-dom.development.js:24970:11)
            at commitPassiveMountEffects_complete (/Users/johnneed/Projects/gmc-shelters/node_modules/react-dom/cjs/react-dom.development.js:24930:9)
            at commitPassiveMountEffects_begin (/Users/johnneed/Projects/gmc-shelters/node_modules/react-dom/cjs/react-dom.development.js:24917:7)
            at commitPassiveMountEffects (/Users/johnneed/Projects/gmc-shelters/node_modules/react-dom/cjs/react-dom.development.js:24905:3)
            at flushPassiveEffectsImpl (/Users/johnneed/Projects/gmc-shelters/node_modules/react-dom/cjs/react-dom.development.js:27078:3)
            at flushPassiveEffects (/Users/johnneed/Projects/gmc-shelters/node_modules/react-dom/cjs/react-dom.development.js:27023:14)
            at /Users/johnneed/Projects/gmc-shelters/node_modules/react-dom/cjs/react-dom.development.js:26808:9
            at flushActQueue (/Users/johnneed/Projects/gmc-shelters/node_modules/react/cjs/react.development.js:2667:24)
            at act (/Users/johnneed/Projects/gmc-shelters/node_modules/react/cjs/react.development.js:2582:11)
            at /Users/johnneed/Projects/gmc-shelters/node_modules/@testing-library/react/dist/act-compat.js:46:25
            at renderRoot (/Users/johnneed/Projects/gmc-shelters/node_modules/@testing-library/react/dist/pure.js:189:26)
            at render (/Users/johnneed/Projects/gmc-shelters/node_modules/@testing-library/react/dist/pure.js:291:10)
            at Object.<anonymous> (/Users/johnneed/Projects/gmc-shelters/src/renderer/components/MainPane/tabs/PhotoDetailPane.test.tsx:69:11)
            at Promise.then.completed (/Users/johnneed/Projects/gmc-shelters/node_modules/jest-circus/build/utils.js:298:28)
            at new Promise (<anonymous>)
            at callAsyncCircusFn (/Users/johnneed/Projects/gmc-shelters/node_modules/jest-circus/build/utils.js:231:10)
            at _callCircusTest (/Users/johnneed/Projects/gmc-shelters/node_modules/jest-circus/build/run.js:316:40)
            at processTicksAndRejections (node:internal/process/task_queues:105:5)
            at _runTest (/Users/johnneed/Projects/gmc-shelters/node_modules/jest-circus/build/run.js:252:3)
            at _runTestsForDescribeBlock (/Users/johnneed/Projects/gmc-shelters/node_modules/jest-circus/build/run.js:126:9)
            at _runTestsForDescribeBlock (/Users/johnneed/Projects/gmc-shelters/node_modules/jest-circus/build/run.js:121:9)
            at run (/Users/johnneed/Projects/gmc-shelters/node_modules/jest-circus/build/run.js:71:3)
            at runAndTransformResultsToJestFormat (/Users/johnneed/Projects/gmc-shelters/node_modules/jest-circus/build/legacy-code-todo-rewrite/jestAdapterInit.js:122:21)
            at jestAdapter (/Users/johnneed/Projects/gmc-shelters/node_modules/jest-circus/build/legacy-code-todo-rewrite/jestAdapter.js:79:19)
            at runTestInternal (/Users/johnneed/Projects/gmc-shelters/node_modules/jest-runner/build/runTest.js:367:16)
            at runTest (/Users/johnneed/Projects/gmc-shelters/node_modules/jest-runner/build/runTest.js:444:34)
            at Object.worker (/Users/johnneed/Projects/gmc-shelters/node_modules/jest-runner/build/testWorker.js:106:12),
        type: 'unhandled exception'
      }

      67 | describe('PhotoDetailPane', () => {
      68 |   it('renders the photo title', () => {
    > 69 |     render(<PhotoDetailPane {...makeProps()} />);
         |           ^
      70 |     expect(screen.getByText('Trailside Hut')).toBeInTheDocument();
      71 |   });
      72 |

      at VirtualConsole.<anonymous> (node_modules/jest-environment-jsdom/build/index.js:63:23)
      at reportException (node_modules/jsdom/lib/jsdom/living/helpers/runtime-script-errors.js:70:28)
      at innerInvokeEventListeners (node_modules/jsdom/lib/jsdom/living/events/EventTarget-impl.js:353:9)
      at invokeEventListeners (node_modules/jsdom/lib/jsdom/living/events/EventTarget-impl.js:286:3)
      at HTMLUnknownElementImpl._dispatch (node_modules/jsdom/lib/jsdom/living/events/EventTarget-impl.js:233:9)
      at HTMLUnknownElementImpl.dispatchEvent (node_modules/jsdom/lib/jsdom/living/events/EventTarget-impl.js:104:17)
      at HTMLUnknownElement.dispatchEvent (node_modules/jsdom/lib/jsdom/living/generated/EventTarget.js:241:34)
      at Object.invokeGuardedCallbackDev (node_modules/react-dom/cjs/react-dom.development.js:4213:16)
      at invokeGuardedCallback (node_modules/react-dom/cjs/react-dom.development.js:4277:31)
      at reportUncaughtErrorInDEV (node_modules/react-dom/cjs/react-dom.development.js:22877:5)
      at captureCommitPhaseError (node_modules/react-dom/cjs/react-dom.development.js:27165:5)
      at commitPassiveMountEffects_complete (node_modules/react-dom/cjs/react-dom.development.js:24932:9)
      at commitPassiveMountEffects_begin (node_modules/react-dom/cjs/react-dom.development.js:24917:7)
      at commitPassiveMountEffects (node_modules/react-dom/cjs/react-dom.development.js:24905:3)
      at flushPassiveEffectsImpl (node_modules/react-dom/cjs/react-dom.development.js:27078:3)
      at flushPassiveEffects (node_modules/react-dom/cjs/react-dom.development.js:27023:14)
      at node_modules/react-dom/cjs/react-dom.development.js:26808:9
      at flushActQueue (node_modules/react/cjs/react.development.js:2667:24)
      at act (node_modules/react/cjs/react.development.js:2582:11)
      at node_modules/@testing-library/react/dist/act-compat.js:46:25
      at renderRoot (node_modules/@testing-library/react/dist/pure.js:189:26)
      at render (node_modules/@testing-library/react/dist/pure.js:291:10)
      at Object.<anonymous> (src/renderer/components/MainPane/tabs/PhotoDetailPane.test.tsx:69:11)

    console.error
      The above error occurred in the <PhotoDetailPane> component:
      
          at PhotoDetailPane (/Users/johnneed/Projects/gmc-shelters/src/renderer/components/MainPane/tabs/PhotoDetailPane.tsx:39:3)
      
      Consider adding an error boundary to your tree to customize error handling behavior.
      Visit https://reactjs.org/link/error-boundaries to learn more about error boundaries.

      67 | describe('PhotoDetailPane', () => {
      68 |   it('renders the photo title', () => {
    > 69 |     render(<PhotoDetailPane {...makeProps()} />);
         |           ^
      70 |     expect(screen.getByText('Trailside Hut')).toBeInTheDocument();
      71 |   });
      72 |

      at logCapturedError (node_modules/react-dom/cjs/react-dom.development.js:18704:23)
      at update.callback (node_modules/react-dom/cjs/react-dom.development.js:18737:5)
      at callCallback (node_modules/react-dom/cjs/react-dom.development.js:15036:12)
      at commitUpdateQueue (node_modules/react-dom/cjs/react-dom.development.js:15057:9)
      at commitLayoutEffectOnFiber (node_modules/react-dom/cjs/react-dom.development.js:23430:13)
      at commitLayoutMountEffects_complete (node_modules/react-dom/cjs/react-dom.development.js:24727:9)
      at commitLayoutEffects_begin (node_modules/react-dom/cjs/react-dom.development.js:24713:7)
      at commitLayoutEffects (node_modules/react-dom/cjs/react-dom.development.js:24651:3)
      at commitRootImpl (node_modules/react-dom/cjs/react-dom.development.js:26862:5)
      at commitRoot (node_modules/react-dom/cjs/react-dom.development.js:26721:5)
      at performSyncWorkOnRoot (node_modules/react-dom/cjs/react-dom.development.js:26156:3)
      at flushSyncCallbacks (node_modules/react-dom/cjs/react-dom.development.js:12042:22)
      at flushPassiveEffectsImpl (node_modules/react-dom/cjs/react-dom.development.js:27099:3)
      at flushPassiveEffects (node_modules/react-dom/cjs/react-dom.development.js:27023:14)
      at node_modules/react-dom/cjs/react-dom.development.js:26808:9
      at flushActQueue (node_modules/react/cjs/react.development.js:2667:24)
      at act (node_modules/react/cjs/react.development.js:2582:11)
      at node_modules/@testing-library/react/dist/act-compat.js:46:25
      at renderRoot (node_modules/@testing-library/react/dist/pure.js:189:26)
      at render (node_modules/@testing-library/react/dist/pure.js:291:10)
      at Object.<anonymous> (src/renderer/components/MainPane/tabs/PhotoDetailPane.test.tsx:69:11)

    console.error
      Error: Uncaught [TypeError: fieldsRef.current?.scrollTo is not a function]
          at reportException (/Users/johnneed/Projects/gmc-shelters/node_modules/jsdom/lib/jsdom/living/helpers/runtime-script-errors.js:66:24)
          at innerInvokeEventListeners (/Users/johnneed/Projects/gmc-shelters/node_modules/jsdom/lib/jsdom/living/events/EventTarget-impl.js:353:9)
          at invokeEventListeners (/Users/johnneed/Projects/gmc-shelters/node_modules/jsdom/lib/jsdom/living/events/EventTarget-impl.js:286:3)
          at HTMLUnknownElementImpl._dispatch (/Users/johnneed/Projects/gmc-shelters/node_modules/jsdom/lib/jsdom/living/events/EventTarget-impl.js:233:9)
          at HTMLUnknownElementImpl.dispatchEvent (/Users/johnneed/Projects/gmc-shelters/node_modules/jsdom/lib/jsdom/living/events/EventTarget-impl.js:104:17)
          at HTMLUnknownElement.dispatchEvent (/Users/johnneed/Projects/gmc-shelters/node_modules/jsdom/lib/jsdom/living/generated/EventTarget.js:241:34)
          at Object.invokeGuardedCallbackDev (/Users/johnneed/Projects/gmc-shelters/node_modules/react-dom/cjs/react-dom.development.js:4213:16)
          at invokeGuardedCallback (/Users/johnneed/Projects/gmc-shelters/node_modules/react-dom/cjs/react-dom.development.js:4277:31)
          at reportUncaughtErrorInDEV (/Users/johnneed/Projects/gmc-shelters/node_modules/react-dom/cjs/react-dom.development.js:22877:5)
          at captureCommitPhaseError (/Users/johnneed/Projects/gmc-shelters/node_modules/react-dom/cjs/react-dom.development.js:27165:5)
          at commitPassiveMountEffects_complete (/Users/johnneed/Projects/gmc-shelters/node_modules/react-dom/cjs/react-dom.development.js:24932:9)
          at commitPassiveMountEffects_begin (/Users/johnneed/Projects/gmc-shelters/node_modules/react-dom/cjs/react-dom.development.js:24917:7)
          at commitPassiveMountEffects (/Users/johnneed/Projects/gmc-shelters/node_modules/react-dom/cjs/react-dom.development.js:24905:3)
          at flushPassiveEffectsImpl (/Users/johnneed/Projects/gmc-shelters/node_modules/react-dom/cjs/react-dom.development.js:27078:3)
          at flushPassiveEffects (/Users/johnneed/Projects/gmc-shelters/node_modules/react-dom/cjs/react-dom.development.js:27023:14)
          at /Users/johnneed/Projects/gmc-shelters/node_modules/react-dom/cjs/react-dom.development.js:26808:9
          at flushActQueue (/Users/johnneed/Projects/gmc-shelters/node_modules/react/cjs/react.development.js:2667:24)
          at act (/Users/johnneed/Projects/gmc-shelters/node_modules/react/cjs/react.development.js:2582:11)
          at /Users/johnneed/Projects/gmc-shelters/node_modules/@testing-library/react/dist/act-compat.js:46:25
          at renderRoot (/Users/johnneed/Projects/gmc-shelters/node_modules/@testing-library/react/dist/pure.js:189:26)
          at render (/Users/johnneed/Projects/gmc-shelters/node_modules/@testing-library/react/dist/pure.js:291:10)
          at Object.<anonymous> (/Users/johnneed/Projects/gmc-shelters/src/renderer/components/MainPane/tabs/PhotoDetailPane.test.tsx:74:11)
          at Promise.then.completed (/Users/johnneed/Projects/gmc-shelters/node_modules/jest-circus/build/utils.js:298:28)
          at new Promise (<anonymous>)
          at callAsyncCircusFn (/Users/johnneed/Projects/gmc-shelters/node_modules/jest-circus/build/utils.js:231:10)
          at _callCircusTest (/Users/johnneed/Projects/gmc-shelters/node_modules/jest-circus/build/run.js:316:40)
          at processTicksAndRejections (node:internal/process/task_queues:105:5)
          at _runTest (/Users/johnneed/Projects/gmc-shelters/node_modules/jest-circus/build/run.js:252:3)
          at _runTestsForDescribeBlock (/Users/johnneed/Projects/gmc-shelters/node_modules/jest-circus/build/run.js:126:9)
          at _runTestsForDescribeBlock (/Users/johnneed/Projects/gmc-shelters/node_modules/jest-circus/build/run.js:121:9)
          at run (/Users/johnneed/Projects/gmc-shelters/node_modules/jest-circus/build/run.js:71:3)
          at runAndTransformResultsToJestFormat (/Users/johnneed/Projects/gmc-shelters/node_modules/jest-circus/build/legacy-code-todo-rewrite/jestAdapterInit.js:122:21)
          at jestAdapter (/Users/johnneed/Projects/gmc-shelters/node_modules/jest-circus/build/legacy-code-todo-rewrite/jestAdapter.js:79:19)
          at runTestInternal (/Users/johnneed/Projects/gmc-shelters/node_modules/jest-runner/build/runTest.js:367:16)
          at runTest (/Users/johnneed/Projects/gmc-shelters/node_modules/jest-runner/build/runTest.js:444:34)
          at Object.worker (/Users/johnneed/Projects/gmc-shelters/node_modules/jest-runner/build/testWorker.js:106:12) {
        detail: TypeError: fieldsRef.current?.scrollTo is not a function
            at /Users/johnneed/Projects/gmc-shelters/src/renderer/components/MainPane/tabs/PhotoDetailPane.tsx:49:24
            at commitHookEffectListMount (/Users/johnneed/Projects/gmc-shelters/node_modules/react-dom/cjs/react-dom.development.js:23189:26)
            at commitPassiveMountOnFiber (/Users/johnneed/Projects/gmc-shelters/node_modules/react-dom/cjs/react-dom.development.js:24970:11)
            at commitPassiveMountEffects_complete (/Users/johnneed/Projects/gmc-shelters/node_modules/react-dom/cjs/react-dom.development.js:24930:9)
            at commitPassiveMountEffects_begin (/Users/johnneed/Projects/gmc-shelters/node_modules/react-dom/cjs/react-dom.development.js:24917:7)
            at commitPassiveMountEffects (/Users/johnneed/Projects/gmc-shelters/node_modules/react-dom/cjs/react-dom.development.js:24905:3)
            at flushPassiveEffectsImpl (/Users/johnneed/Projects/gmc-shelters/node_modules/react-dom/cjs/react-dom.development.js:27078:3)
            at flushPassiveEffects (/Users/johnneed/Projects/gmc-shelters/node_modules/react-dom/cjs/react-dom.development.js:27023:14)
            at /Users/johnneed/Projects/gmc-shelters/node_modules/react-dom/cjs/react-dom.development.js:26808:9
            at flushActQueue (/Users/johnneed/Projects/gmc-shelters/node_modules/react/cjs/react.development.js:2667:24)
            at act (/Users/johnneed/Projects/gmc-shelters/node_modules/react/cjs/react.development.js:2582:11)
            at /Users/johnneed/Projects/gmc-shelters/node_modules/@testing-library/react/dist/act-compat.js:46:25
            at renderRoot (/Users/johnneed/Projects/gmc-shelters/node_modules/@testing-library/react/dist/pure.js:189:26)
            at render (/Users/johnneed/Projects/gmc-shelters/node_modules/@testing-library/react/dist/pure.js:291:10)
            at Object.<anonymous> (/Users/johnneed/Projects/gmc-shelters/src/renderer/components/MainPane/tabs/PhotoDetailPane.test.tsx:74:11)
            at Promise.then.completed (/Users/johnneed/Projects/gmc-shelters/node_modules/jest-circus/build/utils.js:298:28)
            at new Promise (<anonymous>)
            at callAsyncCircusFn (/Users/johnneed/Projects/gmc-shelters/node_modules/jest-circus/build/utils.js:231:10)
            at _callCircusTest (/Users/johnneed/Projects/gmc-shelters/node_modules/jest-circus/build/run.js:316:40)
            at processTicksAndRejections (node:internal/process/task_queues:105:5)
            at _runTest (/Users/johnneed/Projects/gmc-shelters/node_modules/jest-circus/build/run.js:252:3)
            at _runTestsForDescribeBlock (/Users/johnneed/Projects/gmc-shelters/node_modules/jest-circus/build/run.js:126:9)
            at _runTestsForDescribeBlock (/Users/johnneed/Projects/gmc-shelters/node_modules/jest-circus/build/run.js:121:9)
            at run (/Users/johnneed/Projects/gmc-shelters/node_modules/jest-circus/build/run.js:71:3)
            at runAndTransformResultsToJestFormat (/Users/johnneed/Projects/gmc-shelters/node_modules/jest-circus/build/legacy-code-todo-rewrite/jestAdapterInit.js:122:21)
            at jestAdapter (/Users/johnneed/Projects/gmc-shelters/node_modules/jest-circus/build/legacy-code-todo-rewrite/jestAdapter.js:79:19)
            at runTestInternal (/Users/johnneed/Projects/gmc-shelters/node_modules/jest-runner/build/runTest.js:367:16)
            at runTest (/Users/johnneed/Projects/gmc-shelters/node_modules/jest-runner/build/runTest.js:444:34)
            at Object.worker (/Users/johnneed/Projects/gmc-shelters/node_modules/jest-runner/build/testWorker.js:106:12),
        type: 'unhandled exception'
      }

      72 |
      73 |   it('renders "Untitled" when title is empty', () => {
    > 74 |     render(<PhotoDetailPane {...makeProps({ selected: makePhoto({ title: '' }) })} />);
         |           ^
      75 |     expect(screen.getByText('Untitled')).toBeInTheDocument();
      76 |   });
      77 |

      at VirtualConsole.<anonymous> (node_modules/jest-environment-jsdom/build/index.js:63:23)
      at reportException (node_modules/jsdom/lib/jsdom/living/helpers/runtime-script-errors.js:70:28)
      at innerInvokeEventListeners (node_modules/jsdom/lib/jsdom/living/events/EventTarget-impl.js:353:9)
      at invokeEventListeners (node_modules/jsdom/lib/jsdom/living/events/EventTarget-impl.js:286:3)
      at HTMLUnknownElementImpl._dispatch (node_modules/jsdom/lib/jsdom/living/events/EventTarget-impl.js:233:9)
      at HTMLUnknownElementImpl.dispatchEvent (node_modules/jsdom/lib/jsdom/living/events/EventTarget-impl.js:104:17)
      at HTMLUnknownElement.dispatchEvent (node_modules/jsdom/lib/jsdom/living/generated/EventTarget.js:241:34)
      at Object.invokeGuardedCallbackDev (node_modules/react-dom/cjs/react-dom.development.js:4213:16)
      at invokeGuardedCallback (node_modules/react-dom/cjs/react-dom.development.js:4277:31)
      at reportUncaughtErrorInDEV (node_modules/react-dom/cjs/react-dom.development.js:22877:5)
      at captureCommitPhaseError (node_modules/react-dom/cjs/react-dom.development.js:27165:5)
      at commitPassiveMountEffects_complete (node_modules/react-dom/cjs/react-dom.development.js:24932:9)
      at commitPassiveMountEffects_begin (node_modules/react-dom/cjs/react-dom.development.js:24917:7)
      at commitPassiveMountEffects (node_modules/react-dom/cjs/react-dom.development.js:24905:3)
      at flushPassiveEffectsImpl (node_modules/react-dom/cjs/react-dom.development.js:27078:3)
      at flushPassiveEffects (node_modules/react-dom/cjs/react-dom.development.js:27023:14)
      at node_modules/react-dom/cjs/react-dom.development.js:26808:9
      at flushActQueue (node_modules/react/cjs/react.development.js:2667:24)
      at act (node_modules/react/cjs/react.development.js:2582:11)
      at node_modules/@testing-library/react/dist/act-compat.js:46:25
      at renderRoot (node_modules/@testing-library/react/dist/pure.js:189:26)
      at render (node_modules/@testing-library/react/dist/pure.js:291:10)
      at Object.<anonymous> (src/renderer/components/MainPane/tabs/PhotoDetailPane.test.tsx:74:11)

    console.error
      The above error occurred in the <PhotoDetailPane> component:
      
          at PhotoDetailPane (/Users/johnneed/Projects/gmc-shelters/src/renderer/components/MainPane/tabs/PhotoDetailPane.tsx:39:3)
      
      Consider adding an error boundary to your tree to customize error handling behavior.
      Visit https://reactjs.org/link/error-boundaries to learn more about error boundaries.

      72 |
      73 |   it('renders "Untitled" when title is empty', () => {
    > 74 |     render(<PhotoDetailPane {...makeProps({ selected: makePhoto({ title: '' }) })} />);
         |           ^
      75 |     expect(screen.getByText('Untitled')).toBeInTheDocument();
      76 |   });
      77 |

      at logCapturedError (node_modules/react-dom/cjs/react-dom.development.js:18704:23)
      at update.callback (node_modules/react-dom/cjs/react-dom.development.js:18737:5)
      at callCallback (node_modules/react-dom/cjs/react-dom.development.js:15036:12)
      at commitUpdateQueue (node_modules/react-dom/cjs/react-dom.development.js:15057:9)
      at commitLayoutEffectOnFiber (node_modules/react-dom/cjs/react-dom.development.js:23430:13)
      at commitLayoutMountEffects_complete (node_modules/react-dom/cjs/react-dom.development.js:24727:9)
      at commitLayoutEffects_begin (node_modules/react-dom/cjs/react-dom.development.js:24713:7)
      at commitLayoutEffects (node_modules/react-dom/cjs/react-dom.development.js:24651:3)
      at commitRootImpl (node_modules/react-dom/cjs/react-dom.development.js:26862:5)
      at commitRoot (node_modules/react-dom/cjs/react-dom.development.js:26721:5)
      at performSyncWorkOnRoot (node_modules/react-dom/cjs/react-dom.development.js:26156:3)
      at flushSyncCallbacks (node_modules/react-dom/cjs/react-dom.development.js:12042:22)
      at flushPassiveEffectsImpl (node_modules/react-dom/cjs/react-dom.development.js:27099:3)
      at flushPassiveEffects (node_modules/react-dom/cjs/react-dom.development.js:27023:14)
      at node_modules/react-dom/cjs/react-dom.development.js:26808:9
      at flushActQueue (node_modules/react/cjs/react.development.js:2667:24)
      at act (node_modules/react/cjs/react.development.js:2582:11)
      at node_modules/@testing-library/react/dist/act-compat.js:46:25
      at renderRoot (node_modules/@testing-library/react/dist/pure.js:189:26)
      at render (node_modules/@testing-library/react/dist/pure.js:291:10)
      at Object.<anonymous> (src/renderer/components/MainPane/tabs/PhotoDetailPane.test.tsx:74:11)

    console.error
      Error: Uncaught [TypeError: fieldsRef.current?.scrollTo is not a function]
          at reportException (/Users/johnneed/Projects/gmc-shelters/node_modules/jsdom/lib/jsdom/living/helpers/runtime-script-errors.js:66:24)
          at innerInvokeEventListeners (/Users/johnneed/Projects/gmc-shelters/node_modules/jsdom/lib/jsdom/living/events/EventTarget-impl.js:353:9)
          at invokeEventListeners (/Users/johnneed/Projects/gmc-shelters/node_modules/jsdom/lib/jsdom/living/events/EventTarget-impl.js:286:3)
          at HTMLUnknownElementImpl._dispatch (/Users/johnneed/Projects/gmc-shelters/node_modules/jsdom/lib/jsdom/living/events/EventTarget-impl.js:233:9)
          at HTMLUnknownElementImpl.dispatchEvent (/Users/johnneed/Projects/gmc-shelters/node_modules/jsdom/lib/jsdom/living/events/EventTarget-impl.js:104:17)
          at HTMLUnknownElement.dispatchEvent (/Users/johnneed/Projects/gmc-shelters/node_modules/jsdom/lib/jsdom/living/generated/EventTarget.js:241:34)
          at Object.invokeGuardedCallbackDev (/Users/johnneed/Projects/gmc-shelters/node_modules/react-dom/cjs/react-dom.development.js:4213:16)
          at invokeGuardedCallback (/Users/johnneed/Projects/gmc-shelters/node_modules/react-dom/cjs/react-dom.development.js:4277:31)
          at reportUncaughtErrorInDEV (/Users/johnneed/Projects/gmc-shelters/node_modules/react-dom/cjs/react-dom.development.js:22877:5)
          at captureCommitPhaseError (/Users/johnneed/Projects/gmc-shelters/node_modules/react-dom/cjs/react-dom.development.js:27165:5)
          at commitPassiveMountEffects_complete (/Users/johnneed/Projects/gmc-shelters/node_modules/react-dom/cjs/react-dom.development.js:24932:9)
          at commitPassiveMountEffects_begin (/Users/johnneed/Projects/gmc-shelters/node_modules/react-dom/cjs/react-dom.development.js:24917:7)
          at commitPassiveMountEffects (/Users/johnneed/Projects/gmc-shelters/node_modules/react-dom/cjs/react-dom.development.js:24905:3)
          at flushPassiveEffectsImpl (/Users/johnneed/Projects/gmc-shelters/node_modules/react-dom/cjs/react-dom.development.js:27078:3)
          at flushPassiveEffects (/Users/johnneed/Projects/gmc-shelters/node_modules/react-dom/cjs/react-dom.development.js:27023:14)
          at /Users/johnneed/Projects/gmc-shelters/node_modules/react-dom/cjs/react-dom.development.js:26808:9
          at flushActQueue (/Users/johnneed/Projects/gmc-shelters/node_modules/react/cjs/react.development.js:2667:24)
          at act (/Users/johnneed/Projects/gmc-shelters/node_modules/react/cjs/react.development.js:2582:11)
          at /Users/johnneed/Projects/gmc-shelters/node_modules/@testing-library/react/dist/act-compat.js:46:25
          at renderRoot (/Users/johnneed/Projects/gmc-shelters/node_modules/@testing-library/react/dist/pure.js:189:26)
          at render (/Users/johnneed/Projects/gmc-shelters/node_modules/@testing-library/react/dist/pure.js:291:10)
          at Object.<anonymous> (/Users/johnneed/Projects/gmc-shelters/src/renderer/components/MainPane/tabs/PhotoDetailPane.test.tsx:79:11)
          at Promise.then.completed (/Users/johnneed/Projects/gmc-shelters/node_modules/jest-circus/build/utils.js:298:28)
          at new Promise (<anonymous>)
          at callAsyncCircusFn (/Users/johnneed/Projects/gmc-shelters/node_modules/jest-circus/build/utils.js:231:10)
          at _callCircusTest (/Users/johnneed/Projects/gmc-shelters/node_modules/jest-circus/build/run.js:316:40)
          at processTicksAndRejections (node:internal/process/task_queues:105:5)
          at _runTest (/Users/johnneed/Projects/gmc-shelters/node_modules/jest-circus/build/run.js:252:3)
          at _runTestsForDescribeBlock (/Users/johnneed/Projects/gmc-shelters/node_modules/jest-circus/build/run.js:126:9)
          at _runTestsForDescribeBlock (/Users/johnneed/Projects/gmc-shelters/node_modules/jest-circus/build/run.js:121:9)
          at run (/Users/johnneed/Projects/gmc-shelters/node_modules/jest-circus/build/run.js:71:3)
          at runAndTransformResultsToJestFormat (/Users/johnneed/Projects/gmc-shelters/node_modules/jest-circus/build/legacy-code-todo-rewrite/jestAdapterInit.js:122:21)
          at jestAdapter (/Users/johnneed/Projects/gmc-shelters/node_modules/jest-circus/build/legacy-code-todo-rewrite/jestAdapter.js:79:19)
          at runTestInternal (/Users/johnneed/Projects/gmc-shelters/node_modules/jest-runner/build/runTest.js:367:16)
          at runTest (/Users/johnneed/Projects/gmc-shelters/node_modules/jest-runner/build/runTest.js:444:34)
          at Object.worker (/Users/johnneed/Projects/gmc-shelters/node_modules/jest-runner/build/testWorker.js:106:12) {
        detail: TypeError: fieldsRef.current?.scrollTo is not a function
            at /Users/johnneed/Projects/gmc-shelters/src/renderer/components/MainPane/tabs/PhotoDetailPane.tsx:49:24
            at commitHookEffectListMount (/Users/johnneed/Projects/gmc-shelters/node_modules/react-dom/cjs/react-dom.development.js:23189:26)
            at commitPassiveMountOnFiber (/Users/johnneed/Projects/gmc-shelters/node_modules/react-dom/cjs/react-dom.development.js:24970:11)
            at commitPassiveMountEffects_complete (/Users/johnneed/Projects/gmc-shelters/node_modules/react-dom/cjs/react-dom.development.js:24930:9)
            at commitPassiveMountEffects_begin (/Users/johnneed/Projects/gmc-shelters/node_modules/react-dom/cjs/react-dom.development.js:24917:7)
            at commitPassiveMountEffects (/Users/johnneed/Projects/gmc-shelters/node_modules/react-dom/cjs/react-dom.development.js:24905:3)
            at flushPassiveEffectsImpl (/Users/johnneed/Projects/gmc-shelters/node_modules/react-dom/cjs/react-dom.development.js:27078:3)
            at flushPassiveEffects (/Users/johnneed/Projects/gmc-shelters/node_modules/react-dom/cjs/react-dom.development.js:27023:14)
            at /Users/johnneed/Projects/gmc-shelters/node_modules/react-dom/cjs/react-dom.development.js:26808:9
            at flushActQueue (/Users/johnneed/Projects/gmc-shelters/node_modules/react/cjs/react.development.js:2667:24)
            at act (/Users/johnneed/Projects/gmc-shelters/node_modules/react/cjs/react.development.js:2582:11)
            at /Users/johnneed/Projects/gmc-shelters/node_modules/@testing-library/react/dist/act-compat.js:46:25
            at renderRoot (/Users/johnneed/Projects/gmc-shelters/node_modules/@testing-library/react/dist/pure.js:189:26)
            at render (/Users/johnneed/Projects/gmc-shelters/node_modules/@testing-library/react/dist/pure.js:291:10)
            at Object.<anonymous> (/Users/johnneed/Projects/gmc-shelters/src/renderer/components/MainPane/tabs/PhotoDetailPane.test.tsx:79:11)
            at Promise.then.completed (/Users/johnneed/Projects/gmc-shelters/node_modules/jest-circus/build/utils.js:298:28)
            at new Promise (<anonymous>)
            at callAsyncCircusFn (/Users/johnneed/Projects/gmc-shelters/node_modules/jest-circus/build/utils.js:231:10)
            at _callCircusTest (/Users/johnneed/Projects/gmc-shelters/node_modules/jest-circus/build/run.js:316:40)
            at processTicksAndRejections (node:internal/process/task_queues:105:5)
            at _runTest (/Users/johnneed/Projects/gmc-shelters/node_modules/jest-circus/build/run.js:252:3)
            at _runTestsForDescribeBlock (/Users/johnneed/Projects/gmc-shelters/node_modules/jest-circus/build/run.js:126:9)
            at _runTestsForDescribeBlock (/Users/johnneed/Projects/gmc-shelters/node_modules/jest-circus/build/run.js:121:9)
            at run (/Users/johnneed/Projects/gmc-shelters/node_modules/jest-circus/build/run.js:71:3)
            at runAndTransformResultsToJestFormat (/Users/johnneed/Projects/gmc-shelters/node_modules/jest-circus/build/legacy-code-todo-rewrite/jestAdapterInit.js:122:21)
            at jestAdapter (/Users/johnneed/Projects/gmc-shelters/node_modules/jest-circus/build/legacy-code-todo-rewrite/jestAdapter.js:79:19)
            at runTestInternal (/Users/johnneed/Projects/gmc-shelters/node_modules/jest-runner/build/runTest.js:367:16)
            at runTest (/Users/johnneed/Projects/gmc-shelters/node_modules/jest-runner/build/runTest.js:444:34)
            at Object.worker (/Users/johnneed/Projects/gmc-shelters/node_modules/jest-runner/build/testWorker.js:106:12),
        type: 'unhandled exception'
      }

      77 |
      78 |   it('renders the file_name below the title', () => {
    > 79 |     render(<PhotoDetailPane {...makeProps()} />);
         |           ^
      80 |     expect(screen.getByText('hut.jpg')).toBeInTheDocument();
      81 |   });
      82 |

      at VirtualConsole.<anonymous> (node_modules/jest-environment-jsdom/build/index.js:63:23)
      at reportException (node_modules/jsdom/lib/jsdom/living/helpers/runtime-script-errors.js:70:28)
      at innerInvokeEventListeners (node_modules/jsdom/lib/jsdom/living/events/EventTarget-impl.js:353:9)
      at invokeEventListeners (node_modules/jsdom/lib/jsdom/living/events/EventTarget-impl.js:286:3)
      at HTMLUnknownElementImpl._dispatch (node_modules/jsdom/lib/jsdom/living/events/EventTarget-impl.js:233:9)
      at HTMLUnknownElementImpl.dispatchEvent (node_modules/jsdom/lib/jsdom/living/events/EventTarget-impl.js:104:17)
      at HTMLUnknownElement.dispatchEvent (node_modules/jsdom/lib/jsdom/living/generated/EventTarget.js:241:34)
      at Object.invokeGuardedCallbackDev (node_modules/react-dom/cjs/react-dom.development.js:4213:16)
      at invokeGuardedCallback (node_modules/react-dom/cjs/react-dom.development.js:4277:31)
      at reportUncaughtErrorInDEV (node_modules/react-dom/cjs/react-dom.development.js:22877:5)
      at captureCommitPhaseError (node_modules/react-dom/cjs/react-dom.development.js:27165:5)
      at commitPassiveMountEffects_complete (node_modules/react-dom/cjs/react-dom.development.js:24932:9)
      at commitPassiveMountEffects_begin (node_modules/react-dom/cjs/react-dom.development.js:24917:7)
      at commitPassiveMountEffects (node_modules/react-dom/cjs/react-dom.development.js:24905:3)
      at flushPassiveEffectsImpl (node_modules/react-dom/cjs/react-dom.development.js:27078:3)
      at flushPassiveEffects (node_modules/react-dom/cjs/react-dom.development.js:27023:14)
      at node_modules/react-dom/cjs/react-dom.development.js:26808:9
      at flushActQueue (node_modules/react/cjs/react.development.js:2667:24)
      at act (node_modules/react/cjs/react.development.js:2582:11)
      at node_modules/@testing-library/react/dist/act-compat.js:46:25
      at renderRoot (node_modules/@testing-library/react/dist/pure.js:189:26)
      at render (node_modules/@testing-library/react/dist/pure.js:291:10)
      at Object.<anonymous> (src/renderer/components/MainPane/tabs/PhotoDetailPane.test.tsx:79:11)

    console.error
      The above error occurred in the <PhotoDetailPane> component:
      
          at PhotoDetailPane (/Users/johnneed/Projects/gmc-shelters/src/renderer/components/MainPane/tabs/PhotoDetailPane.tsx:39:3)
      
      Consider adding an error boundary to your tree to customize error handling behavior.
      Visit https://reactjs.org/link/error-boundaries to learn more about error boundaries.

      77 |
      78 |   it('renders the file_name below the title', () => {
    > 79 |     render(<PhotoDetailPane {...makeProps()} />);
         |           ^
      80 |     expect(screen.getByText('hut.jpg')).toBeInTheDocument();
      81 |   });
      82 |

      at logCapturedError (node_modules/react-dom/cjs/react-dom.development.js:18704:23)
      at update.callback (node_modules/react-dom/cjs/react-dom.development.js:18737:5)
      at callCallback (node_modules/react-dom/cjs/react-dom.development.js:15036:12)
      at commitUpdateQueue (node_modules/react-dom/cjs/react-dom.development.js:15057:9)
      at commitLayoutEffectOnFiber (node_modules/react-dom/cjs/react-dom.development.js:23430:13)
      at commitLayoutMountEffects_complete (node_modules/react-dom/cjs/react-dom.development.js:24727:9)
      at commitLayoutEffects_begin (node_modules/react-dom/cjs/react-dom.development.js:24713:7)
      at commitLayoutEffects (node_modules/react-dom/cjs/react-dom.development.js:24651:3)
      at commitRootImpl (node_modules/react-dom/cjs/react-dom.development.js:26862:5)
      at commitRoot (node_modules/react-dom/cjs/react-dom.development.js:26721:5)
      at performSyncWorkOnRoot (node_modules/react-dom/cjs/react-dom.development.js:26156:3)
      at flushSyncCallbacks (node_modules/react-dom/cjs/react-dom.development.js:12042:22)
      at flushPassiveEffectsImpl (node_modules/react-dom/cjs/react-dom.development.js:27099:3)
      at flushPassiveEffects (node_modules/react-dom/cjs/react-dom.development.js:27023:14)
      at node_modules/react-dom/cjs/react-dom.development.js:26808:9
      at flushActQueue (node_modules/react/cjs/react.development.js:2667:24)
      at act (node_modules/react/cjs/react.development.js:2582:11)
      at node_modules/@testing-library/react/dist/act-compat.js:46:25
      at renderRoot (node_modules/@testing-library/react/dist/pure.js:189:26)
      at render (node_modules/@testing-library/react/dist/pure.js:291:10)
      at Object.<anonymous> (src/renderer/components/MainPane/tabs/PhotoDetailPane.test.tsx:79:11)

    console.error
      Error: Uncaught [TypeError: fieldsRef.current?.scrollTo is not a function]
          at reportException (/Users/johnneed/Projects/gmc-shelters/node_modules/jsdom/lib/jsdom/living/helpers/runtime-script-errors.js:66:24)
          at innerInvokeEventListeners (/Users/johnneed/Projects/gmc-shelters/node_modules/jsdom/lib/jsdom/living/events/EventTarget-impl.js:353:9)
          at invokeEventListeners (/Users/johnneed/Projects/gmc-shelters/node_modules/jsdom/lib/jsdom/living/events/EventTarget-impl.js:286:3)
          at HTMLUnknownElementImpl._dispatch (/Users/johnneed/Projects/gmc-shelters/node_modules/jsdom/lib/jsdom/living/events/EventTarget-impl.js:233:9)
          at HTMLUnknownElementImpl.dispatchEvent (/Users/johnneed/Projects/gmc-shelters/node_modules/jsdom/lib/jsdom/living/events/EventTarget-impl.js:104:17)
          at HTMLUnknownElement.dispatchEvent (/Users/johnneed/Projects/gmc-shelters/node_modules/jsdom/lib/jsdom/living/generated/EventTarget.js:241:34)
          at Object.invokeGuardedCallbackDev (/Users/johnneed/Projects/gmc-shelters/node_modules/react-dom/cjs/react-dom.development.js:4213:16)
          at invokeGuardedCallback (/Users/johnneed/Projects/gmc-shelters/node_modules/react-dom/cjs/react-dom.development.js:4277:31)
          at reportUncaughtErrorInDEV (/Users/johnneed/Projects/gmc-shelters/node_modules/react-dom/cjs/react-dom.development.js:22877:5)
          at captureCommitPhaseError (/Users/johnneed/Projects/gmc-shelters/node_modules/react-dom/cjs/react-dom.development.js:27165:5)
          at commitPassiveMountEffects_complete (/Users/johnneed/Projects/gmc-shelters/node_modules/react-dom/cjs/react-dom.development.js:24932:9)
          at commitPassiveMountEffects_begin (/Users/johnneed/Projects/gmc-shelters/node_modules/react-dom/cjs/react-dom.development.js:24917:7)
          at commitPassiveMountEffects (/Users/johnneed/Projects/gmc-shelters/node_modules/react-dom/cjs/react-dom.development.js:24905:3)
          at flushPassiveEffectsImpl (/Users/johnneed/Projects/gmc-shelters/node_modules/react-dom/cjs/react-dom.development.js:27078:3)
          at flushPassiveEffects (/Users/johnneed/Projects/gmc-shelters/node_modules/react-dom/cjs/react-dom.development.js:27023:14)
          at /Users/johnneed/Projects/gmc-shelters/node_modules/react-dom/cjs/react-dom.development.js:26808:9
          at flushActQueue (/Users/johnneed/Projects/gmc-shelters/node_modules/react/cjs/react.development.js:2667:24)
          at act (/Users/johnneed/Projects/gmc-shelters/node_modules/react/cjs/react.development.js:2582:11)
          at /Users/johnneed/Projects/gmc-shelters/node_modules/@testing-library/react/dist/act-compat.js:46:25
          at renderRoot (/Users/johnneed/Projects/gmc-shelters/node_modules/@testing-library/react/dist/pure.js:189:26)
          at render (/Users/johnneed/Projects/gmc-shelters/node_modules/@testing-library/react/dist/pure.js:291:10)
          at Object.<anonymous> (/Users/johnneed/Projects/gmc-shelters/src/renderer/components/MainPane/tabs/PhotoDetailPane.test.tsx:84:11)
          at Promise.then.completed (/Users/johnneed/Projects/gmc-shelters/node_modules/jest-circus/build/utils.js:298:28)
          at new Promise (<anonymous>)
          at callAsyncCircusFn (/Users/johnneed/Projects/gmc-shelters/node_modules/jest-circus/build/utils.js:231:10)
          at _callCircusTest (/Users/johnneed/Projects/gmc-shelters/node_modules/jest-circus/build/run.js:316:40)
          at processTicksAndRejections (node:internal/process/task_queues:105:5)
          at _runTest (/Users/johnneed/Projects/gmc-shelters/node_modules/jest-circus/build/run.js:252:3)
          at _runTestsForDescribeBlock (/Users/johnneed/Projects/gmc-shelters/node_modules/jest-circus/build/run.js:126:9)
          at _runTestsForDescribeBlock (/Users/johnneed/Projects/gmc-shelters/node_modules/jest-circus/build/run.js:121:9)
          at run (/Users/johnneed/Projects/gmc-shelters/node_modules/jest-circus/build/run.js:71:3)
          at runAndTransformResultsToJestFormat (/Users/johnneed/Projects/gmc-shelters/node_modules/jest-circus/build/legacy-code-todo-rewrite/jestAdapterInit.js:122:21)
          at jestAdapter (/Users/johnneed/Projects/gmc-shelters/node_modules/jest-circus/build/legacy-code-todo-rewrite/jestAdapter.js:79:19)
          at runTestInternal (/Users/johnneed/Projects/gmc-shelters/node_modules/jest-runner/build/runTest.js:367:16)
          at runTest (/Users/johnneed/Projects/gmc-shelters/node_modules/jest-runner/build/runTest.js:444:34)
          at Object.worker (/Users/johnneed/Projects/gmc-shelters/node_modules/jest-runner/build/testWorker.js:106:12) {
        detail: TypeError: fieldsRef.current?.scrollTo is not a function
            at /Users/johnneed/Projects/gmc-shelters/src/renderer/components/MainPane/tabs/PhotoDetailPane.tsx:49:24
            at commitHookEffectListMount (/Users/johnneed/Projects/gmc-shelters/node_modules/react-dom/cjs/react-dom.development.js:23189:26)
            at commitPassiveMountOnFiber (/Users/johnneed/Projects/gmc-shelters/node_modules/react-dom/cjs/react-dom.development.js:24970:11)
            at commitPassiveMountEffects_complete (/Users/johnneed/Projects/gmc-shelters/node_modules/react-dom/cjs/react-dom.development.js:24930:9)
            at commitPassiveMountEffects_begin (/Users/johnneed/Projects/gmc-shelters/node_modules/react-dom/cjs/react-dom.development.js:24917:7)
            at commitPassiveMountEffects (/Users/johnneed/Projects/gmc-shelters/node_modules/react-dom/cjs/react-dom.development.js:24905:3)
            at flushPassiveEffectsImpl (/Users/johnneed/Projects/gmc-shelters/node_modules/react-dom/cjs/react-dom.development.js:27078:3)
            at flushPassiveEffects (/Users/johnneed/Projects/gmc-shelters/node_modules/react-dom/cjs/react-dom.development.js:27023:14)
            at /Users/johnneed/Projects/gmc-shelters/node_modules/react-dom/cjs/react-dom.development.js:26808:9
            at flushActQueue (/Users/johnneed/Projects/gmc-shelters/node_modules/react/cjs/react.development.js:2667:24)
            at act (/Users/johnneed/Projects/gmc-shelters/node_modules/react/cjs/react.development.js:2582:11)
            at /Users/johnneed/Projects/gmc-shelters/node_modules/@testing-library/react/dist/act-compat.js:46:25
            at renderRoot (/Users/johnneed/Projects/gmc-shelters/node_modules/@testing-library/react/dist/pure.js:189:26)
            at render (/Users/johnneed/Projects/gmc-shelters/node_modules/@testing-library/react/dist/pure.js:291:10)
            at Object.<anonymous> (/Users/johnneed/Projects/gmc-shelters/src/renderer/components/MainPane/tabs/PhotoDetailPane.test.tsx:84:11)
            at Promise.then.completed (/Users/johnneed/Projects/gmc-shelters/node_modules/jest-circus/build/utils.js:298:28)
            at new Promise (<anonymous>)
            at callAsyncCircusFn (/Users/johnneed/Projects/gmc-shelters/node_modules/jest-circus/build/utils.js:231:10)
            at _callCircusTest (/Users/johnneed/Projects/gmc-shelters/node_modules/jest-circus/build/run.js:316:40)
            at processTicksAndRejections (node:internal/process/task_queues:105:5)
            at _runTest (/Users/johnneed/Projects/gmc-shelters/node_modules/jest-circus/build/run.js:252:3)
            at _runTestsForDescribeBlock (/Users/johnneed/Projects/gmc-shelters/node_modules/jest-circus/build/run.js:126:9)
            at _runTestsForDescribeBlock (/Users/johnneed/Projects/gmc-shelters/node_modules/jest-circus/build/run.js:121:9)
            at run (/Users/johnneed/Projects/gmc-shelters/node_modules/jest-circus/build/run.js:71:3)
            at runAndTransformResultsToJestFormat (/Users/johnneed/Projects/gmc-shelters/node_modules/jest-circus/build/legacy-code-todo-rewrite/jestAdapterInit.js:122:21)
            at jestAdapter (/Users/johnneed/Projects/gmc-shelters/node_modules/jest-circus/build/legacy-code-todo-rewrite/jestAdapter.js:79:19)
            at runTestInternal (/Users/johnneed/Projects/gmc-shelters/node_modules/jest-runner/build/runTest.js:367:16)
            at runTest (/Users/johnneed/Projects/gmc-shelters/node_modules/jest-runner/build/runTest.js:444:34)
            at Object.worker (/Users/johnneed/Projects/gmc-shelters/node_modules/jest-runner/build/testWorker.js:106:12),
        type: 'unhandled exception'
      }

      82 |
      83 |   it('Save Metadata button is disabled when not dirty', () => {
    > 84 |     render(<PhotoDetailPane {...makeProps({ isMetadataDirty: false })} />);
         |           ^
      85 |     expect(screen.getByRole('button', { name: /save metadata/i })).toBeDisabled();
      86 |   });
      87 |

      at VirtualConsole.<anonymous> (node_modules/jest-environment-jsdom/build/index.js:63:23)
      at reportException (node_modules/jsdom/lib/jsdom/living/helpers/runtime-script-errors.js:70:28)
      at innerInvokeEventListeners (node_modules/jsdom/lib/jsdom/living/events/EventTarget-impl.js:353:9)
      at invokeEventListeners (node_modules/jsdom/lib/jsdom/living/events/EventTarget-impl.js:286:3)
      at HTMLUnknownElementImpl._dispatch (node_modules/jsdom/lib/jsdom/living/events/EventTarget-impl.js:233:9)
      at HTMLUnknownElementImpl.dispatchEvent (node_modules/jsdom/lib/jsdom/living/events/EventTarget-impl.js:104:17)
      at HTMLUnknownElement.dispatchEvent (node_modules/jsdom/lib/jsdom/living/generated/EventTarget.js:241:34)
      at Object.invokeGuardedCallbackDev (node_modules/react-dom/cjs/react-dom.development.js:4213:16)
      at invokeGuardedCallback (node_modules/react-dom/cjs/react-dom.development.js:4277:31)
      at reportUncaughtErrorInDEV (node_modules/react-dom/cjs/react-dom.development.js:22877:5)
      at captureCommitPhaseError (node_modules/react-dom/cjs/react-dom.development.js:27165:5)
      at commitPassiveMountEffects_complete (node_modules/react-dom/cjs/react-dom.development.js:24932:9)
      at commitPassiveMountEffects_begin (node_modules/react-dom/cjs/react-dom.development.js:24917:7)
      at commitPassiveMountEffects (node_modules/react-dom/cjs/react-dom.development.js:24905:3)
      at flushPassiveEffectsImpl (node_modules/react-dom/cjs/react-dom.development.js:27078:3)
      at flushPassiveEffects (node_modules/react-dom/cjs/react-dom.development.js:27023:14)
      at node_modules/react-dom/cjs/react-dom.development.js:26808:9
      at flushActQueue (node_modules/react/cjs/react.development.js:2667:24)
      at act (node_modules/react/cjs/react.development.js:2582:11)
      at node_modules/@testing-library/react/dist/act-compat.js:46:25
      at renderRoot (node_modules/@testing-library/react/dist/pure.js:189:26)
      at render (node_modules/@testing-library/react/dist/pure.js:291:10)
      at Object.<anonymous> (src/renderer/components/MainPane/tabs/PhotoDetailPane.test.tsx:84:11)

    console.error
      The above error occurred in the <PhotoDetailPane> component:
      
          at PhotoDetailPane (/Users/johnneed/Projects/gmc-shelters/src/renderer/components/MainPane/tabs/PhotoDetailPane.tsx:39:3)
      
      Consider adding an error boundary to your tree to customize error handling behavior.
      Visit https://reactjs.org/link/error-boundaries to learn more about error boundaries.

      82 |
      83 |   it('Save Metadata button is disabled when not dirty', () => {
    > 84 |     render(<PhotoDetailPane {...makeProps({ isMetadataDirty: false })} />);
         |           ^
      85 |     expect(screen.getByRole('button', { name: /save metadata/i })).toBeDisabled();
      86 |   });
      87 |

      at logCapturedError (node_modules/react-dom/cjs/react-dom.development.js:18704:23)
      at update.callback (node_modules/react-dom/cjs/react-dom.development.js:18737:5)
      at callCallback (node_modules/react-dom/cjs/react-dom.development.js:15036:12)
      at commitUpdateQueue (node_modules/react-dom/cjs/react-dom.development.js:15057:9)
      at commitLayoutEffectOnFiber (node_modules/react-dom/cjs/react-dom.development.js:23430:13)
      at commitLayoutMountEffects_complete (node_modules/react-dom/cjs/react-dom.development.js:24727:9)
      at commitLayoutEffects_begin (node_modules/react-dom/cjs/react-dom.development.js:24713:7)
      at commitLayoutEffects (node_modules/react-dom/cjs/react-dom.development.js:24651:3)
      at commitRootImpl (node_modules/react-dom/cjs/react-dom.development.js:26862:5)
      at commitRoot (node_modules/react-dom/cjs/react-dom.development.js:26721:5)
      at performSyncWorkOnRoot (node_modules/react-dom/cjs/react-dom.development.js:26156:3)
      at flushSyncCallbacks (node_modules/react-dom/cjs/react-dom.development.js:12042:22)
      at flushPassiveEffectsImpl (node_modules/react-dom/cjs/react-dom.development.js:27099:3)
      at flushPassiveEffects (node_modules/react-dom/cjs/react-dom.development.js:27023:14)
      at node_modules/react-dom/cjs/react-dom.development.js:26808:9
      at flushActQueue (node_modules/react/cjs/react.development.js:2667:24)
      at act (node_modules/react/cjs/react.development.js:2582:11)
      at node_modules/@testing-library/react/dist/act-compat.js:46:25
      at renderRoot (node_modules/@testing-library/react/dist/pure.js:189:26)
      at render (node_modules/@testing-library/react/dist/pure.js:291:10)
      at Object.<anonymous> (src/renderer/components/MainPane/tabs/PhotoDetailPane.test.tsx:84:11)

    console.error
      Error: Uncaught [TypeError: fieldsRef.current?.scrollTo is not a function]
          at reportException (/Users/johnneed/Projects/gmc-shelters/node_modules/jsdom/lib/jsdom/living/helpers/runtime-script-errors.js:66:24)
          at innerInvokeEventListeners (/Users/johnneed/Projects/gmc-shelters/node_modules/jsdom/lib/jsdom/living/events/EventTarget-impl.js:353:9)
          at invokeEventListeners (/Users/johnneed/Projects/gmc-shelters/node_modules/jsdom/lib/jsdom/living/events/EventTarget-impl.js:286:3)
          at HTMLUnknownElementImpl._dispatch (/Users/johnneed/Projects/gmc-shelters/node_modules/jsdom/lib/jsdom/living/events/EventTarget-impl.js:233:9)
          at HTMLUnknownElementImpl.dispatchEvent (/Users/johnneed/Projects/gmc-shelters/node_modules/jsdom/lib/jsdom/living/events/EventTarget-impl.js:104:17)
          at HTMLUnknownElement.dispatchEvent (/Users/johnneed/Projects/gmc-shelters/node_modules/jsdom/lib/jsdom/living/generated/EventTarget.js:241:34)
          at Object.invokeGuardedCallbackDev (/Users/johnneed/Projects/gmc-shelters/node_modules/react-dom/cjs/react-dom.development.js:4213:16)
          at invokeGuardedCallback (/Users/johnneed/Projects/gmc-shelters/node_modules/react-dom/cjs/react-dom.development.js:4277:31)
          at reportUncaughtErrorInDEV (/Users/johnneed/Projects/gmc-shelters/node_modules/react-dom/cjs/react-dom.development.js:22877:5)
          at captureCommitPhaseError (/Users/johnneed/Projects/gmc-shelters/node_modules/react-dom/cjs/react-dom.development.js:27165:5)
          at commitPassiveMountEffects_complete (/Users/johnneed/Projects/gmc-shelters/node_modules/react-dom/cjs/react-dom.development.js:24932:9)
          at commitPassiveMountEffects_begin (/Users/johnneed/Projects/gmc-shelters/node_modules/react-dom/cjs/react-dom.development.js:24917:7)
          at commitPassiveMountEffects (/Users/johnneed/Projects/gmc-shelters/node_modules/react-dom/cjs/react-dom.development.js:24905:3)
          at flushPassiveEffectsImpl (/Users/johnneed/Projects/gmc-shelters/node_modules/react-dom/cjs/react-dom.development.js:27078:3)
          at flushPassiveEffects (/Users/johnneed/Projects/gmc-shelters/node_modules/react-dom/cjs/react-dom.development.js:27023:14)
          at /Users/johnneed/Projects/gmc-shelters/node_modules/react-dom/cjs/react-dom.development.js:26808:9
          at flushActQueue (/Users/johnneed/Projects/gmc-shelters/node_modules/react/cjs/react.development.js:2667:24)
          at act (/Users/johnneed/Projects/gmc-shelters/node_modules/react/cjs/react.development.js:2582:11)
          at /Users/johnneed/Projects/gmc-shelters/node_modules/@testing-library/react/dist/act-compat.js:46:25
          at renderRoot (/Users/johnneed/Projects/gmc-shelters/node_modules/@testing-library/react/dist/pure.js:189:26)
          at render (/Users/johnneed/Projects/gmc-shelters/node_modules/@testing-library/react/dist/pure.js:291:10)
          at Object.<anonymous> (/Users/johnneed/Projects/gmc-shelters/src/renderer/components/MainPane/tabs/PhotoDetailPane.test.tsx:89:11)
          at Promise.then.completed (/Users/johnneed/Projects/gmc-shelters/node_modules/jest-circus/build/utils.js:298:28)
          at new Promise (<anonymous>)
          at callAsyncCircusFn (/Users/johnneed/Projects/gmc-shelters/node_modules/jest-circus/build/utils.js:231:10)
          at _callCircusTest (/Users/johnneed/Projects/gmc-shelters/node_modules/jest-circus/build/run.js:316:40)
          at processTicksAndRejections (node:internal/process/task_queues:105:5)
          at _runTest (/Users/johnneed/Projects/gmc-shelters/node_modules/jest-circus/build/run.js:252:3)
          at _runTestsForDescribeBlock (/Users/johnneed/Projects/gmc-shelters/node_modules/jest-circus/build/run.js:126:9)
          at _runTestsForDescribeBlock (/Users/johnneed/Projects/gmc-shelters/node_modules/jest-circus/build/run.js:121:9)
          at run (/Users/johnneed/Projects/gmc-shelters/node_modules/jest-circus/build/run.js:71:3)
          at runAndTransformResultsToJestFormat (/Users/johnneed/Projects/gmc-shelters/node_modules/jest-circus/build/legacy-code-todo-rewrite/jestAdapterInit.js:122:21)
          at jestAdapter (/Users/johnneed/Projects/gmc-shelters/node_modules/jest-circus/build/legacy-code-todo-rewrite/jestAdapter.js:79:19)
          at runTestInternal (/Users/johnneed/Projects/gmc-shelters/node_modules/jest-runner/build/runTest.js:367:16)
          at runTest (/Users/johnneed/Projects/gmc-shelters/node_modules/jest-runner/build/runTest.js:444:34)
          at Object.worker (/Users/johnneed/Projects/gmc-shelters/node_modules/jest-runner/build/testWorker.js:106:12) {
        detail: TypeError: fieldsRef.current?.scrollTo is not a function
            at /Users/johnneed/Projects/gmc-shelters/src/renderer/components/MainPane/tabs/PhotoDetailPane.tsx:49:24
            at commitHookEffectListMount (/Users/johnneed/Projects/gmc-shelters/node_modules/react-dom/cjs/react-dom.development.js:23189:26)
            at commitPassiveMountOnFiber (/Users/johnneed/Projects/gmc-shelters/node_modules/react-dom/cjs/react-dom.development.js:24970:11)
            at commitPassiveMountEffects_complete (/Users/johnneed/Projects/gmc-shelters/node_modules/react-dom/cjs/react-dom.development.js:24930:9)
            at commitPassiveMountEffects_begin (/Users/johnneed/Projects/gmc-shelters/node_modules/react-dom/cjs/react-dom.development.js:24917:7)
            at commitPassiveMountEffects (/Users/johnneed/Projects/gmc-shelters/node_modules/react-dom/cjs/react-dom.development.js:24905:3)
            at flushPassiveEffectsImpl (/Users/johnneed/Projects/gmc-shelters/node_modules/react-dom/cjs/react-dom.development.js:27078:3)
            at flushPassiveEffects (/Users/johnneed/Projects/gmc-shelters/node_modules/react-dom/cjs/react-dom.development.js:27023:14)
            at /Users/johnneed/Projects/gmc-shelters/node_modules/react-dom/cjs/react-dom.development.js:26808:9
            at flushActQueue (/Users/johnneed/Projects/gmc-shelters/node_modules/react/cjs/react.development.js:2667:24)
            at act (/Users/johnneed/Projects/gmc-shelters/node_modules/react/cjs/react.development.js:2582:11)
            at /Users/johnneed/Projects/gmc-shelters/node_modules/@testing-library/react/dist/act-compat.js:46:25
            at renderRoot (/Users/johnneed/Projects/gmc-shelters/node_modules/@testing-library/react/dist/pure.js:189:26)
            at render (/Users/johnneed/Projects/gmc-shelters/node_modules/@testing-library/react/dist/pure.js:291:10)
            at Object.<anonymous> (/Users/johnneed/Projects/gmc-shelters/src/renderer/components/MainPane/tabs/PhotoDetailPane.test.tsx:89:11)
            at Promise.then.completed (/Users/johnneed/Projects/gmc-shelters/node_modules/jest-circus/build/utils.js:298:28)
            at new Promise (<anonymous>)
            at callAsyncCircusFn (/Users/johnneed/Projects/gmc-shelters/node_modules/jest-circus/build/utils.js:231:10)
            at _callCircusTest (/Users/johnneed/Projects/gmc-shelters/node_modules/jest-circus/build/run.js:316:40)
            at processTicksAndRejections (node:internal/process/task_queues:105:5)
            at _runTest (/Users/johnneed/Projects/gmc-shelters/node_modules/jest-circus/build/run.js:252:3)
            at _runTestsForDescribeBlock (/Users/johnneed/Projects/gmc-shelters/node_modules/jest-circus/build/run.js:126:9)
            at _runTestsForDescribeBlock (/Users/johnneed/Projects/gmc-shelters/node_modules/jest-circus/build/run.js:121:9)
            at run (/Users/johnneed/Projects/gmc-shelters/node_modules/jest-circus/build/run.js:71:3)
            at runAndTransformResultsToJestFormat (/Users/johnneed/Projects/gmc-shelters/node_modules/jest-circus/build/legacy-code-todo-rewrite/jestAdapterInit.js:122:21)
            at jestAdapter (/Users/johnneed/Projects/gmc-shelters/node_modules/jest-circus/build/legacy-code-todo-rewrite/jestAdapter.js:79:19)
            at runTestInternal (/Users/johnneed/Projects/gmc-shelters/node_modules/jest-runner/build/runTest.js:367:16)
            at runTest (/Users/johnneed/Projects/gmc-shelters/node_modules/jest-runner/build/runTest.js:444:34)
            at Object.worker (/Users/johnneed/Projects/gmc-shelters/node_modules/jest-runner/build/testWorker.js:106:12),
        type: 'unhandled exception'
      }

      87 |
      88 |   it('Save Metadata button is enabled when dirty', () => {
    > 89 |     render(<PhotoDetailPane {...makeProps({ isMetadataDirty: true })} />);
         |           ^
      90 |     expect(screen.getByRole('button', { name: /save metadata/i })).not.toBeDisabled();
      91 |   });
      92 |

      at VirtualConsole.<anonymous> (node_modules/jest-environment-jsdom/build/index.js:63:23)
      at reportException (node_modules/jsdom/lib/jsdom/living/helpers/runtime-script-errors.js:70:28)
      at innerInvokeEventListeners (node_modules/jsdom/lib/jsdom/living/events/EventTarget-impl.js:353:9)
      at invokeEventListeners (node_modules/jsdom/lib/jsdom/living/events/EventTarget-impl.js:286:3)
      at HTMLUnknownElementImpl._dispatch (node_modules/jsdom/lib/jsdom/living/events/EventTarget-impl.js:233:9)
      at HTMLUnknownElementImpl.dispatchEvent (node_modules/jsdom/lib/jsdom/living/events/EventTarget-impl.js:104:17)
      at HTMLUnknownElement.dispatchEvent (node_modules/jsdom/lib/jsdom/living/generated/EventTarget.js:241:34)
      at Object.invokeGuardedCallbackDev (node_modules/react-dom/cjs/react-dom.development.js:4213:16)
      at invokeGuardedCallback (node_modules/react-dom/cjs/react-dom.development.js:4277:31)
      at reportUncaughtErrorInDEV (node_modules/react-dom/cjs/react-dom.development.js:22877:5)
      at captureCommitPhaseError (node_modules/react-dom/cjs/react-dom.development.js:27165:5)
      at commitPassiveMountEffects_complete (node_modules/react-dom/cjs/react-dom.development.js:24932:9)
      at commitPassiveMountEffects_begin (node_modules/react-dom/cjs/react-dom.development.js:24917:7)
      at commitPassiveMountEffects (node_modules/react-dom/cjs/react-dom.development.js:24905:3)
      at flushPassiveEffectsImpl (node_modules/react-dom/cjs/react-dom.development.js:27078:3)
      at flushPassiveEffects (node_modules/react-dom/cjs/react-dom.development.js:27023:14)
      at node_modules/react-dom/cjs/react-dom.development.js:26808:9
      at flushActQueue (node_modules/react/cjs/react.development.js:2667:24)
      at act (node_modules/react/cjs/react.development.js:2582:11)
      at node_modules/@testing-library/react/dist/act-compat.js:46:25
      at renderRoot (node_modules/@testing-library/react/dist/pure.js:189:26)
      at render (node_modules/@testing-library/react/dist/pure.js:291:10)
      at Object.<anonymous> (src/renderer/components/MainPane/tabs/PhotoDetailPane.test.tsx:89:11)

    console.error
      The above error occurred in the <PhotoDetailPane> component:
      
          at PhotoDetailPane (/Users/johnneed/Projects/gmc-shelters/src/renderer/components/MainPane/tabs/PhotoDetailPane.tsx:39:3)
      
      Consider adding an error boundary to your tree to customize error handling behavior.
      Visit https://reactjs.org/link/error-boundaries to learn more about error boundaries.

      87 |
      88 |   it('Save Metadata button is enabled when dirty', () => {
    > 89 |     render(<PhotoDetailPane {...makeProps({ isMetadataDirty: true })} />);
         |           ^
      90 |     expect(screen.getByRole('button', { name: /save metadata/i })).not.toBeDisabled();
      91 |   });
      92 |

      at logCapturedError (node_modules/react-dom/cjs/react-dom.development.js:18704:23)
      at update.callback (node_modules/react-dom/cjs/react-dom.development.js:18737:5)
      at callCallback (node_modules/react-dom/cjs/react-dom.development.js:15036:12)
      at commitUpdateQueue (node_modules/react-dom/cjs/react-dom.development.js:15057:9)
      at commitLayoutEffectOnFiber (node_modules/react-dom/cjs/react-dom.development.js:23430:13)
      at commitLayoutMountEffects_complete (node_modules/react-dom/cjs/react-dom.development.js:24727:9)
      at commitLayoutEffects_begin (node_modules/react-dom/cjs/react-dom.development.js:24713:7)
      at commitLayoutEffects (node_modules/react-dom/cjs/react-dom.development.js:24651:3)
      at commitRootImpl (node_modules/react-dom/cjs/react-dom.development.js:26862:5)
      at commitRoot (node_modules/react-dom/cjs/react-dom.development.js:26721:5)
      at performSyncWorkOnRoot (node_modules/react-dom/cjs/react-dom.development.js:26156:3)
      at flushSyncCallbacks (node_modules/react-dom/cjs/react-dom.development.js:12042:22)
      at flushPassiveEffectsImpl (node_modules/react-dom/cjs/react-dom.development.js:27099:3)
      at flushPassiveEffects (node_modules/react-dom/cjs/react-dom.development.js:27023:14)
      at node_modules/react-dom/cjs/react-dom.development.js:26808:9
      at flushActQueue (node_modules/react/cjs/react.development.js:2667:24)
      at act (node_modules/react/cjs/react.development.js:2582:11)
      at node_modules/@testing-library/react/dist/act-compat.js:46:25
      at renderRoot (node_modules/@testing-library/react/dist/pure.js:189:26)
      at render (node_modules/@testing-library/react/dist/pure.js:291:10)
      at Object.<anonymous> (src/renderer/components/MainPane/tabs/PhotoDetailPane.test.tsx:89:11)

    console.error
      Error: Uncaught [TypeError: fieldsRef.current?.scrollTo is not a function]
          at reportException (/Users/johnneed/Projects/gmc-shelters/node_modules/jsdom/lib/jsdom/living/helpers/runtime-script-errors.js:66:24)
          at innerInvokeEventListeners (/Users/johnneed/Projects/gmc-shelters/node_modules/jsdom/lib/jsdom/living/events/EventTarget-impl.js:353:9)
          at invokeEventListeners (/Users/johnneed/Projects/gmc-shelters/node_modules/jsdom/lib/jsdom/living/events/EventTarget-impl.js:286:3)
          at HTMLUnknownElementImpl._dispatch (/Users/johnneed/Projects/gmc-shelters/node_modules/jsdom/lib/jsdom/living/events/EventTarget-impl.js:233:9)
          at HTMLUnknownElementImpl.dispatchEvent (/Users/johnneed/Projects/gmc-shelters/node_modules/jsdom/lib/jsdom/living/events/EventTarget-impl.js:104:17)
          at HTMLUnknownElement.dispatchEvent (/Users/johnneed/Projects/gmc-shelters/node_modules/jsdom/lib/jsdom/living/generated/EventTarget.js:241:34)
          at Object.invokeGuardedCallbackDev (/Users/johnneed/Projects/gmc-shelters/node_modules/react-dom/cjs/react-dom.development.js:4213:16)
          at invokeGuardedCallback (/Users/johnneed/Projects/gmc-shelters/node_modules/react-dom/cjs/react-dom.development.js:4277:31)
          at reportUncaughtErrorInDEV (/Users/johnneed/Projects/gmc-shelters/node_modules/react-dom/cjs/react-dom.development.js:22877:5)
          at captureCommitPhaseError (/Users/johnneed/Projects/gmc-shelters/node_modules/react-dom/cjs/react-dom.development.js:27165:5)
          at commitPassiveMountEffects_complete (/Users/johnneed/Projects/gmc-shelters/node_modules/react-dom/cjs/react-dom.development.js:24932:9)
          at commitPassiveMountEffects_begin (/Users/johnneed/Projects/gmc-shelters/node_modules/react-dom/cjs/react-dom.development.js:24917:7)
          at commitPassiveMountEffects (/Users/johnneed/Projects/gmc-shelters/node_modules/react-dom/cjs/react-dom.development.js:24905:3)
          at flushPassiveEffectsImpl (/Users/johnneed/Projects/gmc-shelters/node_modules/react-dom/cjs/react-dom.development.js:27078:3)
          at flushPassiveEffects (/Users/johnneed/Projects/gmc-shelters/node_modules/react-dom/cjs/react-dom.development.js:27023:14)
          at /Users/johnneed/Projects/gmc-shelters/node_modules/react-dom/cjs/react-dom.development.js:26808:9
          at flushActQueue (/Users/johnneed/Projects/gmc-shelters/node_modules/react/cjs/react.development.js:2667:24)
          at act (/Users/johnneed/Projects/gmc-shelters/node_modules/react/cjs/react.development.js:2582:11)
          at /Users/johnneed/Projects/gmc-shelters/node_modules/@testing-library/react/dist/act-compat.js:46:25
          at renderRoot (/Users/johnneed/Projects/gmc-shelters/node_modules/@testing-library/react/dist/pure.js:189:26)
          at render (/Users/johnneed/Projects/gmc-shelters/node_modules/@testing-library/react/dist/pure.js:291:10)
          at Object.<anonymous> (/Users/johnneed/Projects/gmc-shelters/src/renderer/components/MainPane/tabs/PhotoDetailPane.test.tsx:95:11)
          at Promise.then.completed (/Users/johnneed/Projects/gmc-shelters/node_modules/jest-circus/build/utils.js:298:28)
          at new Promise (<anonymous>)
          at callAsyncCircusFn (/Users/johnneed/Projects/gmc-shelters/node_modules/jest-circus/build/utils.js:231:10)
          at _callCircusTest (/Users/johnneed/Projects/gmc-shelters/node_modules/jest-circus/build/run.js:316:40)
          at processTicksAndRejections (node:internal/process/task_queues:105:5)
          at _runTest (/Users/johnneed/Projects/gmc-shelters/node_modules/jest-circus/build/run.js:252:3)
          at _runTestsForDescribeBlock (/Users/johnneed/Projects/gmc-shelters/node_modules/jest-circus/build/run.js:126:9)
          at _runTestsForDescribeBlock (/Users/johnneed/Projects/gmc-shelters/node_modules/jest-circus/build/run.js:121:9)
          at run (/Users/johnneed/Projects/gmc-shelters/node_modules/jest-circus/build/run.js:71:3)
          at runAndTransformResultsToJestFormat (/Users/johnneed/Projects/gmc-shelters/node_modules/jest-circus/build/legacy-code-todo-rewrite/jestAdapterInit.js:122:21)
          at jestAdapter (/Users/johnneed/Projects/gmc-shelters/node_modules/jest-circus/build/legacy-code-todo-rewrite/jestAdapter.js:79:19)
          at runTestInternal (/Users/johnneed/Projects/gmc-shelters/node_modules/jest-runner/build/runTest.js:367:16)
          at runTest (/Users/johnneed/Projects/gmc-shelters/node_modules/jest-runner/build/runTest.js:444:34)
          at Object.worker (/Users/johnneed/Projects/gmc-shelters/node_modules/jest-runner/build/testWorker.js:106:12) {
        detail: TypeError: fieldsRef.current?.scrollTo is not a function
            at /Users/johnneed/Projects/gmc-shelters/src/renderer/components/MainPane/tabs/PhotoDetailPane.tsx:49:24
            at commitHookEffectListMount (/Users/johnneed/Projects/gmc-shelters/node_modules/react-dom/cjs/react-dom.development.js:23189:26)
            at commitPassiveMountOnFiber (/Users/johnneed/Projects/gmc-shelters/node_modules/react-dom/cjs/react-dom.development.js:24970:11)
            at commitPassiveMountEffects_complete (/Users/johnneed/Projects/gmc-shelters/node_modules/react-dom/cjs/react-dom.development.js:24930:9)
            at commitPassiveMountEffects_begin (/Users/johnneed/Projects/gmc-shelters/node_modules/react-dom/cjs/react-dom.development.js:24917:7)
            at commitPassiveMountEffects (/Users/johnneed/Projects/gmc-shelters/node_modules/react-dom/cjs/react-dom.development.js:24905:3)
            at flushPassiveEffectsImpl (/Users/johnneed/Projects/gmc-shelters/node_modules/react-dom/cjs/react-dom.development.js:27078:3)
            at flushPassiveEffects (/Users/johnneed/Projects/gmc-shelters/node_modules/react-dom/cjs/react-dom.development.js:27023:14)
            at /Users/johnneed/Projects/gmc-shelters/node_modules/react-dom/cjs/react-dom.development.js:26808:9
            at flushActQueue (/Users/johnneed/Projects/gmc-shelters/node_modules/react/cjs/react.development.js:2667:24)
            at act (/Users/johnneed/Projects/gmc-shelters/node_modules/react/cjs/react.development.js:2582:11)
            at /Users/johnneed/Projects/gmc-shelters/node_modules/@testing-library/react/dist/act-compat.js:46:25
            at renderRoot (/Users/johnneed/Projects/gmc-shelters/node_modules/@testing-library/react/dist/pure.js:189:26)
            at render (/Users/johnneed/Projects/gmc-shelters/node_modules/@testing-library/react/dist/pure.js:291:10)
            at Object.<anonymous> (/Users/johnneed/Projects/gmc-shelters/src/renderer/components/MainPane/tabs/PhotoDetailPane.test.tsx:95:11)
            at Promise.then.completed (/Users/johnneed/Projects/gmc-shelters/node_modules/jest-circus/build/utils.js:298:28)
            at new Promise (<anonymous>)
            at callAsyncCircusFn (/Users/johnneed/Projects/gmc-shelters/node_modules/jest-circus/build/utils.js:231:10)
            at _callCircusTest (/Users/johnneed/Projects/gmc-shelters/node_modules/jest-circus/build/run.js:316:40)
            at processTicksAndRejections (node:internal/process/task_queues:105:5)
            at _runTest (/Users/johnneed/Projects/gmc-shelters/node_modules/jest-circus/build/run.js:252:3)
            at _runTestsForDescribeBlock (/Users/johnneed/Projects/gmc-shelters/node_modules/jest-circus/build/run.js:126:9)
            at _runTestsForDescribeBlock (/Users/johnneed/Projects/gmc-shelters/node_modules/jest-circus/build/run.js:121:9)
            at run (/Users/johnneed/Projects/gmc-shelters/node_modules/jest-circus/build/run.js:71:3)
            at runAndTransformResultsToJestFormat (/Users/johnneed/Projects/gmc-shelters/node_modules/jest-circus/build/legacy-code-todo-rewrite/jestAdapterInit.js:122:21)
            at jestAdapter (/Users/johnneed/Projects/gmc-shelters/node_modules/jest-circus/build/legacy-code-todo-rewrite/jestAdapter.js:79:19)
            at runTestInternal (/Users/johnneed/Projects/gmc-shelters/node_modules/jest-runner/build/runTest.js:367:16)
            at runTest (/Users/johnneed/Projects/gmc-shelters/node_modules/jest-runner/build/runTest.js:444:34)
            at Object.worker (/Users/johnneed/Projects/gmc-shelters/node_modules/jest-runner/build/testWorker.js:106:12),
        type: 'unhandled exception'
      }

      93 |   it('calls onSaveMetadata when Save Metadata is clicked', () => {
      94 |     const onSaveMetadata = jest.fn();
    > 95 |     render(<PhotoDetailPane {...makeProps({ isMetadataDirty: true, onSaveMetadata })} />);
         |           ^
      96 |     fireEvent.click(screen.getByRole('button', { name: /save metadata/i }));
      97 |     expect(onSaveMetadata).toHaveBeenCalledTimes(1);
      98 |   });

      at VirtualConsole.<anonymous> (node_modules/jest-environment-jsdom/build/index.js:63:23)
      at reportException (node_modules/jsdom/lib/jsdom/living/helpers/runtime-script-errors.js:70:28)
      at innerInvokeEventListeners (node_modules/jsdom/lib/jsdom/living/events/EventTarget-impl.js:353:9)
      at invokeEventListeners (node_modules/jsdom/lib/jsdom/living/events/EventTarget-impl.js:286:3)
      at HTMLUnknownElementImpl._dispatch (node_modules/jsdom/lib/jsdom/living/events/EventTarget-impl.js:233:9)
      at HTMLUnknownElementImpl.dispatchEvent (node_modules/jsdom/lib/jsdom/living/events/EventTarget-impl.js:104:17)
      at HTMLUnknownElement.dispatchEvent (node_modules/jsdom/lib/jsdom/living/generated/EventTarget.js:241:34)
      at Object.invokeGuardedCallbackDev (node_modules/react-dom/cjs/react-dom.development.js:4213:16)
      at invokeGuardedCallback (node_modules/react-dom/cjs/react-dom.development.js:4277:31)
      at reportUncaughtErrorInDEV (node_modules/react-dom/cjs/react-dom.development.js:22877:5)
      at captureCommitPhaseError (node_modules/react-dom/cjs/react-dom.development.js:27165:5)
      at commitPassiveMountEffects_complete (node_modules/react-dom/cjs/react-dom.development.js:24932:9)
      at commitPassiveMountEffects_begin (node_modules/react-dom/cjs/react-dom.development.js:24917:7)
      at commitPassiveMountEffects (node_modules/react-dom/cjs/react-dom.development.js:24905:3)
      at flushPassiveEffectsImpl (node_modules/react-dom/cjs/react-dom.development.js:27078:3)
      at flushPassiveEffects (node_modules/react-dom/cjs/react-dom.development.js:27023:14)
      at node_modules/react-dom/cjs/react-dom.development.js:26808:9
      at flushActQueue (node_modules/react/cjs/react.development.js:2667:24)
      at act (node_modules/react/cjs/react.development.js:2582:11)
      at node_modules/@testing-library/react/dist/act-compat.js:46:25
      at renderRoot (node_modules/@testing-library/react/dist/pure.js:189:26)
      at render (node_modules/@testing-library/react/dist/pure.js:291:10)
      at Object.<anonymous> (src/renderer/components/MainPane/tabs/PhotoDetailPane.test.tsx:95:11)

    console.error
      The above error occurred in the <PhotoDetailPane> component:
      
          at PhotoDetailPane (/Users/johnneed/Projects/gmc-shelters/src/renderer/components/MainPane/tabs/PhotoDetailPane.tsx:39:3)
      
      Consider adding an error boundary to your tree to customize error handling behavior.
      Visit https://reactjs.org/link/error-boundaries to learn more about error boundaries.

      93 |   it('calls onSaveMetadata when Save Metadata is clicked', () => {
      94 |     const onSaveMetadata = jest.fn();
    > 95 |     render(<PhotoDetailPane {...makeProps({ isMetadataDirty: true, onSaveMetadata })} />);
         |           ^
      96 |     fireEvent.click(screen.getByRole('button', { name: /save metadata/i }));
      97 |     expect(onSaveMetadata).toHaveBeenCalledTimes(1);
      98 |   });

      at logCapturedError (node_modules/react-dom/cjs/react-dom.development.js:18704:23)
      at update.callback (node_modules/react-dom/cjs/react-dom.development.js:18737:5)
      at callCallback (node_modules/react-dom/cjs/react-dom.development.js:15036:12)
      at commitUpdateQueue (node_modules/react-dom/cjs/react-dom.development.js:15057:9)
      at commitLayoutEffectOnFiber (node_modules/react-dom/cjs/react-dom.development.js:23430:13)
      at commitLayoutMountEffects_complete (node_modules/react-dom/cjs/react-dom.development.js:24727:9)
      at commitLayoutEffects_begin (node_modules/react-dom/cjs/react-dom.development.js:24713:7)
      at commitLayoutEffects (node_modules/react-dom/cjs/react-dom.development.js:24651:3)
      at commitRootImpl (node_modules/react-dom/cjs/react-dom.development.js:26862:5)
      at commitRoot (node_modules/react-dom/cjs/react-dom.development.js:26721:5)
      at performSyncWorkOnRoot (node_modules/react-dom/cjs/react-dom.development.js:26156:3)
      at flushSyncCallbacks (node_modules/react-dom/cjs/react-dom.development.js:12042:22)
      at flushPassiveEffectsImpl (node_modules/react-dom/cjs/react-dom.development.js:27099:3)
      at flushPassiveEffects (node_modules/react-dom/cjs/react-dom.development.js:27023:14)
      at node_modules/react-dom/cjs/react-dom.development.js:26808:9
      at flushActQueue (node_modules/react/cjs/react.development.js:2667:24)
      at act (node_modules/react/cjs/react.development.js:2582:11)
      at node_modules/@testing-library/react/dist/act-compat.js:46:25
      at renderRoot (node_modules/@testing-library/react/dist/pure.js:189:26)
      at render (node_modules/@testing-library/react/dist/pure.js:291:10)
      at Object.<anonymous> (src/renderer/components/MainPane/tabs/PhotoDetailPane.test.tsx:95:11)

    console.error
      Error: Uncaught [TypeError: fieldsRef.current?.scrollTo is not a function]
          at reportException (/Users/johnneed/Projects/gmc-shelters/node_modules/jsdom/lib/jsdom/living/helpers/runtime-script-errors.js:66:24)
          at innerInvokeEventListeners (/Users/johnneed/Projects/gmc-shelters/node_modules/jsdom/lib/jsdom/living/events/EventTarget-impl.js:353:9)
          at invokeEventListeners (/Users/johnneed/Projects/gmc-shelters/node_modules/jsdom/lib/jsdom/living/events/EventTarget-impl.js:286:3)
          at HTMLUnknownElementImpl._dispatch (/Users/johnneed/Projects/gmc-shelters/node_modules/jsdom/lib/jsdom/living/events/EventTarget-impl.js:233:9)
          at HTMLUnknownElementImpl.dispatchEvent (/Users/johnneed/Projects/gmc-shelters/node_modules/jsdom/lib/jsdom/living/events/EventTarget-impl.js:104:17)
          at HTMLUnknownElement.dispatchEvent (/Users/johnneed/Projects/gmc-shelters/node_modules/jsdom/lib/jsdom/living/generated/EventTarget.js:241:34)
          at Object.invokeGuardedCallbackDev (/Users/johnneed/Projects/gmc-shelters/node_modules/react-dom/cjs/react-dom.development.js:4213:16)
          at invokeGuardedCallback (/Users/johnneed/Projects/gmc-shelters/node_modules/react-dom/cjs/react-dom.development.js:4277:31)
          at reportUncaughtErrorInDEV (/Users/johnneed/Projects/gmc-shelters/node_modules/react-dom/cjs/react-dom.development.js:22877:5)
          at captureCommitPhaseError (/Users/johnneed/Projects/gmc-shelters/node_modules/react-dom/cjs/react-dom.development.js:27165:5)
          at commitPassiveMountEffects_complete (/Users/johnneed/Projects/gmc-shelters/node_modules/react-dom/cjs/react-dom.development.js:24932:9)
          at commitPassiveMountEffects_begin (/Users/johnneed/Projects/gmc-shelters/node_modules/react-dom/cjs/react-dom.development.js:24917:7)
          at commitPassiveMountEffects (/Users/johnneed/Projects/gmc-shelters/node_modules/react-dom/cjs/react-dom.development.js:24905:3)
          at flushPassiveEffectsImpl (/Users/johnneed/Projects/gmc-shelters/node_modules/react-dom/cjs/react-dom.development.js:27078:3)
          at flushPassiveEffects (/Users/johnneed/Projects/gmc-shelters/node_modules/react-dom/cjs/react-dom.development.js:27023:14)
          at /Users/johnneed/Projects/gmc-shelters/node_modules/react-dom/cjs/react-dom.development.js:26808:9
          at flushActQueue (/Users/johnneed/Projects/gmc-shelters/node_modules/react/cjs/react.development.js:2667:24)
          at act (/Users/johnneed/Projects/gmc-shelters/node_modules/react/cjs/react.development.js:2582:11)
          at /Users/johnneed/Projects/gmc-shelters/node_modules/@testing-library/react/dist/act-compat.js:46:25
          at renderRoot (/Users/johnneed/Projects/gmc-shelters/node_modules/@testing-library/react/dist/pure.js:189:26)
          at render (/Users/johnneed/Projects/gmc-shelters/node_modules/@testing-library/react/dist/pure.js:291:10)
          at Object.<anonymous> (/Users/johnneed/Projects/gmc-shelters/src/renderer/components/MainPane/tabs/PhotoDetailPane.test.tsx:102:11)
          at Promise.then.completed (/Users/johnneed/Projects/gmc-shelters/node_modules/jest-circus/build/utils.js:298:28)
          at new Promise (<anonymous>)
          at callAsyncCircusFn (/Users/johnneed/Projects/gmc-shelters/node_modules/jest-circus/build/utils.js:231:10)
          at _callCircusTest (/Users/johnneed/Projects/gmc-shelters/node_modules/jest-circus/build/run.js:316:40)
          at processTicksAndRejections (node:internal/process/task_queues:105:5)
          at _runTest (/Users/johnneed/Projects/gmc-shelters/node_modules/jest-circus/build/run.js:252:3)
          at _runTestsForDescribeBlock (/Users/johnneed/Projects/gmc-shelters/node_modules/jest-circus/build/run.js:126:9)
          at _runTestsForDescribeBlock (/Users/johnneed/Projects/gmc-shelters/node_modules/jest-circus/build/run.js:121:9)
          at run (/Users/johnneed/Projects/gmc-shelters/node_modules/jest-circus/build/run.js:71:3)
          at runAndTransformResultsToJestFormat (/Users/johnneed/Projects/gmc-shelters/node_modules/jest-circus/build/legacy-code-todo-rewrite/jestAdapterInit.js:122:21)
          at jestAdapter (/Users/johnneed/Projects/gmc-shelters/node_modules/jest-circus/build/legacy-code-todo-rewrite/jestAdapter.js:79:19)
          at runTestInternal (/Users/johnneed/Projects/gmc-shelters/node_modules/jest-runner/build/runTest.js:367:16)
          at runTest (/Users/johnneed/Projects/gmc-shelters/node_modules/jest-runner/build/runTest.js:444:34)
          at Object.worker (/Users/johnneed/Projects/gmc-shelters/node_modules/jest-runner/build/testWorker.js:106:12) {
        detail: TypeError: fieldsRef.current?.scrollTo is not a function
            at /Users/johnneed/Projects/gmc-shelters/src/renderer/components/MainPane/tabs/PhotoDetailPane.tsx:49:24
            at commitHookEffectListMount (/Users/johnneed/Projects/gmc-shelters/node_modules/react-dom/cjs/react-dom.development.js:23189:26)
            at commitPassiveMountOnFiber (/Users/johnneed/Projects/gmc-shelters/node_modules/react-dom/cjs/react-dom.development.js:24970:11)
            at commitPassiveMountEffects_complete (/Users/johnneed/Projects/gmc-shelters/node_modules/react-dom/cjs/react-dom.development.js:24930:9)
            at commitPassiveMountEffects_begin (/Users/johnneed/Projects/gmc-shelters/node_modules/react-dom/cjs/react-dom.development.js:24917:7)
            at commitPassiveMountEffects (/Users/johnneed/Projects/gmc-shelters/node_modules/react-dom/cjs/react-dom.development.js:24905:3)
            at flushPassiveEffectsImpl (/Users/johnneed/Projects/gmc-shelters/node_modules/react-dom/cjs/react-dom.development.js:27078:3)
            at flushPassiveEffects (/Users/johnneed/Projects/gmc-shelters/node_modules/react-dom/cjs/react-dom.development.js:27023:14)
            at /Users/johnneed/Projects/gmc-shelters/node_modules/react-dom/cjs/react-dom.development.js:26808:9
            at flushActQueue (/Users/johnneed/Projects/gmc-shelters/node_modules/react/cjs/react.development.js:2667:24)
            at act (/Users/johnneed/Projects/gmc-shelters/node_modules/react/cjs/react.development.js:2582:11)
            at /Users/johnneed/Projects/gmc-shelters/node_modules/@testing-library/react/dist/act-compat.js:46:25
            at renderRoot (/Users/johnneed/Projects/gmc-shelters/node_modules/@testing-library/react/dist/pure.js:189:26)
            at render (/Users/johnneed/Projects/gmc-shelters/node_modules/@testing-library/react/dist/pure.js:291:10)
            at Object.<anonymous> (/Users/johnneed/Projects/gmc-shelters/src/renderer/components/MainPane/tabs/PhotoDetailPane.test.tsx:102:11)
            at Promise.then.completed (/Users/johnneed/Projects/gmc-shelters/node_modules/jest-circus/build/utils.js:298:28)
            at new Promise (<anonymous>)
            at callAsyncCircusFn (/Users/johnneed/Projects/gmc-shelters/node_modules/jest-circus/build/utils.js:231:10)
            at _callCircusTest (/Users/johnneed/Projects/gmc-shelters/node_modules/jest-circus/build/run.js:316:40)
            at processTicksAndRejections (node:internal/process/task_queues:105:5)
            at _runTest (/Users/johnneed/Projects/gmc-shelters/node_modules/jest-circus/build/run.js:252:3)
            at _runTestsForDescribeBlock (/Users/johnneed/Projects/gmc-shelters/node_modules/jest-circus/build/run.js:126:9)
            at _runTestsForDescribeBlock (/Users/johnneed/Projects/gmc-shelters/node_modules/jest-circus/build/run.js:121:9)
            at run (/Users/johnneed/Projects/gmc-shelters/node_modules/jest-circus/build/run.js:71:3)
            at runAndTransformResultsToJestFormat (/Users/johnneed/Projects/gmc-shelters/node_modules/jest-circus/build/legacy-code-todo-rewrite/jestAdapterInit.js:122:21)
            at jestAdapter (/Users/johnneed/Projects/gmc-shelters/node_modules/jest-circus/build/legacy-code-todo-rewrite/jestAdapter.js:79:19)
            at runTestInternal (/Users/johnneed/Projects/gmc-shelters/node_modules/jest-runner/build/runTest.js:367:16)
            at runTest (/Users/johnneed/Projects/gmc-shelters/node_modules/jest-runner/build/runTest.js:444:34)
            at Object.worker (/Users/johnneed/Projects/gmc-shelters/node_modules/jest-runner/build/testWorker.js:106:12),
        type: 'unhandled exception'
      }

      100 |   it('calls onOpenEditor when the preview is clicked', () => {
      101 |     const onOpenEditor = jest.fn();
    > 102 |     render(<PhotoDetailPane {...makeProps({ onOpenEditor })} />);
          |           ^
      103 |     fireEvent.click(screen.getByTestId('photo-preview'));
      104 |     expect(onOpenEditor).toHaveBeenCalledTimes(1);
      105 |   });

      at VirtualConsole.<anonymous> (node_modules/jest-environment-jsdom/build/index.js:63:23)
      at reportException (node_modules/jsdom/lib/jsdom/living/helpers/runtime-script-errors.js:70:28)
      at innerInvokeEventListeners (node_modules/jsdom/lib/jsdom/living/events/EventTarget-impl.js:353:9)
      at invokeEventListeners (node_modules/jsdom/lib/jsdom/living/events/EventTarget-impl.js:286:3)
      at HTMLUnknownElementImpl._dispatch (node_modules/jsdom/lib/jsdom/living/events/EventTarget-impl.js:233:9)
      at HTMLUnknownElementImpl.dispatchEvent (node_modules/jsdom/lib/jsdom/living/events/EventTarget-impl.js:104:17)
      at HTMLUnknownElement.dispatchEvent (node_modules/jsdom/lib/jsdom/living/generated/EventTarget.js:241:34)
      at Object.invokeGuardedCallbackDev (node_modules/react-dom/cjs/react-dom.development.js:4213:16)
      at invokeGuardedCallback (node_modules/react-dom/cjs/react-dom.development.js:4277:31)
      at reportUncaughtErrorInDEV (node_modules/react-dom/cjs/react-dom.development.js:22877:5)
      at captureCommitPhaseError (node_modules/react-dom/cjs/react-dom.development.js:27165:5)
      at commitPassiveMountEffects_complete (node_modules/react-dom/cjs/react-dom.development.js:24932:9)
      at commitPassiveMountEffects_begin (node_modules/react-dom/cjs/react-dom.development.js:24917:7)
      at commitPassiveMountEffects (node_modules/react-dom/cjs/react-dom.development.js:24905:3)
      at flushPassiveEffectsImpl (node_modules/react-dom/cjs/react-dom.development.js:27078:3)
      at flushPassiveEffects (node_modules/react-dom/cjs/react-dom.development.js:27023:14)
      at node_modules/react-dom/cjs/react-dom.development.js:26808:9
      at flushActQueue (node_modules/react/cjs/react.development.js:2667:24)
      at act (node_modules/react/cjs/react.development.js:2582:11)
      at node_modules/@testing-library/react/dist/act-compat.js:46:25
      at renderRoot (node_modules/@testing-library/react/dist/pure.js:189:26)
      at render (node_modules/@testing-library/react/dist/pure.js:291:10)
      at Object.<anonymous> (src/renderer/components/MainPane/tabs/PhotoDetailPane.test.tsx:102:11)

    console.error
      The above error occurred in the <PhotoDetailPane> component:
      
          at PhotoDetailPane (/Users/johnneed/Projects/gmc-shelters/src/renderer/components/MainPane/tabs/PhotoDetailPane.tsx:39:3)
      
      Consider adding an error boundary to your tree to customize error handling behavior.
      Visit https://reactjs.org/link/error-boundaries to learn more about error boundaries.

      100 |   it('calls onOpenEditor when the preview is clicked', () => {
      101 |     const onOpenEditor = jest.fn();
    > 102 |     render(<PhotoDetailPane {...makeProps({ onOpenEditor })} />);
          |           ^
      103 |     fireEvent.click(screen.getByTestId('photo-preview'));
      104 |     expect(onOpenEditor).toHaveBeenCalledTimes(1);
      105 |   });

      at logCapturedError (node_modules/react-dom/cjs/react-dom.development.js:18704:23)
      at update.callback (node_modules/react-dom/cjs/react-dom.development.js:18737:5)
      at callCallback (node_modules/react-dom/cjs/react-dom.development.js:15036:12)
      at commitUpdateQueue (node_modules/react-dom/cjs/react-dom.development.js:15057:9)
      at commitLayoutEffectOnFiber (node_modules/react-dom/cjs/react-dom.development.js:23430:13)
      at commitLayoutMountEffects_complete (node_modules/react-dom/cjs/react-dom.development.js:24727:9)
      at commitLayoutEffects_begin (node_modules/react-dom/cjs/react-dom.development.js:24713:7)
      at commitLayoutEffects (node_modules/react-dom/cjs/react-dom.development.js:24651:3)
      at commitRootImpl (node_modules/react-dom/cjs/react-dom.development.js:26862:5)
      at commitRoot (node_modules/react-dom/cjs/react-dom.development.js:26721:5)
      at performSyncWorkOnRoot (node_modules/react-dom/cjs/react-dom.development.js:26156:3)
      at flushSyncCallbacks (node_modules/react-dom/cjs/react-dom.development.js:12042:22)
      at flushPassiveEffectsImpl (node_modules/react-dom/cjs/react-dom.development.js:27099:3)
      at flushPassiveEffects (node_modules/react-dom/cjs/react-dom.development.js:27023:14)
      at node_modules/react-dom/cjs/react-dom.development.js:26808:9
      at flushActQueue (node_modules/react/cjs/react.development.js:2667:24)
      at act (node_modules/react/cjs/react.development.js:2582:11)
      at node_modules/@testing-library/react/dist/act-compat.js:46:25
      at renderRoot (node_modules/@testing-library/react/dist/pure.js:189:26)
      at render (node_modules/@testing-library/react/dist/pure.js:291:10)
      at Object.<anonymous> (src/renderer/components/MainPane/tabs/PhotoDetailPane.test.tsx:102:11)

    console.error
      Error: Uncaught [TypeError: fieldsRef.current?.scrollTo is not a function]
          at reportException (/Users/johnneed/Projects/gmc-shelters/node_modules/jsdom/lib/jsdom/living/helpers/runtime-script-errors.js:66:24)
          at innerInvokeEventListeners (/Users/johnneed/Projects/gmc-shelters/node_modules/jsdom/lib/jsdom/living/events/EventTarget-impl.js:353:9)
          at invokeEventListeners (/Users/johnneed/Projects/gmc-shelters/node_modules/jsdom/lib/jsdom/living/events/EventTarget-impl.js:286:3)
          at HTMLUnknownElementImpl._dispatch (/Users/johnneed/Projects/gmc-shelters/node_modules/jsdom/lib/jsdom/living/events/EventTarget-impl.js:233:9)
          at HTMLUnknownElementImpl.dispatchEvent (/Users/johnneed/Projects/gmc-shelters/node_modules/jsdom/lib/jsdom/living/events/EventTarget-impl.js:104:17)
          at HTMLUnknownElement.dispatchEvent (/Users/johnneed/Projects/gmc-shelters/node_modules/jsdom/lib/jsdom/living/generated/EventTarget.js:241:34)
          at Object.invokeGuardedCallbackDev (/Users/johnneed/Projects/gmc-shelters/node_modules/react-dom/cjs/react-dom.development.js:4213:16)
          at invokeGuardedCallback (/Users/johnneed/Projects/gmc-shelters/node_modules/react-dom/cjs/react-dom.development.js:4277:31)
          at reportUncaughtErrorInDEV (/Users/johnneed/Projects/gmc-shelters/node_modules/react-dom/cjs/react-dom.development.js:22877:5)
          at captureCommitPhaseError (/Users/johnneed/Projects/gmc-shelters/node_modules/react-dom/cjs/react-dom.development.js:27165:5)
          at commitPassiveMountEffects_complete (/Users/johnneed/Projects/gmc-shelters/node_modules/react-dom/cjs/react-dom.development.js:24932:9)
          at commitPassiveMountEffects_begin (/Users/johnneed/Projects/gmc-shelters/node_modules/react-dom/cjs/react-dom.development.js:24917:7)
          at commitPassiveMountEffects (/Users/johnneed/Projects/gmc-shelters/node_modules/react-dom/cjs/react-dom.development.js:24905:3)
          at flushPassiveEffectsImpl (/Users/johnneed/Projects/gmc-shelters/node_modules/react-dom/cjs/react-dom.development.js:27078:3)
          at flushPassiveEffects (/Users/johnneed/Projects/gmc-shelters/node_modules/react-dom/cjs/react-dom.development.js:27023:14)
          at /Users/johnneed/Projects/gmc-shelters/node_modules/react-dom/cjs/react-dom.development.js:26808:9
          at flushActQueue (/Users/johnneed/Projects/gmc-shelters/node_modules/react/cjs/react.development.js:2667:24)
          at act (/Users/johnneed/Projects/gmc-shelters/node_modules/react/cjs/react.development.js:2582:11)
          at /Users/johnneed/Projects/gmc-shelters/node_modules/@testing-library/react/dist/act-compat.js:46:25
          at renderRoot (/Users/johnneed/Projects/gmc-shelters/node_modules/@testing-library/react/dist/pure.js:189:26)
          at render (/Users/johnneed/Projects/gmc-shelters/node_modules/@testing-library/react/dist/pure.js:291:10)
          at Object.<anonymous> (/Users/johnneed/Projects/gmc-shelters/src/renderer/components/MainPane/tabs/PhotoDetailPane.test.tsx:109:11)
          at Promise.then.completed (/Users/johnneed/Projects/gmc-shelters/node_modules/jest-circus/build/utils.js:298:28)
          at new Promise (<anonymous>)
          at callAsyncCircusFn (/Users/johnneed/Projects/gmc-shelters/node_modules/jest-circus/build/utils.js:231:10)
          at _callCircusTest (/Users/johnneed/Projects/gmc-shelters/node_modules/jest-circus/build/run.js:316:40)
          at processTicksAndRejections (node:internal/process/task_queues:105:5)
          at _runTest (/Users/johnneed/Projects/gmc-shelters/node_modules/jest-circus/build/run.js:252:3)
          at _runTestsForDescribeBlock (/Users/johnneed/Projects/gmc-shelters/node_modules/jest-circus/build/run.js:126:9)
          at _runTestsForDescribeBlock (/Users/johnneed/Projects/gmc-shelters/node_modules/jest-circus/build/run.js:121:9)
          at run (/Users/johnneed/Projects/gmc-shelters/node_modules/jest-circus/build/run.js:71:3)
          at runAndTransformResultsToJestFormat (/Users/johnneed/Projects/gmc-shelters/node_modules/jest-circus/build/legacy-code-todo-rewrite/jestAdapterInit.js:122:21)
          at jestAdapter (/Users/johnneed/Projects/gmc-shelters/node_modules/jest-circus/build/legacy-code-todo-rewrite/jestAdapter.js:79:19)
          at runTestInternal (/Users/johnneed/Projects/gmc-shelters/node_modules/jest-runner/build/runTest.js:367:16)
          at runTest (/Users/johnneed/Projects/gmc-shelters/node_modules/jest-runner/build/runTest.js:444:34)
          at Object.worker (/Users/johnneed/Projects/gmc-shelters/node_modules/jest-runner/build/testWorker.js:106:12) {
        detail: TypeError: fieldsRef.current?.scrollTo is not a function
            at /Users/johnneed/Projects/gmc-shelters/src/renderer/components/MainPane/tabs/PhotoDetailPane.tsx:49:24
            at commitHookEffectListMount (/Users/johnneed/Projects/gmc-shelters/node_modules/react-dom/cjs/react-dom.development.js:23189:26)
            at commitPassiveMountOnFiber (/Users/johnneed/Projects/gmc-shelters/node_modules/react-dom/cjs/react-dom.development.js:24970:11)
            at commitPassiveMountEffects_complete (/Users/johnneed/Projects/gmc-shelters/node_modules/react-dom/cjs/react-dom.development.js:24930:9)
            at commitPassiveMountEffects_begin (/Users/johnneed/Projects/gmc-shelters/node_modules/react-dom/cjs/react-dom.development.js:24917:7)
            at commitPassiveMountEffects (/Users/johnneed/Projects/gmc-shelters/node_modules/react-dom/cjs/react-dom.development.js:24905:3)
            at flushPassiveEffectsImpl (/Users/johnneed/Projects/gmc-shelters/node_modules/react-dom/cjs/react-dom.development.js:27078:3)
            at flushPassiveEffects (/Users/johnneed/Projects/gmc-shelters/node_modules/react-dom/cjs/react-dom.development.js:27023:14)
            at /Users/johnneed/Projects/gmc-shelters/node_modules/react-dom/cjs/react-dom.development.js:26808:9
            at flushActQueue (/Users/johnneed/Projects/gmc-shelters/node_modules/react/cjs/react.development.js:2667:24)
            at act (/Users/johnneed/Projects/gmc-shelters/node_modules/react/cjs/react.development.js:2582:11)
            at /Users/johnneed/Projects/gmc-shelters/node_modules/@testing-library/react/dist/act-compat.js:46:25
            at renderRoot (/Users/johnneed/Projects/gmc-shelters/node_modules/@testing-library/react/dist/pure.js:189:26)
            at render (/Users/johnneed/Projects/gmc-shelters/node_modules/@testing-library/react/dist/pure.js:291:10)
            at Object.<anonymous> (/Users/johnneed/Projects/gmc-shelters/src/renderer/components/MainPane/tabs/PhotoDetailPane.test.tsx:109:11)
            at Promise.then.completed (/Users/johnneed/Projects/gmc-shelters/node_modules/jest-circus/build/utils.js:298:28)
            at new Promise (<anonymous>)
            at callAsyncCircusFn (/Users/johnneed/Projects/gmc-shelters/node_modules/jest-circus/build/utils.js:231:10)
            at _callCircusTest (/Users/johnneed/Projects/gmc-shelters/node_modules/jest-circus/build/run.js:316:40)
            at processTicksAndRejections (node:internal/process/task_queues:105:5)
            at _runTest (/Users/johnneed/Projects/gmc-shelters/node_modules/jest-circus/build/run.js:252:3)
            at _runTestsForDescribeBlock (/Users/johnneed/Projects/gmc-shelters/node_modules/jest-circus/build/run.js:126:9)
            at _runTestsForDescribeBlock (/Users/johnneed/Projects/gmc-shelters/node_modules/jest-circus/build/run.js:121:9)
            at run (/Users/johnneed/Projects/gmc-shelters/node_modules/jest-circus/build/run.js:71:3)
            at runAndTransformResultsToJestFormat (/Users/johnneed/Projects/gmc-shelters/node_modules/jest-circus/build/legacy-code-todo-rewrite/jestAdapterInit.js:122:21)
            at jestAdapter (/Users/johnneed/Projects/gmc-shelters/node_modules/jest-circus/build/legacy-code-todo-rewrite/jestAdapter.js:79:19)
            at runTestInternal (/Users/johnneed/Projects/gmc-shelters/node_modules/jest-runner/build/runTest.js:367:16)
            at runTest (/Users/johnneed/Projects/gmc-shelters/node_modules/jest-runner/build/runTest.js:444:34)
            at Object.worker (/Users/johnneed/Projects/gmc-shelters/node_modules/jest-runner/build/testWorker.js:106:12),
        type: 'unhandled exception'
      }

      107 |   it('calls onDelete when the delete button is clicked', () => {
      108 |     const onDelete = jest.fn();
    > 109 |     render(<PhotoDetailPane {...makeProps({ onDelete })} />);
          |           ^
      110 |     fireEvent.click(screen.getByTitle('Delete photo'));
      111 |     expect(onDelete).toHaveBeenCalledTimes(1);
      112 |   });

      at VirtualConsole.<anonymous> (node_modules/jest-environment-jsdom/build/index.js:63:23)
      at reportException (node_modules/jsdom/lib/jsdom/living/helpers/runtime-script-errors.js:70:28)
      at innerInvokeEventListeners (node_modules/jsdom/lib/jsdom/living/events/EventTarget-impl.js:353:9)
      at invokeEventListeners (node_modules/jsdom/lib/jsdom/living/events/EventTarget-impl.js:286:3)
      at HTMLUnknownElementImpl._dispatch (node_modules/jsdom/lib/jsdom/living/events/EventTarget-impl.js:233:9)
      at HTMLUnknownElementImpl.dispatchEvent (node_modules/jsdom/lib/jsdom/living/events/EventTarget-impl.js:104:17)
      at HTMLUnknownElement.dispatchEvent (node_modules/jsdom/lib/jsdom/living/generated/EventTarget.js:241:34)
      at Object.invokeGuardedCallbackDev (node_modules/react-dom/cjs/react-dom.development.js:4213:16)
      at invokeGuardedCallback (node_modules/react-dom/cjs/react-dom.development.js:4277:31)
      at reportUncaughtErrorInDEV (node_modules/react-dom/cjs/react-dom.development.js:22877:5)
      at captureCommitPhaseError (node_modules/react-dom/cjs/react-dom.development.js:27165:5)
      at commitPassiveMountEffects_complete (node_modules/react-dom/cjs/react-dom.development.js:24932:9)
      at commitPassiveMountEffects_begin (node_modules/react-dom/cjs/react-dom.development.js:24917:7)
      at commitPassiveMountEffects (node_modules/react-dom/cjs/react-dom.development.js:24905:3)
      at flushPassiveEffectsImpl (node_modules/react-dom/cjs/react-dom.development.js:27078:3)
      at flushPassiveEffects (node_modules/react-dom/cjs/react-dom.development.js:27023:14)
      at node_modules/react-dom/cjs/react-dom.development.js:26808:9
      at flushActQueue (node_modules/react/cjs/react.development.js:2667:24)
      at act (node_modules/react/cjs/react.development.js:2582:11)
      at node_modules/@testing-library/react/dist/act-compat.js:46:25
      at renderRoot (node_modules/@testing-library/react/dist/pure.js:189:26)
      at render (node_modules/@testing-library/react/dist/pure.js:291:10)
      at Object.<anonymous> (src/renderer/components/MainPane/tabs/PhotoDetailPane.test.tsx:109:11)

    console.error
      The above error occurred in the <PhotoDetailPane> component:
      
          at PhotoDetailPane (/Users/johnneed/Projects/gmc-shelters/src/renderer/components/MainPane/tabs/PhotoDetailPane.tsx:39:3)
      
      Consider adding an error boundary to your tree to customize error handling behavior.
      Visit https://reactjs.org/link/error-boundaries to learn more about error boundaries.

      107 |   it('calls onDelete when the delete button is clicked', () => {
      108 |     const onDelete = jest.fn();
    > 109 |     render(<PhotoDetailPane {...makeProps({ onDelete })} />);
          |           ^
      110 |     fireEvent.click(screen.getByTitle('Delete photo'));
      111 |     expect(onDelete).toHaveBeenCalledTimes(1);
      112 |   });

      at logCapturedError (node_modules/react-dom/cjs/react-dom.development.js:18704:23)
      at update.callback (node_modules/react-dom/cjs/react-dom.development.js:18737:5)
      at callCallback (node_modules/react-dom/cjs/react-dom.development.js:15036:12)
      at commitUpdateQueue (node_modules/react-dom/cjs/react-dom.development.js:15057:9)
      at commitLayoutEffectOnFiber (node_modules/react-dom/cjs/react-dom.development.js:23430:13)
      at commitLayoutMountEffects_complete (node_modules/react-dom/cjs/react-dom.development.js:24727:9)
      at commitLayoutEffects_begin (node_modules/react-dom/cjs/react-dom.development.js:24713:7)
      at commitLayoutEffects (node_modules/react-dom/cjs/react-dom.development.js:24651:3)
      at commitRootImpl (node_modules/react-dom/cjs/react-dom.development.js:26862:5)
      at commitRoot (node_modules/react-dom/cjs/react-dom.development.js:26721:5)
      at performSyncWorkOnRoot (node_modules/react-dom/cjs/react-dom.development.js:26156:3)
      at flushSyncCallbacks (node_modules/react-dom/cjs/react-dom.development.js:12042:22)
      at flushPassiveEffectsImpl (node_modules/react-dom/cjs/react-dom.development.js:27099:3)
      at flushPassiveEffects (node_modules/react-dom/cjs/react-dom.development.js:27023:14)
      at node_modules/react-dom/cjs/react-dom.development.js:26808:9
      at flushActQueue (node_modules/react/cjs/react.development.js:2667:24)
      at act (node_modules/react/cjs/react.development.js:2582:11)
      at node_modules/@testing-library/react/dist/act-compat.js:46:25
      at renderRoot (node_modules/@testing-library/react/dist/pure.js:189:26)
      at render (node_modules/@testing-library/react/dist/pure.js:291:10)
      at Object.<anonymous> (src/renderer/components/MainPane/tabs/PhotoDetailPane.test.tsx:109:11)

    console.error
      Error: Uncaught [TypeError: fieldsRef.current?.scrollTo is not a function]
          at reportException (/Users/johnneed/Projects/gmc-shelters/node_modules/jsdom/lib/jsdom/living/helpers/runtime-script-errors.js:66:24)
          at innerInvokeEventListeners (/Users/johnneed/Projects/gmc-shelters/node_modules/jsdom/lib/jsdom/living/events/EventTarget-impl.js:353:9)
          at invokeEventListeners (/Users/johnneed/Projects/gmc-shelters/node_modules/jsdom/lib/jsdom/living/events/EventTarget-impl.js:286:3)
          at HTMLUnknownElementImpl._dispatch (/Users/johnneed/Projects/gmc-shelters/node_modules/jsdom/lib/jsdom/living/events/EventTarget-impl.js:233:9)
          at HTMLUnknownElementImpl.dispatchEvent (/Users/johnneed/Projects/gmc-shelters/node_modules/jsdom/lib/jsdom/living/events/EventTarget-impl.js:104:17)
          at HTMLUnknownElement.dispatchEvent (/Users/johnneed/Projects/gmc-shelters/node_modules/jsdom/lib/jsdom/living/generated/EventTarget.js:241:34)
          at Object.invokeGuardedCallbackDev (/Users/johnneed/Projects/gmc-shelters/node_modules/react-dom/cjs/react-dom.development.js:4213:16)
          at invokeGuardedCallback (/Users/johnneed/Projects/gmc-shelters/node_modules/react-dom/cjs/react-dom.development.js:4277:31)
          at reportUncaughtErrorInDEV (/Users/johnneed/Projects/gmc-shelters/node_modules/react-dom/cjs/react-dom.development.js:22877:5)
          at captureCommitPhaseError (/Users/johnneed/Projects/gmc-shelters/node_modules/react-dom/cjs/react-dom.development.js:27165:5)
          at commitPassiveMountEffects_complete (/Users/johnneed/Projects/gmc-shelters/node_modules/react-dom/cjs/react-dom.development.js:24932:9)
          at commitPassiveMountEffects_begin (/Users/johnneed/Projects/gmc-shelters/node_modules/react-dom/cjs/react-dom.development.js:24917:7)
          at commitPassiveMountEffects (/Users/johnneed/Projects/gmc-shelters/node_modules/react-dom/cjs/react-dom.development.js:24905:3)
          at flushPassiveEffectsImpl (/Users/johnneed/Projects/gmc-shelters/node_modules/react-dom/cjs/react-dom.development.js:27078:3)
          at flushPassiveEffects (/Users/johnneed/Projects/gmc-shelters/node_modules/react-dom/cjs/react-dom.development.js:27023:14)
          at /Users/johnneed/Projects/gmc-shelters/node_modules/react-dom/cjs/react-dom.development.js:26808:9
          at flushActQueue (/Users/johnneed/Projects/gmc-shelters/node_modules/react/cjs/react.development.js:2667:24)
          at act (/Users/johnneed/Projects/gmc-shelters/node_modules/react/cjs/react.development.js:2582:11)
          at /Users/johnneed/Projects/gmc-shelters/node_modules/@testing-library/react/dist/act-compat.js:46:25
          at renderRoot (/Users/johnneed/Projects/gmc-shelters/node_modules/@testing-library/react/dist/pure.js:189:26)
          at render (/Users/johnneed/Projects/gmc-shelters/node_modules/@testing-library/react/dist/pure.js:291:10)
          at Object.<anonymous> (/Users/johnneed/Projects/gmc-shelters/src/renderer/components/MainPane/tabs/PhotoDetailPane.test.tsx:116:11)
          at Promise.then.completed (/Users/johnneed/Projects/gmc-shelters/node_modules/jest-circus/build/utils.js:298:28)
          at new Promise (<anonymous>)
          at callAsyncCircusFn (/Users/johnneed/Projects/gmc-shelters/node_modules/jest-circus/build/utils.js:231:10)
          at _callCircusTest (/Users/johnneed/Projects/gmc-shelters/node_modules/jest-circus/build/run.js:316:40)
          at processTicksAndRejections (node:internal/process/task_queues:105:5)
          at _runTest (/Users/johnneed/Projects/gmc-shelters/node_modules/jest-circus/build/run.js:252:3)
          at _runTestsForDescribeBlock (/Users/johnneed/Projects/gmc-shelters/node_modules/jest-circus/build/run.js:126:9)
          at _runTestsForDescribeBlock (/Users/johnneed/Projects/gmc-shelters/node_modules/jest-circus/build/run.js:121:9)
          at run (/Users/johnneed/Projects/gmc-shelters/node_modules/jest-circus/build/run.js:71:3)
          at runAndTransformResultsToJestFormat (/Users/johnneed/Projects/gmc-shelters/node_modules/jest-circus/build/legacy-code-todo-rewrite/jestAdapterInit.js:122:21)
          at jestAdapter (/Users/johnneed/Projects/gmc-shelters/node_modules/jest-circus/build/legacy-code-todo-rewrite/jestAdapter.js:79:19)
          at runTestInternal (/Users/johnneed/Projects/gmc-shelters/node_modules/jest-runner/build/runTest.js:367:16)
          at runTest (/Users/johnneed/Projects/gmc-shelters/node_modules/jest-runner/build/runTest.js:444:34)
          at Object.worker (/Users/johnneed/Projects/gmc-shelters/node_modules/jest-runner/build/testWorker.js:106:12) {
        detail: TypeError: fieldsRef.current?.scrollTo is not a function
            at /Users/johnneed/Projects/gmc-shelters/src/renderer/components/MainPane/tabs/PhotoDetailPane.tsx:49:24
            at commitHookEffectListMount (/Users/johnneed/Projects/gmc-shelters/node_modules/react-dom/cjs/react-dom.development.js:23189:26)
            at commitPassiveMountOnFiber (/Users/johnneed/Projects/gmc-shelters/node_modules/react-dom/cjs/react-dom.development.js:24970:11)
            at commitPassiveMountEffects_complete (/Users/johnneed/Projects/gmc-shelters/node_modules/react-dom/cjs/react-dom.development.js:24930:9)
            at commitPassiveMountEffects_begin (/Users/johnneed/Projects/gmc-shelters/node_modules/react-dom/cjs/react-dom.development.js:24917:7)
            at commitPassiveMountEffects (/Users/johnneed/Projects/gmc-shelters/node_modules/react-dom/cjs/react-dom.development.js:24905:3)
            at flushPassiveEffectsImpl (/Users/johnneed/Projects/gmc-shelters/node_modules/react-dom/cjs/react-dom.development.js:27078:3)
            at flushPassiveEffects (/Users/johnneed/Projects/gmc-shelters/node_modules/react-dom/cjs/react-dom.development.js:27023:14)
            at /Users/johnneed/Projects/gmc-shelters/node_modules/react-dom/cjs/react-dom.development.js:26808:9
            at flushActQueue (/Users/johnneed/Projects/gmc-shelters/node_modules/react/cjs/react.development.js:2667:24)
            at act (/Users/johnneed/Projects/gmc-shelters/node_modules/react/cjs/react.development.js:2582:11)
            at /Users/johnneed/Projects/gmc-shelters/node_modules/@testing-library/react/dist/act-compat.js:46:25
            at renderRoot (/Users/johnneed/Projects/gmc-shelters/node_modules/@testing-library/react/dist/pure.js:189:26)
            at render (/Users/johnneed/Projects/gmc-shelters/node_modules/@testing-library/react/dist/pure.js:291:10)
            at Object.<anonymous> (/Users/johnneed/Projects/gmc-shelters/src/renderer/components/MainPane/tabs/PhotoDetailPane.test.tsx:116:11)
            at Promise.then.completed (/Users/johnneed/Projects/gmc-shelters/node_modules/jest-circus/build/utils.js:298:28)
            at new Promise (<anonymous>)
            at callAsyncCircusFn (/Users/johnneed/Projects/gmc-shelters/node_modules/jest-circus/build/utils.js:231:10)
            at _callCircusTest (/Users/johnneed/Projects/gmc-shelters/node_modules/jest-circus/build/run.js:316:40)
            at processTicksAndRejections (node:internal/process/task_queues:105:5)
            at _runTest (/Users/johnneed/Projects/gmc-shelters/node_modules/jest-circus/build/run.js:252:3)
            at _runTestsForDescribeBlock (/Users/johnneed/Projects/gmc-shelters/node_modules/jest-circus/build/run.js:126:9)
            at _runTestsForDescribeBlock (/Users/johnneed/Projects/gmc-shelters/node_modules/jest-circus/build/run.js:121:9)
            at run (/Users/johnneed/Projects/gmc-shelters/node_modules/jest-circus/build/run.js:71:3)
            at runAndTransformResultsToJestFormat (/Users/johnneed/Projects/gmc-shelters/node_modules/jest-circus/build/legacy-code-todo-rewrite/jestAdapterInit.js:122:21)
            at jestAdapter (/Users/johnneed/Projects/gmc-shelters/node_modules/jest-circus/build/legacy-code-todo-rewrite/jestAdapter.js:79:19)
            at runTestInternal (/Users/johnneed/Projects/gmc-shelters/node_modules/jest-runner/build/runTest.js:367:16)
            at runTest (/Users/johnneed/Projects/gmc-shelters/node_modules/jest-runner/build/runTest.js:444:34)
            at Object.worker (/Users/johnneed/Projects/gmc-shelters/node_modules/jest-runner/build/testWorker.js:106:12),
        type: 'unhandled exception'
      }

      114 |   it('calls onMove when the move button is clicked', () => {
      115 |     const onMove = jest.fn();
    > 116 |     render(<PhotoDetailPane {...makeProps({ onMove })} />);
          |           ^
      117 |     fireEvent.click(screen.getByTitle('Move to shelter'));
      118 |     expect(onMove).toHaveBeenCalledTimes(1);
      119 |   });

      at VirtualConsole.<anonymous> (node_modules/jest-environment-jsdom/build/index.js:63:23)
      at reportException (node_modules/jsdom/lib/jsdom/living/helpers/runtime-script-errors.js:70:28)
      at innerInvokeEventListeners (node_modules/jsdom/lib/jsdom/living/events/EventTarget-impl.js:353:9)
      at invokeEventListeners (node_modules/jsdom/lib/jsdom/living/events/EventTarget-impl.js:286:3)
      at HTMLUnknownElementImpl._dispatch (node_modules/jsdom/lib/jsdom/living/events/EventTarget-impl.js:233:9)
      at HTMLUnknownElementImpl.dispatchEvent (node_modules/jsdom/lib/jsdom/living/events/EventTarget-impl.js:104:17)
      at HTMLUnknownElement.dispatchEvent (node_modules/jsdom/lib/jsdom/living/generated/EventTarget.js:241:34)
      at Object.invokeGuardedCallbackDev (node_modules/react-dom/cjs/react-dom.development.js:4213:16)
      at invokeGuardedCallback (node_modules/react-dom/cjs/react-dom.development.js:4277:31)
      at reportUncaughtErrorInDEV (node_modules/react-dom/cjs/react-dom.development.js:22877:5)
      at captureCommitPhaseError (node_modules/react-dom/cjs/react-dom.development.js:27165:5)
      at commitPassiveMountEffects_complete (node_modules/react-dom/cjs/react-dom.development.js:24932:9)
      at commitPassiveMountEffects_begin (node_modules/react-dom/cjs/react-dom.development.js:24917:7)
      at commitPassiveMountEffects (node_modules/react-dom/cjs/react-dom.development.js:24905:3)
      at flushPassiveEffectsImpl (node_modules/react-dom/cjs/react-dom.development.js:27078:3)
      at flushPassiveEffects (node_modules/react-dom/cjs/react-dom.development.js:27023:14)
      at node_modules/react-dom/cjs/react-dom.development.js:26808:9
      at flushActQueue (node_modules/react/cjs/react.development.js:2667:24)
      at act (node_modules/react/cjs/react.development.js:2582:11)
      at node_modules/@testing-library/react/dist/act-compat.js:46:25
      at renderRoot (node_modules/@testing-library/react/dist/pure.js:189:26)
      at render (node_modules/@testing-library/react/dist/pure.js:291:10)
      at Object.<anonymous> (src/renderer/components/MainPane/tabs/PhotoDetailPane.test.tsx:116:11)

    console.error
      The above error occurred in the <PhotoDetailPane> component:
      
          at PhotoDetailPane (/Users/johnneed/Projects/gmc-shelters/src/renderer/components/MainPane/tabs/PhotoDetailPane.tsx:39:3)
      
      Consider adding an error boundary to your tree to customize error handling behavior.
      Visit https://reactjs.org/link/error-boundaries to learn more about error boundaries.

      114 |   it('calls onMove when the move button is clicked', () => {
      115 |     const onMove = jest.fn();
    > 116 |     render(<PhotoDetailPane {...makeProps({ onMove })} />);
          |           ^
      117 |     fireEvent.click(screen.getByTitle('Move to shelter'));
      118 |     expect(onMove).toHaveBeenCalledTimes(1);
      119 |   });

      at logCapturedError (node_modules/react-dom/cjs/react-dom.development.js:18704:23)
      at update.callback (node_modules/react-dom/cjs/react-dom.development.js:18737:5)
      at callCallback (node_modules/react-dom/cjs/react-dom.development.js:15036:12)
      at commitUpdateQueue (node_modules/react-dom/cjs/react-dom.development.js:15057:9)
      at commitLayoutEffectOnFiber (node_modules/react-dom/cjs/react-dom.development.js:23430:13)
      at commitLayoutMountEffects_complete (node_modules/react-dom/cjs/react-dom.development.js:24727:9)
      at commitLayoutEffects_begin (node_modules/react-dom/cjs/react-dom.development.js:24713:7)
      at commitLayoutEffects (node_modules/react-dom/cjs/react-dom.development.js:24651:3)
      at commitRootImpl (node_modules/react-dom/cjs/react-dom.development.js:26862:5)
      at commitRoot (node_modules/react-dom/cjs/react-dom.development.js:26721:5)
      at performSyncWorkOnRoot (node_modules/react-dom/cjs/react-dom.development.js:26156:3)
      at flushSyncCallbacks (node_modules/react-dom/cjs/react-dom.development.js:12042:22)
      at flushPassiveEffectsImpl (node_modules/react-dom/cjs/react-dom.development.js:27099:3)
      at flushPassiveEffects (node_modules/react-dom/cjs/react-dom.development.js:27023:14)
      at node_modules/react-dom/cjs/react-dom.development.js:26808:9
      at flushActQueue (node_modules/react/cjs/react.development.js:2667:24)
      at act (node_modules/react/cjs/react.development.js:2582:11)
      at node_modules/@testing-library/react/dist/act-compat.js:46:25
      at renderRoot (node_modules/@testing-library/react/dist/pure.js:189:26)
      at render (node_modules/@testing-library/react/dist/pure.js:291:10)
      at Object.<anonymous> (src/renderer/components/MainPane/tabs/PhotoDetailPane.test.tsx:116:11)

    console.error
      Error: Uncaught [TypeError: fieldsRef.current?.scrollTo is not a function]
          at reportException (/Users/johnneed/Projects/gmc-shelters/node_modules/jsdom/lib/jsdom/living/helpers/runtime-script-errors.js:66:24)
          at innerInvokeEventListeners (/Users/johnneed/Projects/gmc-shelters/node_modules/jsdom/lib/jsdom/living/events/EventTarget-impl.js:353:9)
          at invokeEventListeners (/Users/johnneed/Projects/gmc-shelters/node_modules/jsdom/lib/jsdom/living/events/EventTarget-impl.js:286:3)
          at HTMLUnknownElementImpl._dispatch (/Users/johnneed/Projects/gmc-shelters/node_modules/jsdom/lib/jsdom/living/events/EventTarget-impl.js:233:9)
          at HTMLUnknownElementImpl.dispatchEvent (/Users/johnneed/Projects/gmc-shelters/node_modules/jsdom/lib/jsdom/living/events/EventTarget-impl.js:104:17)
          at HTMLUnknownElement.dispatchEvent (/Users/johnneed/Projects/gmc-shelters/node_modules/jsdom/lib/jsdom/living/generated/EventTarget.js:241:34)
          at Object.invokeGuardedCallbackDev (/Users/johnneed/Projects/gmc-shelters/node_modules/react-dom/cjs/react-dom.development.js:4213:16)
          at invokeGuardedCallback (/Users/johnneed/Projects/gmc-shelters/node_modules/react-dom/cjs/react-dom.development.js:4277:31)
          at reportUncaughtErrorInDEV (/Users/johnneed/Projects/gmc-shelters/node_modules/react-dom/cjs/react-dom.development.js:22877:5)
          at captureCommitPhaseError (/Users/johnneed/Projects/gmc-shelters/node_modules/react-dom/cjs/react-dom.development.js:27165:5)
          at commitPassiveMountEffects_complete (/Users/johnneed/Projects/gmc-shelters/node_modules/react-dom/cjs/react-dom.development.js:24932:9)
          at commitPassiveMountEffects_begin (/Users/johnneed/Projects/gmc-shelters/node_modules/react-dom/cjs/react-dom.development.js:24917:7)
          at commitPassiveMountEffects (/Users/johnneed/Projects/gmc-shelters/node_modules/react-dom/cjs/react-dom.development.js:24905:3)
          at flushPassiveEffectsImpl (/Users/johnneed/Projects/gmc-shelters/node_modules/react-dom/cjs/react-dom.development.js:27078:3)
          at flushPassiveEffects (/Users/johnneed/Projects/gmc-shelters/node_modules/react-dom/cjs/react-dom.development.js:27023:14)
          at /Users/johnneed/Projects/gmc-shelters/node_modules/react-dom/cjs/react-dom.development.js:26808:9
          at flushActQueue (/Users/johnneed/Projects/gmc-shelters/node_modules/react/cjs/react.development.js:2667:24)
          at act (/Users/johnneed/Projects/gmc-shelters/node_modules/react/cjs/react.development.js:2582:11)
          at /Users/johnneed/Projects/gmc-shelters/node_modules/@testing-library/react/dist/act-compat.js:46:25
          at renderRoot (/Users/johnneed/Projects/gmc-shelters/node_modules/@testing-library/react/dist/pure.js:189:26)
          at render (/Users/johnneed/Projects/gmc-shelters/node_modules/@testing-library/react/dist/pure.js:291:10)
          at Object.<anonymous> (/Users/johnneed/Projects/gmc-shelters/src/renderer/components/MainPane/tabs/PhotoDetailPane.test.tsx:122:11)
          at Promise.then.completed (/Users/johnneed/Projects/gmc-shelters/node_modules/jest-circus/build/utils.js:298:28)
          at new Promise (<anonymous>)
          at callAsyncCircusFn (/Users/johnneed/Projects/gmc-shelters/node_modules/jest-circus/build/utils.js:231:10)
          at _callCircusTest (/Users/johnneed/Projects/gmc-shelters/node_modules/jest-circus/build/run.js:316:40)
          at processTicksAndRejections (node:internal/process/task_queues:105:5)
          at _runTest (/Users/johnneed/Projects/gmc-shelters/node_modules/jest-circus/build/run.js:252:3)
          at _runTestsForDescribeBlock (/Users/johnneed/Projects/gmc-shelters/node_modules/jest-circus/build/run.js:126:9)
          at _runTestsForDescribeBlock (/Users/johnneed/Projects/gmc-shelters/node_modules/jest-circus/build/run.js:121:9)
          at run (/Users/johnneed/Projects/gmc-shelters/node_modules/jest-circus/build/run.js:71:3)
          at runAndTransformResultsToJestFormat (/Users/johnneed/Projects/gmc-shelters/node_modules/jest-circus/build/legacy-code-todo-rewrite/jestAdapterInit.js:122:21)
          at jestAdapter (/Users/johnneed/Projects/gmc-shelters/node_modules/jest-circus/build/legacy-code-todo-rewrite/jestAdapter.js:79:19)
          at runTestInternal (/Users/johnneed/Projects/gmc-shelters/node_modules/jest-runner/build/runTest.js:367:16)
          at runTest (/Users/johnneed/Projects/gmc-shelters/node_modules/jest-runner/build/runTest.js:444:34)
          at Object.worker (/Users/johnneed/Projects/gmc-shelters/node_modules/jest-runner/build/testWorker.js:106:12) {
        detail: TypeError: fieldsRef.current?.scrollTo is not a function
            at /Users/johnneed/Projects/gmc-shelters/src/renderer/components/MainPane/tabs/PhotoDetailPane.tsx:49:24
            at commitHookEffectListMount (/Users/johnneed/Projects/gmc-shelters/node_modules/react-dom/cjs/react-dom.development.js:23189:26)
            at commitPassiveMountOnFiber (/Users/johnneed/Projects/gmc-shelters/node_modules/react-dom/cjs/react-dom.development.js:24970:11)
            at commitPassiveMountEffects_complete (/Users/johnneed/Projects/gmc-shelters/node_modules/react-dom/cjs/react-dom.development.js:24930:9)
            at commitPassiveMountEffects_begin (/Users/johnneed/Projects/gmc-shelters/node_modules/react-dom/cjs/react-dom.development.js:24917:7)
            at commitPassiveMountEffects (/Users/johnneed/Projects/gmc-shelters/node_modules/react-dom/cjs/react-dom.development.js:24905:3)
            at flushPassiveEffectsImpl (/Users/johnneed/Projects/gmc-shelters/node_modules/react-dom/cjs/react-dom.development.js:27078:3)
            at flushPassiveEffects (/Users/johnneed/Projects/gmc-shelters/node_modules/react-dom/cjs/react-dom.development.js:27023:14)
            at /Users/johnneed/Projects/gmc-shelters/node_modules/react-dom/cjs/react-dom.development.js:26808:9
            at flushActQueue (/Users/johnneed/Projects/gmc-shelters/node_modules/react/cjs/react.development.js:2667:24)
            at act (/Users/johnneed/Projects/gmc-shelters/node_modules/react/cjs/react.development.js:2582:11)
            at /Users/johnneed/Projects/gmc-shelters/node_modules/@testing-library/react/dist/act-compat.js:46:25
            at renderRoot (/Users/johnneed/Projects/gmc-shelters/node_modules/@testing-library/react/dist/pure.js:189:26)
            at render (/Users/johnneed/Projects/gmc-shelters/node_modules/@testing-library/react/dist/pure.js:291:10)
            at Object.<anonymous> (/Users/johnneed/Projects/gmc-shelters/src/renderer/components/MainPane/tabs/PhotoDetailPane.test.tsx:122:11)
            at Promise.then.completed (/Users/johnneed/Projects/gmc-shelters/node_modules/jest-circus/build/utils.js:298:28)
            at new Promise (<anonymous>)
            at callAsyncCircusFn (/Users/johnneed/Projects/gmc-shelters/node_modules/jest-circus/build/utils.js:231:10)
            at _callCircusTest (/Users/johnneed/Projects/gmc-shelters/node_modules/jest-circus/build/run.js:316:40)
            at processTicksAndRejections (node:internal/process/task_queues:105:5)
            at _runTest (/Users/johnneed/Projects/gmc-shelters/node_modules/jest-circus/build/run.js:252:3)
            at _runTestsForDescribeBlock (/Users/johnneed/Projects/gmc-shelters/node_modules/jest-circus/build/run.js:126:9)
            at _runTestsForDescribeBlock (/Users/johnneed/Projects/gmc-shelters/node_modules/jest-circus/build/run.js:121:9)
            at run (/Users/johnneed/Projects/gmc-shelters/node_modules/jest-circus/build/run.js:71:3)
            at runAndTransformResultsToJestFormat (/Users/johnneed/Projects/gmc-shelters/node_modules/jest-circus/build/legacy-code-todo-rewrite/jestAdapterInit.js:122:21)
            at jestAdapter (/Users/johnneed/Projects/gmc-shelters/node_modules/jest-circus/build/legacy-code-todo-rewrite/jestAdapter.js:79:19)
            at runTestInternal (/Users/johnneed/Projects/gmc-shelters/node_modules/jest-runner/build/runTest.js:367:16)
            at runTest (/Users/johnneed/Projects/gmc-shelters/node_modules/jest-runner/build/runTest.js:444:34)
            at Object.worker (/Users/johnneed/Projects/gmc-shelters/node_modules/jest-runner/build/testWorker.js:106:12),
        type: 'unhandled exception'
      }

      120 |
      121 |   it('disables the move button when canMove is false', () => {
    > 122 |     render(<PhotoDetailPane {...makeProps({ canMove: false })} />);
          |           ^
      123 |     expect(screen.getByTitle('Move to shelter')).toBeDisabled();
      124 |   });
      125 |

      at VirtualConsole.<anonymous> (node_modules/jest-environment-jsdom/build/index.js:63:23)
      at reportException (node_modules/jsdom/lib/jsdom/living/helpers/runtime-script-errors.js:70:28)
      at innerInvokeEventListeners (node_modules/jsdom/lib/jsdom/living/events/EventTarget-impl.js:353:9)
      at invokeEventListeners (node_modules/jsdom/lib/jsdom/living/events/EventTarget-impl.js:286:3)
      at HTMLUnknownElementImpl._dispatch (node_modules/jsdom/lib/jsdom/living/events/EventTarget-impl.js:233:9)
      at HTMLUnknownElementImpl.dispatchEvent (node_modules/jsdom/lib/jsdom/living/events/EventTarget-impl.js:104:17)
      at HTMLUnknownElement.dispatchEvent (node_modules/jsdom/lib/jsdom/living/generated/EventTarget.js:241:34)
      at Object.invokeGuardedCallbackDev (node_modules/react-dom/cjs/react-dom.development.js:4213:16)
      at invokeGuardedCallback (node_modules/react-dom/cjs/react-dom.development.js:4277:31)
      at reportUncaughtErrorInDEV (node_modules/react-dom/cjs/react-dom.development.js:22877:5)
      at captureCommitPhaseError (node_modules/react-dom/cjs/react-dom.development.js:27165:5)
      at commitPassiveMountEffects_complete (node_modules/react-dom/cjs/react-dom.development.js:24932:9)
      at commitPassiveMountEffects_begin (node_modules/react-dom/cjs/react-dom.development.js:24917:7)
      at commitPassiveMountEffects (node_modules/react-dom/cjs/react-dom.development.js:24905:3)
      at flushPassiveEffectsImpl (node_modules/react-dom/cjs/react-dom.development.js:27078:3)
      at flushPassiveEffects (node_modules/react-dom/cjs/react-dom.development.js:27023:14)
      at node_modules/react-dom/cjs/react-dom.development.js:26808:9
      at flushActQueue (node_modules/react/cjs/react.development.js:2667:24)
      at act (node_modules/react/cjs/react.development.js:2582:11)
      at node_modules/@testing-library/react/dist/act-compat.js:46:25
      at renderRoot (node_modules/@testing-library/react/dist/pure.js:189:26)
      at render (node_modules/@testing-library/react/dist/pure.js:291:10)
      at Object.<anonymous> (src/renderer/components/MainPane/tabs/PhotoDetailPane.test.tsx:122:11)

    console.error
      The above error occurred in the <PhotoDetailPane> component:
      
          at PhotoDetailPane (/Users/johnneed/Projects/gmc-shelters/src/renderer/components/MainPane/tabs/PhotoDetailPane.tsx:39:3)
      
      Consider adding an error boundary to your tree to customize error handling behavior.
      Visit https://reactjs.org/link/error-boundaries to learn more about error boundaries.

      120 |
      121 |   it('disables the move button when canMove is false', () => {
    > 122 |     render(<PhotoDetailPane {...makeProps({ canMove: false })} />);
          |           ^
      123 |     expect(screen.getByTitle('Move to shelter')).toBeDisabled();
      124 |   });
      125 |

      at logCapturedError (node_modules/react-dom/cjs/react-dom.development.js:18704:23)
      at update.callback (node_modules/react-dom/cjs/react-dom.development.js:18737:5)
      at callCallback (node_modules/react-dom/cjs/react-dom.development.js:15036:12)
      at commitUpdateQueue (node_modules/react-dom/cjs/react-dom.development.js:15057:9)
      at commitLayoutEffectOnFiber (node_modules/react-dom/cjs/react-dom.development.js:23430:13)
      at commitLayoutMountEffects_complete (node_modules/react-dom/cjs/react-dom.development.js:24727:9)
      at commitLayoutEffects_begin (node_modules/react-dom/cjs/react-dom.development.js:24713:7)
      at commitLayoutEffects (node_modules/react-dom/cjs/react-dom.development.js:24651:3)
      at commitRootImpl (node_modules/react-dom/cjs/react-dom.development.js:26862:5)
      at commitRoot (node_modules/react-dom/cjs/react-dom.development.js:26721:5)
      at performSyncWorkOnRoot (node_modules/react-dom/cjs/react-dom.development.js:26156:3)
      at flushSyncCallbacks (node_modules/react-dom/cjs/react-dom.development.js:12042:22)
      at flushPassiveEffectsImpl (node_modules/react-dom/cjs/react-dom.development.js:27099:3)
      at flushPassiveEffects (node_modules/react-dom/cjs/react-dom.development.js:27023:14)
      at node_modules/react-dom/cjs/react-dom.development.js:26808:9
      at flushActQueue (node_modules/react/cjs/react.development.js:2667:24)
      at act (node_modules/react/cjs/react.development.js:2582:11)
      at node_modules/@testing-library/react/dist/act-compat.js:46:25
      at renderRoot (node_modules/@testing-library/react/dist/pure.js:189:26)
      at render (node_modules/@testing-library/react/dist/pure.js:291:10)
      at Object.<anonymous> (src/renderer/components/MainPane/tabs/PhotoDetailPane.test.tsx:122:11)

    console.error
      Error: Uncaught [TypeError: fieldsRef.current?.scrollTo is not a function]
          at reportException (/Users/johnneed/Projects/gmc-shelters/node_modules/jsdom/lib/jsdom/living/helpers/runtime-script-errors.js:66:24)
          at innerInvokeEventListeners (/Users/johnneed/Projects/gmc-shelters/node_modules/jsdom/lib/jsdom/living/events/EventTarget-impl.js:353:9)
          at invokeEventListeners (/Users/johnneed/Projects/gmc-shelters/node_modules/jsdom/lib/jsdom/living/events/EventTarget-impl.js:286:3)
          at HTMLUnknownElementImpl._dispatch (/Users/johnneed/Projects/gmc-shelters/node_modules/jsdom/lib/jsdom/living/events/EventTarget-impl.js:233:9)
          at HTMLUnknownElementImpl.dispatchEvent (/Users/johnneed/Projects/gmc-shelters/node_modules/jsdom/lib/jsdom/living/events/EventTarget-impl.js:104:17)
          at HTMLUnknownElement.dispatchEvent (/Users/johnneed/Projects/gmc-shelters/node_modules/jsdom/lib/jsdom/living/generated/EventTarget.js:241:34)
          at Object.invokeGuardedCallbackDev (/Users/johnneed/Projects/gmc-shelters/node_modules/react-dom/cjs/react-dom.development.js:4213:16)
          at invokeGuardedCallback (/Users/johnneed/Projects/gmc-shelters/node_modules/react-dom/cjs/react-dom.development.js:4277:31)
          at reportUncaughtErrorInDEV (/Users/johnneed/Projects/gmc-shelters/node_modules/react-dom/cjs/react-dom.development.js:22877:5)
          at captureCommitPhaseError (/Users/johnneed/Projects/gmc-shelters/node_modules/react-dom/cjs/react-dom.development.js:27165:5)
          at commitPassiveMountEffects_complete (/Users/johnneed/Projects/gmc-shelters/node_modules/react-dom/cjs/react-dom.development.js:24932:9)
          at commitPassiveMountEffects_begin (/Users/johnneed/Projects/gmc-shelters/node_modules/react-dom/cjs/react-dom.development.js:24917:7)
          at commitPassiveMountEffects (/Users/johnneed/Projects/gmc-shelters/node_modules/react-dom/cjs/react-dom.development.js:24905:3)
          at flushPassiveEffectsImpl (/Users/johnneed/Projects/gmc-shelters/node_modules/react-dom/cjs/react-dom.development.js:27078:3)
          at flushPassiveEffects (/Users/johnneed/Projects/gmc-shelters/node_modules/react-dom/cjs/react-dom.development.js:27023:14)
          at /Users/johnneed/Projects/gmc-shelters/node_modules/react-dom/cjs/react-dom.development.js:26808:9
          at flushActQueue (/Users/johnneed/Projects/gmc-shelters/node_modules/react/cjs/react.development.js:2667:24)
          at act (/Users/johnneed/Projects/gmc-shelters/node_modules/react/cjs/react.development.js:2582:11)
          at /Users/johnneed/Projects/gmc-shelters/node_modules/@testing-library/react/dist/act-compat.js:46:25
          at renderRoot (/Users/johnneed/Projects/gmc-shelters/node_modules/@testing-library/react/dist/pure.js:189:26)
          at render (/Users/johnneed/Projects/gmc-shelters/node_modules/@testing-library/react/dist/pure.js:291:10)
          at Object.<anonymous> (/Users/johnneed/Projects/gmc-shelters/src/renderer/components/MainPane/tabs/PhotoDetailPane.test.tsx:127:11)
          at Promise.then.completed (/Users/johnneed/Projects/gmc-shelters/node_modules/jest-circus/build/utils.js:298:28)
          at new Promise (<anonymous>)
          at callAsyncCircusFn (/Users/johnneed/Projects/gmc-shelters/node_modules/jest-circus/build/utils.js:231:10)
          at _callCircusTest (/Users/johnneed/Projects/gmc-shelters/node_modules/jest-circus/build/run.js:316:40)
          at processTicksAndRejections (node:internal/process/task_queues:105:5)
          at _runTest (/Users/johnneed/Projects/gmc-shelters/node_modules/jest-circus/build/run.js:252:3)
          at _runTestsForDescribeBlock (/Users/johnneed/Projects/gmc-shelters/node_modules/jest-circus/build/run.js:126:9)
          at _runTestsForDescribeBlock (/Users/johnneed/Projects/gmc-shelters/node_modules/jest-circus/build/run.js:121:9)
          at run (/Users/johnneed/Projects/gmc-shelters/node_modules/jest-circus/build/run.js:71:3)
          at runAndTransformResultsToJestFormat (/Users/johnneed/Projects/gmc-shelters/node_modules/jest-circus/build/legacy-code-todo-rewrite/jestAdapterInit.js:122:21)
          at jestAdapter (/Users/johnneed/Projects/gmc-shelters/node_modules/jest-circus/build/legacy-code-todo-rewrite/jestAdapter.js:79:19)
          at runTestInternal (/Users/johnneed/Projects/gmc-shelters/node_modules/jest-runner/build/runTest.js:367:16)
          at runTest (/Users/johnneed/Projects/gmc-shelters/node_modules/jest-runner/build/runTest.js:444:34)
          at Object.worker (/Users/johnneed/Projects/gmc-shelters/node_modules/jest-runner/build/testWorker.js:106:12) {
        detail: TypeError: fieldsRef.current?.scrollTo is not a function
            at /Users/johnneed/Projects/gmc-shelters/src/renderer/components/MainPane/tabs/PhotoDetailPane.tsx:49:24
            at commitHookEffectListMount (/Users/johnneed/Projects/gmc-shelters/node_modules/react-dom/cjs/react-dom.development.js:23189:26)
            at commitPassiveMountOnFiber (/Users/johnneed/Projects/gmc-shelters/node_modules/react-dom/cjs/react-dom.development.js:24970:11)
            at commitPassiveMountEffects_complete (/Users/johnneed/Projects/gmc-shelters/node_modules/react-dom/cjs/react-dom.development.js:24930:9)
            at commitPassiveMountEffects_begin (/Users/johnneed/Projects/gmc-shelters/node_modules/react-dom/cjs/react-dom.development.js:24917:7)
            at commitPassiveMountEffects (/Users/johnneed/Projects/gmc-shelters/node_modules/react-dom/cjs/react-dom.development.js:24905:3)
            at flushPassiveEffectsImpl (/Users/johnneed/Projects/gmc-shelters/node_modules/react-dom/cjs/react-dom.development.js:27078:3)
            at flushPassiveEffects (/Users/johnneed/Projects/gmc-shelters/node_modules/react-dom/cjs/react-dom.development.js:27023:14)
            at /Users/johnneed/Projects/gmc-shelters/node_modules/react-dom/cjs/react-dom.development.js:26808:9
            at flushActQueue (/Users/johnneed/Projects/gmc-shelters/node_modules/react/cjs/react.development.js:2667:24)
            at act (/Users/johnneed/Projects/gmc-shelters/node_modules/react/cjs/react.development.js:2582:11)
            at /Users/johnneed/Projects/gmc-shelters/node_modules/@testing-library/react/dist/act-compat.js:46:25
            at renderRoot (/Users/johnneed/Projects/gmc-shelters/node_modules/@testing-library/react/dist/pure.js:189:26)
            at render (/Users/johnneed/Projects/gmc-shelters/node_modules/@testing-library/react/dist/pure.js:291:10)
            at Object.<anonymous> (/Users/johnneed/Projects/gmc-shelters/src/renderer/components/MainPane/tabs/PhotoDetailPane.test.tsx:127:11)
            at Promise.then.completed (/Users/johnneed/Projects/gmc-shelters/node_modules/jest-circus/build/utils.js:298:28)
            at new Promise (<anonymous>)
            at callAsyncCircusFn (/Users/johnneed/Projects/gmc-shelters/node_modules/jest-circus/build/utils.js:231:10)
            at _callCircusTest (/Users/johnneed/Projects/gmc-shelters/node_modules/jest-circus/build/run.js:316:40)
            at processTicksAndRejections (node:internal/process/task_queues:105:5)
            at _runTest (/Users/johnneed/Projects/gmc-shelters/node_modules/jest-circus/build/run.js:252:3)
            at _runTestsForDescribeBlock (/Users/johnneed/Projects/gmc-shelters/node_modules/jest-circus/build/run.js:126:9)
            at _runTestsForDescribeBlock (/Users/johnneed/Projects/gmc-shelters/node_modules/jest-circus/build/run.js:121:9)
            at run (/Users/johnneed/Projects/gmc-shelters/node_modules/jest-circus/build/run.js:71:3)
            at runAndTransformResultsToJestFormat (/Users/johnneed/Projects/gmc-shelters/node_modules/jest-circus/build/legacy-code-todo-rewrite/jestAdapterInit.js:122:21)
            at jestAdapter (/Users/johnneed/Projects/gmc-shelters/node_modules/jest-circus/build/legacy-code-todo-rewrite/jestAdapter.js:79:19)
            at runTestInternal (/Users/johnneed/Projects/gmc-shelters/node_modules/jest-runner/build/runTest.js:367:16)
            at runTest (/Users/johnneed/Projects/gmc-shelters/node_modules/jest-runner/build/runTest.js:444:34)
            at Object.worker (/Users/johnneed/Projects/gmc-shelters/node_modules/jest-runner/build/testWorker.js:106:12),
        type: 'unhandled exception'
      }

      125 |
      126 |   it('enables the move button when canMove is true', () => {
    > 127 |     render(<PhotoDetailPane {...makeProps({ canMove: true })} />);
          |           ^
      128 |     expect(screen.getByTitle('Move to shelter')).not.toBeDisabled();
      129 |   });
      130 |

      at VirtualConsole.<anonymous> (node_modules/jest-environment-jsdom/build/index.js:63:23)
      at reportException (node_modules/jsdom/lib/jsdom/living/helpers/runtime-script-errors.js:70:28)
      at innerInvokeEventListeners (node_modules/jsdom/lib/jsdom/living/events/EventTarget-impl.js:353:9)
      at invokeEventListeners (node_modules/jsdom/lib/jsdom/living/events/EventTarget-impl.js:286:3)
      at HTMLUnknownElementImpl._dispatch (node_modules/jsdom/lib/jsdom/living/events/EventTarget-impl.js:233:9)
      at HTMLUnknownElementImpl.dispatchEvent (node_modules/jsdom/lib/jsdom/living/events/EventTarget-impl.js:104:17)
      at HTMLUnknownElement.dispatchEvent (node_modules/jsdom/lib/jsdom/living/generated/EventTarget.js:241:34)
      at Object.invokeGuardedCallbackDev (node_modules/react-dom/cjs/react-dom.development.js:4213:16)
      at invokeGuardedCallback (node_modules/react-dom/cjs/react-dom.development.js:4277:31)
      at reportUncaughtErrorInDEV (node_modules/react-dom/cjs/react-dom.development.js:22877:5)
      at captureCommitPhaseError (node_modules/react-dom/cjs/react-dom.development.js:27165:5)
      at commitPassiveMountEffects_complete (node_modules/react-dom/cjs/react-dom.development.js:24932:9)
      at commitPassiveMountEffects_begin (node_modules/react-dom/cjs/react-dom.development.js:24917:7)
      at commitPassiveMountEffects (node_modules/react-dom/cjs/react-dom.development.js:24905:3)
      at flushPassiveEffectsImpl (node_modules/react-dom/cjs/react-dom.development.js:27078:3)
      at flushPassiveEffects (node_modules/react-dom/cjs/react-dom.development.js:27023:14)
      at node_modules/react-dom/cjs/react-dom.development.js:26808:9
      at flushActQueue (node_modules/react/cjs/react.development.js:2667:24)
      at act (node_modules/react/cjs/react.development.js:2582:11)
      at node_modules/@testing-library/react/dist/act-compat.js:46:25
      at renderRoot (node_modules/@testing-library/react/dist/pure.js:189:26)
      at render (node_modules/@testing-library/react/dist/pure.js:291:10)
      at Object.<anonymous> (src/renderer/components/MainPane/tabs/PhotoDetailPane.test.tsx:127:11)

    console.error
      The above error occurred in the <PhotoDetailPane> component:
      
          at PhotoDetailPane (/Users/johnneed/Projects/gmc-shelters/src/renderer/components/MainPane/tabs/PhotoDetailPane.tsx:39:3)
      
      Consider adding an error boundary to your tree to customize error handling behavior.
      Visit https://reactjs.org/link/error-boundaries to learn more about error boundaries.

      125 |
      126 |   it('enables the move button when canMove is true', () => {
    > 127 |     render(<PhotoDetailPane {...makeProps({ canMove: true })} />);
          |           ^
      128 |     expect(screen.getByTitle('Move to shelter')).not.toBeDisabled();
      129 |   });
      130 |

      at logCapturedError (node_modules/react-dom/cjs/react-dom.development.js:18704:23)
      at update.callback (node_modules/react-dom/cjs/react-dom.development.js:18737:5)
      at callCallback (node_modules/react-dom/cjs/react-dom.development.js:15036:12)
      at commitUpdateQueue (node_modules/react-dom/cjs/react-dom.development.js:15057:9)
      at commitLayoutEffectOnFiber (node_modules/react-dom/cjs/react-dom.development.js:23430:13)
      at commitLayoutMountEffects_complete (node_modules/react-dom/cjs/react-dom.development.js:24727:9)
      at commitLayoutEffects_begin (node_modules/react-dom/cjs/react-dom.development.js:24713:7)
      at commitLayoutEffects (node_modules/react-dom/cjs/react-dom.development.js:24651:3)
      at commitRootImpl (node_modules/react-dom/cjs/react-dom.development.js:26862:5)
      at commitRoot (node_modules/react-dom/cjs/react-dom.development.js:26721:5)
      at performSyncWorkOnRoot (node_modules/react-dom/cjs/react-dom.development.js:26156:3)
      at flushSyncCallbacks (node_modules/react-dom/cjs/react-dom.development.js:12042:22)
      at flushPassiveEffectsImpl (node_modules/react-dom/cjs/react-dom.development.js:27099:3)
      at flushPassiveEffects (node_modules/react-dom/cjs/react-dom.development.js:27023:14)
      at node_modules/react-dom/cjs/react-dom.development.js:26808:9
      at flushActQueue (node_modules/react/cjs/react.development.js:2667:24)
      at act (node_modules/react/cjs/react.development.js:2582:11)
      at node_modules/@testing-library/react/dist/act-compat.js:46:25
      at renderRoot (node_modules/@testing-library/react/dist/pure.js:189:26)
      at render (node_modules/@testing-library/react/dist/pure.js:291:10)
      at Object.<anonymous> (src/renderer/components/MainPane/tabs/PhotoDetailPane.test.tsx:127:11)

    console.error
      Error: Uncaught [TypeError: fieldsRef.current?.scrollTo is not a function]
          at reportException (/Users/johnneed/Projects/gmc-shelters/node_modules/jsdom/lib/jsdom/living/helpers/runtime-script-errors.js:66:24)
          at innerInvokeEventListeners (/Users/johnneed/Projects/gmc-shelters/node_modules/jsdom/lib/jsdom/living/events/EventTarget-impl.js:353:9)
          at invokeEventListeners (/Users/johnneed/Projects/gmc-shelters/node_modules/jsdom/lib/jsdom/living/events/EventTarget-impl.js:286:3)
          at HTMLUnknownElementImpl._dispatch (/Users/johnneed/Projects/gmc-shelters/node_modules/jsdom/lib/jsdom/living/events/EventTarget-impl.js:233:9)
          at HTMLUnknownElementImpl.dispatchEvent (/Users/johnneed/Projects/gmc-shelters/node_modules/jsdom/lib/jsdom/living/events/EventTarget-impl.js:104:17)
          at HTMLUnknownElement.dispatchEvent (/Users/johnneed/Projects/gmc-shelters/node_modules/jsdom/lib/jsdom/living/generated/EventTarget.js:241:34)
          at Object.invokeGuardedCallbackDev (/Users/johnneed/Projects/gmc-shelters/node_modules/react-dom/cjs/react-dom.development.js:4213:16)
          at invokeGuardedCallback (/Users/johnneed/Projects/gmc-shelters/node_modules/react-dom/cjs/react-dom.development.js:4277:31)
          at reportUncaughtErrorInDEV (/Users/johnneed/Projects/gmc-shelters/node_modules/react-dom/cjs/react-dom.development.js:22877:5)
          at captureCommitPhaseError (/Users/johnneed/Projects/gmc-shelters/node_modules/react-dom/cjs/react-dom.development.js:27165:5)
          at commitPassiveMountEffects_complete (/Users/johnneed/Projects/gmc-shelters/node_modules/react-dom/cjs/react-dom.development.js:24932:9)
          at commitPassiveMountEffects_begin (/Users/johnneed/Projects/gmc-shelters/node_modules/react-dom/cjs/react-dom.development.js:24917:7)
          at commitPassiveMountEffects (/Users/johnneed/Projects/gmc-shelters/node_modules/react-dom/cjs/react-dom.development.js:24905:3)
          at flushPassiveEffectsImpl (/Users/johnneed/Projects/gmc-shelters/node_modules/react-dom/cjs/react-dom.development.js:27078:3)
          at flushPassiveEffects (/Users/johnneed/Projects/gmc-shelters/node_modules/react-dom/cjs/react-dom.development.js:27023:14)
          at /Users/johnneed/Projects/gmc-shelters/node_modules/react-dom/cjs/react-dom.development.js:26808:9
          at flushActQueue (/Users/johnneed/Projects/gmc-shelters/node_modules/react/cjs/react.development.js:2667:24)
          at act (/Users/johnneed/Projects/gmc-shelters/node_modules/react/cjs/react.development.js:2582:11)
          at /Users/johnneed/Projects/gmc-shelters/node_modules/@testing-library/react/dist/act-compat.js:46:25
          at renderRoot (/Users/johnneed/Projects/gmc-shelters/node_modules/@testing-library/react/dist/pure.js:189:26)
          at render (/Users/johnneed/Projects/gmc-shelters/node_modules/@testing-library/react/dist/pure.js:291:10)
          at Object.<anonymous> (/Users/johnneed/Projects/gmc-shelters/src/renderer/components/MainPane/tabs/PhotoDetailPane.test.tsx:133:11)
          at Promise.then.completed (/Users/johnneed/Projects/gmc-shelters/node_modules/jest-circus/build/utils.js:298:28)
          at new Promise (<anonymous>)
          at callAsyncCircusFn (/Users/johnneed/Projects/gmc-shelters/node_modules/jest-circus/build/utils.js:231:10)
          at _callCircusTest (/Users/johnneed/Projects/gmc-shelters/node_modules/jest-circus/build/run.js:316:40)
          at processTicksAndRejections (node:internal/process/task_queues:105:5)
          at _runTest (/Users/johnneed/Projects/gmc-shelters/node_modules/jest-circus/build/run.js:252:3)
          at _runTestsForDescribeBlock (/Users/johnneed/Projects/gmc-shelters/node_modules/jest-circus/build/run.js:126:9)
          at _runTestsForDescribeBlock (/Users/johnneed/Projects/gmc-shelters/node_modules/jest-circus/build/run.js:121:9)
          at run (/Users/johnneed/Projects/gmc-shelters/node_modules/jest-circus/build/run.js:71:3)
          at runAndTransformResultsToJestFormat (/Users/johnneed/Projects/gmc-shelters/node_modules/jest-circus/build/legacy-code-todo-rewrite/jestAdapterInit.js:122:21)
          at jestAdapter (/Users/johnneed/Projects/gmc-shelters/node_modules/jest-circus/build/legacy-code-todo-rewrite/jestAdapter.js:79:19)
          at runTestInternal (/Users/johnneed/Projects/gmc-shelters/node_modules/jest-runner/build/runTest.js:367:16)
          at runTest (/Users/johnneed/Projects/gmc-shelters/node_modules/jest-runner/build/runTest.js:444:34)
          at Object.worker (/Users/johnneed/Projects/gmc-shelters/node_modules/jest-runner/build/testWorker.js:106:12) {
        detail: TypeError: fieldsRef.current?.scrollTo is not a function
            at /Users/johnneed/Projects/gmc-shelters/src/renderer/components/MainPane/tabs/PhotoDetailPane.tsx:49:24
            at commitHookEffectListMount (/Users/johnneed/Projects/gmc-shelters/node_modules/react-dom/cjs/react-dom.development.js:23189:26)
            at commitPassiveMountOnFiber (/Users/johnneed/Projects/gmc-shelters/node_modules/react-dom/cjs/react-dom.development.js:24970:11)
            at commitPassiveMountEffects_complete (/Users/johnneed/Projects/gmc-shelters/node_modules/react-dom/cjs/react-dom.development.js:24930:9)
            at commitPassiveMountEffects_begin (/Users/johnneed/Projects/gmc-shelters/node_modules/react-dom/cjs/react-dom.development.js:24917:7)
            at commitPassiveMountEffects (/Users/johnneed/Projects/gmc-shelters/node_modules/react-dom/cjs/react-dom.development.js:24905:3)
            at flushPassiveEffectsImpl (/Users/johnneed/Projects/gmc-shelters/node_modules/react-dom/cjs/react-dom.development.js:27078:3)
            at flushPassiveEffects (/Users/johnneed/Projects/gmc-shelters/node_modules/react-dom/cjs/react-dom.development.js:27023:14)
            at /Users/johnneed/Projects/gmc-shelters/node_modules/react-dom/cjs/react-dom.development.js:26808:9
            at flushActQueue (/Users/johnneed/Projects/gmc-shelters/node_modules/react/cjs/react.development.js:2667:24)
            at act (/Users/johnneed/Projects/gmc-shelters/node_modules/react/cjs/react.development.js:2582:11)
            at /Users/johnneed/Projects/gmc-shelters/node_modules/@testing-library/react/dist/act-compat.js:46:25
            at renderRoot (/Users/johnneed/Projects/gmc-shelters/node_modules/@testing-library/react/dist/pure.js:189:26)
            at render (/Users/johnneed/Projects/gmc-shelters/node_modules/@testing-library/react/dist/pure.js:291:10)
            at Object.<anonymous> (/Users/johnneed/Projects/gmc-shelters/src/renderer/components/MainPane/tabs/PhotoDetailPane.test.tsx:133:11)
            at Promise.then.completed (/Users/johnneed/Projects/gmc-shelters/node_modules/jest-circus/build/utils.js:298:28)
            at new Promise (<anonymous>)
            at callAsyncCircusFn (/Users/johnneed/Projects/gmc-shelters/node_modules/jest-circus/build/utils.js:231:10)
            at _callCircusTest (/Users/johnneed/Projects/gmc-shelters/node_modules/jest-circus/build/run.js:316:40)
            at processTicksAndRejections (node:internal/process/task_queues:105:5)
            at _runTest (/Users/johnneed/Projects/gmc-shelters/node_modules/jest-circus/build/run.js:252:3)
            at _runTestsForDescribeBlock (/Users/johnneed/Projects/gmc-shelters/node_modules/jest-circus/build/run.js:126:9)
            at _runTestsForDescribeBlock (/Users/johnneed/Projects/gmc-shelters/node_modules/jest-circus/build/run.js:121:9)
            at run (/Users/johnneed/Projects/gmc-shelters/node_modules/jest-circus/build/run.js:71:3)
            at runAndTransformResultsToJestFormat (/Users/johnneed/Projects/gmc-shelters/node_modules/jest-circus/build/legacy-code-todo-rewrite/jestAdapterInit.js:122:21)
            at jestAdapter (/Users/johnneed/Projects/gmc-shelters/node_modules/jest-circus/build/legacy-code-todo-rewrite/jestAdapter.js:79:19)
            at runTestInternal (/Users/johnneed/Projects/gmc-shelters/node_modules/jest-runner/build/runTest.js:367:16)
            at runTest (/Users/johnneed/Projects/gmc-shelters/node_modules/jest-runner/build/runTest.js:444:34)
            at Object.worker (/Users/johnneed/Projects/gmc-shelters/node_modules/jest-runner/build/testWorker.js:106:12),
        type: 'unhandled exception'
      }

      131 |   it('calls onOpenMetadata when metadata button is clicked', () => {
      132 |     const onOpenMetadata = jest.fn();
    > 133 |     render(<PhotoDetailPane {...makeProps({ onOpenMetadata })} />);
          |           ^
      134 |     fireEvent.click(screen.getByRole('button', { name: /view photo metadata/i }));
      135 |     expect(onOpenMetadata).toHaveBeenCalledTimes(1);
      136 |   });

      at VirtualConsole.<anonymous> (node_modules/jest-environment-jsdom/build/index.js:63:23)
      at reportException (node_modules/jsdom/lib/jsdom/living/helpers/runtime-script-errors.js:70:28)
      at innerInvokeEventListeners (node_modules/jsdom/lib/jsdom/living/events/EventTarget-impl.js:353:9)
      at invokeEventListeners (node_modules/jsdom/lib/jsdom/living/events/EventTarget-impl.js:286:3)
      at HTMLUnknownElementImpl._dispatch (node_modules/jsdom/lib/jsdom/living/events/EventTarget-impl.js:233:9)
      at HTMLUnknownElementImpl.dispatchEvent (node_modules/jsdom/lib/jsdom/living/events/EventTarget-impl.js:104:17)
      at HTMLUnknownElement.dispatchEvent (node_modules/jsdom/lib/jsdom/living/generated/EventTarget.js:241:34)
      at Object.invokeGuardedCallbackDev (node_modules/react-dom/cjs/react-dom.development.js:4213:16)
      at invokeGuardedCallback (node_modules/react-dom/cjs/react-dom.development.js:4277:31)
      at reportUncaughtErrorInDEV (node_modules/react-dom/cjs/react-dom.development.js:22877:5)
      at captureCommitPhaseError (node_modules/react-dom/cjs/react-dom.development.js:27165:5)
      at commitPassiveMountEffects_complete (node_modules/react-dom/cjs/react-dom.development.js:24932:9)
      at commitPassiveMountEffects_begin (node_modules/react-dom/cjs/react-dom.development.js:24917:7)
      at commitPassiveMountEffects (node_modules/react-dom/cjs/react-dom.development.js:24905:3)
      at flushPassiveEffectsImpl (node_modules/react-dom/cjs/react-dom.development.js:27078:3)
      at flushPassiveEffects (node_modules/react-dom/cjs/react-dom.development.js:27023:14)
      at node_modules/react-dom/cjs/react-dom.development.js:26808:9
      at flushActQueue (node_modules/react/cjs/react.development.js:2667:24)
      at act (node_modules/react/cjs/react.development.js:2582:11)
      at node_modules/@testing-library/react/dist/act-compat.js:46:25
      at renderRoot (node_modules/@testing-library/react/dist/pure.js:189:26)
      at render (node_modules/@testing-library/react/dist/pure.js:291:10)
      at Object.<anonymous> (src/renderer/components/MainPane/tabs/PhotoDetailPane.test.tsx:133:11)

    console.error
      The above error occurred in the <PhotoDetailPane> component:
      
          at PhotoDetailPane (/Users/johnneed/Projects/gmc-shelters/src/renderer/components/MainPane/tabs/PhotoDetailPane.tsx:39:3)
      
      Consider adding an error boundary to your tree to customize error handling behavior.
      Visit https://reactjs.org/link/error-boundaries to learn more about error boundaries.

      131 |   it('calls onOpenMetadata when metadata button is clicked', () => {
      132 |     const onOpenMetadata = jest.fn();
    > 133 |     render(<PhotoDetailPane {...makeProps({ onOpenMetadata })} />);
          |           ^
      134 |     fireEvent.click(screen.getByRole('button', { name: /view photo metadata/i }));
      135 |     expect(onOpenMetadata).toHaveBeenCalledTimes(1);
      136 |   });

      at logCapturedError (node_modules/react-dom/cjs/react-dom.development.js:18704:23)
      at update.callback (node_modules/react-dom/cjs/react-dom.development.js:18737:5)
      at callCallback (node_modules/react-dom/cjs/react-dom.development.js:15036:12)
      at commitUpdateQueue (node_modules/react-dom/cjs/react-dom.development.js:15057:9)
      at commitLayoutEffectOnFiber (node_modules/react-dom/cjs/react-dom.development.js:23430:13)
      at commitLayoutMountEffects_complete (node_modules/react-dom/cjs/react-dom.development.js:24727:9)
      at commitLayoutEffects_begin (node_modules/react-dom/cjs/react-dom.development.js:24713:7)
      at commitLayoutEffects (node_modules/react-dom/cjs/react-dom.development.js:24651:3)
      at commitRootImpl (node_modules/react-dom/cjs/react-dom.development.js:26862:5)
      at commitRoot (node_modules/react-dom/cjs/react-dom.development.js:26721:5)
      at performSyncWorkOnRoot (node_modules/react-dom/cjs/react-dom.development.js:26156:3)
      at flushSyncCallbacks (node_modules/react-dom/cjs/react-dom.development.js:12042:22)
      at flushPassiveEffectsImpl (node_modules/react-dom/cjs/react-dom.development.js:27099:3)
      at flushPassiveEffects (node_modules/react-dom/cjs/react-dom.development.js:27023:14)
      at node_modules/react-dom/cjs/react-dom.development.js:26808:9
      at flushActQueue (node_modules/react/cjs/react.development.js:2667:24)
      at act (node_modules/react/cjs/react.development.js:2582:11)
      at node_modules/@testing-library/react/dist/act-compat.js:46:25
      at renderRoot (node_modules/@testing-library/react/dist/pure.js:189:26)
      at render (node_modules/@testing-library/react/dist/pure.js:291:10)
      at Object.<anonymous> (src/renderer/components/MainPane/tabs/PhotoDetailPane.test.tsx:133:11)

    console.error
      Error: Uncaught [TypeError: fieldsRef.current?.scrollTo is not a function]
          at reportException (/Users/johnneed/Projects/gmc-shelters/node_modules/jsdom/lib/jsdom/living/helpers/runtime-script-errors.js:66:24)
          at innerInvokeEventListeners (/Users/johnneed/Projects/gmc-shelters/node_modules/jsdom/lib/jsdom/living/events/EventTarget-impl.js:353:9)
          at invokeEventListeners (/Users/johnneed/Projects/gmc-shelters/node_modules/jsdom/lib/jsdom/living/events/EventTarget-impl.js:286:3)
          at HTMLUnknownElementImpl._dispatch (/Users/johnneed/Projects/gmc-shelters/node_modules/jsdom/lib/jsdom/living/events/EventTarget-impl.js:233:9)
          at HTMLUnknownElementImpl.dispatchEvent (/Users/johnneed/Projects/gmc-shelters/node_modules/jsdom/lib/jsdom/living/events/EventTarget-impl.js:104:17)
          at HTMLUnknownElement.dispatchEvent (/Users/johnneed/Projects/gmc-shelters/node_modules/jsdom/lib/jsdom/living/generated/EventTarget.js:241:34)
          at Object.invokeGuardedCallbackDev (/Users/johnneed/Projects/gmc-shelters/node_modules/react-dom/cjs/react-dom.development.js:4213:16)
          at invokeGuardedCallback (/Users/johnneed/Projects/gmc-shelters/node_modules/react-dom/cjs/react-dom.development.js:4277:31)
          at reportUncaughtErrorInDEV (/Users/johnneed/Projects/gmc-shelters/node_modules/react-dom/cjs/react-dom.development.js:22877:5)
          at captureCommitPhaseError (/Users/johnneed/Projects/gmc-shelters/node_modules/react-dom/cjs/react-dom.development.js:27165:5)
          at commitPassiveMountEffects_complete (/Users/johnneed/Projects/gmc-shelters/node_modules/react-dom/cjs/react-dom.development.js:24932:9)
          at commitPassiveMountEffects_begin (/Users/johnneed/Projects/gmc-shelters/node_modules/react-dom/cjs/react-dom.development.js:24917:7)
          at commitPassiveMountEffects (/Users/johnneed/Projects/gmc-shelters/node_modules/react-dom/cjs/react-dom.development.js:24905:3)
          at flushPassiveEffectsImpl (/Users/johnneed/Projects/gmc-shelters/node_modules/react-dom/cjs/react-dom.development.js:27078:3)
          at flushPassiveEffects (/Users/johnneed/Projects/gmc-shelters/node_modules/react-dom/cjs/react-dom.development.js:27023:14)
          at /Users/johnneed/Projects/gmc-shelters/node_modules/react-dom/cjs/react-dom.development.js:26808:9
          at flushActQueue (/Users/johnneed/Projects/gmc-shelters/node_modules/react/cjs/react.development.js:2667:24)
          at act (/Users/johnneed/Projects/gmc-shelters/node_modules/react/cjs/react.development.js:2582:11)
          at /Users/johnneed/Projects/gmc-shelters/node_modules/@testing-library/react/dist/act-compat.js:46:25
          at renderRoot (/Users/johnneed/Projects/gmc-shelters/node_modules/@testing-library/react/dist/pure.js:189:26)
          at render (/Users/johnneed/Projects/gmc-shelters/node_modules/@testing-library/react/dist/pure.js:291:10)
          at Object.<anonymous> (/Users/johnneed/Projects/gmc-shelters/src/renderer/components/MainPane/tabs/PhotoDetailPane.test.tsx:139:11)
          at Promise.then.completed (/Users/johnneed/Projects/gmc-shelters/node_modules/jest-circus/build/utils.js:298:28)
          at new Promise (<anonymous>)
          at callAsyncCircusFn (/Users/johnneed/Projects/gmc-shelters/node_modules/jest-circus/build/utils.js:231:10)
          at _callCircusTest (/Users/johnneed/Projects/gmc-shelters/node_modules/jest-circus/build/run.js:316:40)
          at processTicksAndRejections (node:internal/process/task_queues:105:5)
          at _runTest (/Users/johnneed/Projects/gmc-shelters/node_modules/jest-circus/build/run.js:252:3)
          at _runTestsForDescribeBlock (/Users/johnneed/Projects/gmc-shelters/node_modules/jest-circus/build/run.js:126:9)
          at _runTestsForDescribeBlock (/Users/johnneed/Projects/gmc-shelters/node_modules/jest-circus/build/run.js:121:9)
          at run (/Users/johnneed/Projects/gmc-shelters/node_modules/jest-circus/build/run.js:71:3)
          at runAndTransformResultsToJestFormat (/Users/johnneed/Projects/gmc-shelters/node_modules/jest-circus/build/legacy-code-todo-rewrite/jestAdapterInit.js:122:21)
          at jestAdapter (/Users/johnneed/Projects/gmc-shelters/node_modules/jest-circus/build/legacy-code-todo-rewrite/jestAdapter.js:79:19)
          at runTestInternal (/Users/johnneed/Projects/gmc-shelters/node_modules/jest-runner/build/runTest.js:367:16)
          at runTest (/Users/johnneed/Projects/gmc-shelters/node_modules/jest-runner/build/runTest.js:444:34)
          at Object.worker (/Users/johnneed/Projects/gmc-shelters/node_modules/jest-runner/build/testWorker.js:106:12) {
        detail: TypeError: fieldsRef.current?.scrollTo is not a function
            at /Users/johnneed/Projects/gmc-shelters/src/renderer/components/MainPane/tabs/PhotoDetailPane.tsx:49:24
            at commitHookEffectListMount (/Users/johnneed/Projects/gmc-shelters/node_modules/react-dom/cjs/react-dom.development.js:23189:26)
            at commitPassiveMountOnFiber (/Users/johnneed/Projects/gmc-shelters/node_modules/react-dom/cjs/react-dom.development.js:24970:11)
            at commitPassiveMountEffects_complete (/Users/johnneed/Projects/gmc-shelters/node_modules/react-dom/cjs/react-dom.development.js:24930:9)
            at commitPassiveMountEffects_begin (/Users/johnneed/Projects/gmc-shelters/node_modules/react-dom/cjs/react-dom.development.js:24917:7)
            at commitPassiveMountEffects (/Users/johnneed/Projects/gmc-shelters/node_modules/react-dom/cjs/react-dom.development.js:24905:3)
            at flushPassiveEffectsImpl (/Users/johnneed/Projects/gmc-shelters/node_modules/react-dom/cjs/react-dom.development.js:27078:3)
            at flushPassiveEffects (/Users/johnneed/Projects/gmc-shelters/node_modules/react-dom/cjs/react-dom.development.js:27023:14)
            at /Users/johnneed/Projects/gmc-shelters/node_modules/react-dom/cjs/react-dom.development.js:26808:9
            at flushActQueue (/Users/johnneed/Projects/gmc-shelters/node_modules/react/cjs/react.development.js:2667:24)
            at act (/Users/johnneed/Projects/gmc-shelters/node_modules/react/cjs/react.development.js:2582:11)
            at /Users/johnneed/Projects/gmc-shelters/node_modules/@testing-library/react/dist/act-compat.js:46:25
            at renderRoot (/Users/johnneed/Projects/gmc-shelters/node_modules/@testing-library/react/dist/pure.js:189:26)
            at render (/Users/johnneed/Projects/gmc-shelters/node_modules/@testing-library/react/dist/pure.js:291:10)
            at Object.<anonymous> (/Users/johnneed/Projects/gmc-shelters/src/renderer/components/MainPane/tabs/PhotoDetailPane.test.tsx:139:11)
            at Promise.then.completed (/Users/johnneed/Projects/gmc-shelters/node_modules/jest-circus/build/utils.js:298:28)
            at new Promise (<anonymous>)
            at callAsyncCircusFn (/Users/johnneed/Projects/gmc-shelters/node_modules/jest-circus/build/utils.js:231:10)
            at _callCircusTest (/Users/johnneed/Projects/gmc-shelters/node_modules/jest-circus/build/run.js:316:40)
            at processTicksAndRejections (node:internal/process/task_queues:105:5)
            at _runTest (/Users/johnneed/Projects/gmc-shelters/node_modules/jest-circus/build/run.js:252:3)
            at _runTestsForDescribeBlock (/Users/johnneed/Projects/gmc-shelters/node_modules/jest-circus/build/run.js:126:9)
            at _runTestsForDescribeBlock (/Users/johnneed/Projects/gmc-shelters/node_modules/jest-circus/build/run.js:121:9)
            at run (/Users/johnneed/Projects/gmc-shelters/node_modules/jest-circus/build/run.js:71:3)
            at runAndTransformResultsToJestFormat (/Users/johnneed/Projects/gmc-shelters/node_modules/jest-circus/build/legacy-code-todo-rewrite/jestAdapterInit.js:122:21)
            at jestAdapter (/Users/johnneed/Projects/gmc-shelters/node_modules/jest-circus/build/legacy-code-todo-rewrite/jestAdapter.js:79:19)
            at runTestInternal (/Users/johnneed/Projects/gmc-shelters/node_modules/jest-runner/build/runTest.js:367:16)
            at runTest (/Users/johnneed/Projects/gmc-shelters/node_modules/jest-runner/build/runTest.js:444:34)
            at Object.worker (/Users/johnneed/Projects/gmc-shelters/node_modules/jest-runner/build/testWorker.js:106:12),
        type: 'unhandled exception'
      }

      137 |
      138 |   it('shows the ★ Default badge when isDefault is true', () => {
    > 139 |     render(<PhotoDetailPane {...makeProps({ isDefault: true })} />);
          |           ^
      140 |     expect(screen.getByText(/★ default/i)).toBeInTheDocument();
      141 |   });
      142 |

      at VirtualConsole.<anonymous> (node_modules/jest-environment-jsdom/build/index.js:63:23)
      at reportException (node_modules/jsdom/lib/jsdom/living/helpers/runtime-script-errors.js:70:28)
      at innerInvokeEventListeners (node_modules/jsdom/lib/jsdom/living/events/EventTarget-impl.js:353:9)
      at invokeEventListeners (node_modules/jsdom/lib/jsdom/living/events/EventTarget-impl.js:286:3)
      at HTMLUnknownElementImpl._dispatch (node_modules/jsdom/lib/jsdom/living/events/EventTarget-impl.js:233:9)
      at HTMLUnknownElementImpl.dispatchEvent (node_modules/jsdom/lib/jsdom/living/events/EventTarget-impl.js:104:17)
      at HTMLUnknownElement.dispatchEvent (node_modules/jsdom/lib/jsdom/living/generated/EventTarget.js:241:34)
      at Object.invokeGuardedCallbackDev (node_modules/react-dom/cjs/react-dom.development.js:4213:16)
      at invokeGuardedCallback (node_modules/react-dom/cjs/react-dom.development.js:4277:31)
      at reportUncaughtErrorInDEV (node_modules/react-dom/cjs/react-dom.development.js:22877:5)
      at captureCommitPhaseError (node_modules/react-dom/cjs/react-dom.development.js:27165:5)
      at commitPassiveMountEffects_complete (node_modules/react-dom/cjs/react-dom.development.js:24932:9)
      at commitPassiveMountEffects_begin (node_modules/react-dom/cjs/react-dom.development.js:24917:7)
      at commitPassiveMountEffects (node_modules/react-dom/cjs/react-dom.development.js:24905:3)
      at flushPassiveEffectsImpl (node_modules/react-dom/cjs/react-dom.development.js:27078:3)
      at flushPassiveEffects (node_modules/react-dom/cjs/react-dom.development.js:27023:14)
      at node_modules/react-dom/cjs/react-dom.development.js:26808:9
      at flushActQueue (node_modules/react/cjs/react.development.js:2667:24)
      at act (node_modules/react/cjs/react.development.js:2582:11)
      at node_modules/@testing-library/react/dist/act-compat.js:46:25
      at renderRoot (node_modules/@testing-library/react/dist/pure.js:189:26)
      at render (node_modules/@testing-library/react/dist/pure.js:291:10)
      at Object.<anonymous> (src/renderer/components/MainPane/tabs/PhotoDetailPane.test.tsx:139:11)

    console.error
      The above error occurred in the <PhotoDetailPane> component:
      
          at PhotoDetailPane (/Users/johnneed/Projects/gmc-shelters/src/renderer/components/MainPane/tabs/PhotoDetailPane.tsx:39:3)
      
      Consider adding an error boundary to your tree to customize error handling behavior.
      Visit https://reactjs.org/link/error-boundaries to learn more about error boundaries.

      137 |
      138 |   it('shows the ★ Default badge when isDefault is true', () => {
    > 139 |     render(<PhotoDetailPane {...makeProps({ isDefault: true })} />);
          |           ^
      140 |     expect(screen.getByText(/★ default/i)).toBeInTheDocument();
      141 |   });
      142 |

      at logCapturedError (node_modules/react-dom/cjs/react-dom.development.js:18704:23)
      at update.callback (node_modules/react-dom/cjs/react-dom.development.js:18737:5)
      at callCallback (node_modules/react-dom/cjs/react-dom.development.js:15036:12)
      at commitUpdateQueue (node_modules/react-dom/cjs/react-dom.development.js:15057:9)
      at commitLayoutEffectOnFiber (node_modules/react-dom/cjs/react-dom.development.js:23430:13)
      at commitLayoutMountEffects_complete (node_modules/react-dom/cjs/react-dom.development.js:24727:9)
      at commitLayoutEffects_begin (node_modules/react-dom/cjs/react-dom.development.js:24713:7)
      at commitLayoutEffects (node_modules/react-dom/cjs/react-dom.development.js:24651:3)
      at commitRootImpl (node_modules/react-dom/cjs/react-dom.development.js:26862:5)
      at commitRoot (node_modules/react-dom/cjs/react-dom.development.js:26721:5)
      at performSyncWorkOnRoot (node_modules/react-dom/cjs/react-dom.development.js:26156:3)
      at flushSyncCallbacks (node_modules/react-dom/cjs/react-dom.development.js:12042:22)
      at flushPassiveEffectsImpl (node_modules/react-dom/cjs/react-dom.development.js:27099:3)
      at flushPassiveEffects (node_modules/react-dom/cjs/react-dom.development.js:27023:14)
      at node_modules/react-dom/cjs/react-dom.development.js:26808:9
      at flushActQueue (node_modules/react/cjs/react.development.js:2667:24)
      at act (node_modules/react/cjs/react.development.js:2582:11)
      at node_modules/@testing-library/react/dist/act-compat.js:46:25
      at renderRoot (node_modules/@testing-library/react/dist/pure.js:189:26)
      at render (node_modules/@testing-library/react/dist/pure.js:291:10)
      at Object.<anonymous> (src/renderer/components/MainPane/tabs/PhotoDetailPane.test.tsx:139:11)

    console.error
      Error: Uncaught [TypeError: fieldsRef.current?.scrollTo is not a function]
          at reportException (/Users/johnneed/Projects/gmc-shelters/node_modules/jsdom/lib/jsdom/living/helpers/runtime-script-errors.js:66:24)
          at innerInvokeEventListeners (/Users/johnneed/Projects/gmc-shelters/node_modules/jsdom/lib/jsdom/living/events/EventTarget-impl.js:353:9)
          at invokeEventListeners (/Users/johnneed/Projects/gmc-shelters/node_modules/jsdom/lib/jsdom/living/events/EventTarget-impl.js:286:3)
          at HTMLUnknownElementImpl._dispatch (/Users/johnneed/Projects/gmc-shelters/node_modules/jsdom/lib/jsdom/living/events/EventTarget-impl.js:233:9)
          at HTMLUnknownElementImpl.dispatchEvent (/Users/johnneed/Projects/gmc-shelters/node_modules/jsdom/lib/jsdom/living/events/EventTarget-impl.js:104:17)
          at HTMLUnknownElement.dispatchEvent (/Users/johnneed/Projects/gmc-shelters/node_modules/jsdom/lib/jsdom/living/generated/EventTarget.js:241:34)
          at Object.invokeGuardedCallbackDev (/Users/johnneed/Projects/gmc-shelters/node_modules/react-dom/cjs/react-dom.development.js:4213:16)
          at invokeGuardedCallback (/Users/johnneed/Projects/gmc-shelters/node_modules/react-dom/cjs/react-dom.development.js:4277:31)
          at reportUncaughtErrorInDEV (/Users/johnneed/Projects/gmc-shelters/node_modules/react-dom/cjs/react-dom.development.js:22877:5)
          at captureCommitPhaseError (/Users/johnneed/Projects/gmc-shelters/node_modules/react-dom/cjs/react-dom.development.js:27165:5)
          at commitPassiveMountEffects_complete (/Users/johnneed/Projects/gmc-shelters/node_modules/react-dom/cjs/react-dom.development.js:24932:9)
          at commitPassiveMountEffects_begin (/Users/johnneed/Projects/gmc-shelters/node_modules/react-dom/cjs/react-dom.development.js:24917:7)
          at commitPassiveMountEffects (/Users/johnneed/Projects/gmc-shelters/node_modules/react-dom/cjs/react-dom.development.js:24905:3)
          at flushPassiveEffectsImpl (/Users/johnneed/Projects/gmc-shelters/node_modules/react-dom/cjs/react-dom.development.js:27078:3)
          at flushPassiveEffects (/Users/johnneed/Projects/gmc-shelters/node_modules/react-dom/cjs/react-dom.development.js:27023:14)
          at /Users/johnneed/Projects/gmc-shelters/node_modules/react-dom/cjs/react-dom.development.js:26808:9
          at flushActQueue (/Users/johnneed/Projects/gmc-shelters/node_modules/react/cjs/react.development.js:2667:24)
          at act (/Users/johnneed/Projects/gmc-shelters/node_modules/react/cjs/react.development.js:2582:11)
          at /Users/johnneed/Projects/gmc-shelters/node_modules/@testing-library/react/dist/act-compat.js:46:25
          at renderRoot (/Users/johnneed/Projects/gmc-shelters/node_modules/@testing-library/react/dist/pure.js:189:26)
          at render (/Users/johnneed/Projects/gmc-shelters/node_modules/@testing-library/react/dist/pure.js:291:10)
          at Object.<anonymous> (/Users/johnneed/Projects/gmc-shelters/src/renderer/components/MainPane/tabs/PhotoDetailPane.test.tsx:144:11)
          at Promise.then.completed (/Users/johnneed/Projects/gmc-shelters/node_modules/jest-circus/build/utils.js:298:28)
          at new Promise (<anonymous>)
          at callAsyncCircusFn (/Users/johnneed/Projects/gmc-shelters/node_modules/jest-circus/build/utils.js:231:10)
          at _callCircusTest (/Users/johnneed/Projects/gmc-shelters/node_modules/jest-circus/build/run.js:316:40)
          at processTicksAndRejections (node:internal/process/task_queues:105:5)
          at _runTest (/Users/johnneed/Projects/gmc-shelters/node_modules/jest-circus/build/run.js:252:3)
          at _runTestsForDescribeBlock (/Users/johnneed/Projects/gmc-shelters/node_modules/jest-circus/build/run.js:126:9)
          at _runTestsForDescribeBlock (/Users/johnneed/Projects/gmc-shelters/node_modules/jest-circus/build/run.js:121:9)
          at run (/Users/johnneed/Projects/gmc-shelters/node_modules/jest-circus/build/run.js:71:3)
          at runAndTransformResultsToJestFormat (/Users/johnneed/Projects/gmc-shelters/node_modules/jest-circus/build/legacy-code-todo-rewrite/jestAdapterInit.js:122:21)
          at jestAdapter (/Users/johnneed/Projects/gmc-shelters/node_modules/jest-circus/build/legacy-code-todo-rewrite/jestAdapter.js:79:19)
          at runTestInternal (/Users/johnneed/Projects/gmc-shelters/node_modules/jest-runner/build/runTest.js:367:16)
          at runTest (/Users/johnneed/Projects/gmc-shelters/node_modules/jest-runner/build/runTest.js:444:34)
          at Object.worker (/Users/johnneed/Projects/gmc-shelters/node_modules/jest-runner/build/testWorker.js:106:12) {
        detail: TypeError: fieldsRef.current?.scrollTo is not a function
            at /Users/johnneed/Projects/gmc-shelters/src/renderer/components/MainPane/tabs/PhotoDetailPane.tsx:49:24
            at commitHookEffectListMount (/Users/johnneed/Projects/gmc-shelters/node_modules/react-dom/cjs/react-dom.development.js:23189:26)
            at commitPassiveMountOnFiber (/Users/johnneed/Projects/gmc-shelters/node_modules/react-dom/cjs/react-dom.development.js:24970:11)
            at commitPassiveMountEffects_complete (/Users/johnneed/Projects/gmc-shelters/node_modules/react-dom/cjs/react-dom.development.js:24930:9)
            at commitPassiveMountEffects_begin (/Users/johnneed/Projects/gmc-shelters/node_modules/react-dom/cjs/react-dom.development.js:24917:7)
            at commitPassiveMountEffects (/Users/johnneed/Projects/gmc-shelters/node_modules/react-dom/cjs/react-dom.development.js:24905:3)
            at flushPassiveEffectsImpl (/Users/johnneed/Projects/gmc-shelters/node_modules/react-dom/cjs/react-dom.development.js:27078:3)
            at flushPassiveEffects (/Users/johnneed/Projects/gmc-shelters/node_modules/react-dom/cjs/react-dom.development.js:27023:14)
            at /Users/johnneed/Projects/gmc-shelters/node_modules/react-dom/cjs/react-dom.development.js:26808:9
            at flushActQueue (/Users/johnneed/Projects/gmc-shelters/node_modules/react/cjs/react.development.js:2667:24)
            at act (/Users/johnneed/Projects/gmc-shelters/node_modules/react/cjs/react.development.js:2582:11)
            at /Users/johnneed/Projects/gmc-shelters/node_modules/@testing-library/react/dist/act-compat.js:46:25
            at renderRoot (/Users/johnneed/Projects/gmc-shelters/node_modules/@testing-library/react/dist/pure.js:189:26)
            at render (/Users/johnneed/Projects/gmc-shelters/node_modules/@testing-library/react/dist/pure.js:291:10)
            at Object.<anonymous> (/Users/johnneed/Projects/gmc-shelters/src/renderer/components/MainPane/tabs/PhotoDetailPane.test.tsx:144:11)
            at Promise.then.completed (/Users/johnneed/Projects/gmc-shelters/node_modules/jest-circus/build/utils.js:298:28)
            at new Promise (<anonymous>)
            at callAsyncCircusFn (/Users/johnneed/Projects/gmc-shelters/node_modules/jest-circus/build/utils.js:231:10)
            at _callCircusTest (/Users/johnneed/Projects/gmc-shelters/node_modules/jest-circus/build/run.js:316:40)
            at processTicksAndRejections (node:internal/process/task_queues:105:5)
            at _runTest (/Users/johnneed/Projects/gmc-shelters/node_modules/jest-circus/build/run.js:252:3)
            at _runTestsForDescribeBlock (/Users/johnneed/Projects/gmc-shelters/node_modules/jest-circus/build/run.js:126:9)
            at _runTestsForDescribeBlock (/Users/johnneed/Projects/gmc-shelters/node_modules/jest-circus/build/run.js:121:9)
            at run (/Users/johnneed/Projects/gmc-shelters/node_modules/jest-circus/build/run.js:71:3)
            at runAndTransformResultsToJestFormat (/Users/johnneed/Projects/gmc-shelters/node_modules/jest-circus/build/legacy-code-todo-rewrite/jestAdapterInit.js:122:21)
            at jestAdapter (/Users/johnneed/Projects/gmc-shelters/node_modules/jest-circus/build/legacy-code-todo-rewrite/jestAdapter.js:79:19)
            at runTestInternal (/Users/johnneed/Projects/gmc-shelters/node_modules/jest-runner/build/runTest.js:367:16)
            at runTest (/Users/johnneed/Projects/gmc-shelters/node_modules/jest-runner/build/runTest.js:444:34)
            at Object.worker (/Users/johnneed/Projects/gmc-shelters/node_modules/jest-runner/build/testWorker.js:106:12),
        type: 'unhandled exception'
      }

      142 |
      143 |   it('does not show the default badge when isDefault is false', () => {
    > 144 |     render(<PhotoDetailPane {...makeProps({ isDefault: false })} />);
          |           ^
      145 |     expect(screen.queryByText(/★ default/i)).not.toBeInTheDocument();
      146 |   });
      147 |

      at VirtualConsole.<anonymous> (node_modules/jest-environment-jsdom/build/index.js:63:23)
      at reportException (node_modules/jsdom/lib/jsdom/living/helpers/runtime-script-errors.js:70:28)
      at innerInvokeEventListeners (node_modules/jsdom/lib/jsdom/living/events/EventTarget-impl.js:353:9)
      at invokeEventListeners (node_modules/jsdom/lib/jsdom/living/events/EventTarget-impl.js:286:3)
      at HTMLUnknownElementImpl._dispatch (node_modules/jsdom/lib/jsdom/living/events/EventTarget-impl.js:233:9)
      at HTMLUnknownElementImpl.dispatchEvent (node_modules/jsdom/lib/jsdom/living/events/EventTarget-impl.js:104:17)
      at HTMLUnknownElement.dispatchEvent (node_modules/jsdom/lib/jsdom/living/generated/EventTarget.js:241:34)
      at Object.invokeGuardedCallbackDev (node_modules/react-dom/cjs/react-dom.development.js:4213:16)
      at invokeGuardedCallback (node_modules/react-dom/cjs/react-dom.development.js:4277:31)
      at reportUncaughtErrorInDEV (node_modules/react-dom/cjs/react-dom.development.js:22877:5)
      at captureCommitPhaseError (node_modules/react-dom/cjs/react-dom.development.js:27165:5)
      at commitPassiveMountEffects_complete (node_modules/react-dom/cjs/react-dom.development.js:24932:9)
      at commitPassiveMountEffects_begin (node_modules/react-dom/cjs/react-dom.development.js:24917:7)
      at commitPassiveMountEffects (node_modules/react-dom/cjs/react-dom.development.js:24905:3)
      at flushPassiveEffectsImpl (node_modules/react-dom/cjs/react-dom.development.js:27078:3)
      at flushPassiveEffects (node_modules/react-dom/cjs/react-dom.development.js:27023:14)
      at node_modules/react-dom/cjs/react-dom.development.js:26808:9
      at flushActQueue (node_modules/react/cjs/react.development.js:2667:24)
      at act (node_modules/react/cjs/react.development.js:2582:11)
      at node_modules/@testing-library/react/dist/act-compat.js:46:25
      at renderRoot (node_modules/@testing-library/react/dist/pure.js:189:26)
      at render (node_modules/@testing-library/react/dist/pure.js:291:10)
      at Object.<anonymous> (src/renderer/components/MainPane/tabs/PhotoDetailPane.test.tsx:144:11)

    console.error
      The above error occurred in the <PhotoDetailPane> component:
      
          at PhotoDetailPane (/Users/johnneed/Projects/gmc-shelters/src/renderer/components/MainPane/tabs/PhotoDetailPane.tsx:39:3)
      
      Consider adding an error boundary to your tree to customize error handling behavior.
      Visit https://reactjs.org/link/error-boundaries to learn more about error boundaries.

      142 |
      143 |   it('does not show the default badge when isDefault is false', () => {
    > 144 |     render(<PhotoDetailPane {...makeProps({ isDefault: false })} />);
          |           ^
      145 |     expect(screen.queryByText(/★ default/i)).not.toBeInTheDocument();
      146 |   });
      147 |

      at logCapturedError (node_modules/react-dom/cjs/react-dom.development.js:18704:23)
      at update.callback (node_modules/react-dom/cjs/react-dom.development.js:18737:5)
      at callCallback (node_modules/react-dom/cjs/react-dom.development.js:15036:12)
      at commitUpdateQueue (node_modules/react-dom/cjs/react-dom.development.js:15057:9)
      at commitLayoutEffectOnFiber (node_modules/react-dom/cjs/react-dom.development.js:23430:13)
      at commitLayoutMountEffects_complete (node_modules/react-dom/cjs/react-dom.development.js:24727:9)
      at commitLayoutEffects_begin (node_modules/react-dom/cjs/react-dom.development.js:24713:7)
      at commitLayoutEffects (node_modules/react-dom/cjs/react-dom.development.js:24651:3)
      at commitRootImpl (node_modules/react-dom/cjs/react-dom.development.js:26862:5)
      at commitRoot (node_modules/react-dom/cjs/react-dom.development.js:26721:5)
      at performSyncWorkOnRoot (node_modules/react-dom/cjs/react-dom.development.js:26156:3)
      at flushSyncCallbacks (node_modules/react-dom/cjs/react-dom.development.js:12042:22)
      at flushPassiveEffectsImpl (node_modules/react-dom/cjs/react-dom.development.js:27099:3)
      at flushPassiveEffects (node_modules/react-dom/cjs/react-dom.development.js:27023:14)
      at node_modules/react-dom/cjs/react-dom.development.js:26808:9
      at flushActQueue (node_modules/react/cjs/react.development.js:2667:24)
      at act (node_modules/react/cjs/react.development.js:2582:11)
      at node_modules/@testing-library/react/dist/act-compat.js:46:25
      at renderRoot (node_modules/@testing-library/react/dist/pure.js:189:26)
      at render (node_modules/@testing-library/react/dist/pure.js:291:10)
      at Object.<anonymous> (src/renderer/components/MainPane/tabs/PhotoDetailPane.test.tsx:144:11)

    console.error
      Error: Uncaught [TypeError: fieldsRef.current?.scrollTo is not a function]
          at reportException (/Users/johnneed/Projects/gmc-shelters/node_modules/jsdom/lib/jsdom/living/helpers/runtime-script-errors.js:66:24)
          at innerInvokeEventListeners (/Users/johnneed/Projects/gmc-shelters/node_modules/jsdom/lib/jsdom/living/events/EventTarget-impl.js:353:9)
          at invokeEventListeners (/Users/johnneed/Projects/gmc-shelters/node_modules/jsdom/lib/jsdom/living/events/EventTarget-impl.js:286:3)
          at HTMLUnknownElementImpl._dispatch (/Users/johnneed/Projects/gmc-shelters/node_modules/jsdom/lib/jsdom/living/events/EventTarget-impl.js:233:9)
          at HTMLUnknownElementImpl.dispatchEvent (/Users/johnneed/Projects/gmc-shelters/node_modules/jsdom/lib/jsdom/living/events/EventTarget-impl.js:104:17)
          at HTMLUnknownElement.dispatchEvent (/Users/johnneed/Projects/gmc-shelters/node_modules/jsdom/lib/jsdom/living/generated/EventTarget.js:241:34)
          at Object.invokeGuardedCallbackDev (/Users/johnneed/Projects/gmc-shelters/node_modules/react-dom/cjs/react-dom.development.js:4213:16)
          at invokeGuardedCallback (/Users/johnneed/Projects/gmc-shelters/node_modules/react-dom/cjs/react-dom.development.js:4277:31)
          at reportUncaughtErrorInDEV (/Users/johnneed/Projects/gmc-shelters/node_modules/react-dom/cjs/react-dom.development.js:22877:5)
          at captureCommitPhaseError (/Users/johnneed/Projects/gmc-shelters/node_modules/react-dom/cjs/react-dom.development.js:27165:5)
          at commitPassiveMountEffects_complete (/Users/johnneed/Projects/gmc-shelters/node_modules/react-dom/cjs/react-dom.development.js:24932:9)
          at commitPassiveMountEffects_begin (/Users/johnneed/Projects/gmc-shelters/node_modules/react-dom/cjs/react-dom.development.js:24917:7)
          at commitPassiveMountEffects (/Users/johnneed/Projects/gmc-shelters/node_modules/react-dom/cjs/react-dom.development.js:24905:3)
          at flushPassiveEffectsImpl (/Users/johnneed/Projects/gmc-shelters/node_modules/react-dom/cjs/react-dom.development.js:27078:3)
          at flushPassiveEffects (/Users/johnneed/Projects/gmc-shelters/node_modules/react-dom/cjs/react-dom.development.js:27023:14)
          at /Users/johnneed/Projects/gmc-shelters/node_modules/react-dom/cjs/react-dom.development.js:26808:9
          at flushActQueue (/Users/johnneed/Projects/gmc-shelters/node_modules/react/cjs/react.development.js:2667:24)
          at act (/Users/johnneed/Projects/gmc-shelters/node_modules/react/cjs/react.development.js:2582:11)
          at /Users/johnneed/Projects/gmc-shelters/node_modules/@testing-library/react/dist/act-compat.js:46:25
          at renderRoot (/Users/johnneed/Projects/gmc-shelters/node_modules/@testing-library/react/dist/pure.js:189:26)
          at render (/Users/johnneed/Projects/gmc-shelters/node_modules/@testing-library/react/dist/pure.js:291:10)
          at Object.<anonymous> (/Users/johnneed/Projects/gmc-shelters/src/renderer/components/MainPane/tabs/PhotoDetailPane.test.tsx:149:11)
          at Promise.then.completed (/Users/johnneed/Projects/gmc-shelters/node_modules/jest-circus/build/utils.js:298:28)
          at new Promise (<anonymous>)
          at callAsyncCircusFn (/Users/johnneed/Projects/gmc-shelters/node_modules/jest-circus/build/utils.js:231:10)
          at _callCircusTest (/Users/johnneed/Projects/gmc-shelters/node_modules/jest-circus/build/run.js:316:40)
          at processTicksAndRejections (node:internal/process/task_queues:105:5)
          at _runTest (/Users/johnneed/Projects/gmc-shelters/node_modules/jest-circus/build/run.js:252:3)
          at _runTestsForDescribeBlock (/Users/johnneed/Projects/gmc-shelters/node_modules/jest-circus/build/run.js:126:9)
          at _runTestsForDescribeBlock (/Users/johnneed/Projects/gmc-shelters/node_modules/jest-circus/build/run.js:121:9)
          at run (/Users/johnneed/Projects/gmc-shelters/node_modules/jest-circus/build/run.js:71:3)
          at runAndTransformResultsToJestFormat (/Users/johnneed/Projects/gmc-shelters/node_modules/jest-circus/build/legacy-code-todo-rewrite/jestAdapterInit.js:122:21)
          at jestAdapter (/Users/johnneed/Projects/gmc-shelters/node_modules/jest-circus/build/legacy-code-todo-rewrite/jestAdapter.js:79:19)
          at runTestInternal (/Users/johnneed/Projects/gmc-shelters/node_modules/jest-runner/build/runTest.js:367:16)
          at runTest (/Users/johnneed/Projects/gmc-shelters/node_modules/jest-runner/build/runTest.js:444:34)
          at Object.worker (/Users/johnneed/Projects/gmc-shelters/node_modules/jest-runner/build/testWorker.js:106:12) {
        detail: TypeError: fieldsRef.current?.scrollTo is not a function
            at /Users/johnneed/Projects/gmc-shelters/src/renderer/components/MainPane/tabs/PhotoDetailPane.tsx:49:24
            at commitHookEffectListMount (/Users/johnneed/Projects/gmc-shelters/node_modules/react-dom/cjs/react-dom.development.js:23189:26)
            at commitPassiveMountOnFiber (/Users/johnneed/Projects/gmc-shelters/node_modules/react-dom/cjs/react-dom.development.js:24970:11)
            at commitPassiveMountEffects_complete (/Users/johnneed/Projects/gmc-shelters/node_modules/react-dom/cjs/react-dom.development.js:24930:9)
            at commitPassiveMountEffects_begin (/Users/johnneed/Projects/gmc-shelters/node_modules/react-dom/cjs/react-dom.development.js:24917:7)
            at commitPassiveMountEffects (/Users/johnneed/Projects/gmc-shelters/node_modules/react-dom/cjs/react-dom.development.js:24905:3)
            at flushPassiveEffectsImpl (/Users/johnneed/Projects/gmc-shelters/node_modules/react-dom/cjs/react-dom.development.js:27078:3)
            at flushPassiveEffects (/Users/johnneed/Projects/gmc-shelters/node_modules/react-dom/cjs/react-dom.development.js:27023:14)
            at /Users/johnneed/Projects/gmc-shelters/node_modules/react-dom/cjs/react-dom.development.js:26808:9
            at flushActQueue (/Users/johnneed/Projects/gmc-shelters/node_modules/react/cjs/react.development.js:2667:24)
            at act (/Users/johnneed/Projects/gmc-shelters/node_modules/react/cjs/react.development.js:2582:11)
            at /Users/johnneed/Projects/gmc-shelters/node_modules/@testing-library/react/dist/act-compat.js:46:25
            at renderRoot (/Users/johnneed/Projects/gmc-shelters/node_modules/@testing-library/react/dist/pure.js:189:26)
            at render (/Users/johnneed/Projects/gmc-shelters/node_modules/@testing-library/react/dist/pure.js:291:10)
            at Object.<anonymous> (/Users/johnneed/Projects/gmc-shelters/src/renderer/components/MainPane/tabs/PhotoDetailPane.test.tsx:149:11)
            at Promise.then.completed (/Users/johnneed/Projects/gmc-shelters/node_modules/jest-circus/build/utils.js:298:28)
            at new Promise (<anonymous>)
            at callAsyncCircusFn (/Users/johnneed/Projects/gmc-shelters/node_modules/jest-circus/build/utils.js:231:10)
            at _callCircusTest (/Users/johnneed/Projects/gmc-shelters/node_modules/jest-circus/build/run.js:316:40)
            at processTicksAndRejections (node:internal/process/task_queues:105:5)
            at _runTest (/Users/johnneed/Projects/gmc-shelters/node_modules/jest-circus/build/run.js:252:3)
            at _runTestsForDescribeBlock (/Users/johnneed/Projects/gmc-shelters/node_modules/jest-circus/build/run.js:126:9)
            at _runTestsForDescribeBlock (/Users/johnneed/Projects/gmc-shelters/node_modules/jest-circus/build/run.js:121:9)
            at run (/Users/johnneed/Projects/gmc-shelters/node_modules/jest-circus/build/run.js:71:3)
            at runAndTransformResultsToJestFormat (/Users/johnneed/Projects/gmc-shelters/node_modules/jest-circus/build/legacy-code-todo-rewrite/jestAdapterInit.js:122:21)
            at jestAdapter (/Users/johnneed/Projects/gmc-shelters/node_modules/jest-circus/build/legacy-code-todo-rewrite/jestAdapter.js:79:19)
            at runTestInternal (/Users/johnneed/Projects/gmc-shelters/node_modules/jest-runner/build/runTest.js:367:16)
            at runTest (/Users/johnneed/Projects/gmc-shelters/node_modules/jest-runner/build/runTest.js:444:34)
            at Object.worker (/Users/johnneed/Projects/gmc-shelters/node_modules/jest-runner/build/testWorker.js:106:12),
        type: 'unhandled exception'
      }

      147 |
      148 |   it('shows photo_preview-clickable class on the preview', () => {
    > 149 |     render(<PhotoDetailPane {...makeProps()} />);
          |           ^
      150 |     expect(screen.getByTestId('photo-preview')).toHaveClass('photo-preview-clickable');
      151 |   });
      152 |

      at VirtualConsole.<anonymous> (node_modules/jest-environment-jsdom/build/index.js:63:23)
      at reportException (node_modules/jsdom/lib/jsdom/living/helpers/runtime-script-errors.js:70:28)
      at innerInvokeEventListeners (node_modules/jsdom/lib/jsdom/living/events/EventTarget-impl.js:353:9)
      at invokeEventListeners (node_modules/jsdom/lib/jsdom/living/events/EventTarget-impl.js:286:3)
      at HTMLUnknownElementImpl._dispatch (node_modules/jsdom/lib/jsdom/living/events/EventTarget-impl.js:233:9)
      at HTMLUnknownElementImpl.dispatchEvent (node_modules/jsdom/lib/jsdom/living/events/EventTarget-impl.js:104:17)
      at HTMLUnknownElement.dispatchEvent (node_modules/jsdom/lib/jsdom/living/generated/EventTarget.js:241:34)
      at Object.invokeGuardedCallbackDev (node_modules/react-dom/cjs/react-dom.development.js:4213:16)
      at invokeGuardedCallback (node_modules/react-dom/cjs/react-dom.development.js:4277:31)
      at reportUncaughtErrorInDEV (node_modules/react-dom/cjs/react-dom.development.js:22877:5)
      at captureCommitPhaseError (node_modules/react-dom/cjs/react-dom.development.js:27165:5)
      at commitPassiveMountEffects_complete (node_modules/react-dom/cjs/react-dom.development.js:24932:9)
      at commitPassiveMountEffects_begin (node_modules/react-dom/cjs/react-dom.development.js:24917:7)
      at commitPassiveMountEffects (node_modules/react-dom/cjs/react-dom.development.js:24905:3)
      at flushPassiveEffectsImpl (node_modules/react-dom/cjs/react-dom.development.js:27078:3)
      at flushPassiveEffects (node_modules/react-dom/cjs/react-dom.development.js:27023:14)
      at node_modules/react-dom/cjs/react-dom.development.js:26808:9
      at flushActQueue (node_modules/react/cjs/react.development.js:2667:24)
      at act (node_modules/react/cjs/react.development.js:2582:11)
      at node_modules/@testing-library/react/dist/act-compat.js:46:25
      at renderRoot (node_modules/@testing-library/react/dist/pure.js:189:26)
      at render (node_modules/@testing-library/react/dist/pure.js:291:10)
      at Object.<anonymous> (src/renderer/components/MainPane/tabs/PhotoDetailPane.test.tsx:149:11)

    console.error
      The above error occurred in the <PhotoDetailPane> component:
      
          at PhotoDetailPane (/Users/johnneed/Projects/gmc-shelters/src/renderer/components/MainPane/tabs/PhotoDetailPane.tsx:39:3)
      
      Consider adding an error boundary to your tree to customize error handling behavior.
      Visit https://reactjs.org/link/error-boundaries to learn more about error boundaries.

      147 |
      148 |   it('shows photo_preview-clickable class on the preview', () => {
    > 149 |     render(<PhotoDetailPane {...makeProps()} />);
          |           ^
      150 |     expect(screen.getByTestId('photo-preview')).toHaveClass('photo-preview-clickable');
      151 |   });
      152 |

      at logCapturedError (node_modules/react-dom/cjs/react-dom.development.js:18704:23)
      at update.callback (node_modules/react-dom/cjs/react-dom.development.js:18737:5)
      at callCallback (node_modules/react-dom/cjs/react-dom.development.js:15036:12)
      at commitUpdateQueue (node_modules/react-dom/cjs/react-dom.development.js:15057:9)
      at commitLayoutEffectOnFiber (node_modules/react-dom/cjs/react-dom.development.js:23430:13)
      at commitLayoutMountEffects_complete (node_modules/react-dom/cjs/react-dom.development.js:24727:9)
      at commitLayoutEffects_begin (node_modules/react-dom/cjs/react-dom.development.js:24713:7)
      at commitLayoutEffects (node_modules/react-dom/cjs/react-dom.development.js:24651:3)
      at commitRootImpl (node_modules/react-dom/cjs/react-dom.development.js:26862:5)
      at commitRoot (node_modules/react-dom/cjs/react-dom.development.js:26721:5)
      at performSyncWorkOnRoot (node_modules/react-dom/cjs/react-dom.development.js:26156:3)
      at flushSyncCallbacks (node_modules/react-dom/cjs/react-dom.development.js:12042:22)
      at flushPassiveEffectsImpl (node_modules/react-dom/cjs/react-dom.development.js:27099:3)
      at flushPassiveEffects (node_modules/react-dom/cjs/react-dom.development.js:27023:14)
      at node_modules/react-dom/cjs/react-dom.development.js:26808:9
      at flushActQueue (node_modules/react/cjs/react.development.js:2667:24)
      at act (node_modules/react/cjs/react.development.js:2582:11)
      at node_modules/@testing-library/react/dist/act-compat.js:46:25
      at renderRoot (node_modules/@testing-library/react/dist/pure.js:189:26)
      at render (node_modules/@testing-library/react/dist/pure.js:291:10)
      at Object.<anonymous> (src/renderer/components/MainPane/tabs/PhotoDetailPane.test.tsx:149:11)

    console.error
      Error: Uncaught [TypeError: fieldsRef.current?.scrollTo is not a function]
          at reportException (/Users/johnneed/Projects/gmc-shelters/node_modules/jsdom/lib/jsdom/living/helpers/runtime-script-errors.js:66:24)
          at innerInvokeEventListeners (/Users/johnneed/Projects/gmc-shelters/node_modules/jsdom/lib/jsdom/living/events/EventTarget-impl.js:353:9)
          at invokeEventListeners (/Users/johnneed/Projects/gmc-shelters/node_modules/jsdom/lib/jsdom/living/events/EventTarget-impl.js:286:3)
          at HTMLUnknownElementImpl._dispatch (/Users/johnneed/Projects/gmc-shelters/node_modules/jsdom/lib/jsdom/living/events/EventTarget-impl.js:233:9)
          at HTMLUnknownElementImpl.dispatchEvent (/Users/johnneed/Projects/gmc-shelters/node_modules/jsdom/lib/jsdom/living/events/EventTarget-impl.js:104:17)
          at HTMLUnknownElement.dispatchEvent (/Users/johnneed/Projects/gmc-shelters/node_modules/jsdom/lib/jsdom/living/generated/EventTarget.js:241:34)
          at Object.invokeGuardedCallbackDev (/Users/johnneed/Projects/gmc-shelters/node_modules/react-dom/cjs/react-dom.development.js:4213:16)
          at invokeGuardedCallback (/Users/johnneed/Projects/gmc-shelters/node_modules/react-dom/cjs/react-dom.development.js:4277:31)
          at reportUncaughtErrorInDEV (/Users/johnneed/Projects/gmc-shelters/node_modules/react-dom/cjs/react-dom.development.js:22877:5)
          at captureCommitPhaseError (/Users/johnneed/Projects/gmc-shelters/node_modules/react-dom/cjs/react-dom.development.js:27165:5)
          at commitPassiveMountEffects_complete (/Users/johnneed/Projects/gmc-shelters/node_modules/react-dom/cjs/react-dom.development.js:24932:9)
          at commitPassiveMountEffects_begin (/Users/johnneed/Projects/gmc-shelters/node_modules/react-dom/cjs/react-dom.development.js:24917:7)
          at commitPassiveMountEffects (/Users/johnneed/Projects/gmc-shelters/node_modules/react-dom/cjs/react-dom.development.js:24905:3)
          at flushPassiveEffectsImpl (/Users/johnneed/Projects/gmc-shelters/node_modules/react-dom/cjs/react-dom.development.js:27078:3)
          at flushPassiveEffects (/Users/johnneed/Projects/gmc-shelters/node_modules/react-dom/cjs/react-dom.development.js:27023:14)
          at /Users/johnneed/Projects/gmc-shelters/node_modules/react-dom/cjs/react-dom.development.js:26808:9
          at flushActQueue (/Users/johnneed/Projects/gmc-shelters/node_modules/react/cjs/react.development.js:2667:24)
          at act (/Users/johnneed/Projects/gmc-shelters/node_modules/react/cjs/react.development.js:2582:11)
          at /Users/johnneed/Projects/gmc-shelters/node_modules/@testing-library/react/dist/act-compat.js:46:25
          at renderRoot (/Users/johnneed/Projects/gmc-shelters/node_modules/@testing-library/react/dist/pure.js:189:26)
          at render (/Users/johnneed/Projects/gmc-shelters/node_modules/@testing-library/react/dist/pure.js:291:10)
          at Object.<anonymous> (/Users/johnneed/Projects/gmc-shelters/src/renderer/components/MainPane/tabs/PhotoDetailPane.test.tsx:155:11)
          at Promise.then.completed (/Users/johnneed/Projects/gmc-shelters/node_modules/jest-circus/build/utils.js:298:28)
          at new Promise (<anonymous>)
          at callAsyncCircusFn (/Users/johnneed/Projects/gmc-shelters/node_modules/jest-circus/build/utils.js:231:10)
          at _callCircusTest (/Users/johnneed/Projects/gmc-shelters/node_modules/jest-circus/build/run.js:316:40)
          at processTicksAndRejections (node:internal/process/task_queues:105:5)
          at _runTest (/Users/johnneed/Projects/gmc-shelters/node_modules/jest-circus/build/run.js:252:3)
          at _runTestsForDescribeBlock (/Users/johnneed/Projects/gmc-shelters/node_modules/jest-circus/build/run.js:126:9)
          at _runTestsForDescribeBlock (/Users/johnneed/Projects/gmc-shelters/node_modules/jest-circus/build/run.js:121:9)
          at run (/Users/johnneed/Projects/gmc-shelters/node_modules/jest-circus/build/run.js:71:3)
          at runAndTransformResultsToJestFormat (/Users/johnneed/Projects/gmc-shelters/node_modules/jest-circus/build/legacy-code-todo-rewrite/jestAdapterInit.js:122:21)
          at jestAdapter (/Users/johnneed/Projects/gmc-shelters/node_modules/jest-circus/build/legacy-code-todo-rewrite/jestAdapter.js:79:19)
          at runTestInternal (/Users/johnneed/Projects/gmc-shelters/node_modules/jest-runner/build/runTest.js:367:16)
          at runTest (/Users/johnneed/Projects/gmc-shelters/node_modules/jest-runner/build/runTest.js:444:34)
          at Object.worker (/Users/johnneed/Projects/gmc-shelters/node_modules/jest-runner/build/testWorker.js:106:12) {
        detail: TypeError: fieldsRef.current?.scrollTo is not a function
            at /Users/johnneed/Projects/gmc-shelters/src/renderer/components/MainPane/tabs/PhotoDetailPane.tsx:49:24
            at commitHookEffectListMount (/Users/johnneed/Projects/gmc-shelters/node_modules/react-dom/cjs/react-dom.development.js:23189:26)
            at commitPassiveMountOnFiber (/Users/johnneed/Projects/gmc-shelters/node_modules/react-dom/cjs/react-dom.development.js:24970:11)
            at commitPassiveMountEffects_complete (/Users/johnneed/Projects/gmc-shelters/node_modules/react-dom/cjs/react-dom.development.js:24930:9)
            at commitPassiveMountEffects_begin (/Users/johnneed/Projects/gmc-shelters/node_modules/react-dom/cjs/react-dom.development.js:24917:7)
            at commitPassiveMountEffects (/Users/johnneed/Projects/gmc-shelters/node_modules/react-dom/cjs/react-dom.development.js:24905:3)
            at flushPassiveEffectsImpl (/Users/johnneed/Projects/gmc-shelters/node_modules/react-dom/cjs/react-dom.development.js:27078:3)
            at flushPassiveEffects (/Users/johnneed/Projects/gmc-shelters/node_modules/react-dom/cjs/react-dom.development.js:27023:14)
            at /Users/johnneed/Projects/gmc-shelters/node_modules/react-dom/cjs/react-dom.development.js:26808:9
            at flushActQueue (/Users/johnneed/Projects/gmc-shelters/node_modules/react/cjs/react.development.js:2667:24)
            at act (/Users/johnneed/Projects/gmc-shelters/node_modules/react/cjs/react.development.js:2582:11)
            at /Users/johnneed/Projects/gmc-shelters/node_modules/@testing-library/react/dist/act-compat.js:46:25
            at renderRoot (/Users/johnneed/Projects/gmc-shelters/node_modules/@testing-library/react/dist/pure.js:189:26)
            at render (/Users/johnneed/Projects/gmc-shelters/node_modules/@testing-library/react/dist/pure.js:291:10)
            at Object.<anonymous> (/Users/johnneed/Projects/gmc-shelters/src/renderer/components/MainPane/tabs/PhotoDetailPane.test.tsx:155:11)
            at Promise.then.completed (/Users/johnneed/Projects/gmc-shelters/node_modules/jest-circus/build/utils.js:298:28)
            at new Promise (<anonymous>)
            at callAsyncCircusFn (/Users/johnneed/Projects/gmc-shelters/node_modules/jest-circus/build/utils.js:231:10)
            at _callCircusTest (/Users/johnneed/Projects/gmc-shelters/node_modules/jest-circus/build/run.js:316:40)
            at processTicksAndRejections (node:internal/process/task_queues:105:5)
            at _runTest (/Users/johnneed/Projects/gmc-shelters/node_modules/jest-circus/build/run.js:252:3)
            at _runTestsForDescribeBlock (/Users/johnneed/Projects/gmc-shelters/node_modules/jest-circus/build/run.js:126:9)
            at _runTestsForDescribeBlock (/Users/johnneed/Projects/gmc-shelters/node_modules/jest-circus/build/run.js:121:9)
            at run (/Users/johnneed/Projects/gmc-shelters/node_modules/jest-circus/build/run.js:71:3)
            at runAndTransformResultsToJestFormat (/Users/johnneed/Projects/gmc-shelters/node_modules/jest-circus/build/legacy-code-todo-rewrite/jestAdapterInit.js:122:21)
            at jestAdapter (/Users/johnneed/Projects/gmc-shelters/node_modules/jest-circus/build/legacy-code-todo-rewrite/jestAdapter.js:79:19)
            at runTestInternal (/Users/johnneed/Projects/gmc-shelters/node_modules/jest-runner/build/runTest.js:367:16)
            at runTest (/Users/johnneed/Projects/gmc-shelters/node_modules/jest-runner/build/runTest.js:444:34)
            at Object.worker (/Users/johnneed/Projects/gmc-shelters/node_modules/jest-runner/build/testWorker.js:106:12),
        type: 'unhandled exception'
      }

      153 |   it('calls onExport when Export button is clicked', () => {
      154 |     const onExport = jest.fn();
    > 155 |     render(<PhotoDetailPane {...makeProps({ onExport })} />);
          |           ^
      156 |     fireEvent.click(screen.getByRole('button', { name: /export photo/i }));
      157 |     expect(onExport).toHaveBeenCalledTimes(1);
      158 |   });

      at VirtualConsole.<anonymous> (node_modules/jest-environment-jsdom/build/index.js:63:23)
      at reportException (node_modules/jsdom/lib/jsdom/living/helpers/runtime-script-errors.js:70:28)
      at innerInvokeEventListeners (node_modules/jsdom/lib/jsdom/living/events/EventTarget-impl.js:353:9)
      at invokeEventListeners (node_modules/jsdom/lib/jsdom/living/events/EventTarget-impl.js:286:3)
      at HTMLUnknownElementImpl._dispatch (node_modules/jsdom/lib/jsdom/living/events/EventTarget-impl.js:233:9)
      at HTMLUnknownElementImpl.dispatchEvent (node_modules/jsdom/lib/jsdom/living/events/EventTarget-impl.js:104:17)
      at HTMLUnknownElement.dispatchEvent (node_modules/jsdom/lib/jsdom/living/generated/EventTarget.js:241:34)
      at Object.invokeGuardedCallbackDev (node_modules/react-dom/cjs/react-dom.development.js:4213:16)
      at invokeGuardedCallback (node_modules/react-dom/cjs/react-dom.development.js:4277:31)
      at reportUncaughtErrorInDEV (node_modules/react-dom/cjs/react-dom.development.js:22877:5)
      at captureCommitPhaseError (node_modules/react-dom/cjs/react-dom.development.js:27165:5)
      at commitPassiveMountEffects_complete (node_modules/react-dom/cjs/react-dom.development.js:24932:9)
      at commitPassiveMountEffects_begin (node_modules/react-dom/cjs/react-dom.development.js:24917:7)
      at commitPassiveMountEffects (node_modules/react-dom/cjs/react-dom.development.js:24905:3)
      at flushPassiveEffectsImpl (node_modules/react-dom/cjs/react-dom.development.js:27078:3)
      at flushPassiveEffects (node_modules/react-dom/cjs/react-dom.development.js:27023:14)
      at node_modules/react-dom/cjs/react-dom.development.js:26808:9
      at flushActQueue (node_modules/react/cjs/react.development.js:2667:24)
      at act (node_modules/react/cjs/react.development.js:2582:11)
      at node_modules/@testing-library/react/dist/act-compat.js:46:25
      at renderRoot (node_modules/@testing-library/react/dist/pure.js:189:26)
      at render (node_modules/@testing-library/react/dist/pure.js:291:10)
      at Object.<anonymous> (src/renderer/components/MainPane/tabs/PhotoDetailPane.test.tsx:155:11)

    console.error
      The above error occurred in the <PhotoDetailPane> component:
      
          at PhotoDetailPane (/Users/johnneed/Projects/gmc-shelters/src/renderer/components/MainPane/tabs/PhotoDetailPane.tsx:39:3)
      
      Consider adding an error boundary to your tree to customize error handling behavior.
      Visit https://reactjs.org/link/error-boundaries to learn more about error boundaries.

      153 |   it('calls onExport when Export button is clicked', () => {
      154 |     const onExport = jest.fn();
    > 155 |     render(<PhotoDetailPane {...makeProps({ onExport })} />);
          |           ^
      156 |     fireEvent.click(screen.getByRole('button', { name: /export photo/i }));
      157 |     expect(onExport).toHaveBeenCalledTimes(1);
      158 |   });

      at logCapturedError (node_modules/react-dom/cjs/react-dom.development.js:18704:23)
      at update.callback (node_modules/react-dom/cjs/react-dom.development.js:18737:5)
      at callCallback (node_modules/react-dom/cjs/react-dom.development.js:15036:12)
      at commitUpdateQueue (node_modules/react-dom/cjs/react-dom.development.js:15057:9)
      at commitLayoutEffectOnFiber (node_modules/react-dom/cjs/react-dom.development.js:23430:13)
      at commitLayoutMountEffects_complete (node_modules/react-dom/cjs/react-dom.development.js:24727:9)
      at commitLayoutEffects_begin (node_modules/react-dom/cjs/react-dom.development.js:24713:7)
      at commitLayoutEffects (node_modules/react-dom/cjs/react-dom.development.js:24651:3)
      at commitRootImpl (node_modules/react-dom/cjs/react-dom.development.js:26862:5)
      at commitRoot (node_modules/react-dom/cjs/react-dom.development.js:26721:5)
      at performSyncWorkOnRoot (node_modules/react-dom/cjs/react-dom.development.js:26156:3)
      at flushSyncCallbacks (node_modules/react-dom/cjs/react-dom.development.js:12042:22)
      at flushPassiveEffectsImpl (node_modules/react-dom/cjs/react-dom.development.js:27099:3)
      at flushPassiveEffects (node_modules/react-dom/cjs/react-dom.development.js:27023:14)
      at node_modules/react-dom/cjs/react-dom.development.js:26808:9
      at flushActQueue (node_modules/react/cjs/react.development.js:2667:24)
      at act (node_modules/react/cjs/react.development.js:2582:11)
      at node_modules/@testing-library/react/dist/act-compat.js:46:25
      at renderRoot (node_modules/@testing-library/react/dist/pure.js:189:26)
      at render (node_modules/@testing-library/react/dist/pure.js:291:10)
      at Object.<anonymous> (src/renderer/components/MainPane/tabs/PhotoDetailPane.test.tsx:155:11)

    console.error
      Error: Uncaught [TypeError: fieldsRef.current?.scrollTo is not a function]
          at reportException (/Users/johnneed/Projects/gmc-shelters/node_modules/jsdom/lib/jsdom/living/helpers/runtime-script-errors.js:66:24)
          at innerInvokeEventListeners (/Users/johnneed/Projects/gmc-shelters/node_modules/jsdom/lib/jsdom/living/events/EventTarget-impl.js:353:9)
          at invokeEventListeners (/Users/johnneed/Projects/gmc-shelters/node_modules/jsdom/lib/jsdom/living/events/EventTarget-impl.js:286:3)
          at HTMLUnknownElementImpl._dispatch (/Users/johnneed/Projects/gmc-shelters/node_modules/jsdom/lib/jsdom/living/events/EventTarget-impl.js:233:9)
          at HTMLUnknownElementImpl.dispatchEvent (/Users/johnneed/Projects/gmc-shelters/node_modules/jsdom/lib/jsdom/living/events/EventTarget-impl.js:104:17)
          at HTMLUnknownElement.dispatchEvent (/Users/johnneed/Projects/gmc-shelters/node_modules/jsdom/lib/jsdom/living/generated/EventTarget.js:241:34)
          at Object.invokeGuardedCallbackDev (/Users/johnneed/Projects/gmc-shelters/node_modules/react-dom/cjs/react-dom.development.js:4213:16)
          at invokeGuardedCallback (/Users/johnneed/Projects/gmc-shelters/node_modules/react-dom/cjs/react-dom.development.js:4277:31)
          at reportUncaughtErrorInDEV (/Users/johnneed/Projects/gmc-shelters/node_modules/react-dom/cjs/react-dom.development.js:22877:5)
          at captureCommitPhaseError (/Users/johnneed/Projects/gmc-shelters/node_modules/react-dom/cjs/react-dom.development.js:27165:5)
          at commitPassiveMountEffects_complete (/Users/johnneed/Projects/gmc-shelters/node_modules/react-dom/cjs/react-dom.development.js:24932:9)
          at commitPassiveMountEffects_begin (/Users/johnneed/Projects/gmc-shelters/node_modules/react-dom/cjs/react-dom.development.js:24917:7)
          at commitPassiveMountEffects (/Users/johnneed/Projects/gmc-shelters/node_modules/react-dom/cjs/react-dom.development.js:24905:3)
          at flushPassiveEffectsImpl (/Users/johnneed/Projects/gmc-shelters/node_modules/react-dom/cjs/react-dom.development.js:27078:3)
          at flushPassiveEffects (/Users/johnneed/Projects/gmc-shelters/node_modules/react-dom/cjs/react-dom.development.js:27023:14)
          at /Users/johnneed/Projects/gmc-shelters/node_modules/react-dom/cjs/react-dom.development.js:26808:9
          at flushActQueue (/Users/johnneed/Projects/gmc-shelters/node_modules/react/cjs/react.development.js:2667:24)
          at act (/Users/johnneed/Projects/gmc-shelters/node_modules/react/cjs/react.development.js:2582:11)
          at /Users/johnneed/Projects/gmc-shelters/node_modules/@testing-library/react/dist/act-compat.js:46:25
          at renderRoot (/Users/johnneed/Projects/gmc-shelters/node_modules/@testing-library/react/dist/pure.js:189:26)
          at render (/Users/johnneed/Projects/gmc-shelters/node_modules/@testing-library/react/dist/pure.js:291:10)
          at Object.<anonymous> (/Users/johnneed/Projects/gmc-shelters/src/renderer/components/MainPane/tabs/PhotoDetailPane.test.tsx:161:11)
          at Promise.then.completed (/Users/johnneed/Projects/gmc-shelters/node_modules/jest-circus/build/utils.js:298:28)
          at new Promise (<anonymous>)
          at callAsyncCircusFn (/Users/johnneed/Projects/gmc-shelters/node_modules/jest-circus/build/utils.js:231:10)
          at _callCircusTest (/Users/johnneed/Projects/gmc-shelters/node_modules/jest-circus/build/run.js:316:40)
          at processTicksAndRejections (node:internal/process/task_queues:105:5)
          at _runTest (/Users/johnneed/Projects/gmc-shelters/node_modules/jest-circus/build/run.js:252:3)
          at _runTestsForDescribeBlock (/Users/johnneed/Projects/gmc-shelters/node_modules/jest-circus/build/run.js:126:9)
          at _runTestsForDescribeBlock (/Users/johnneed/Projects/gmc-shelters/node_modules/jest-circus/build/run.js:121:9)
          at run (/Users/johnneed/Projects/gmc-shelters/node_modules/jest-circus/build/run.js:71:3)
          at runAndTransformResultsToJestFormat (/Users/johnneed/Projects/gmc-shelters/node_modules/jest-circus/build/legacy-code-todo-rewrite/jestAdapterInit.js:122:21)
          at jestAdapter (/Users/johnneed/Projects/gmc-shelters/node_modules/jest-circus/build/legacy-code-todo-rewrite/jestAdapter.js:79:19)
          at runTestInternal (/Users/johnneed/Projects/gmc-shelters/node_modules/jest-runner/build/runTest.js:367:16)
          at runTest (/Users/johnneed/Projects/gmc-shelters/node_modules/jest-runner/build/runTest.js:444:34)
          at Object.worker (/Users/johnneed/Projects/gmc-shelters/node_modules/jest-runner/build/testWorker.js:106:12) {
        detail: TypeError: fieldsRef.current?.scrollTo is not a function
            at /Users/johnneed/Projects/gmc-shelters/src/renderer/components/MainPane/tabs/PhotoDetailPane.tsx:49:24
            at commitHookEffectListMount (/Users/johnneed/Projects/gmc-shelters/node_modules/react-dom/cjs/react-dom.development.js:23189:26)
            at commitPassiveMountOnFiber (/Users/johnneed/Projects/gmc-shelters/node_modules/react-dom/cjs/react-dom.development.js:24970:11)
            at commitPassiveMountEffects_complete (/Users/johnneed/Projects/gmc-shelters/node_modules/react-dom/cjs/react-dom.development.js:24930:9)
            at commitPassiveMountEffects_begin (/Users/johnneed/Projects/gmc-shelters/node_modules/react-dom/cjs/react-dom.development.js:24917:7)
            at commitPassiveMountEffects (/Users/johnneed/Projects/gmc-shelters/node_modules/react-dom/cjs/react-dom.development.js:24905:3)
            at flushPassiveEffectsImpl (/Users/johnneed/Projects/gmc-shelters/node_modules/react-dom/cjs/react-dom.development.js:27078:3)
            at flushPassiveEffects (/Users/johnneed/Projects/gmc-shelters/node_modules/react-dom/cjs/react-dom.development.js:27023:14)
            at /Users/johnneed/Projects/gmc-shelters/node_modules/react-dom/cjs/react-dom.development.js:26808:9
            at flushActQueue (/Users/johnneed/Projects/gmc-shelters/node_modules/react/cjs/react.development.js:2667:24)
            at act (/Users/johnneed/Projects/gmc-shelters/node_modules/react/cjs/react.development.js:2582:11)
            at /Users/johnneed/Projects/gmc-shelters/node_modules/@testing-library/react/dist/act-compat.js:46:25
            at renderRoot (/Users/johnneed/Projects/gmc-shelters/node_modules/@testing-library/react/dist/pure.js:189:26)
            at render (/Users/johnneed/Projects/gmc-shelters/node_modules/@testing-library/react/dist/pure.js:291:10)
            at Object.<anonymous> (/Users/johnneed/Projects/gmc-shelters/src/renderer/components/MainPane/tabs/PhotoDetailPane.test.tsx:161:11)
            at Promise.then.completed (/Users/johnneed/Projects/gmc-shelters/node_modules/jest-circus/build/utils.js:298:28)
            at new Promise (<anonymous>)
            at callAsyncCircusFn (/Users/johnneed/Projects/gmc-shelters/node_modules/jest-circus/build/utils.js:231:10)
            at _callCircusTest (/Users/johnneed/Projects/gmc-shelters/node_modules/jest-circus/build/run.js:316:40)
            at processTicksAndRejections (node:internal/process/task_queues:105:5)
            at _runTest (/Users/johnneed/Projects/gmc-shelters/node_modules/jest-circus/build/run.js:252:3)
            at _runTestsForDescribeBlock (/Users/johnneed/Projects/gmc-shelters/node_modules/jest-circus/build/run.js:126:9)
            at _runTestsForDescribeBlock (/Users/johnneed/Projects/gmc-shelters/node_modules/jest-circus/build/run.js:121:9)
            at run (/Users/johnneed/Projects/gmc-shelters/node_modules/jest-circus/build/run.js:71:3)
            at runAndTransformResultsToJestFormat (/Users/johnneed/Projects/gmc-shelters/node_modules/jest-circus/build/legacy-code-todo-rewrite/jestAdapterInit.js:122:21)
            at jestAdapter (/Users/johnneed/Projects/gmc-shelters/node_modules/jest-circus/build/legacy-code-todo-rewrite/jestAdapter.js:79:19)
            at runTestInternal (/Users/johnneed/Projects/gmc-shelters/node_modules/jest-runner/build/runTest.js:367:16)
            at runTest (/Users/johnneed/Projects/gmc-shelters/node_modules/jest-runner/build/runTest.js:444:34)
            at Object.worker (/Users/johnneed/Projects/gmc-shelters/node_modules/jest-runner/build/testWorker.js:106:12),
        type: 'unhandled exception'
      }

      159 |
      160 |   it('renders the preview pane image using selectedPhotoUrl (preview-size thumbnail)', () => {
    > 161 |     render(<PhotoDetailPane {...makeProps({ selectedPhotoUrl: '/preview-thumb.jpg', editorPhotoUrl: '/full-res.jpg' })} />);
          |           ^
      162 |     const preview = screen.getByTestId('photo-preview');
      163 |     expect(preview.querySelector('img')?.getAttribute('src')).toBe('/preview-thumb.jpg');
      164 |   });

      at VirtualConsole.<anonymous> (node_modules/jest-environment-jsdom/build/index.js:63:23)
      at reportException (node_modules/jsdom/lib/jsdom/living/helpers/runtime-script-errors.js:70:28)
      at innerInvokeEventListeners (node_modules/jsdom/lib/jsdom/living/events/EventTarget-impl.js:353:9)
      at invokeEventListeners (node_modules/jsdom/lib/jsdom/living/events/EventTarget-impl.js:286:3)
      at HTMLUnknownElementImpl._dispatch (node_modules/jsdom/lib/jsdom/living/events/EventTarget-impl.js:233:9)
      at HTMLUnknownElementImpl.dispatchEvent (node_modules/jsdom/lib/jsdom/living/events/EventTarget-impl.js:104:17)
      at HTMLUnknownElement.dispatchEvent (node_modules/jsdom/lib/jsdom/living/generated/EventTarget.js:241:34)
      at Object.invokeGuardedCallbackDev (node_modules/react-dom/cjs/react-dom.development.js:4213:16)
      at invokeGuardedCallback (node_modules/react-dom/cjs/react-dom.development.js:4277:31)
      at reportUncaughtErrorInDEV (node_modules/react-dom/cjs/react-dom.development.js:22877:5)
      at captureCommitPhaseError (node_modules/react-dom/cjs/react-dom.development.js:27165:5)
      at commitPassiveMountEffects_complete (node_modules/react-dom/cjs/react-dom.development.js:24932:9)
      at commitPassiveMountEffects_begin (node_modules/react-dom/cjs/react-dom.development.js:24917:7)
      at commitPassiveMountEffects (node_modules/react-dom/cjs/react-dom.development.js:24905:3)
      at flushPassiveEffectsImpl (node_modules/react-dom/cjs/react-dom.development.js:27078:3)
      at flushPassiveEffects (node_modules/react-dom/cjs/react-dom.development.js:27023:14)
      at node_modules/react-dom/cjs/react-dom.development.js:26808:9
      at flushActQueue (node_modules/react/cjs/react.development.js:2667:24)
      at act (node_modules/react/cjs/react.development.js:2582:11)
      at node_modules/@testing-library/react/dist/act-compat.js:46:25
      at renderRoot (node_modules/@testing-library/react/dist/pure.js:189:26)
      at render (node_modules/@testing-library/react/dist/pure.js:291:10)
      at Object.<anonymous> (src/renderer/components/MainPane/tabs/PhotoDetailPane.test.tsx:161:11)

    console.error
      The above error occurred in the <PhotoDetailPane> component:
      
          at PhotoDetailPane (/Users/johnneed/Projects/gmc-shelters/src/renderer/components/MainPane/tabs/PhotoDetailPane.tsx:39:3)
      
      Consider adding an error boundary to your tree to customize error handling behavior.
      Visit https://reactjs.org/link/error-boundaries to learn more about error boundaries.

      159 |
      160 |   it('renders the preview pane image using selectedPhotoUrl (preview-size thumbnail)', () => {
    > 161 |     render(<PhotoDetailPane {...makeProps({ selectedPhotoUrl: '/preview-thumb.jpg', editorPhotoUrl: '/full-res.jpg' })} />);
          |           ^
      162 |     const preview = screen.getByTestId('photo-preview');
      163 |     expect(preview.querySelector('img')?.getAttribute('src')).toBe('/preview-thumb.jpg');
      164 |   });

      at logCapturedError (node_modules/react-dom/cjs/react-dom.development.js:18704:23)
      at update.callback (node_modules/react-dom/cjs/react-dom.development.js:18737:5)
      at callCallback (node_modules/react-dom/cjs/react-dom.development.js:15036:12)
      at commitUpdateQueue (node_modules/react-dom/cjs/react-dom.development.js:15057:9)
      at commitLayoutEffectOnFiber (node_modules/react-dom/cjs/react-dom.development.js:23430:13)
      at commitLayoutMountEffects_complete (node_modules/react-dom/cjs/react-dom.development.js:24727:9)
      at commitLayoutEffects_begin (node_modules/react-dom/cjs/react-dom.development.js:24713:7)
      at commitLayoutEffects (node_modules/react-dom/cjs/react-dom.development.js:24651:3)
      at commitRootImpl (node_modules/react-dom/cjs/react-dom.development.js:26862:5)
      at commitRoot (node_modules/react-dom/cjs/react-dom.development.js:26721:5)
      at performSyncWorkOnRoot (node_modules/react-dom/cjs/react-dom.development.js:26156:3)
      at flushSyncCallbacks (node_modules/react-dom/cjs/react-dom.development.js:12042:22)
      at flushPassiveEffectsImpl (node_modules/react-dom/cjs/react-dom.development.js:27099:3)
      at flushPassiveEffects (node_modules/react-dom/cjs/react-dom.development.js:27023:14)
      at node_modules/react-dom/cjs/react-dom.development.js:26808:9
      at flushActQueue (node_modules/react/cjs/react.development.js:2667:24)
      at act (node_modules/react/cjs/react.development.js:2582:11)
      at node_modules/@testing-library/react/dist/act-compat.js:46:25
      at renderRoot (node_modules/@testing-library/react/dist/pure.js:189:26)
      at render (node_modules/@testing-library/react/dist/pure.js:291:10)
      at Object.<anonymous> (src/renderer/components/MainPane/tabs/PhotoDetailPane.test.tsx:161:11)

    console.error
      Error: Uncaught [TypeError: fieldsRef.current?.scrollTo is not a function]
          at reportException (/Users/johnneed/Projects/gmc-shelters/node_modules/jsdom/lib/jsdom/living/helpers/runtime-script-errors.js:66:24)
          at innerInvokeEventListeners (/Users/johnneed/Projects/gmc-shelters/node_modules/jsdom/lib/jsdom/living/events/EventTarget-impl.js:353:9)
          at invokeEventListeners (/Users/johnneed/Projects/gmc-shelters/node_modules/jsdom/lib/jsdom/living/events/EventTarget-impl.js:286:3)
          at HTMLUnknownElementImpl._dispatch (/Users/johnneed/Projects/gmc-shelters/node_modules/jsdom/lib/jsdom/living/events/EventTarget-impl.js:233:9)
          at HTMLUnknownElementImpl.dispatchEvent (/Users/johnneed/Projects/gmc-shelters/node_modules/jsdom/lib/jsdom/living/events/EventTarget-impl.js:104:17)
          at HTMLUnknownElement.dispatchEvent (/Users/johnneed/Projects/gmc-shelters/node_modules/jsdom/lib/jsdom/living/generated/EventTarget.js:241:34)
          at Object.invokeGuardedCallbackDev (/Users/johnneed/Projects/gmc-shelters/node_modules/react-dom/cjs/react-dom.development.js:4213:16)
          at invokeGuardedCallback (/Users/johnneed/Projects/gmc-shelters/node_modules/react-dom/cjs/react-dom.development.js:4277:31)
          at reportUncaughtErrorInDEV (/Users/johnneed/Projects/gmc-shelters/node_modules/react-dom/cjs/react-dom.development.js:22877:5)
          at captureCommitPhaseError (/Users/johnneed/Projects/gmc-shelters/node_modules/react-dom/cjs/react-dom.development.js:27165:5)
          at commitPassiveMountEffects_complete (/Users/johnneed/Projects/gmc-shelters/node_modules/react-dom/cjs/react-dom.development.js:24932:9)
          at commitPassiveMountEffects_begin (/Users/johnneed/Projects/gmc-shelters/node_modules/react-dom/cjs/react-dom.development.js:24917:7)
          at commitPassiveMountEffects (/Users/johnneed/Projects/gmc-shelters/node_modules/react-dom/cjs/react-dom.development.js:24905:3)
          at flushPassiveEffectsImpl (/Users/johnneed/Projects/gmc-shelters/node_modules/react-dom/cjs/react-dom.development.js:27078:3)
          at flushPassiveEffects (/Users/johnneed/Projects/gmc-shelters/node_modules/react-dom/cjs/react-dom.development.js:27023:14)
          at /Users/johnneed/Projects/gmc-shelters/node_modules/react-dom/cjs/react-dom.development.js:26808:9
          at flushActQueue (/Users/johnneed/Projects/gmc-shelters/node_modules/react/cjs/react.development.js:2667:24)
          at act (/Users/johnneed/Projects/gmc-shelters/node_modules/react/cjs/react.development.js:2582:11)
          at /Users/johnneed/Projects/gmc-shelters/node_modules/@testing-library/react/dist/act-compat.js:46:25
          at renderRoot (/Users/johnneed/Projects/gmc-shelters/node_modules/@testing-library/react/dist/pure.js:189:26)
          at render (/Users/johnneed/Projects/gmc-shelters/node_modules/@testing-library/react/dist/pure.js:291:10)
          at Object.<anonymous> (/Users/johnneed/Projects/gmc-shelters/src/renderer/components/MainPane/tabs/PhotoDetailPane.test.tsx:168:11)
          at Promise.then.completed (/Users/johnneed/Projects/gmc-shelters/node_modules/jest-circus/build/utils.js:298:28)
          at new Promise (<anonymous>)
          at callAsyncCircusFn (/Users/johnneed/Projects/gmc-shelters/node_modules/jest-circus/build/utils.js:231:10)
          at _callCircusTest (/Users/johnneed/Projects/gmc-shelters/node_modules/jest-circus/build/run.js:316:40)
          at processTicksAndRejections (node:internal/process/task_queues:105:5)
          at _runTest (/Users/johnneed/Projects/gmc-shelters/node_modules/jest-circus/build/run.js:252:3)
          at _runTestsForDescribeBlock (/Users/johnneed/Projects/gmc-shelters/node_modules/jest-circus/build/run.js:126:9)
          at _runTestsForDescribeBlock (/Users/johnneed/Projects/gmc-shelters/node_modules/jest-circus/build/run.js:121:9)
          at run (/Users/johnneed/Projects/gmc-shelters/node_modules/jest-circus/build/run.js:71:3)
          at runAndTransformResultsToJestFormat (/Users/johnneed/Projects/gmc-shelters/node_modules/jest-circus/build/legacy-code-todo-rewrite/jestAdapterInit.js:122:21)
          at jestAdapter (/Users/johnneed/Projects/gmc-shelters/node_modules/jest-circus/build/legacy-code-todo-rewrite/jestAdapter.js:79:19)
          at runTestInternal (/Users/johnneed/Projects/gmc-shelters/node_modules/jest-runner/build/runTest.js:367:16)
          at runTest (/Users/johnneed/Projects/gmc-shelters/node_modules/jest-runner/build/runTest.js:444:34)
          at Object.worker (/Users/johnneed/Projects/gmc-shelters/node_modules/jest-runner/build/testWorker.js:106:12) {
        detail: TypeError: fieldsRef.current?.scrollTo is not a function
            at /Users/johnneed/Projects/gmc-shelters/src/renderer/components/MainPane/tabs/PhotoDetailPane.tsx:49:24
            at commitHookEffectListMount (/Users/johnneed/Projects/gmc-shelters/node_modules/react-dom/cjs/react-dom.development.js:23189:26)
            at commitPassiveMountOnFiber (/Users/johnneed/Projects/gmc-shelters/node_modules/react-dom/cjs/react-dom.development.js:24970:11)
            at commitPassiveMountEffects_complete (/Users/johnneed/Projects/gmc-shelters/node_modules/react-dom/cjs/react-dom.development.js:24930:9)
            at commitPassiveMountEffects_begin (/Users/johnneed/Projects/gmc-shelters/node_modules/react-dom/cjs/react-dom.development.js:24917:7)
            at commitPassiveMountEffects (/Users/johnneed/Projects/gmc-shelters/node_modules/react-dom/cjs/react-dom.development.js:24905:3)
            at flushPassiveEffectsImpl (/Users/johnneed/Projects/gmc-shelters/node_modules/react-dom/cjs/react-dom.development.js:27078:3)
            at flushPassiveEffects (/Users/johnneed/Projects/gmc-shelters/node_modules/react-dom/cjs/react-dom.development.js:27023:14)
            at /Users/johnneed/Projects/gmc-shelters/node_modules/react-dom/cjs/react-dom.development.js:26808:9
            at flushActQueue (/Users/johnneed/Projects/gmc-shelters/node_modules/react/cjs/react.development.js:2667:24)
            at act (/Users/johnneed/Projects/gmc-shelters/node_modules/react/cjs/react.development.js:2582:11)
            at /Users/johnneed/Projects/gmc-shelters/node_modules/@testing-library/react/dist/act-compat.js:46:25
            at renderRoot (/Users/johnneed/Projects/gmc-shelters/node_modules/@testing-library/react/dist/pure.js:189:26)
            at render (/Users/johnneed/Projects/gmc-shelters/node_modules/@testing-library/react/dist/pure.js:291:10)
            at Object.<anonymous> (/Users/johnneed/Projects/gmc-shelters/src/renderer/components/MainPane/tabs/PhotoDetailPane.test.tsx:168:11)
            at Promise.then.completed (/Users/johnneed/Projects/gmc-shelters/node_modules/jest-circus/build/utils.js:298:28)
            at new Promise (<anonymous>)
            at callAsyncCircusFn (/Users/johnneed/Projects/gmc-shelters/node_modules/jest-circus/build/utils.js:231:10)
            at _callCircusTest (/Users/johnneed/Projects/gmc-shelters/node_modules/jest-circus/build/run.js:316:40)
            at processTicksAndRejections (node:internal/process/task_queues:105:5)
            at _runTest (/Users/johnneed/Projects/gmc-shelters/node_modules/jest-circus/build/run.js:252:3)
            at _runTestsForDescribeBlock (/Users/johnneed/Projects/gmc-shelters/node_modules/jest-circus/build/run.js:126:9)
            at _runTestsForDescribeBlock (/Users/johnneed/Projects/gmc-shelters/node_modules/jest-circus/build/run.js:121:9)
            at run (/Users/johnneed/Projects/gmc-shelters/node_modules/jest-circus/build/run.js:71:3)
            at runAndTransformResultsToJestFormat (/Users/johnneed/Projects/gmc-shelters/node_modules/jest-circus/build/legacy-code-todo-rewrite/jestAdapterInit.js:122:21)
            at jestAdapter (/Users/johnneed/Projects/gmc-shelters/node_modules/jest-circus/build/legacy-code-todo-rewrite/jestAdapter.js:79:19)
            at runTestInternal (/Users/johnneed/Projects/gmc-shelters/node_modules/jest-runner/build/runTest.js:367:16)
            at runTest (/Users/johnneed/Projects/gmc-shelters/node_modules/jest-runner/build/runTest.js:444:34)
            at Object.worker (/Users/johnneed/Projects/gmc-shelters/node_modules/jest-runner/build/testWorker.js:106:12),
        type: 'unhandled exception'
      }

      166 |   it('passes editorPhotoUrl (not selectedPhotoUrl) to the photo editor dialog', () => {
      167 |     const store = makeStore();
    > 168 |     render(
          |           ^
      169 |       <Provider store={store}>
      170 |         <PhotoDetailPane {...makeProps({
      171 |           editorOpen: true,

      at VirtualConsole.<anonymous> (node_modules/jest-environment-jsdom/build/index.js:63:23)
      at reportException (node_modules/jsdom/lib/jsdom/living/helpers/runtime-script-errors.js:70:28)
      at innerInvokeEventListeners (node_modules/jsdom/lib/jsdom/living/events/EventTarget-impl.js:353:9)
      at invokeEventListeners (node_modules/jsdom/lib/jsdom/living/events/EventTarget-impl.js:286:3)
      at HTMLUnknownElementImpl._dispatch (node_modules/jsdom/lib/jsdom/living/events/EventTarget-impl.js:233:9)
      at HTMLUnknownElementImpl.dispatchEvent (node_modules/jsdom/lib/jsdom/living/events/EventTarget-impl.js:104:17)
      at HTMLUnknownElement.dispatchEvent (node_modules/jsdom/lib/jsdom/living/generated/EventTarget.js:241:34)
      at Object.invokeGuardedCallbackDev (node_modules/react-dom/cjs/react-dom.development.js:4213:16)
      at invokeGuardedCallback (node_modules/react-dom/cjs/react-dom.development.js:4277:31)
      at reportUncaughtErrorInDEV (node_modules/react-dom/cjs/react-dom.development.js:22877:5)
      at captureCommitPhaseError (node_modules/react-dom/cjs/react-dom.development.js:27165:5)
      at commitPassiveMountEffects_complete (node_modules/react-dom/cjs/react-dom.development.js:24932:9)
      at commitPassiveMountEffects_begin (node_modules/react-dom/cjs/react-dom.development.js:24917:7)
      at commitPassiveMountEffects (node_modules/react-dom/cjs/react-dom.development.js:24905:3)
      at flushPassiveEffectsImpl (node_modules/react-dom/cjs/react-dom.development.js:27078:3)
      at flushPassiveEffects (node_modules/react-dom/cjs/react-dom.development.js:27023:14)
      at node_modules/react-dom/cjs/react-dom.development.js:26808:9
      at flushActQueue (node_modules/react/cjs/react.development.js:2667:24)
      at act (node_modules/react/cjs/react.development.js:2582:11)
      at node_modules/@testing-library/react/dist/act-compat.js:46:25
      at renderRoot (node_modules/@testing-library/react/dist/pure.js:189:26)
      at render (node_modules/@testing-library/react/dist/pure.js:291:10)
      at Object.<anonymous> (src/renderer/components/MainPane/tabs/PhotoDetailPane.test.tsx:168:11)

    console.error
      The above error occurred in the <PhotoDetailPane> component:
      
          at PhotoDetailPane (/Users/johnneed/Projects/gmc-shelters/src/renderer/components/MainPane/tabs/PhotoDetailPane.tsx:39:3)
          at Provider (/Users/johnneed/Projects/gmc-shelters/node_modules/react-redux/src/components/Provider.tsx:60:11)
      
      Consider adding an error boundary to your tree to customize error handling behavior.
      Visit https://reactjs.org/link/error-boundaries to learn more about error boundaries.

      166 |   it('passes editorPhotoUrl (not selectedPhotoUrl) to the photo editor dialog', () => {
      167 |     const store = makeStore();
    > 168 |     render(
          |           ^
      169 |       <Provider store={store}>
      170 |         <PhotoDetailPane {...makeProps({
      171 |           editorOpen: true,

      at logCapturedError (node_modules/react-dom/cjs/react-dom.development.js:18704:23)
      at update.callback (node_modules/react-dom/cjs/react-dom.development.js:18737:5)
      at callCallback (node_modules/react-dom/cjs/react-dom.development.js:15036:12)
      at commitUpdateQueue (node_modules/react-dom/cjs/react-dom.development.js:15057:9)
      at commitLayoutEffectOnFiber (node_modules/react-dom/cjs/react-dom.development.js:23430:13)
      at commitLayoutMountEffects_complete (node_modules/react-dom/cjs/react-dom.development.js:24727:9)
      at commitLayoutEffects_begin (node_modules/react-dom/cjs/react-dom.development.js:24713:7)
      at commitLayoutEffects (node_modules/react-dom/cjs/react-dom.development.js:24651:3)
      at commitRootImpl (node_modules/react-dom/cjs/react-dom.development.js:26862:5)
      at commitRoot (node_modules/react-dom/cjs/react-dom.development.js:26721:5)
      at performSyncWorkOnRoot (node_modules/react-dom/cjs/react-dom.development.js:26156:3)
      at flushSyncCallbacks (node_modules/react-dom/cjs/react-dom.development.js:12042:22)
      at flushPassiveEffectsImpl (node_modules/react-dom/cjs/react-dom.development.js:27099:3)
      at flushPassiveEffects (node_modules/react-dom/cjs/react-dom.development.js:27023:14)
      at node_modules/react-dom/cjs/react-dom.development.js:26808:9
      at flushActQueue (node_modules/react/cjs/react.development.js:2667:24)
      at act (node_modules/react/cjs/react.development.js:2582:11)
      at node_modules/@testing-library/react/dist/act-compat.js:46:25
      at renderRoot (node_modules/@testing-library/react/dist/pure.js:189:26)
      at render (node_modules/@testing-library/react/dist/pure.js:291:10)
      at Object.<anonymous> (src/renderer/components/MainPane/tabs/PhotoDetailPane.test.tsx:168:11)

  ● PhotoDetailPane › renders the photo title

    TypeError: fieldsRef.current?.scrollTo is not a function

      47 |
      48 |   useEffect(() => {
    > 49 |     fieldsRef.current?.scrollTo({ top: 0, behavior: 'smooth' });
         |                        ^
      50 |   }, [selected.id]);
      51 |
      52 |   return (

      at src/renderer/components/MainPane/tabs/PhotoDetailPane.tsx:49:24
      at commitHookEffectListMount (node_modules/react-dom/cjs/react-dom.development.js:23189:26)
      at commitPassiveMountOnFiber (node_modules/react-dom/cjs/react-dom.development.js:24970:11)
      at commitPassiveMountEffects_complete (node_modules/react-dom/cjs/react-dom.development.js:24930:9)
      at commitPassiveMountEffects_begin (node_modules/react-dom/cjs/react-dom.development.js:24917:7)
      at commitPassiveMountEffects (node_modules/react-dom/cjs/react-dom.development.js:24905:3)
      at flushPassiveEffectsImpl (node_modules/react-dom/cjs/react-dom.development.js:27078:3)
      at flushPassiveEffects (node_modules/react-dom/cjs/react-dom.development.js:27023:14)
      at node_modules/react-dom/cjs/react-dom.development.js:26808:9
      at flushActQueue (node_modules/react/cjs/react.development.js:2667:24)
      at act (node_modules/react/cjs/react.development.js:2582:11)
      at node_modules/@testing-library/react/dist/act-compat.js:46:25
      at renderRoot (node_modules/@testing-library/react/dist/pure.js:189:26)
      at render (node_modules/@testing-library/react/dist/pure.js:291:10)
      at Object.<anonymous> (src/renderer/components/MainPane/tabs/PhotoDetailPane.test.tsx:69:11)

  ● PhotoDetailPane › renders "Untitled" when title is empty

    TypeError: fieldsRef.current?.scrollTo is not a function

      47 |
      48 |   useEffect(() => {
    > 49 |     fieldsRef.current?.scrollTo({ top: 0, behavior: 'smooth' });
         |                        ^
      50 |   }, [selected.id]);
      51 |
      52 |   return (

      at src/renderer/components/MainPane/tabs/PhotoDetailPane.tsx:49:24
      at commitHookEffectListMount (node_modules/react-dom/cjs/react-dom.development.js:23189:26)
      at commitPassiveMountOnFiber (node_modules/react-dom/cjs/react-dom.development.js:24970:11)
      at commitPassiveMountEffects_complete (node_modules/react-dom/cjs/react-dom.development.js:24930:9)
      at commitPassiveMountEffects_begin (node_modules/react-dom/cjs/react-dom.development.js:24917:7)
      at commitPassiveMountEffects (node_modules/react-dom/cjs/react-dom.development.js:24905:3)
      at flushPassiveEffectsImpl (node_modules/react-dom/cjs/react-dom.development.js:27078:3)
      at flushPassiveEffects (node_modules/react-dom/cjs/react-dom.development.js:27023:14)
      at node_modules/react-dom/cjs/react-dom.development.js:26808:9
      at flushActQueue (node_modules/react/cjs/react.development.js:2667:24)
      at act (node_modules/react/cjs/react.development.js:2582:11)
      at node_modules/@testing-library/react/dist/act-compat.js:46:25
      at renderRoot (node_modules/@testing-library/react/dist/pure.js:189:26)
      at render (node_modules/@testing-library/react/dist/pure.js:291:10)
      at Object.<anonymous> (src/renderer/components/MainPane/tabs/PhotoDetailPane.test.tsx:74:11)

  ● PhotoDetailPane › renders the file_name below the title

    TypeError: fieldsRef.current?.scrollTo is not a function

      47 |
      48 |   useEffect(() => {
    > 49 |     fieldsRef.current?.scrollTo({ top: 0, behavior: 'smooth' });
         |                        ^
      50 |   }, [selected.id]);
      51 |
      52 |   return (

      at src/renderer/components/MainPane/tabs/PhotoDetailPane.tsx:49:24
      at commitHookEffectListMount (node_modules/react-dom/cjs/react-dom.development.js:23189:26)
      at commitPassiveMountOnFiber (node_modules/react-dom/cjs/react-dom.development.js:24970:11)
      at commitPassiveMountEffects_complete (node_modules/react-dom/cjs/react-dom.development.js:24930:9)
      at commitPassiveMountEffects_begin (node_modules/react-dom/cjs/react-dom.development.js:24917:7)
      at commitPassiveMountEffects (node_modules/react-dom/cjs/react-dom.development.js:24905:3)
      at flushPassiveEffectsImpl (node_modules/react-dom/cjs/react-dom.development.js:27078:3)
      at flushPassiveEffects (node_modules/react-dom/cjs/react-dom.development.js:27023:14)
      at node_modules/react-dom/cjs/react-dom.development.js:26808:9
      at flushActQueue (node_modules/react/cjs/react.development.js:2667:24)
      at act (node_modules/react/cjs/react.development.js:2582:11)
      at node_modules/@testing-library/react/dist/act-compat.js:46:25
      at renderRoot (node_modules/@testing-library/react/dist/pure.js:189:26)
      at render (node_modules/@testing-library/react/dist/pure.js:291:10)
      at Object.<anonymous> (src/renderer/components/MainPane/tabs/PhotoDetailPane.test.tsx:79:11)

  ● PhotoDetailPane › Save Metadata button is disabled when not dirty

    TypeError: fieldsRef.current?.scrollTo is not a function

      47 |
      48 |   useEffect(() => {
    > 49 |     fieldsRef.current?.scrollTo({ top: 0, behavior: 'smooth' });
         |                        ^
      50 |   }, [selected.id]);
      51 |
      52 |   return (

      at src/renderer/components/MainPane/tabs/PhotoDetailPane.tsx:49:24
      at commitHookEffectListMount (node_modules/react-dom/cjs/react-dom.development.js:23189:26)
      at commitPassiveMountOnFiber (node_modules/react-dom/cjs/react-dom.development.js:24970:11)
      at commitPassiveMountEffects_complete (node_modules/react-dom/cjs/react-dom.development.js:24930:9)
      at commitPassiveMountEffects_begin (node_modules/react-dom/cjs/react-dom.development.js:24917:7)
      at commitPassiveMountEffects (node_modules/react-dom/cjs/react-dom.development.js:24905:3)
      at flushPassiveEffectsImpl (node_modules/react-dom/cjs/react-dom.development.js:27078:3)
      at flushPassiveEffects (node_modules/react-dom/cjs/react-dom.development.js:27023:14)
      at node_modules/react-dom/cjs/react-dom.development.js:26808:9
      at flushActQueue (node_modules/react/cjs/react.development.js:2667:24)
      at act (node_modules/react/cjs/react.development.js:2582:11)
      at node_modules/@testing-library/react/dist/act-compat.js:46:25
      at renderRoot (node_modules/@testing-library/react/dist/pure.js:189:26)
      at render (node_modules/@testing-library/react/dist/pure.js:291:10)
      at Object.<anonymous> (src/renderer/components/MainPane/tabs/PhotoDetailPane.test.tsx:84:11)

  ● PhotoDetailPane › Save Metadata button is enabled when dirty

    TypeError: fieldsRef.current?.scrollTo is not a function

      47 |
      48 |   useEffect(() => {
    > 49 |     fieldsRef.current?.scrollTo({ top: 0, behavior: 'smooth' });
         |                        ^
      50 |   }, [selected.id]);
      51 |
      52 |   return (

      at src/renderer/components/MainPane/tabs/PhotoDetailPane.tsx:49:24
      at commitHookEffectListMount (node_modules/react-dom/cjs/react-dom.development.js:23189:26)
      at commitPassiveMountOnFiber (node_modules/react-dom/cjs/react-dom.development.js:24970:11)
      at commitPassiveMountEffects_complete (node_modules/react-dom/cjs/react-dom.development.js:24930:9)
      at commitPassiveMountEffects_begin (node_modules/react-dom/cjs/react-dom.development.js:24917:7)
      at commitPassiveMountEffects (node_modules/react-dom/cjs/react-dom.development.js:24905:3)
      at flushPassiveEffectsImpl (node_modules/react-dom/cjs/react-dom.development.js:27078:3)
      at flushPassiveEffects (node_modules/react-dom/cjs/react-dom.development.js:27023:14)
      at node_modules/react-dom/cjs/react-dom.development.js:26808:9
      at flushActQueue (node_modules/react/cjs/react.development.js:2667:24)
      at act (node_modules/react/cjs/react.development.js:2582:11)
      at node_modules/@testing-library/react/dist/act-compat.js:46:25
      at renderRoot (node_modules/@testing-library/react/dist/pure.js:189:26)
      at render (node_modules/@testing-library/react/dist/pure.js:291:10)
      at Object.<anonymous> (src/renderer/components/MainPane/tabs/PhotoDetailPane.test.tsx:89:11)

  ● PhotoDetailPane › calls onSaveMetadata when Save Metadata is clicked

    TypeError: fieldsRef.current?.scrollTo is not a function

      47 |
      48 |   useEffect(() => {
    > 49 |     fieldsRef.current?.scrollTo({ top: 0, behavior: 'smooth' });
         |                        ^
      50 |   }, [selected.id]);
      51 |
      52 |   return (

      at src/renderer/components/MainPane/tabs/PhotoDetailPane.tsx:49:24
      at commitHookEffectListMount (node_modules/react-dom/cjs/react-dom.development.js:23189:26)
      at commitPassiveMountOnFiber (node_modules/react-dom/cjs/react-dom.development.js:24970:11)
      at commitPassiveMountEffects_complete (node_modules/react-dom/cjs/react-dom.development.js:24930:9)
      at commitPassiveMountEffects_begin (node_modules/react-dom/cjs/react-dom.development.js:24917:7)
      at commitPassiveMountEffects (node_modules/react-dom/cjs/react-dom.development.js:24905:3)
      at flushPassiveEffectsImpl (node_modules/react-dom/cjs/react-dom.development.js:27078:3)
      at flushPassiveEffects (node_modules/react-dom/cjs/react-dom.development.js:27023:14)
      at node_modules/react-dom/cjs/react-dom.development.js:26808:9
      at flushActQueue (node_modules/react/cjs/react.development.js:2667:24)
      at act (node_modules/react/cjs/react.development.js:2582:11)
      at node_modules/@testing-library/react/dist/act-compat.js:46:25
      at renderRoot (node_modules/@testing-library/react/dist/pure.js:189:26)
      at render (node_modules/@testing-library/react/dist/pure.js:291:10)
      at Object.<anonymous> (src/renderer/components/MainPane/tabs/PhotoDetailPane.test.tsx:95:11)

  ● PhotoDetailPane › calls onOpenEditor when the preview is clicked

    TypeError: fieldsRef.current?.scrollTo is not a function

      47 |
      48 |   useEffect(() => {
    > 49 |     fieldsRef.current?.scrollTo({ top: 0, behavior: 'smooth' });
         |                        ^
      50 |   }, [selected.id]);
      51 |
      52 |   return (

      at src/renderer/components/MainPane/tabs/PhotoDetailPane.tsx:49:24
      at commitHookEffectListMount (node_modules/react-dom/cjs/react-dom.development.js:23189:26)
      at commitPassiveMountOnFiber (node_modules/react-dom/cjs/react-dom.development.js:24970:11)
      at commitPassiveMountEffects_complete (node_modules/react-dom/cjs/react-dom.development.js:24930:9)
      at commitPassiveMountEffects_begin (node_modules/react-dom/cjs/react-dom.development.js:24917:7)
      at commitPassiveMountEffects (node_modules/react-dom/cjs/react-dom.development.js:24905:3)
      at flushPassiveEffectsImpl (node_modules/react-dom/cjs/react-dom.development.js:27078:3)
      at flushPassiveEffects (node_modules/react-dom/cjs/react-dom.development.js:27023:14)
      at node_modules/react-dom/cjs/react-dom.development.js:26808:9
      at flushActQueue (node_modules/react/cjs/react.development.js:2667:24)
      at act (node_modules/react/cjs/react.development.js:2582:11)
      at node_modules/@testing-library/react/dist/act-compat.js:46:25
      at renderRoot (node_modules/@testing-library/react/dist/pure.js:189:26)
      at render (node_modules/@testing-library/react/dist/pure.js:291:10)
      at Object.<anonymous> (src/renderer/components/MainPane/tabs/PhotoDetailPane.test.tsx:102:11)

  ● PhotoDetailPane › calls onDelete when the delete button is clicked

    TypeError: fieldsRef.current?.scrollTo is not a function

      47 |
      48 |   useEffect(() => {
    > 49 |     fieldsRef.current?.scrollTo({ top: 0, behavior: 'smooth' });
         |                        ^
      50 |   }, [selected.id]);
      51 |
      52 |   return (

      at src/renderer/components/MainPane/tabs/PhotoDetailPane.tsx:49:24
      at commitHookEffectListMount (node_modules/react-dom/cjs/react-dom.development.js:23189:26)
      at commitPassiveMountOnFiber (node_modules/react-dom/cjs/react-dom.development.js:24970:11)
      at commitPassiveMountEffects_complete (node_modules/react-dom/cjs/react-dom.development.js:24930:9)
      at commitPassiveMountEffects_begin (node_modules/react-dom/cjs/react-dom.development.js:24917:7)
      at commitPassiveMountEffects (node_modules/react-dom/cjs/react-dom.development.js:24905:3)
      at flushPassiveEffectsImpl (node_modules/react-dom/cjs/react-dom.development.js:27078:3)
      at flushPassiveEffects (node_modules/react-dom/cjs/react-dom.development.js:27023:14)
      at node_modules/react-dom/cjs/react-dom.development.js:26808:9
      at flushActQueue (node_modules/react/cjs/react.development.js:2667:24)
      at act (node_modules/react/cjs/react.development.js:2582:11)
      at node_modules/@testing-library/react/dist/act-compat.js:46:25
      at renderRoot (node_modules/@testing-library/react/dist/pure.js:189:26)
      at render (node_modules/@testing-library/react/dist/pure.js:291:10)
      at Object.<anonymous> (src/renderer/components/MainPane/tabs/PhotoDetailPane.test.tsx:109:11)

  ● PhotoDetailPane › calls onMove when the move button is clicked

    TypeError: fieldsRef.current?.scrollTo is not a function

      47 |
      48 |   useEffect(() => {
    > 49 |     fieldsRef.current?.scrollTo({ top: 0, behavior: 'smooth' });
         |                        ^
      50 |   }, [selected.id]);
      51 |
      52 |   return (

      at src/renderer/components/MainPane/tabs/PhotoDetailPane.tsx:49:24
      at commitHookEffectListMount (node_modules/react-dom/cjs/react-dom.development.js:23189:26)
      at commitPassiveMountOnFiber (node_modules/react-dom/cjs/react-dom.development.js:24970:11)
      at commitPassiveMountEffects_complete (node_modules/react-dom/cjs/react-dom.development.js:24930:9)
      at commitPassiveMountEffects_begin (node_modules/react-dom/cjs/react-dom.development.js:24917:7)
      at commitPassiveMountEffects (node_modules/react-dom/cjs/react-dom.development.js:24905:3)
      at flushPassiveEffectsImpl (node_modules/react-dom/cjs/react-dom.development.js:27078:3)
      at flushPassiveEffects (node_modules/react-dom/cjs/react-dom.development.js:27023:14)
      at node_modules/react-dom/cjs/react-dom.development.js:26808:9
      at flushActQueue (node_modules/react/cjs/react.development.js:2667:24)
      at act (node_modules/react/cjs/react.development.js:2582:11)
      at node_modules/@testing-library/react/dist/act-compat.js:46:25
      at renderRoot (node_modules/@testing-library/react/dist/pure.js:189:26)
      at render (node_modules/@testing-library/react/dist/pure.js:291:10)
      at Object.<anonymous> (src/renderer/components/MainPane/tabs/PhotoDetailPane.test.tsx:116:11)

  ● PhotoDetailPane › disables the move button when canMove is false

    TypeError: fieldsRef.current?.scrollTo is not a function

      47 |
      48 |   useEffect(() => {
    > 49 |     fieldsRef.current?.scrollTo({ top: 0, behavior: 'smooth' });
         |                        ^
      50 |   }, [selected.id]);
      51 |
      52 |   return (

      at src/renderer/components/MainPane/tabs/PhotoDetailPane.tsx:49:24
      at commitHookEffectListMount (node_modules/react-dom/cjs/react-dom.development.js:23189:26)
      at commitPassiveMountOnFiber (node_modules/react-dom/cjs/react-dom.development.js:24970:11)
      at commitPassiveMountEffects_complete (node_modules/react-dom/cjs/react-dom.development.js:24930:9)
      at commitPassiveMountEffects_begin (node_modules/react-dom/cjs/react-dom.development.js:24917:7)
      at commitPassiveMountEffects (node_modules/react-dom/cjs/react-dom.development.js:24905:3)
      at flushPassiveEffectsImpl (node_modules/react-dom/cjs/react-dom.development.js:27078:3)
      at flushPassiveEffects (node_modules/react-dom/cjs/react-dom.development.js:27023:14)
      at node_modules/react-dom/cjs/react-dom.development.js:26808:9
      at flushActQueue (node_modules/react/cjs/react.development.js:2667:24)
      at act (node_modules/react/cjs/react.development.js:2582:11)
      at node_modules/@testing-library/react/dist/act-compat.js:46:25
      at renderRoot (node_modules/@testing-library/react/dist/pure.js:189:26)
      at render (node_modules/@testing-library/react/dist/pure.js:291:10)
      at Object.<anonymous> (src/renderer/components/MainPane/tabs/PhotoDetailPane.test.tsx:122:11)

  ● PhotoDetailPane › enables the move button when canMove is true

    TypeError: fieldsRef.current?.scrollTo is not a function

      47 |
      48 |   useEffect(() => {
    > 49 |     fieldsRef.current?.scrollTo({ top: 0, behavior: 'smooth' });
         |                        ^
      50 |   }, [selected.id]);
      51 |
      52 |   return (

      at src/renderer/components/MainPane/tabs/PhotoDetailPane.tsx:49:24
      at commitHookEffectListMount (node_modules/react-dom/cjs/react-dom.development.js:23189:26)
      at commitPassiveMountOnFiber (node_modules/react-dom/cjs/react-dom.development.js:24970:11)
      at commitPassiveMountEffects_complete (node_modules/react-dom/cjs/react-dom.development.js:24930:9)
      at commitPassiveMountEffects_begin (node_modules/react-dom/cjs/react-dom.development.js:24917:7)
      at commitPassiveMountEffects (node_modules/react-dom/cjs/react-dom.development.js:24905:3)
      at flushPassiveEffectsImpl (node_modules/react-dom/cjs/react-dom.development.js:27078:3)
      at flushPassiveEffects (node_modules/react-dom/cjs/react-dom.development.js:27023:14)
      at node_modules/react-dom/cjs/react-dom.development.js:26808:9
      at flushActQueue (node_modules/react/cjs/react.development.js:2667:24)
      at act (node_modules/react/cjs/react.development.js:2582:11)
      at node_modules/@testing-library/react/dist/act-compat.js:46:25
      at renderRoot (node_modules/@testing-library/react/dist/pure.js:189:26)
      at render (node_modules/@testing-library/react/dist/pure.js:291:10)
      at Object.<anonymous> (src/renderer/components/MainPane/tabs/PhotoDetailPane.test.tsx:127:11)

  ● PhotoDetailPane › calls onOpenMetadata when metadata button is clicked

    TypeError: fieldsRef.current?.scrollTo is not a function

      47 |
      48 |   useEffect(() => {
    > 49 |     fieldsRef.current?.scrollTo({ top: 0, behavior: 'smooth' });
         |                        ^
      50 |   }, [selected.id]);
      51 |
      52 |   return (

      at src/renderer/components/MainPane/tabs/PhotoDetailPane.tsx:49:24
      at commitHookEffectListMount (node_modules/react-dom/cjs/react-dom.development.js:23189:26)
      at commitPassiveMountOnFiber (node_modules/react-dom/cjs/react-dom.development.js:24970:11)
      at commitPassiveMountEffects_complete (node_modules/react-dom/cjs/react-dom.development.js:24930:9)
      at commitPassiveMountEffects_begin (node_modules/react-dom/cjs/react-dom.development.js:24917:7)
      at commitPassiveMountEffects (node_modules/react-dom/cjs/react-dom.development.js:24905:3)
      at flushPassiveEffectsImpl (node_modules/react-dom/cjs/react-dom.development.js:27078:3)
      at flushPassiveEffects (node_modules/react-dom/cjs/react-dom.development.js:27023:14)
      at node_modules/react-dom/cjs/react-dom.development.js:26808:9
      at flushActQueue (node_modules/react/cjs/react.development.js:2667:24)
      at act (node_modules/react/cjs/react.development.js:2582:11)
      at node_modules/@testing-library/react/dist/act-compat.js:46:25
      at renderRoot (node_modules/@testing-library/react/dist/pure.js:189:26)
      at render (node_modules/@testing-library/react/dist/pure.js:291:10)
      at Object.<anonymous> (src/renderer/components/MainPane/tabs/PhotoDetailPane.test.tsx:133:11)

  ● PhotoDetailPane › shows the ★ Default badge when isDefault is true

    TypeError: fieldsRef.current?.scrollTo is not a function

      47 |
      48 |   useEffect(() => {
    > 49 |     fieldsRef.current?.scrollTo({ top: 0, behavior: 'smooth' });
         |                        ^
      50 |   }, [selected.id]);
      51 |
      52 |   return (

      at src/renderer/components/MainPane/tabs/PhotoDetailPane.tsx:49:24
      at commitHookEffectListMount (node_modules/react-dom/cjs/react-dom.development.js:23189:26)
      at commitPassiveMountOnFiber (node_modules/react-dom/cjs/react-dom.development.js:24970:11)
      at commitPassiveMountEffects_complete (node_modules/react-dom/cjs/react-dom.development.js:24930:9)
      at commitPassiveMountEffects_begin (node_modules/react-dom/cjs/react-dom.development.js:24917:7)
      at commitPassiveMountEffects (node_modules/react-dom/cjs/react-dom.development.js:24905:3)
      at flushPassiveEffectsImpl (node_modules/react-dom/cjs/react-dom.development.js:27078:3)
      at flushPassiveEffects (node_modules/react-dom/cjs/react-dom.development.js:27023:14)
      at node_modules/react-dom/cjs/react-dom.development.js:26808:9
      at flushActQueue (node_modules/react/cjs/react.development.js:2667:24)
      at act (node_modules/react/cjs/react.development.js:2582:11)
      at node_modules/@testing-library/react/dist/act-compat.js:46:25
      at renderRoot (node_modules/@testing-library/react/dist/pure.js:189:26)
      at render (node_modules/@testing-library/react/dist/pure.js:291:10)
      at Object.<anonymous> (src/renderer/components/MainPane/tabs/PhotoDetailPane.test.tsx:139:11)

  ● PhotoDetailPane › does not show the default badge when isDefault is false

    TypeError: fieldsRef.current?.scrollTo is not a function

      47 |
      48 |   useEffect(() => {
    > 49 |     fieldsRef.current?.scrollTo({ top: 0, behavior: 'smooth' });
         |                        ^
      50 |   }, [selected.id]);
      51 |
      52 |   return (

      at src/renderer/components/MainPane/tabs/PhotoDetailPane.tsx:49:24
      at commitHookEffectListMount (node_modules/react-dom/cjs/react-dom.development.js:23189:26)
      at commitPassiveMountOnFiber (node_modules/react-dom/cjs/react-dom.development.js:24970:11)
      at commitPassiveMountEffects_complete (node_modules/react-dom/cjs/react-dom.development.js:24930:9)
      at commitPassiveMountEffects_begin (node_modules/react-dom/cjs/react-dom.development.js:24917:7)
      at commitPassiveMountEffects (node_modules/react-dom/cjs/react-dom.development.js:24905:3)
      at flushPassiveEffectsImpl (node_modules/react-dom/cjs/react-dom.development.js:27078:3)
      at flushPassiveEffects (node_modules/react-dom/cjs/react-dom.development.js:27023:14)
      at node_modules/react-dom/cjs/react-dom.development.js:26808:9
      at flushActQueue (node_modules/react/cjs/react.development.js:2667:24)
      at act (node_modules/react/cjs/react.development.js:2582:11)
      at node_modules/@testing-library/react/dist/act-compat.js:46:25
      at renderRoot (node_modules/@testing-library/react/dist/pure.js:189:26)
      at render (node_modules/@testing-library/react/dist/pure.js:291:10)
      at Object.<anonymous> (src/renderer/components/MainPane/tabs/PhotoDetailPane.test.tsx:144:11)

  ● PhotoDetailPane › shows photo_preview-clickable class on the preview

    TypeError: fieldsRef.current?.scrollTo is not a function

      47 |
      48 |   useEffect(() => {
    > 49 |     fieldsRef.current?.scrollTo({ top: 0, behavior: 'smooth' });
         |                        ^
      50 |   }, [selected.id]);
      51 |
      52 |   return (

      at src/renderer/components/MainPane/tabs/PhotoDetailPane.tsx:49:24
      at commitHookEffectListMount (node_modules/react-dom/cjs/react-dom.development.js:23189:26)
      at commitPassiveMountOnFiber (node_modules/react-dom/cjs/react-dom.development.js:24970:11)
      at commitPassiveMountEffects_complete (node_modules/react-dom/cjs/react-dom.development.js:24930:9)
      at commitPassiveMountEffects_begin (node_modules/react-dom/cjs/react-dom.development.js:24917:7)
      at commitPassiveMountEffects (node_modules/react-dom/cjs/react-dom.development.js:24905:3)
      at flushPassiveEffectsImpl (node_modules/react-dom/cjs/react-dom.development.js:27078:3)
      at flushPassiveEffects (node_modules/react-dom/cjs/react-dom.development.js:27023:14)
      at node_modules/react-dom/cjs/react-dom.development.js:26808:9
      at flushActQueue (node_modules/react/cjs/react.development.js:2667:24)
      at act (node_modules/react/cjs/react.development.js:2582:11)
      at node_modules/@testing-library/react/dist/act-compat.js:46:25
      at renderRoot (node_modules/@testing-library/react/dist/pure.js:189:26)
      at render (node_modules/@testing-library/react/dist/pure.js:291:10)
      at Object.<anonymous> (src/renderer/components/MainPane/tabs/PhotoDetailPane.test.tsx:149:11)

  ● PhotoDetailPane › calls onExport when Export button is clicked

    TypeError: fieldsRef.current?.scrollTo is not a function

      47 |
      48 |   useEffect(() => {
    > 49 |     fieldsRef.current?.scrollTo({ top: 0, behavior: 'smooth' });
         |                        ^
      50 |   }, [selected.id]);
      51 |
      52 |   return (

      at src/renderer/components/MainPane/tabs/PhotoDetailPane.tsx:49:24
      at commitHookEffectListMount (node_modules/react-dom/cjs/react-dom.development.js:23189:26)
      at commitPassiveMountOnFiber (node_modules/react-dom/cjs/react-dom.development.js:24970:11)
      at commitPassiveMountEffects_complete (node_modules/react-dom/cjs/react-dom.development.js:24930:9)
      at commitPassiveMountEffects_begin (node_modules/react-dom/cjs/react-dom.development.js:24917:7)
      at commitPassiveMountEffects (node_modules/react-dom/cjs/react-dom.development.js:24905:3)
      at flushPassiveEffectsImpl (node_modules/react-dom/cjs/react-dom.development.js:27078:3)
      at flushPassiveEffects (node_modules/react-dom/cjs/react-dom.development.js:27023:14)
      at node_modules/react-dom/cjs/react-dom.development.js:26808:9
      at flushActQueue (node_modules/react/cjs/react.development.js:2667:24)
      at act (node_modules/react/cjs/react.development.js:2582:11)
      at node_modules/@testing-library/react/dist/act-compat.js:46:25
      at renderRoot (node_modules/@testing-library/react/dist/pure.js:189:26)
      at render (node_modules/@testing-library/react/dist/pure.js:291:10)
      at Object.<anonymous> (src/renderer/components/MainPane/tabs/PhotoDetailPane.test.tsx:155:11)

  ● PhotoDetailPane › renders the preview pane image using selectedPhotoUrl (preview-size thumbnail)

    TypeError: fieldsRef.current?.scrollTo is not a function

      47 |
      48 |   useEffect(() => {
    > 49 |     fieldsRef.current?.scrollTo({ top: 0, behavior: 'smooth' });
         |                        ^
      50 |   }, [selected.id]);
      51 |
      52 |   return (

      at src/renderer/components/MainPane/tabs/PhotoDetailPane.tsx:49:24
      at commitHookEffectListMount (node_modules/react-dom/cjs/react-dom.development.js:23189:26)
      at commitPassiveMountOnFiber (node_modules/react-dom/cjs/react-dom.development.js:24970:11)
      at commitPassiveMountEffects_complete (node_modules/react-dom/cjs/react-dom.development.js:24930:9)
      at commitPassiveMountEffects_begin (node_modules/react-dom/cjs/react-dom.development.js:24917:7)
      at commitPassiveMountEffects (node_modules/react-dom/cjs/react-dom.development.js:24905:3)
      at flushPassiveEffectsImpl (node_modules/react-dom/cjs/react-dom.development.js:27078:3)
      at flushPassiveEffects (node_modules/react-dom/cjs/react-dom.development.js:27023:14)
      at node_modules/react-dom/cjs/react-dom.development.js:26808:9
      at flushActQueue (node_modules/react/cjs/react.development.js:2667:24)
      at act (node_modules/react/cjs/react.development.js:2582:11)
      at node_modules/@testing-library/react/dist/act-compat.js:46:25
      at renderRoot (node_modules/@testing-library/react/dist/pure.js:189:26)
      at render (node_modules/@testing-library/react/dist/pure.js:291:10)
      at Object.<anonymous> (src/renderer/components/MainPane/tabs/PhotoDetailPane.test.tsx:161:11)

  ● PhotoDetailPane › passes editorPhotoUrl (not selectedPhotoUrl) to the photo editor dialog

    TypeError: fieldsRef.current?.scrollTo is not a function

      47 |
      48 |   useEffect(() => {
    > 49 |     fieldsRef.current?.scrollTo({ top: 0, behavior: 'smooth' });
         |                        ^
      50 |   }, [selected.id]);
      51 |
      52 |   return (

      at src/renderer/components/MainPane/tabs/PhotoDetailPane.tsx:49:24
      at commitHookEffectListMount (node_modules/react-dom/cjs/react-dom.development.js:23189:26)
      at commitPassiveMountOnFiber (node_modules/react-dom/cjs/react-dom.development.js:24970:11)
      at commitPassiveMountEffects_complete (node_modules/react-dom/cjs/react-dom.development.js:24930:9)
      at commitPassiveMountEffects_begin (node_modules/react-dom/cjs/react-dom.development.js:24917:7)
      at commitPassiveMountEffects (node_modules/react-dom/cjs/react-dom.development.js:24905:3)
      at flushPassiveEffectsImpl (node_modules/react-dom/cjs/react-dom.development.js:27078:3)
      at flushPassiveEffects (node_modules/react-dom/cjs/react-dom.development.js:27023:14)
      at node_modules/react-dom/cjs/react-dom.development.js:26808:9
      at flushActQueue (node_modules/react/cjs/react.development.js:2667:24)
      at act (node_modules/react/cjs/react.development.js:2582:11)
      at node_modules/@testing-library/react/dist/act-compat.js:46:25
      at renderRoot (node_modules/@testing-library/react/dist/pure.js:189:26)
      at render (node_modules/@testing-library/react/dist/pure.js:291:10)
      at Object.<anonymous> (src/renderer/components/MainPane/tabs/PhotoDetailPane.test.tsx:168:11)

PASS main src/main/publish/gdrive.test.ts
PASS main src/main/db/__tests__/migration-009.test.ts (13.263 s)
PASS main src/main/export/builder.test.ts (13.832 s)
PASS main src/main/fs/thumbnails.test.ts
(node:79212) [DEP0040] DeprecationWarning: The `punycode` module is deprecated. Please use a userland alternative instead.
(Use `node --trace-deprecation ...` to show where the warning was created)
(node:79213) [DEP0040] DeprecationWarning: The `punycode` module is deprecated. Please use a userland alternative instead.
(Use `node --trace-deprecation ...` to show where the warning was created)
PASS renderer src/renderer/components/MainPane/tabs/ListRow.test.tsx (13.768 s)
PASS renderer src/shared/photo-date.test.ts
(node:79206) [DEP0040] DeprecationWarning: The `punycode` module is deprecated. Please use a userland alternative instead.
(Use `node --trace-deprecation ...` to show where the warning was created)
PASS renderer src/renderer/components/MainPane/tabs/ReconcileModal.test.tsx (14.271 s)
FAIL renderer src/renderer/components/MainPane/tabs/PhotosTab.test.tsx (15.338 s)
  ● Console

    console.error
      Warning: An update to PhotosTab inside a test was not wrapped in act(...).
      
      When testing, code that causes React state updates should be wrapped into act(...):
      
      act(() => {
        /* fire events that update state */
      });
      /* assert on the output */
      
      This ensures that you're testing the behavior the user would see in the browser. Learn more at https://reactjs.org/link/wrap-tests-with-act
          at PhotosTab (/Users/johnneed/Projects/gmc-shelters/src/renderer/components/MainPane/tabs/PhotosTab.tsx:58:31)
          at Provider (/Users/johnneed/Projects/gmc-shelters/node_modules/react-redux/src/components/Provider.tsx:60:11)

       7 |     if (typeof window === 'undefined' || !window.api) return undefined;
       8 |     window.api.app.getRepoRoot()
    >  9 |       .then((root) => { if (!cancelled) setRepoRoot(root); })
         |                                         ^
      10 |       .catch(() => {});
      11 |     return () => { cancelled = true; };
      12 |   }, []);

      at printWarning (node_modules/react-dom/cjs/react-dom.development.js:86:30)
      at error (node_modules/react-dom/cjs/react-dom.development.js:60:7)
      at warnIfUpdatesNotWrappedWithActDEV (node_modules/react-dom/cjs/react-dom.development.js:27628:9)
      at scheduleUpdateOnFiber (node_modules/react-dom/cjs/react-dom.development.js:25547:5)
      at dispatchSetState (node_modules/react-dom/cjs/react-dom.development.js:16708:7)
      at src/renderer/hooks/useRepoRoot.ts:9:41

    console.error
      Error: Uncaught [TypeError: fieldsRef.current?.scrollTo is not a function]
          at reportException (/Users/johnneed/Projects/gmc-shelters/node_modules/jsdom/lib/jsdom/living/helpers/runtime-script-errors.js:66:24)
          at innerInvokeEventListeners (/Users/johnneed/Projects/gmc-shelters/node_modules/jsdom/lib/jsdom/living/events/EventTarget-impl.js:353:9)
          at invokeEventListeners (/Users/johnneed/Projects/gmc-shelters/node_modules/jsdom/lib/jsdom/living/events/EventTarget-impl.js:286:3)
          at HTMLUnknownElementImpl._dispatch (/Users/johnneed/Projects/gmc-shelters/node_modules/jsdom/lib/jsdom/living/events/EventTarget-impl.js:233:9)
          at HTMLUnknownElementImpl.dispatchEvent (/Users/johnneed/Projects/gmc-shelters/node_modules/jsdom/lib/jsdom/living/events/EventTarget-impl.js:104:17)
          at HTMLUnknownElement.dispatchEvent (/Users/johnneed/Projects/gmc-shelters/node_modules/jsdom/lib/jsdom/living/generated/EventTarget.js:241:34)
          at Object.invokeGuardedCallbackDev (/Users/johnneed/Projects/gmc-shelters/node_modules/react-dom/cjs/react-dom.development.js:4213:16)
          at invokeGuardedCallback (/Users/johnneed/Projects/gmc-shelters/node_modules/react-dom/cjs/react-dom.development.js:4277:31)
          at reportUncaughtErrorInDEV (/Users/johnneed/Projects/gmc-shelters/node_modules/react-dom/cjs/react-dom.development.js:22877:5)
          at captureCommitPhaseError (/Users/johnneed/Projects/gmc-shelters/node_modules/react-dom/cjs/react-dom.development.js:27165:5)
          at commitPassiveMountEffects_complete (/Users/johnneed/Projects/gmc-shelters/node_modules/react-dom/cjs/react-dom.development.js:24932:9)
          at commitPassiveMountEffects_begin (/Users/johnneed/Projects/gmc-shelters/node_modules/react-dom/cjs/react-dom.development.js:24917:7)
          at commitPassiveMountEffects (/Users/johnneed/Projects/gmc-shelters/node_modules/react-dom/cjs/react-dom.development.js:24905:3)
          at flushPassiveEffectsImpl (/Users/johnneed/Projects/gmc-shelters/node_modules/react-dom/cjs/react-dom.development.js:27078:3)
          at flushPassiveEffects (/Users/johnneed/Projects/gmc-shelters/node_modules/react-dom/cjs/react-dom.development.js:27023:14)
          at performSyncWorkOnRoot (/Users/johnneed/Projects/gmc-shelters/node_modules/react-dom/cjs/react-dom.development.js:26115:3)
          at flushSyncCallbacks (/Users/johnneed/Projects/gmc-shelters/node_modules/react-dom/cjs/react-dom.development.js:12042:22)
          at commitRootImpl (/Users/johnneed/Projects/gmc-shelters/node_modules/react-dom/cjs/react-dom.development.js:26998:3)
          at commitRoot (/Users/johnneed/Projects/gmc-shelters/node_modules/react-dom/cjs/react-dom.development.js:26721:5)
          at finishConcurrentRender (/Users/johnneed/Projects/gmc-shelters/node_modules/react-dom/cjs/react-dom.development.js:26020:9)
          at performConcurrentWorkOnRoot (/Users/johnneed/Projects/gmc-shelters/node_modules/react-dom/cjs/react-dom.development.js:25848:7)
          at flushActQueue (/Users/johnneed/Projects/gmc-shelters/node_modules/react/cjs/react.development.js:2667:24)
          at act (/Users/johnneed/Projects/gmc-shelters/node_modules/react/cjs/react.development.js:2582:11)
          at /Users/johnneed/Projects/gmc-shelters/node_modules/@testing-library/react/dist/act-compat.js:46:25
          at renderRoot (/Users/johnneed/Projects/gmc-shelters/node_modules/@testing-library/react/dist/pure.js:189:26)
          at render (/Users/johnneed/Projects/gmc-shelters/node_modules/@testing-library/react/dist/pure.js:291:10)
          at Object.<anonymous> (/Users/johnneed/Projects/gmc-shelters/src/renderer/components/MainPane/tabs/PhotosTab.test.tsx:249:11)
          at Promise.then.completed (/Users/johnneed/Projects/gmc-shelters/node_modules/jest-circus/build/utils.js:298:28)
          at new Promise (<anonymous>)
          at callAsyncCircusFn (/Users/johnneed/Projects/gmc-shelters/node_modules/jest-circus/build/utils.js:231:10)
          at _callCircusTest (/Users/johnneed/Projects/gmc-shelters/node_modules/jest-circus/build/run.js:316:40)
          at _runTest (/Users/johnneed/Projects/gmc-shelters/node_modules/jest-circus/build/run.js:252:3)
          at _runTestsForDescribeBlock (/Users/johnneed/Projects/gmc-shelters/node_modules/jest-circus/build/run.js:126:9)
          at _runTestsForDescribeBlock (/Users/johnneed/Projects/gmc-shelters/node_modules/jest-circus/build/run.js:121:9)
          at run (/Users/johnneed/Projects/gmc-shelters/node_modules/jest-circus/build/run.js:71:3)
          at runAndTransformResultsToJestFormat (/Users/johnneed/Projects/gmc-shelters/node_modules/jest-circus/build/legacy-code-todo-rewrite/jestAdapterInit.js:122:21)
          at jestAdapter (/Users/johnneed/Projects/gmc-shelters/node_modules/jest-circus/build/legacy-code-todo-rewrite/jestAdapter.js:79:19)
          at runTestInternal (/Users/johnneed/Projects/gmc-shelters/node_modules/jest-runner/build/runTest.js:367:16)
          at runTest (/Users/johnneed/Projects/gmc-shelters/node_modules/jest-runner/build/runTest.js:444:34)
          at Object.worker (/Users/johnneed/Projects/gmc-shelters/node_modules/jest-runner/build/testWorker.js:106:12) {
        detail: TypeError: fieldsRef.current?.scrollTo is not a function
            at /Users/johnneed/Projects/gmc-shelters/src/renderer/components/MainPane/tabs/PhotoDetailPane.tsx:49:24
            at commitHookEffectListMount (/Users/johnneed/Projects/gmc-shelters/node_modules/react-dom/cjs/react-dom.development.js:23189:26)
            at commitPassiveMountOnFiber (/Users/johnneed/Projects/gmc-shelters/node_modules/react-dom/cjs/react-dom.development.js:24970:11)
            at commitPassiveMountEffects_complete (/Users/johnneed/Projects/gmc-shelters/node_modules/react-dom/cjs/react-dom.development.js:24930:9)
            at commitPassiveMountEffects_begin (/Users/johnneed/Projects/gmc-shelters/node_modules/react-dom/cjs/react-dom.development.js:24917:7)
            at commitPassiveMountEffects (/Users/johnneed/Projects/gmc-shelters/node_modules/react-dom/cjs/react-dom.development.js:24905:3)
            at flushPassiveEffectsImpl (/Users/johnneed/Projects/gmc-shelters/node_modules/react-dom/cjs/react-dom.development.js:27078:3)
            at flushPassiveEffects (/Users/johnneed/Projects/gmc-shelters/node_modules/react-dom/cjs/react-dom.development.js:27023:14)
            at performSyncWorkOnRoot (/Users/johnneed/Projects/gmc-shelters/node_modules/react-dom/cjs/react-dom.development.js:26115:3)
            at flushSyncCallbacks (/Users/johnneed/Projects/gmc-shelters/node_modules/react-dom/cjs/react-dom.development.js:12042:22)
            at commitRootImpl (/Users/johnneed/Projects/gmc-shelters/node_modules/react-dom/cjs/react-dom.development.js:26998:3)
            at commitRoot (/Users/johnneed/Projects/gmc-shelters/node_modules/react-dom/cjs/react-dom.development.js:26721:5)
            at finishConcurrentRender (/Users/johnneed/Projects/gmc-shelters/node_modules/react-dom/cjs/react-dom.development.js:26020:9)
            at performConcurrentWorkOnRoot (/Users/johnneed/Projects/gmc-shelters/node_modules/react-dom/cjs/react-dom.development.js:25848:7)
            at flushActQueue (/Users/johnneed/Projects/gmc-shelters/node_modules/react/cjs/react.development.js:2667:24)
            at act (/Users/johnneed/Projects/gmc-shelters/node_modules/react/cjs/react.development.js:2582:11)
            at /Users/johnneed/Projects/gmc-shelters/node_modules/@testing-library/react/dist/act-compat.js:46:25
            at renderRoot (/Users/johnneed/Projects/gmc-shelters/node_modules/@testing-library/react/dist/pure.js:189:26)
            at render (/Users/johnneed/Projects/gmc-shelters/node_modules/@testing-library/react/dist/pure.js:291:10)
            at Object.<anonymous> (/Users/johnneed/Projects/gmc-shelters/src/renderer/components/MainPane/tabs/PhotosTab.test.tsx:249:11)
            at Promise.then.completed (/Users/johnneed/Projects/gmc-shelters/node_modules/jest-circus/build/utils.js:298:28)
            at new Promise (<anonymous>)
            at callAsyncCircusFn (/Users/johnneed/Projects/gmc-shelters/node_modules/jest-circus/build/utils.js:231:10)
            at _callCircusTest (/Users/johnneed/Projects/gmc-shelters/node_modules/jest-circus/build/run.js:316:40)
            at _runTest (/Users/johnneed/Projects/gmc-shelters/node_modules/jest-circus/build/run.js:252:3)
            at _runTestsForDescribeBlock (/Users/johnneed/Projects/gmc-shelters/node_modules/jest-circus/build/run.js:126:9)
            at _runTestsForDescribeBlock (/Users/johnneed/Projects/gmc-shelters/node_modules/jest-circus/build/run.js:121:9)
            at run (/Users/johnneed/Projects/gmc-shelters/node_modules/jest-circus/build/run.js:71:3)
            at runAndTransformResultsToJestFormat (/Users/johnneed/Projects/gmc-shelters/node_modules/jest-circus/build/legacy-code-todo-rewrite/jestAdapterInit.js:122:21)
            at jestAdapter (/Users/johnneed/Projects/gmc-shelters/node_modules/jest-circus/build/legacy-code-todo-rewrite/jestAdapter.js:79:19)
            at runTestInternal (/Users/johnneed/Projects/gmc-shelters/node_modules/jest-runner/build/runTest.js:367:16)
            at runTest (/Users/johnneed/Projects/gmc-shelters/node_modules/jest-runner/build/runTest.js:444:34)
            at Object.worker (/Users/johnneed/Projects/gmc-shelters/node_modules/jest-runner/build/testWorker.js:106:12),
        type: 'unhandled exception'
      }

      247 |     const photo = makePhoto();
      248 |     const store = makeStore(shelter, [photo]);
    > 249 |     render(<Provider store={store}><PhotosTab /></Provider>);
          |           ^
      250 |
      251 |     // Wait for selection to settle (selectedId auto-set to first photo)
      252 |     await waitFor(() => {

      at VirtualConsole.<anonymous> (node_modules/jest-environment-jsdom/build/index.js:63:23)
      at reportException (node_modules/jsdom/lib/jsdom/living/helpers/runtime-script-errors.js:70:28)
      at innerInvokeEventListeners (node_modules/jsdom/lib/jsdom/living/events/EventTarget-impl.js:353:9)
      at invokeEventListeners (node_modules/jsdom/lib/jsdom/living/events/EventTarget-impl.js:286:3)
      at HTMLUnknownElementImpl._dispatch (node_modules/jsdom/lib/jsdom/living/events/EventTarget-impl.js:233:9)
      at HTMLUnknownElementImpl.dispatchEvent (node_modules/jsdom/lib/jsdom/living/events/EventTarget-impl.js:104:17)
      at HTMLUnknownElement.dispatchEvent (node_modules/jsdom/lib/jsdom/living/generated/EventTarget.js:241:34)
      at Object.invokeGuardedCallbackDev (node_modules/react-dom/cjs/react-dom.development.js:4213:16)
      at invokeGuardedCallback (node_modules/react-dom/cjs/react-dom.development.js:4277:31)
      at reportUncaughtErrorInDEV (node_modules/react-dom/cjs/react-dom.development.js:22877:5)
      at captureCommitPhaseError (node_modules/react-dom/cjs/react-dom.development.js:27165:5)
      at commitPassiveMountEffects_complete (node_modules/react-dom/cjs/react-dom.development.js:24932:9)
      at commitPassiveMountEffects_begin (node_modules/react-dom/cjs/react-dom.development.js:24917:7)
      at commitPassiveMountEffects (node_modules/react-dom/cjs/react-dom.development.js:24905:3)
      at flushPassiveEffectsImpl (node_modules/react-dom/cjs/react-dom.development.js:27078:3)
      at flushPassiveEffects (node_modules/react-dom/cjs/react-dom.development.js:27023:14)
      at performSyncWorkOnRoot (node_modules/react-dom/cjs/react-dom.development.js:26115:3)
      at flushSyncCallbacks (node_modules/react-dom/cjs/react-dom.development.js:12042:22)
      at commitRootImpl (node_modules/react-dom/cjs/react-dom.development.js:26998:3)
      at commitRoot (node_modules/react-dom/cjs/react-dom.development.js:26721:5)
      at finishConcurrentRender (node_modules/react-dom/cjs/react-dom.development.js:26020:9)
      at performConcurrentWorkOnRoot (node_modules/react-dom/cjs/react-dom.development.js:25848:7)
      at flushActQueue (node_modules/react/cjs/react.development.js:2667:24)
      at act (node_modules/react/cjs/react.development.js:2582:11)
      at node_modules/@testing-library/react/dist/act-compat.js:46:25
      at renderRoot (node_modules/@testing-library/react/dist/pure.js:189:26)
      at render (node_modules/@testing-library/react/dist/pure.js:291:10)
      at Object.<anonymous> (src/renderer/components/MainPane/tabs/PhotosTab.test.tsx:249:11)

    console.error
      The above error occurred in the <PhotoDetailPane> component:
      
          at PhotoDetailPane (/Users/johnneed/Projects/gmc-shelters/src/renderer/components/MainPane/tabs/PhotoDetailPane.tsx:39:3)
          at div
          at PhotosTab (/Users/johnneed/Projects/gmc-shelters/src/renderer/components/MainPane/tabs/PhotosTab.tsx:58:31)
          at Provider (/Users/johnneed/Projects/gmc-shelters/node_modules/react-redux/src/components/Provider.tsx:60:11)
      
      Consider adding an error boundary to your tree to customize error handling behavior.
      Visit https://reactjs.org/link/error-boundaries to learn more about error boundaries.

      247 |     const photo = makePhoto();
      248 |     const store = makeStore(shelter, [photo]);
    > 249 |     render(<Provider store={store}><PhotosTab /></Provider>);
          |           ^
      250 |
      251 |     // Wait for selection to settle (selectedId auto-set to first photo)
      252 |     await waitFor(() => {

      at logCapturedError (node_modules/react-dom/cjs/react-dom.development.js:18704:23)
      at update.callback (node_modules/react-dom/cjs/react-dom.development.js:18737:5)
      at callCallback (node_modules/react-dom/cjs/react-dom.development.js:15036:12)
      at commitUpdateQueue (node_modules/react-dom/cjs/react-dom.development.js:15057:9)
      at commitLayoutEffectOnFiber (node_modules/react-dom/cjs/react-dom.development.js:23430:13)
      at commitLayoutMountEffects_complete (node_modules/react-dom/cjs/react-dom.development.js:24727:9)
      at commitLayoutEffects_begin (node_modules/react-dom/cjs/react-dom.development.js:24713:7)
      at commitLayoutEffects (node_modules/react-dom/cjs/react-dom.development.js:24651:3)
      at commitRootImpl (node_modules/react-dom/cjs/react-dom.development.js:26862:5)
      at commitRoot (node_modules/react-dom/cjs/react-dom.development.js:26721:5)
      at performSyncWorkOnRoot (node_modules/react-dom/cjs/react-dom.development.js:26156:3)
      at flushSyncCallbacks (node_modules/react-dom/cjs/react-dom.development.js:12042:22)
      at commitRootImpl (node_modules/react-dom/cjs/react-dom.development.js:26998:3)
      at commitRoot (node_modules/react-dom/cjs/react-dom.development.js:26721:5)
      at finishConcurrentRender (node_modules/react-dom/cjs/react-dom.development.js:26020:9)
      at performConcurrentWorkOnRoot (node_modules/react-dom/cjs/react-dom.development.js:25848:7)
      at flushActQueue (node_modules/react/cjs/react.development.js:2667:24)
      at act (node_modules/react/cjs/react.development.js:2582:11)
      at node_modules/@testing-library/react/dist/act-compat.js:46:25
      at renderRoot (node_modules/@testing-library/react/dist/pure.js:189:26)
      at render (node_modules/@testing-library/react/dist/pure.js:291:10)
      at Object.<anonymous> (src/renderer/components/MainPane/tabs/PhotosTab.test.tsx:249:11)

    console.error
      Error: Uncaught [TypeError: fieldsRef.current?.scrollTo is not a function]
          at reportException (/Users/johnneed/Projects/gmc-shelters/node_modules/jsdom/lib/jsdom/living/helpers/runtime-script-errors.js:66:24)
          at innerInvokeEventListeners (/Users/johnneed/Projects/gmc-shelters/node_modules/jsdom/lib/jsdom/living/events/EventTarget-impl.js:353:9)
          at invokeEventListeners (/Users/johnneed/Projects/gmc-shelters/node_modules/jsdom/lib/jsdom/living/events/EventTarget-impl.js:286:3)
          at HTMLUnknownElementImpl._dispatch (/Users/johnneed/Projects/gmc-shelters/node_modules/jsdom/lib/jsdom/living/events/EventTarget-impl.js:233:9)
          at HTMLUnknownElementImpl.dispatchEvent (/Users/johnneed/Projects/gmc-shelters/node_modules/jsdom/lib/jsdom/living/events/EventTarget-impl.js:104:17)
          at HTMLUnknownElement.dispatchEvent (/Users/johnneed/Projects/gmc-shelters/node_modules/jsdom/lib/jsdom/living/generated/EventTarget.js:241:34)
          at Object.invokeGuardedCallbackDev (/Users/johnneed/Projects/gmc-shelters/node_modules/react-dom/cjs/react-dom.development.js:4213:16)
          at invokeGuardedCallback (/Users/johnneed/Projects/gmc-shelters/node_modules/react-dom/cjs/react-dom.development.js:4277:31)
          at reportUncaughtErrorInDEV (/Users/johnneed/Projects/gmc-shelters/node_modules/react-dom/cjs/react-dom.development.js:22877:5)
          at captureCommitPhaseError (/Users/johnneed/Projects/gmc-shelters/node_modules/react-dom/cjs/react-dom.development.js:27165:5)
          at commitPassiveMountEffects_complete (/Users/johnneed/Projects/gmc-shelters/node_modules/react-dom/cjs/react-dom.development.js:24932:9)
          at commitPassiveMountEffects_begin (/Users/johnneed/Projects/gmc-shelters/node_modules/react-dom/cjs/react-dom.development.js:24917:7)
          at commitPassiveMountEffects (/Users/johnneed/Projects/gmc-shelters/node_modules/react-dom/cjs/react-dom.development.js:24905:3)
          at flushPassiveEffectsImpl (/Users/johnneed/Projects/gmc-shelters/node_modules/react-dom/cjs/react-dom.development.js:27078:3)
          at flushPassiveEffects (/Users/johnneed/Projects/gmc-shelters/node_modules/react-dom/cjs/react-dom.development.js:27023:14)
          at performSyncWorkOnRoot (/Users/johnneed/Projects/gmc-shelters/node_modules/react-dom/cjs/react-dom.development.js:26115:3)
          at flushSyncCallbacks (/Users/johnneed/Projects/gmc-shelters/node_modules/react-dom/cjs/react-dom.development.js:12042:22)
          at commitRootImpl (/Users/johnneed/Projects/gmc-shelters/node_modules/react-dom/cjs/react-dom.development.js:26998:3)
          at commitRoot (/Users/johnneed/Projects/gmc-shelters/node_modules/react-dom/cjs/react-dom.development.js:26721:5)
          at finishConcurrentRender (/Users/johnneed/Projects/gmc-shelters/node_modules/react-dom/cjs/react-dom.development.js:26020:9)
          at performConcurrentWorkOnRoot (/Users/johnneed/Projects/gmc-shelters/node_modules/react-dom/cjs/react-dom.development.js:25848:7)
          at flushActQueue (/Users/johnneed/Projects/gmc-shelters/node_modules/react/cjs/react.development.js:2667:24)
          at act (/Users/johnneed/Projects/gmc-shelters/node_modules/react/cjs/react.development.js:2582:11)
          at /Users/johnneed/Projects/gmc-shelters/node_modules/@testing-library/react/dist/act-compat.js:46:25
          at renderRoot (/Users/johnneed/Projects/gmc-shelters/node_modules/@testing-library/react/dist/pure.js:189:26)
          at render (/Users/johnneed/Projects/gmc-shelters/node_modules/@testing-library/react/dist/pure.js:291:10)
          at Object.<anonymous> (/Users/johnneed/Projects/gmc-shelters/src/renderer/components/MainPane/tabs/PhotosTab.test.tsx:267:11)
          at Promise.then.completed (/Users/johnneed/Projects/gmc-shelters/node_modules/jest-circus/build/utils.js:298:28)
          at new Promise (<anonymous>)
          at callAsyncCircusFn (/Users/johnneed/Projects/gmc-shelters/node_modules/jest-circus/build/utils.js:231:10)
          at _callCircusTest (/Users/johnneed/Projects/gmc-shelters/node_modules/jest-circus/build/run.js:316:40)
          at _runTest (/Users/johnneed/Projects/gmc-shelters/node_modules/jest-circus/build/run.js:252:3)
          at _runTestsForDescribeBlock (/Users/johnneed/Projects/gmc-shelters/node_modules/jest-circus/build/run.js:126:9)
          at _runTestsForDescribeBlock (/Users/johnneed/Projects/gmc-shelters/node_modules/jest-circus/build/run.js:121:9)
          at run (/Users/johnneed/Projects/gmc-shelters/node_modules/jest-circus/build/run.js:71:3)
          at runAndTransformResultsToJestFormat (/Users/johnneed/Projects/gmc-shelters/node_modules/jest-circus/build/legacy-code-todo-rewrite/jestAdapterInit.js:122:21)
          at jestAdapter (/Users/johnneed/Projects/gmc-shelters/node_modules/jest-circus/build/legacy-code-todo-rewrite/jestAdapter.js:79:19)
          at runTestInternal (/Users/johnneed/Projects/gmc-shelters/node_modules/jest-runner/build/runTest.js:367:16)
          at runTest (/Users/johnneed/Projects/gmc-shelters/node_modules/jest-runner/build/runTest.js:444:34)
          at Object.worker (/Users/johnneed/Projects/gmc-shelters/node_modules/jest-runner/build/testWorker.js:106:12) {
        detail: TypeError: fieldsRef.current?.scrollTo is not a function
            at /Users/johnneed/Projects/gmc-shelters/src/renderer/components/MainPane/tabs/PhotoDetailPane.tsx:49:24
            at commitHookEffectListMount (/Users/johnneed/Projects/gmc-shelters/node_modules/react-dom/cjs/react-dom.development.js:23189:26)
            at commitPassiveMountOnFiber (/Users/johnneed/Projects/gmc-shelters/node_modules/react-dom/cjs/react-dom.development.js:24970:11)
            at commitPassiveMountEffects_complete (/Users/johnneed/Projects/gmc-shelters/node_modules/react-dom/cjs/react-dom.development.js:24930:9)
            at commitPassiveMountEffects_begin (/Users/johnneed/Projects/gmc-shelters/node_modules/react-dom/cjs/react-dom.development.js:24917:7)
            at commitPassiveMountEffects (/Users/johnneed/Projects/gmc-shelters/node_modules/react-dom/cjs/react-dom.development.js:24905:3)
            at flushPassiveEffectsImpl (/Users/johnneed/Projects/gmc-shelters/node_modules/react-dom/cjs/react-dom.development.js:27078:3)
            at flushPassiveEffects (/Users/johnneed/Projects/gmc-shelters/node_modules/react-dom/cjs/react-dom.development.js:27023:14)
            at performSyncWorkOnRoot (/Users/johnneed/Projects/gmc-shelters/node_modules/react-dom/cjs/react-dom.development.js:26115:3)
            at flushSyncCallbacks (/Users/johnneed/Projects/gmc-shelters/node_modules/react-dom/cjs/react-dom.development.js:12042:22)
            at commitRootImpl (/Users/johnneed/Projects/gmc-shelters/node_modules/react-dom/cjs/react-dom.development.js:26998:3)
            at commitRoot (/Users/johnneed/Projects/gmc-shelters/node_modules/react-dom/cjs/react-dom.development.js:26721:5)
            at finishConcurrentRender (/Users/johnneed/Projects/gmc-shelters/node_modules/react-dom/cjs/react-dom.development.js:26020:9)
            at performConcurrentWorkOnRoot (/Users/johnneed/Projects/gmc-shelters/node_modules/react-dom/cjs/react-dom.development.js:25848:7)
            at flushActQueue (/Users/johnneed/Projects/gmc-shelters/node_modules/react/cjs/react.development.js:2667:24)
            at act (/Users/johnneed/Projects/gmc-shelters/node_modules/react/cjs/react.development.js:2582:11)
            at /Users/johnneed/Projects/gmc-shelters/node_modules/@testing-library/react/dist/act-compat.js:46:25
            at renderRoot (/Users/johnneed/Projects/gmc-shelters/node_modules/@testing-library/react/dist/pure.js:189:26)
            at render (/Users/johnneed/Projects/gmc-shelters/node_modules/@testing-library/react/dist/pure.js:291:10)
            at Object.<anonymous> (/Users/johnneed/Projects/gmc-shelters/src/renderer/components/MainPane/tabs/PhotosTab.test.tsx:267:11)
            at Promise.then.completed (/Users/johnneed/Projects/gmc-shelters/node_modules/jest-circus/build/utils.js:298:28)
            at new Promise (<anonymous>)
            at callAsyncCircusFn (/Users/johnneed/Projects/gmc-shelters/node_modules/jest-circus/build/utils.js:231:10)
            at _callCircusTest (/Users/johnneed/Projects/gmc-shelters/node_modules/jest-circus/build/run.js:316:40)
            at _runTest (/Users/johnneed/Projects/gmc-shelters/node_modules/jest-circus/build/run.js:252:3)
            at _runTestsForDescribeBlock (/Users/johnneed/Projects/gmc-shelters/node_modules/jest-circus/build/run.js:126:9)
            at _runTestsForDescribeBlock (/Users/johnneed/Projects/gmc-shelters/node_modules/jest-circus/build/run.js:121:9)
            at run (/Users/johnneed/Projects/gmc-shelters/node_modules/jest-circus/build/run.js:71:3)
            at runAndTransformResultsToJestFormat (/Users/johnneed/Projects/gmc-shelters/node_modules/jest-circus/build/legacy-code-todo-rewrite/jestAdapterInit.js:122:21)
            at jestAdapter (/Users/johnneed/Projects/gmc-shelters/node_modules/jest-circus/build/legacy-code-todo-rewrite/jestAdapter.js:79:19)
            at runTestInternal (/Users/johnneed/Projects/gmc-shelters/node_modules/jest-runner/build/runTest.js:367:16)
            at runTest (/Users/johnneed/Projects/gmc-shelters/node_modules/jest-runner/build/runTest.js:444:34)
            at Object.worker (/Users/johnneed/Projects/gmc-shelters/node_modules/jest-runner/build/testWorker.js:106:12),
        type: 'unhandled exception'
      }

      265 |     const photo = makePhoto();
      266 |     const store = makeStore(shelter, [photo]);
    > 267 |     render(<Provider store={store}><PhotosTab /></Provider>);
          |           ^
      268 |
      269 |     // Grid view is default; find the photo card and double-click
      270 |     await waitFor(() => {

      at VirtualConsole.<anonymous> (node_modules/jest-environment-jsdom/build/index.js:63:23)
      at reportException (node_modules/jsdom/lib/jsdom/living/helpers/runtime-script-errors.js:70:28)
      at innerInvokeEventListeners (node_modules/jsdom/lib/jsdom/living/events/EventTarget-impl.js:353:9)
      at invokeEventListeners (node_modules/jsdom/lib/jsdom/living/events/EventTarget-impl.js:286:3)
      at HTMLUnknownElementImpl._dispatch (node_modules/jsdom/lib/jsdom/living/events/EventTarget-impl.js:233:9)
      at HTMLUnknownElementImpl.dispatchEvent (node_modules/jsdom/lib/jsdom/living/events/EventTarget-impl.js:104:17)
      at HTMLUnknownElement.dispatchEvent (node_modules/jsdom/lib/jsdom/living/generated/EventTarget.js:241:34)
      at Object.invokeGuardedCallbackDev (node_modules/react-dom/cjs/react-dom.development.js:4213:16)
      at invokeGuardedCallback (node_modules/react-dom/cjs/react-dom.development.js:4277:31)
      at reportUncaughtErrorInDEV (node_modules/react-dom/cjs/react-dom.development.js:22877:5)
      at captureCommitPhaseError (node_modules/react-dom/cjs/react-dom.development.js:27165:5)
      at commitPassiveMountEffects_complete (node_modules/react-dom/cjs/react-dom.development.js:24932:9)
      at commitPassiveMountEffects_begin (node_modules/react-dom/cjs/react-dom.development.js:24917:7)
      at commitPassiveMountEffects (node_modules/react-dom/cjs/react-dom.development.js:24905:3)
      at flushPassiveEffectsImpl (node_modules/react-dom/cjs/react-dom.development.js:27078:3)
      at flushPassiveEffects (node_modules/react-dom/cjs/react-dom.development.js:27023:14)
      at performSyncWorkOnRoot (node_modules/react-dom/cjs/react-dom.development.js:26115:3)
      at flushSyncCallbacks (node_modules/react-dom/cjs/react-dom.development.js:12042:22)
      at commitRootImpl (node_modules/react-dom/cjs/react-dom.development.js:26998:3)
      at commitRoot (node_modules/react-dom/cjs/react-dom.development.js:26721:5)
      at finishConcurrentRender (node_modules/react-dom/cjs/react-dom.development.js:26020:9)
      at performConcurrentWorkOnRoot (node_modules/react-dom/cjs/react-dom.development.js:25848:7)
      at flushActQueue (node_modules/react/cjs/react.development.js:2667:24)
      at act (node_modules/react/cjs/react.development.js:2582:11)
      at node_modules/@testing-library/react/dist/act-compat.js:46:25
      at renderRoot (node_modules/@testing-library/react/dist/pure.js:189:26)
      at render (node_modules/@testing-library/react/dist/pure.js:291:10)
      at Object.<anonymous> (src/renderer/components/MainPane/tabs/PhotosTab.test.tsx:267:11)

    console.error
      The above error occurred in the <PhotoDetailPane> component:
      
          at PhotoDetailPane (/Users/johnneed/Projects/gmc-shelters/src/renderer/components/MainPane/tabs/PhotoDetailPane.tsx:39:3)
          at div
          at PhotosTab (/Users/johnneed/Projects/gmc-shelters/src/renderer/components/MainPane/tabs/PhotosTab.tsx:58:31)
          at Provider (/Users/johnneed/Projects/gmc-shelters/node_modules/react-redux/src/components/Provider.tsx:60:11)
      
      Consider adding an error boundary to your tree to customize error handling behavior.
      Visit https://reactjs.org/link/error-boundaries to learn more about error boundaries.

      265 |     const photo = makePhoto();
      266 |     const store = makeStore(shelter, [photo]);
    > 267 |     render(<Provider store={store}><PhotosTab /></Provider>);
          |           ^
      268 |
      269 |     // Grid view is default; find the photo card and double-click
      270 |     await waitFor(() => {

      at logCapturedError (node_modules/react-dom/cjs/react-dom.development.js:18704:23)
      at update.callback (node_modules/react-dom/cjs/react-dom.development.js:18737:5)
      at callCallback (node_modules/react-dom/cjs/react-dom.development.js:15036:12)
      at commitUpdateQueue (node_modules/react-dom/cjs/react-dom.development.js:15057:9)
      at commitLayoutEffectOnFiber (node_modules/react-dom/cjs/react-dom.development.js:23430:13)
      at commitLayoutMountEffects_complete (node_modules/react-dom/cjs/react-dom.development.js:24727:9)
      at commitLayoutEffects_begin (node_modules/react-dom/cjs/react-dom.development.js:24713:7)
      at commitLayoutEffects (node_modules/react-dom/cjs/react-dom.development.js:24651:3)
      at commitRootImpl (node_modules/react-dom/cjs/react-dom.development.js:26862:5)
      at commitRoot (node_modules/react-dom/cjs/react-dom.development.js:26721:5)
      at performSyncWorkOnRoot (node_modules/react-dom/cjs/react-dom.development.js:26156:3)
      at flushSyncCallbacks (node_modules/react-dom/cjs/react-dom.development.js:12042:22)
      at commitRootImpl (node_modules/react-dom/cjs/react-dom.development.js:26998:3)
      at commitRoot (node_modules/react-dom/cjs/react-dom.development.js:26721:5)
      at finishConcurrentRender (node_modules/react-dom/cjs/react-dom.development.js:26020:9)
      at performConcurrentWorkOnRoot (node_modules/react-dom/cjs/react-dom.development.js:25848:7)
      at flushActQueue (node_modules/react/cjs/react.development.js:2667:24)
      at act (node_modules/react/cjs/react.development.js:2582:11)
      at node_modules/@testing-library/react/dist/act-compat.js:46:25
      at renderRoot (node_modules/@testing-library/react/dist/pure.js:189:26)
      at render (node_modules/@testing-library/react/dist/pure.js:291:10)
      at Object.<anonymous> (src/renderer/components/MainPane/tabs/PhotosTab.test.tsx:267:11)

    console.error
      Error: Uncaught [TypeError: fieldsRef.current?.scrollTo is not a function]
          at reportException (/Users/johnneed/Projects/gmc-shelters/node_modules/jsdom/lib/jsdom/living/helpers/runtime-script-errors.js:66:24)
          at innerInvokeEventListeners (/Users/johnneed/Projects/gmc-shelters/node_modules/jsdom/lib/jsdom/living/events/EventTarget-impl.js:353:9)
          at invokeEventListeners (/Users/johnneed/Projects/gmc-shelters/node_modules/jsdom/lib/jsdom/living/events/EventTarget-impl.js:286:3)
          at HTMLUnknownElementImpl._dispatch (/Users/johnneed/Projects/gmc-shelters/node_modules/jsdom/lib/jsdom/living/events/EventTarget-impl.js:233:9)
          at HTMLUnknownElementImpl.dispatchEvent (/Users/johnneed/Projects/gmc-shelters/node_modules/jsdom/lib/jsdom/living/events/EventTarget-impl.js:104:17)
          at HTMLUnknownElement.dispatchEvent (/Users/johnneed/Projects/gmc-shelters/node_modules/jsdom/lib/jsdom/living/generated/EventTarget.js:241:34)
          at Object.invokeGuardedCallbackDev (/Users/johnneed/Projects/gmc-shelters/node_modules/react-dom/cjs/react-dom.development.js:4213:16)
          at invokeGuardedCallback (/Users/johnneed/Projects/gmc-shelters/node_modules/react-dom/cjs/react-dom.development.js:4277:31)
          at reportUncaughtErrorInDEV (/Users/johnneed/Projects/gmc-shelters/node_modules/react-dom/cjs/react-dom.development.js:22877:5)
          at captureCommitPhaseError (/Users/johnneed/Projects/gmc-shelters/node_modules/react-dom/cjs/react-dom.development.js:27165:5)
          at commitPassiveMountEffects_complete (/Users/johnneed/Projects/gmc-shelters/node_modules/react-dom/cjs/react-dom.development.js:24932:9)
          at commitPassiveMountEffects_begin (/Users/johnneed/Projects/gmc-shelters/node_modules/react-dom/cjs/react-dom.development.js:24917:7)
          at commitPassiveMountEffects (/Users/johnneed/Projects/gmc-shelters/node_modules/react-dom/cjs/react-dom.development.js:24905:3)
          at flushPassiveEffectsImpl (/Users/johnneed/Projects/gmc-shelters/node_modules/react-dom/cjs/react-dom.development.js:27078:3)
          at flushPassiveEffects (/Users/johnneed/Projects/gmc-shelters/node_modules/react-dom/cjs/react-dom.development.js:27023:14)
          at performSyncWorkOnRoot (/Users/johnneed/Projects/gmc-shelters/node_modules/react-dom/cjs/react-dom.development.js:26115:3)
          at flushSyncCallbacks (/Users/johnneed/Projects/gmc-shelters/node_modules/react-dom/cjs/react-dom.development.js:12042:22)
          at commitRootImpl (/Users/johnneed/Projects/gmc-shelters/node_modules/react-dom/cjs/react-dom.development.js:26998:3)
          at commitRoot (/Users/johnneed/Projects/gmc-shelters/node_modules/react-dom/cjs/react-dom.development.js:26721:5)
          at finishConcurrentRender (/Users/johnneed/Projects/gmc-shelters/node_modules/react-dom/cjs/react-dom.development.js:26020:9)
          at performConcurrentWorkOnRoot (/Users/johnneed/Projects/gmc-shelters/node_modules/react-dom/cjs/react-dom.development.js:25848:7)
          at flushActQueue (/Users/johnneed/Projects/gmc-shelters/node_modules/react/cjs/react.development.js:2667:24)
          at act (/Users/johnneed/Projects/gmc-shelters/node_modules/react/cjs/react.development.js:2582:11)
          at /Users/johnneed/Projects/gmc-shelters/node_modules/@testing-library/react/dist/act-compat.js:46:25
          at renderRoot (/Users/johnneed/Projects/gmc-shelters/node_modules/@testing-library/react/dist/pure.js:189:26)
          at render (/Users/johnneed/Projects/gmc-shelters/node_modules/@testing-library/react/dist/pure.js:291:10)
          at Object.<anonymous> (/Users/johnneed/Projects/gmc-shelters/src/renderer/components/MainPane/tabs/PhotosTab.test.tsx:286:11)
          at Promise.then.completed (/Users/johnneed/Projects/gmc-shelters/node_modules/jest-circus/build/utils.js:298:28)
          at new Promise (<anonymous>)
          at callAsyncCircusFn (/Users/johnneed/Projects/gmc-shelters/node_modules/jest-circus/build/utils.js:231:10)
          at _callCircusTest (/Users/johnneed/Projects/gmc-shelters/node_modules/jest-circus/build/run.js:316:40)
          at _runTest (/Users/johnneed/Projects/gmc-shelters/node_modules/jest-circus/build/run.js:252:3)
          at _runTestsForDescribeBlock (/Users/johnneed/Projects/gmc-shelters/node_modules/jest-circus/build/run.js:126:9)
          at _runTestsForDescribeBlock (/Users/johnneed/Projects/gmc-shelters/node_modules/jest-circus/build/run.js:121:9)
          at run (/Users/johnneed/Projects/gmc-shelters/node_modules/jest-circus/build/run.js:71:3)
          at runAndTransformResultsToJestFormat (/Users/johnneed/Projects/gmc-shelters/node_modules/jest-circus/build/legacy-code-todo-rewrite/jestAdapterInit.js:122:21)
          at jestAdapter (/Users/johnneed/Projects/gmc-shelters/node_modules/jest-circus/build/legacy-code-todo-rewrite/jestAdapter.js:79:19)
          at runTestInternal (/Users/johnneed/Projects/gmc-shelters/node_modules/jest-runner/build/runTest.js:367:16)
          at runTest (/Users/johnneed/Projects/gmc-shelters/node_modules/jest-runner/build/runTest.js:444:34)
          at Object.worker (/Users/johnneed/Projects/gmc-shelters/node_modules/jest-runner/build/testWorker.js:106:12) {
        detail: TypeError: fieldsRef.current?.scrollTo is not a function
            at /Users/johnneed/Projects/gmc-shelters/src/renderer/components/MainPane/tabs/PhotoDetailPane.tsx:49:24
            at commitHookEffectListMount (/Users/johnneed/Projects/gmc-shelters/node_modules/react-dom/cjs/react-dom.development.js:23189:26)
            at commitPassiveMountOnFiber (/Users/johnneed/Projects/gmc-shelters/node_modules/react-dom/cjs/react-dom.development.js:24970:11)
            at commitPassiveMountEffects_complete (/Users/johnneed/Projects/gmc-shelters/node_modules/react-dom/cjs/react-dom.development.js:24930:9)
            at commitPassiveMountEffects_begin (/Users/johnneed/Projects/gmc-shelters/node_modules/react-dom/cjs/react-dom.development.js:24917:7)
            at commitPassiveMountEffects (/Users/johnneed/Projects/gmc-shelters/node_modules/react-dom/cjs/react-dom.development.js:24905:3)
            at flushPassiveEffectsImpl (/Users/johnneed/Projects/gmc-shelters/node_modules/react-dom/cjs/react-dom.development.js:27078:3)
            at flushPassiveEffects (/Users/johnneed/Projects/gmc-shelters/node_modules/react-dom/cjs/react-dom.development.js:27023:14)
            at performSyncWorkOnRoot (/Users/johnneed/Projects/gmc-shelters/node_modules/react-dom/cjs/react-dom.development.js:26115:3)
            at flushSyncCallbacks (/Users/johnneed/Projects/gmc-shelters/node_modules/react-dom/cjs/react-dom.development.js:12042:22)
            at commitRootImpl (/Users/johnneed/Projects/gmc-shelters/node_modules/react-dom/cjs/react-dom.development.js:26998:3)
            at commitRoot (/Users/johnneed/Projects/gmc-shelters/node_modules/react-dom/cjs/react-dom.development.js:26721:5)
            at finishConcurrentRender (/Users/johnneed/Projects/gmc-shelters/node_modules/react-dom/cjs/react-dom.development.js:26020:9)
            at performConcurrentWorkOnRoot (/Users/johnneed/Projects/gmc-shelters/node_modules/react-dom/cjs/react-dom.development.js:25848:7)
            at flushActQueue (/Users/johnneed/Projects/gmc-shelters/node_modules/react/cjs/react.development.js:2667:24)
            at act (/Users/johnneed/Projects/gmc-shelters/node_modules/react/cjs/react.development.js:2582:11)
            at /Users/johnneed/Projects/gmc-shelters/node_modules/@testing-library/react/dist/act-compat.js:46:25
            at renderRoot (/Users/johnneed/Projects/gmc-shelters/node_modules/@testing-library/react/dist/pure.js:189:26)
            at render (/Users/johnneed/Projects/gmc-shelters/node_modules/@testing-library/react/dist/pure.js:291:10)
            at Object.<anonymous> (/Users/johnneed/Projects/gmc-shelters/src/renderer/components/MainPane/tabs/PhotosTab.test.tsx:286:11)
            at Promise.then.completed (/Users/johnneed/Projects/gmc-shelters/node_modules/jest-circus/build/utils.js:298:28)
            at new Promise (<anonymous>)
            at callAsyncCircusFn (/Users/johnneed/Projects/gmc-shelters/node_modules/jest-circus/build/utils.js:231:10)
            at _callCircusTest (/Users/johnneed/Projects/gmc-shelters/node_modules/jest-circus/build/run.js:316:40)
            at _runTest (/Users/johnneed/Projects/gmc-shelters/node_modules/jest-circus/build/run.js:252:3)
            at _runTestsForDescribeBlock (/Users/johnneed/Projects/gmc-shelters/node_modules/jest-circus/build/run.js:126:9)
            at _runTestsForDescribeBlock (/Users/johnneed/Projects/gmc-shelters/node_modules/jest-circus/build/run.js:121:9)
            at run (/Users/johnneed/Projects/gmc-shelters/node_modules/jest-circus/build/run.js:71:3)
            at runAndTransformResultsToJestFormat (/Users/johnneed/Projects/gmc-shelters/node_modules/jest-circus/build/legacy-code-todo-rewrite/jestAdapterInit.js:122:21)
            at jestAdapter (/Users/johnneed/Projects/gmc-shelters/node_modules/jest-circus/build/legacy-code-todo-rewrite/jestAdapter.js:79:19)
            at runTestInternal (/Users/johnneed/Projects/gmc-shelters/node_modules/jest-runner/build/runTest.js:367:16)
            at runTest (/Users/johnneed/Projects/gmc-shelters/node_modules/jest-runner/build/runTest.js:444:34)
            at Object.worker (/Users/johnneed/Projects/gmc-shelters/node_modules/jest-runner/build/testWorker.js:106:12),
        type: 'unhandled exception'
      }

      284 |     const photo = makePhoto();
      285 |     const store = makeStore(shelter, [photo]);
    > 286 |     render(<Provider store={store}><PhotosTab /></Provider>);
          |           ^
      287 |
      288 |     // Switch to list view
      289 |     fireEvent.click(screen.getByRole('button', { name: /list/i }));

      at VirtualConsole.<anonymous> (node_modules/jest-environment-jsdom/build/index.js:63:23)
      at reportException (node_modules/jsdom/lib/jsdom/living/helpers/runtime-script-errors.js:70:28)
      at innerInvokeEventListeners (node_modules/jsdom/lib/jsdom/living/events/EventTarget-impl.js:353:9)
      at invokeEventListeners (node_modules/jsdom/lib/jsdom/living/events/EventTarget-impl.js:286:3)
      at HTMLUnknownElementImpl._dispatch (node_modules/jsdom/lib/jsdom/living/events/EventTarget-impl.js:233:9)
      at HTMLUnknownElementImpl.dispatchEvent (node_modules/jsdom/lib/jsdom/living/events/EventTarget-impl.js:104:17)
      at HTMLUnknownElement.dispatchEvent (node_modules/jsdom/lib/jsdom/living/generated/EventTarget.js:241:34)
      at Object.invokeGuardedCallbackDev (node_modules/react-dom/cjs/react-dom.development.js:4213:16)
      at invokeGuardedCallback (node_modules/react-dom/cjs/react-dom.development.js:4277:31)
      at reportUncaughtErrorInDEV (node_modules/react-dom/cjs/react-dom.development.js:22877:5)
      at captureCommitPhaseError (node_modules/react-dom/cjs/react-dom.development.js:27165:5)
      at commitPassiveMountEffects_complete (node_modules/react-dom/cjs/react-dom.development.js:24932:9)
      at commitPassiveMountEffects_begin (node_modules/react-dom/cjs/react-dom.development.js:24917:7)
      at commitPassiveMountEffects (node_modules/react-dom/cjs/react-dom.development.js:24905:3)
      at flushPassiveEffectsImpl (node_modules/react-dom/cjs/react-dom.development.js:27078:3)
      at flushPassiveEffects (node_modules/react-dom/cjs/react-dom.development.js:27023:14)
      at performSyncWorkOnRoot (node_modules/react-dom/cjs/react-dom.development.js:26115:3)
      at flushSyncCallbacks (node_modules/react-dom/cjs/react-dom.development.js:12042:22)
      at commitRootImpl (node_modules/react-dom/cjs/react-dom.development.js:26998:3)
      at commitRoot (node_modules/react-dom/cjs/react-dom.development.js:26721:5)
      at finishConcurrentRender (node_modules/react-dom/cjs/react-dom.development.js:26020:9)
      at performConcurrentWorkOnRoot (node_modules/react-dom/cjs/react-dom.development.js:25848:7)
      at flushActQueue (node_modules/react/cjs/react.development.js:2667:24)
      at act (node_modules/react/cjs/react.development.js:2582:11)
      at node_modules/@testing-library/react/dist/act-compat.js:46:25
      at renderRoot (node_modules/@testing-library/react/dist/pure.js:189:26)
      at render (node_modules/@testing-library/react/dist/pure.js:291:10)
      at Object.<anonymous> (src/renderer/components/MainPane/tabs/PhotosTab.test.tsx:286:11)

    console.error
      The above error occurred in the <PhotoDetailPane> component:
      
          at PhotoDetailPane (/Users/johnneed/Projects/gmc-shelters/src/renderer/components/MainPane/tabs/PhotoDetailPane.tsx:39:3)
          at div
          at PhotosTab (/Users/johnneed/Projects/gmc-shelters/src/renderer/components/MainPane/tabs/PhotosTab.tsx:58:31)
          at Provider (/Users/johnneed/Projects/gmc-shelters/node_modules/react-redux/src/components/Provider.tsx:60:11)
      
      Consider adding an error boundary to your tree to customize error handling behavior.
      Visit https://reactjs.org/link/error-boundaries to learn more about error boundaries.

      284 |     const photo = makePhoto();
      285 |     const store = makeStore(shelter, [photo]);
    > 286 |     render(<Provider store={store}><PhotosTab /></Provider>);
          |           ^
      287 |
      288 |     // Switch to list view
      289 |     fireEvent.click(screen.getByRole('button', { name: /list/i }));

      at logCapturedError (node_modules/react-dom/cjs/react-dom.development.js:18704:23)
      at update.callback (node_modules/react-dom/cjs/react-dom.development.js:18737:5)
      at callCallback (node_modules/react-dom/cjs/react-dom.development.js:15036:12)
      at commitUpdateQueue (node_modules/react-dom/cjs/react-dom.development.js:15057:9)
      at commitLayoutEffectOnFiber (node_modules/react-dom/cjs/react-dom.development.js:23430:13)
      at commitLayoutMountEffects_complete (node_modules/react-dom/cjs/react-dom.development.js:24727:9)
      at commitLayoutEffects_begin (node_modules/react-dom/cjs/react-dom.development.js:24713:7)
      at commitLayoutEffects (node_modules/react-dom/cjs/react-dom.development.js:24651:3)
      at commitRootImpl (node_modules/react-dom/cjs/react-dom.development.js:26862:5)
      at commitRoot (node_modules/react-dom/cjs/react-dom.development.js:26721:5)
      at performSyncWorkOnRoot (node_modules/react-dom/cjs/react-dom.development.js:26156:3)
      at flushSyncCallbacks (node_modules/react-dom/cjs/react-dom.development.js:12042:22)
      at commitRootImpl (node_modules/react-dom/cjs/react-dom.development.js:26998:3)
      at commitRoot (node_modules/react-dom/cjs/react-dom.development.js:26721:5)
      at finishConcurrentRender (node_modules/react-dom/cjs/react-dom.development.js:26020:9)
      at performConcurrentWorkOnRoot (node_modules/react-dom/cjs/react-dom.development.js:25848:7)
      at flushActQueue (node_modules/react/cjs/react.development.js:2667:24)
      at act (node_modules/react/cjs/react.development.js:2582:11)
      at node_modules/@testing-library/react/dist/act-compat.js:46:25
      at renderRoot (node_modules/@testing-library/react/dist/pure.js:189:26)
      at render (node_modules/@testing-library/react/dist/pure.js:291:10)
      at Object.<anonymous> (src/renderer/components/MainPane/tabs/PhotosTab.test.tsx:286:11)

    console.error
      Error: Uncaught [TypeError: fieldsRef.current?.scrollTo is not a function]
          at reportException (/Users/johnneed/Projects/gmc-shelters/node_modules/jsdom/lib/jsdom/living/helpers/runtime-script-errors.js:66:24)
          at innerInvokeEventListeners (/Users/johnneed/Projects/gmc-shelters/node_modules/jsdom/lib/jsdom/living/events/EventTarget-impl.js:353:9)
          at invokeEventListeners (/Users/johnneed/Projects/gmc-shelters/node_modules/jsdom/lib/jsdom/living/events/EventTarget-impl.js:286:3)
          at HTMLUnknownElementImpl._dispatch (/Users/johnneed/Projects/gmc-shelters/node_modules/jsdom/lib/jsdom/living/events/EventTarget-impl.js:233:9)
          at HTMLUnknownElementImpl.dispatchEvent (/Users/johnneed/Projects/gmc-shelters/node_modules/jsdom/lib/jsdom/living/events/EventTarget-impl.js:104:17)
          at HTMLUnknownElement.dispatchEvent (/Users/johnneed/Projects/gmc-shelters/node_modules/jsdom/lib/jsdom/living/generated/EventTarget.js:241:34)
          at Object.invokeGuardedCallbackDev (/Users/johnneed/Projects/gmc-shelters/node_modules/react-dom/cjs/react-dom.development.js:4213:16)
          at invokeGuardedCallback (/Users/johnneed/Projects/gmc-shelters/node_modules/react-dom/cjs/react-dom.development.js:4277:31)
          at reportUncaughtErrorInDEV (/Users/johnneed/Projects/gmc-shelters/node_modules/react-dom/cjs/react-dom.development.js:22877:5)
          at captureCommitPhaseError (/Users/johnneed/Projects/gmc-shelters/node_modules/react-dom/cjs/react-dom.development.js:27165:5)
          at commitPassiveMountEffects_complete (/Users/johnneed/Projects/gmc-shelters/node_modules/react-dom/cjs/react-dom.development.js:24932:9)
          at commitPassiveMountEffects_begin (/Users/johnneed/Projects/gmc-shelters/node_modules/react-dom/cjs/react-dom.development.js:24917:7)
          at commitPassiveMountEffects (/Users/johnneed/Projects/gmc-shelters/node_modules/react-dom/cjs/react-dom.development.js:24905:3)
          at flushPassiveEffectsImpl (/Users/johnneed/Projects/gmc-shelters/node_modules/react-dom/cjs/react-dom.development.js:27078:3)
          at flushPassiveEffects (/Users/johnneed/Projects/gmc-shelters/node_modules/react-dom/cjs/react-dom.development.js:27023:14)
          at performSyncWorkOnRoot (/Users/johnneed/Projects/gmc-shelters/node_modules/react-dom/cjs/react-dom.development.js:26115:3)
          at flushSyncCallbacks (/Users/johnneed/Projects/gmc-shelters/node_modules/react-dom/cjs/react-dom.development.js:12042:22)
          at commitRootImpl (/Users/johnneed/Projects/gmc-shelters/node_modules/react-dom/cjs/react-dom.development.js:26998:3)
          at commitRoot (/Users/johnneed/Projects/gmc-shelters/node_modules/react-dom/cjs/react-dom.development.js:26721:5)
          at finishConcurrentRender (/Users/johnneed/Projects/gmc-shelters/node_modules/react-dom/cjs/react-dom.development.js:26020:9)
          at performConcurrentWorkOnRoot (/Users/johnneed/Projects/gmc-shelters/node_modules/react-dom/cjs/react-dom.development.js:25848:7)
          at flushActQueue (/Users/johnneed/Projects/gmc-shelters/node_modules/react/cjs/react.development.js:2667:24)
          at act (/Users/johnneed/Projects/gmc-shelters/node_modules/react/cjs/react.development.js:2582:11)
          at /Users/johnneed/Projects/gmc-shelters/node_modules/@testing-library/react/dist/act-compat.js:46:25
          at renderRoot (/Users/johnneed/Projects/gmc-shelters/node_modules/@testing-library/react/dist/pure.js:189:26)
          at render (/Users/johnneed/Projects/gmc-shelters/node_modules/@testing-library/react/dist/pure.js:291:10)
          at Object.<anonymous> (/Users/johnneed/Projects/gmc-shelters/src/renderer/components/MainPane/tabs/PhotosTab.test.tsx:310:11)
          at Promise.then.completed (/Users/johnneed/Projects/gmc-shelters/node_modules/jest-circus/build/utils.js:298:28)
          at new Promise (<anonymous>)
          at callAsyncCircusFn (/Users/johnneed/Projects/gmc-shelters/node_modules/jest-circus/build/utils.js:231:10)
          at _callCircusTest (/Users/johnneed/Projects/gmc-shelters/node_modules/jest-circus/build/run.js:316:40)
          at _runTest (/Users/johnneed/Projects/gmc-shelters/node_modules/jest-circus/build/run.js:252:3)
          at _runTestsForDescribeBlock (/Users/johnneed/Projects/gmc-shelters/node_modules/jest-circus/build/run.js:126:9)
          at _runTestsForDescribeBlock (/Users/johnneed/Projects/gmc-shelters/node_modules/jest-circus/build/run.js:121:9)
          at run (/Users/johnneed/Projects/gmc-shelters/node_modules/jest-circus/build/run.js:71:3)
          at runAndTransformResultsToJestFormat (/Users/johnneed/Projects/gmc-shelters/node_modules/jest-circus/build/legacy-code-todo-rewrite/jestAdapterInit.js:122:21)
          at jestAdapter (/Users/johnneed/Projects/gmc-shelters/node_modules/jest-circus/build/legacy-code-todo-rewrite/jestAdapter.js:79:19)
          at runTestInternal (/Users/johnneed/Projects/gmc-shelters/node_modules/jest-runner/build/runTest.js:367:16)
          at runTest (/Users/johnneed/Projects/gmc-shelters/node_modules/jest-runner/build/runTest.js:444:34)
          at Object.worker (/Users/johnneed/Projects/gmc-shelters/node_modules/jest-runner/build/testWorker.js:106:12) {
        detail: TypeError: fieldsRef.current?.scrollTo is not a function
            at /Users/johnneed/Projects/gmc-shelters/src/renderer/components/MainPane/tabs/PhotoDetailPane.tsx:49:24
            at commitHookEffectListMount (/Users/johnneed/Projects/gmc-shelters/node_modules/react-dom/cjs/react-dom.development.js:23189:26)
            at commitPassiveMountOnFiber (/Users/johnneed/Projects/gmc-shelters/node_modules/react-dom/cjs/react-dom.development.js:24970:11)
            at commitPassiveMountEffects_complete (/Users/johnneed/Projects/gmc-shelters/node_modules/react-dom/cjs/react-dom.development.js:24930:9)
            at commitPassiveMountEffects_begin (/Users/johnneed/Projects/gmc-shelters/node_modules/react-dom/cjs/react-dom.development.js:24917:7)
            at commitPassiveMountEffects (/Users/johnneed/Projects/gmc-shelters/node_modules/react-dom/cjs/react-dom.development.js:24905:3)
            at flushPassiveEffectsImpl (/Users/johnneed/Projects/gmc-shelters/node_modules/react-dom/cjs/react-dom.development.js:27078:3)
            at flushPassiveEffects (/Users/johnneed/Projects/gmc-shelters/node_modules/react-dom/cjs/react-dom.development.js:27023:14)
            at performSyncWorkOnRoot (/Users/johnneed/Projects/gmc-shelters/node_modules/react-dom/cjs/react-dom.development.js:26115:3)
            at flushSyncCallbacks (/Users/johnneed/Projects/gmc-shelters/node_modules/react-dom/cjs/react-dom.development.js:12042:22)
            at commitRootImpl (/Users/johnneed/Projects/gmc-shelters/node_modules/react-dom/cjs/react-dom.development.js:26998:3)
            at commitRoot (/Users/johnneed/Projects/gmc-shelters/node_modules/react-dom/cjs/react-dom.development.js:26721:5)
            at finishConcurrentRender (/Users/johnneed/Projects/gmc-shelters/node_modules/react-dom/cjs/react-dom.development.js:26020:9)
            at performConcurrentWorkOnRoot (/Users/johnneed/Projects/gmc-shelters/node_modules/react-dom/cjs/react-dom.development.js:25848:7)
            at flushActQueue (/Users/johnneed/Projects/gmc-shelters/node_modules/react/cjs/react.development.js:2667:24)
            at act (/Users/johnneed/Projects/gmc-shelters/node_modules/react/cjs/react.development.js:2582:11)
            at /Users/johnneed/Projects/gmc-shelters/node_modules/@testing-library/react/dist/act-compat.js:46:25
            at renderRoot (/Users/johnneed/Projects/gmc-shelters/node_modules/@testing-library/react/dist/pure.js:189:26)
            at render (/Users/johnneed/Projects/gmc-shelters/node_modules/@testing-library/react/dist/pure.js:291:10)
            at Object.<anonymous> (/Users/johnneed/Projects/gmc-shelters/src/renderer/components/MainPane/tabs/PhotosTab.test.tsx:310:11)
            at Promise.then.completed (/Users/johnneed/Projects/gmc-shelters/node_modules/jest-circus/build/utils.js:298:28)
            at new Promise (<anonymous>)
            at callAsyncCircusFn (/Users/johnneed/Projects/gmc-shelters/node_modules/jest-circus/build/utils.js:231:10)
            at _callCircusTest (/Users/johnneed/Projects/gmc-shelters/node_modules/jest-circus/build/run.js:316:40)
            at _runTest (/Users/johnneed/Projects/gmc-shelters/node_modules/jest-circus/build/run.js:252:3)
            at _runTestsForDescribeBlock (/Users/johnneed/Projects/gmc-shelters/node_modules/jest-circus/build/run.js:126:9)
            at _runTestsForDescribeBlock (/Users/johnneed/Projects/gmc-shelters/node_modules/jest-circus/build/run.js:121:9)
            at run (/Users/johnneed/Projects/gmc-shelters/node_modules/jest-circus/build/run.js:71:3)
            at runAndTransformResultsToJestFormat (/Users/johnneed/Projects/gmc-shelters/node_modules/jest-circus/build/legacy-code-todo-rewrite/jestAdapterInit.js:122:21)
            at jestAdapter (/Users/johnneed/Projects/gmc-shelters/node_modules/jest-circus/build/legacy-code-todo-rewrite/jestAdapter.js:79:19)
            at runTestInternal (/Users/johnneed/Projects/gmc-shelters/node_modules/jest-runner/build/runTest.js:367:16)
            at runTest (/Users/johnneed/Projects/gmc-shelters/node_modules/jest-runner/build/runTest.js:444:34)
            at Object.worker (/Users/johnneed/Projects/gmc-shelters/node_modules/jest-runner/build/testWorker.js:106:12),
        type: 'unhandled exception'
      }

      308 |     const photo = makePhoto();
      309 |     const store = makeStore(shelter, [photo]);
    > 310 |     render(<Provider store={store}><PhotosTab /></Provider>);
          |           ^
      311 |
      312 |     await waitFor(() => {
      313 |       expect(screen.getByTestId('photo-preview')).toBeInTheDocument();

      at VirtualConsole.<anonymous> (node_modules/jest-environment-jsdom/build/index.js:63:23)
      at reportException (node_modules/jsdom/lib/jsdom/living/helpers/runtime-script-errors.js:70:28)
      at innerInvokeEventListeners (node_modules/jsdom/lib/jsdom/living/events/EventTarget-impl.js:353:9)
      at invokeEventListeners (node_modules/jsdom/lib/jsdom/living/events/EventTarget-impl.js:286:3)
      at HTMLUnknownElementImpl._dispatch (node_modules/jsdom/lib/jsdom/living/events/EventTarget-impl.js:233:9)
      at HTMLUnknownElementImpl.dispatchEvent (node_modules/jsdom/lib/jsdom/living/events/EventTarget-impl.js:104:17)
      at HTMLUnknownElement.dispatchEvent (node_modules/jsdom/lib/jsdom/living/generated/EventTarget.js:241:34)
      at Object.invokeGuardedCallbackDev (node_modules/react-dom/cjs/react-dom.development.js:4213:16)
      at invokeGuardedCallback (node_modules/react-dom/cjs/react-dom.development.js:4277:31)
      at reportUncaughtErrorInDEV (node_modules/react-dom/cjs/react-dom.development.js:22877:5)
      at captureCommitPhaseError (node_modules/react-dom/cjs/react-dom.development.js:27165:5)
      at commitPassiveMountEffects_complete (node_modules/react-dom/cjs/react-dom.development.js:24932:9)
      at commitPassiveMountEffects_begin (node_modules/react-dom/cjs/react-dom.development.js:24917:7)
      at commitPassiveMountEffects (node_modules/react-dom/cjs/react-dom.development.js:24905:3)
      at flushPassiveEffectsImpl (node_modules/react-dom/cjs/react-dom.development.js:27078:3)
      at flushPassiveEffects (node_modules/react-dom/cjs/react-dom.development.js:27023:14)
      at performSyncWorkOnRoot (node_modules/react-dom/cjs/react-dom.development.js:26115:3)
      at flushSyncCallbacks (node_modules/react-dom/cjs/react-dom.development.js:12042:22)
      at commitRootImpl (node_modules/react-dom/cjs/react-dom.development.js:26998:3)
      at commitRoot (node_modules/react-dom/cjs/react-dom.development.js:26721:5)
      at finishConcurrentRender (node_modules/react-dom/cjs/react-dom.development.js:26020:9)
      at performConcurrentWorkOnRoot (node_modules/react-dom/cjs/react-dom.development.js:25848:7)
      at flushActQueue (node_modules/react/cjs/react.development.js:2667:24)
      at act (node_modules/react/cjs/react.development.js:2582:11)
      at node_modules/@testing-library/react/dist/act-compat.js:46:25
      at renderRoot (node_modules/@testing-library/react/dist/pure.js:189:26)
      at render (node_modules/@testing-library/react/dist/pure.js:291:10)
      at Object.<anonymous> (src/renderer/components/MainPane/tabs/PhotosTab.test.tsx:310:11)

    console.error
      The above error occurred in the <PhotoDetailPane> component:
      
          at PhotoDetailPane (/Users/johnneed/Projects/gmc-shelters/src/renderer/components/MainPane/tabs/PhotoDetailPane.tsx:39:3)
          at div
          at PhotosTab (/Users/johnneed/Projects/gmc-shelters/src/renderer/components/MainPane/tabs/PhotosTab.tsx:58:31)
          at Provider (/Users/johnneed/Projects/gmc-shelters/node_modules/react-redux/src/components/Provider.tsx:60:11)
      
      Consider adding an error boundary to your tree to customize error handling behavior.
      Visit https://reactjs.org/link/error-boundaries to learn more about error boundaries.

      308 |     const photo = makePhoto();
      309 |     const store = makeStore(shelter, [photo]);
    > 310 |     render(<Provider store={store}><PhotosTab /></Provider>);
          |           ^
      311 |
      312 |     await waitFor(() => {
      313 |       expect(screen.getByTestId('photo-preview')).toBeInTheDocument();

      at logCapturedError (node_modules/react-dom/cjs/react-dom.development.js:18704:23)
      at update.callback (node_modules/react-dom/cjs/react-dom.development.js:18737:5)
      at callCallback (node_modules/react-dom/cjs/react-dom.development.js:15036:12)
      at commitUpdateQueue (node_modules/react-dom/cjs/react-dom.development.js:15057:9)
      at commitLayoutEffectOnFiber (node_modules/react-dom/cjs/react-dom.development.js:23430:13)
      at commitLayoutMountEffects_complete (node_modules/react-dom/cjs/react-dom.development.js:24727:9)
      at commitLayoutEffects_begin (node_modules/react-dom/cjs/react-dom.development.js:24713:7)
      at commitLayoutEffects (node_modules/react-dom/cjs/react-dom.development.js:24651:3)
      at commitRootImpl (node_modules/react-dom/cjs/react-dom.development.js:26862:5)
      at commitRoot (node_modules/react-dom/cjs/react-dom.development.js:26721:5)
      at performSyncWorkOnRoot (node_modules/react-dom/cjs/react-dom.development.js:26156:3)
      at flushSyncCallbacks (node_modules/react-dom/cjs/react-dom.development.js:12042:22)
      at commitRootImpl (node_modules/react-dom/cjs/react-dom.development.js:26998:3)
      at commitRoot (node_modules/react-dom/cjs/react-dom.development.js:26721:5)
      at finishConcurrentRender (node_modules/react-dom/cjs/react-dom.development.js:26020:9)
      at performConcurrentWorkOnRoot (node_modules/react-dom/cjs/react-dom.development.js:25848:7)
      at flushActQueue (node_modules/react/cjs/react.development.js:2667:24)
      at act (node_modules/react/cjs/react.development.js:2582:11)
      at node_modules/@testing-library/react/dist/act-compat.js:46:25
      at renderRoot (node_modules/@testing-library/react/dist/pure.js:189:26)
      at render (node_modules/@testing-library/react/dist/pure.js:291:10)
      at Object.<anonymous> (src/renderer/components/MainPane/tabs/PhotosTab.test.tsx:310:11)

    console.error
      Error: Uncaught [TypeError: fieldsRef.current?.scrollTo is not a function]
          at reportException (/Users/johnneed/Projects/gmc-shelters/node_modules/jsdom/lib/jsdom/living/helpers/runtime-script-errors.js:66:24)
          at innerInvokeEventListeners (/Users/johnneed/Projects/gmc-shelters/node_modules/jsdom/lib/jsdom/living/events/EventTarget-impl.js:353:9)
          at invokeEventListeners (/Users/johnneed/Projects/gmc-shelters/node_modules/jsdom/lib/jsdom/living/events/EventTarget-impl.js:286:3)
          at HTMLUnknownElementImpl._dispatch (/Users/johnneed/Projects/gmc-shelters/node_modules/jsdom/lib/jsdom/living/events/EventTarget-impl.js:233:9)
          at HTMLUnknownElementImpl.dispatchEvent (/Users/johnneed/Projects/gmc-shelters/node_modules/jsdom/lib/jsdom/living/events/EventTarget-impl.js:104:17)
          at HTMLUnknownElement.dispatchEvent (/Users/johnneed/Projects/gmc-shelters/node_modules/jsdom/lib/jsdom/living/generated/EventTarget.js:241:34)
          at Object.invokeGuardedCallbackDev (/Users/johnneed/Projects/gmc-shelters/node_modules/react-dom/cjs/react-dom.development.js:4213:16)
          at invokeGuardedCallback (/Users/johnneed/Projects/gmc-shelters/node_modules/react-dom/cjs/react-dom.development.js:4277:31)
          at reportUncaughtErrorInDEV (/Users/johnneed/Projects/gmc-shelters/node_modules/react-dom/cjs/react-dom.development.js:22877:5)
          at captureCommitPhaseError (/Users/johnneed/Projects/gmc-shelters/node_modules/react-dom/cjs/react-dom.development.js:27165:5)
          at commitPassiveMountEffects_complete (/Users/johnneed/Projects/gmc-shelters/node_modules/react-dom/cjs/react-dom.development.js:24932:9)
          at commitPassiveMountEffects_begin (/Users/johnneed/Projects/gmc-shelters/node_modules/react-dom/cjs/react-dom.development.js:24917:7)
          at commitPassiveMountEffects (/Users/johnneed/Projects/gmc-shelters/node_modules/react-dom/cjs/react-dom.development.js:24905:3)
          at flushPassiveEffectsImpl (/Users/johnneed/Projects/gmc-shelters/node_modules/react-dom/cjs/react-dom.development.js:27078:3)
          at flushPassiveEffects (/Users/johnneed/Projects/gmc-shelters/node_modules/react-dom/cjs/react-dom.development.js:27023:14)
          at performSyncWorkOnRoot (/Users/johnneed/Projects/gmc-shelters/node_modules/react-dom/cjs/react-dom.development.js:26115:3)
          at flushSyncCallbacks (/Users/johnneed/Projects/gmc-shelters/node_modules/react-dom/cjs/react-dom.development.js:12042:22)
          at commitRootImpl (/Users/johnneed/Projects/gmc-shelters/node_modules/react-dom/cjs/react-dom.development.js:26998:3)
          at commitRoot (/Users/johnneed/Projects/gmc-shelters/node_modules/react-dom/cjs/react-dom.development.js:26721:5)
          at finishConcurrentRender (/Users/johnneed/Projects/gmc-shelters/node_modules/react-dom/cjs/react-dom.development.js:26020:9)
          at performConcurrentWorkOnRoot (/Users/johnneed/Projects/gmc-shelters/node_modules/react-dom/cjs/react-dom.development.js:25848:7)
          at flushActQueue (/Users/johnneed/Projects/gmc-shelters/node_modules/react/cjs/react.development.js:2667:24)
          at act (/Users/johnneed/Projects/gmc-shelters/node_modules/react/cjs/react.development.js:2582:11)
          at /Users/johnneed/Projects/gmc-shelters/node_modules/@testing-library/react/dist/act-compat.js:46:25
          at renderRoot (/Users/johnneed/Projects/gmc-shelters/node_modules/@testing-library/react/dist/pure.js:189:26)
          at render (/Users/johnneed/Projects/gmc-shelters/node_modules/@testing-library/react/dist/pure.js:291:10)
          at Object.<anonymous> (/Users/johnneed/Projects/gmc-shelters/src/renderer/components/MainPane/tabs/PhotosTab.test.tsx:327:11)
          at Promise.then.completed (/Users/johnneed/Projects/gmc-shelters/node_modules/jest-circus/build/utils.js:298:28)
          at new Promise (<anonymous>)
          at callAsyncCircusFn (/Users/johnneed/Projects/gmc-shelters/node_modules/jest-circus/build/utils.js:231:10)
          at _callCircusTest (/Users/johnneed/Projects/gmc-shelters/node_modules/jest-circus/build/run.js:316:40)
          at _runTest (/Users/johnneed/Projects/gmc-shelters/node_modules/jest-circus/build/run.js:252:3)
          at _runTestsForDescribeBlock (/Users/johnneed/Projects/gmc-shelters/node_modules/jest-circus/build/run.js:126:9)
          at _runTestsForDescribeBlock (/Users/johnneed/Projects/gmc-shelters/node_modules/jest-circus/build/run.js:121:9)
          at run (/Users/johnneed/Projects/gmc-shelters/node_modules/jest-circus/build/run.js:71:3)
          at runAndTransformResultsToJestFormat (/Users/johnneed/Projects/gmc-shelters/node_modules/jest-circus/build/legacy-code-todo-rewrite/jestAdapterInit.js:122:21)
          at jestAdapter (/Users/johnneed/Projects/gmc-shelters/node_modules/jest-circus/build/legacy-code-todo-rewrite/jestAdapter.js:79:19)
          at runTestInternal (/Users/johnneed/Projects/gmc-shelters/node_modules/jest-runner/build/runTest.js:367:16)
          at runTest (/Users/johnneed/Projects/gmc-shelters/node_modules/jest-runner/build/runTest.js:444:34)
          at Object.worker (/Users/johnneed/Projects/gmc-shelters/node_modules/jest-runner/build/testWorker.js:106:12) {
        detail: TypeError: fieldsRef.current?.scrollTo is not a function
            at /Users/johnneed/Projects/gmc-shelters/src/renderer/components/MainPane/tabs/PhotoDetailPane.tsx:49:24
            at commitHookEffectListMount (/Users/johnneed/Projects/gmc-shelters/node_modules/react-dom/cjs/react-dom.development.js:23189:26)
            at commitPassiveMountOnFiber (/Users/johnneed/Projects/gmc-shelters/node_modules/react-dom/cjs/react-dom.development.js:24970:11)
            at commitPassiveMountEffects_complete (/Users/johnneed/Projects/gmc-shelters/node_modules/react-dom/cjs/react-dom.development.js:24930:9)
            at commitPassiveMountEffects_begin (/Users/johnneed/Projects/gmc-shelters/node_modules/react-dom/cjs/react-dom.development.js:24917:7)
            at commitPassiveMountEffects (/Users/johnneed/Projects/gmc-shelters/node_modules/react-dom/cjs/react-dom.development.js:24905:3)
            at flushPassiveEffectsImpl (/Users/johnneed/Projects/gmc-shelters/node_modules/react-dom/cjs/react-dom.development.js:27078:3)
            at flushPassiveEffects (/Users/johnneed/Projects/gmc-shelters/node_modules/react-dom/cjs/react-dom.development.js:27023:14)
            at performSyncWorkOnRoot (/Users/johnneed/Projects/gmc-shelters/node_modules/react-dom/cjs/react-dom.development.js:26115:3)
            at flushSyncCallbacks (/Users/johnneed/Projects/gmc-shelters/node_modules/react-dom/cjs/react-dom.development.js:12042:22)
            at commitRootImpl (/Users/johnneed/Projects/gmc-shelters/node_modules/react-dom/cjs/react-dom.development.js:26998:3)
            at commitRoot (/Users/johnneed/Projects/gmc-shelters/node_modules/react-dom/cjs/react-dom.development.js:26721:5)
            at finishConcurrentRender (/Users/johnneed/Projects/gmc-shelters/node_modules/react-dom/cjs/react-dom.development.js:26020:9)
            at performConcurrentWorkOnRoot (/Users/johnneed/Projects/gmc-shelters/node_modules/react-dom/cjs/react-dom.development.js:25848:7)
            at flushActQueue (/Users/johnneed/Projects/gmc-shelters/node_modules/react/cjs/react.development.js:2667:24)
            at act (/Users/johnneed/Projects/gmc-shelters/node_modules/react/cjs/react.development.js:2582:11)
            at /Users/johnneed/Projects/gmc-shelters/node_modules/@testing-library/react/dist/act-compat.js:46:25
            at renderRoot (/Users/johnneed/Projects/gmc-shelters/node_modules/@testing-library/react/dist/pure.js:189:26)
            at render (/Users/johnneed/Projects/gmc-shelters/node_modules/@testing-library/react/dist/pure.js:291:10)
            at Object.<anonymous> (/Users/johnneed/Projects/gmc-shelters/src/renderer/components/MainPane/tabs/PhotosTab.test.tsx:327:11)
            at Promise.then.completed (/Users/johnneed/Projects/gmc-shelters/node_modules/jest-circus/build/utils.js:298:28)
            at new Promise (<anonymous>)
            at callAsyncCircusFn (/Users/johnneed/Projects/gmc-shelters/node_modules/jest-circus/build/utils.js:231:10)
            at _callCircusTest (/Users/johnneed/Projects/gmc-shelters/node_modules/jest-circus/build/run.js:316:40)
            at _runTest (/Users/johnneed/Projects/gmc-shelters/node_modules/jest-circus/build/run.js:252:3)
            at _runTestsForDescribeBlock (/Users/johnneed/Projects/gmc-shelters/node_modules/jest-circus/build/run.js:126:9)
            at _runTestsForDescribeBlock (/Users/johnneed/Projects/gmc-shelters/node_modules/jest-circus/build/run.js:121:9)
            at run (/Users/johnneed/Projects/gmc-shelters/node_modules/jest-circus/build/run.js:71:3)
            at runAndTransformResultsToJestFormat (/Users/johnneed/Projects/gmc-shelters/node_modules/jest-circus/build/legacy-code-todo-rewrite/jestAdapterInit.js:122:21)
            at jestAdapter (/Users/johnneed/Projects/gmc-shelters/node_modules/jest-circus/build/legacy-code-todo-rewrite/jestAdapter.js:79:19)
            at runTestInternal (/Users/johnneed/Projects/gmc-shelters/node_modules/jest-runner/build/runTest.js:367:16)
            at runTest (/Users/johnneed/Projects/gmc-shelters/node_modules/jest-runner/build/runTest.js:444:34)
            at Object.worker (/Users/johnneed/Projects/gmc-shelters/node_modules/jest-runner/build/testWorker.js:106:12),
        type: 'unhandled exception'
      }

      325 |     const photo = makePhoto();
      326 |     const store = makeStore(shelter, [photo]);
    > 327 |     render(<Provider store={store}><PhotosTab /></Provider>);
          |           ^
      328 |
      329 |     await waitFor(() => {
      330 |       expect(screen.getByTestId('photo-preview')).toBeInTheDocument();

      at VirtualConsole.<anonymous> (node_modules/jest-environment-jsdom/build/index.js:63:23)
      at reportException (node_modules/jsdom/lib/jsdom/living/helpers/runtime-script-errors.js:70:28)
      at innerInvokeEventListeners (node_modules/jsdom/lib/jsdom/living/events/EventTarget-impl.js:353:9)
      at invokeEventListeners (node_modules/jsdom/lib/jsdom/living/events/EventTarget-impl.js:286:3)
      at HTMLUnknownElementImpl._dispatch (node_modules/jsdom/lib/jsdom/living/events/EventTarget-impl.js:233:9)
      at HTMLUnknownElementImpl.dispatchEvent (node_modules/jsdom/lib/jsdom/living/events/EventTarget-impl.js:104:17)
      at HTMLUnknownElement.dispatchEvent (node_modules/jsdom/lib/jsdom/living/generated/EventTarget.js:241:34)
      at Object.invokeGuardedCallbackDev (node_modules/react-dom/cjs/react-dom.development.js:4213:16)
      at invokeGuardedCallback (node_modules/react-dom/cjs/react-dom.development.js:4277:31)
      at reportUncaughtErrorInDEV (node_modules/react-dom/cjs/react-dom.development.js:22877:5)
      at captureCommitPhaseError (node_modules/react-dom/cjs/react-dom.development.js:27165:5)
      at commitPassiveMountEffects_complete (node_modules/react-dom/cjs/react-dom.development.js:24932:9)
      at commitPassiveMountEffects_begin (node_modules/react-dom/cjs/react-dom.development.js:24917:7)
      at commitPassiveMountEffects (node_modules/react-dom/cjs/react-dom.development.js:24905:3)
      at flushPassiveEffectsImpl (node_modules/react-dom/cjs/react-dom.development.js:27078:3)
      at flushPassiveEffects (node_modules/react-dom/cjs/react-dom.development.js:27023:14)
      at performSyncWorkOnRoot (node_modules/react-dom/cjs/react-dom.development.js:26115:3)
      at flushSyncCallbacks (node_modules/react-dom/cjs/react-dom.development.js:12042:22)
      at commitRootImpl (node_modules/react-dom/cjs/react-dom.development.js:26998:3)
      at commitRoot (node_modules/react-dom/cjs/react-dom.development.js:26721:5)
      at finishConcurrentRender (node_modules/react-dom/cjs/react-dom.development.js:26020:9)
      at performConcurrentWorkOnRoot (node_modules/react-dom/cjs/react-dom.development.js:25848:7)
      at flushActQueue (node_modules/react/cjs/react.development.js:2667:24)
      at act (node_modules/react/cjs/react.development.js:2582:11)
      at node_modules/@testing-library/react/dist/act-compat.js:46:25
      at renderRoot (node_modules/@testing-library/react/dist/pure.js:189:26)
      at render (node_modules/@testing-library/react/dist/pure.js:291:10)
      at Object.<anonymous> (src/renderer/components/MainPane/tabs/PhotosTab.test.tsx:327:11)

    console.error
      The above error occurred in the <PhotoDetailPane> component:
      
          at PhotoDetailPane (/Users/johnneed/Projects/gmc-shelters/src/renderer/components/MainPane/tabs/PhotoDetailPane.tsx:39:3)
          at div
          at PhotosTab (/Users/johnneed/Projects/gmc-shelters/src/renderer/components/MainPane/tabs/PhotosTab.tsx:58:31)
          at Provider (/Users/johnneed/Projects/gmc-shelters/node_modules/react-redux/src/components/Provider.tsx:60:11)
      
      Consider adding an error boundary to your tree to customize error handling behavior.
      Visit https://reactjs.org/link/error-boundaries to learn more about error boundaries.

      325 |     const photo = makePhoto();
      326 |     const store = makeStore(shelter, [photo]);
    > 327 |     render(<Provider store={store}><PhotosTab /></Provider>);
          |           ^
      328 |
      329 |     await waitFor(() => {
      330 |       expect(screen.getByTestId('photo-preview')).toBeInTheDocument();

      at logCapturedError (node_modules/react-dom/cjs/react-dom.development.js:18704:23)
      at update.callback (node_modules/react-dom/cjs/react-dom.development.js:18737:5)
      at callCallback (node_modules/react-dom/cjs/react-dom.development.js:15036:12)
      at commitUpdateQueue (node_modules/react-dom/cjs/react-dom.development.js:15057:9)
      at commitLayoutEffectOnFiber (node_modules/react-dom/cjs/react-dom.development.js:23430:13)
      at commitLayoutMountEffects_complete (node_modules/react-dom/cjs/react-dom.development.js:24727:9)
      at commitLayoutEffects_begin (node_modules/react-dom/cjs/react-dom.development.js:24713:7)
      at commitLayoutEffects (node_modules/react-dom/cjs/react-dom.development.js:24651:3)
      at commitRootImpl (node_modules/react-dom/cjs/react-dom.development.js:26862:5)
      at commitRoot (node_modules/react-dom/cjs/react-dom.development.js:26721:5)
      at performSyncWorkOnRoot (node_modules/react-dom/cjs/react-dom.development.js:26156:3)
      at flushSyncCallbacks (node_modules/react-dom/cjs/react-dom.development.js:12042:22)
      at commitRootImpl (node_modules/react-dom/cjs/react-dom.development.js:26998:3)
      at commitRoot (node_modules/react-dom/cjs/react-dom.development.js:26721:5)
      at finishConcurrentRender (node_modules/react-dom/cjs/react-dom.development.js:26020:9)
      at performConcurrentWorkOnRoot (node_modules/react-dom/cjs/react-dom.development.js:25848:7)
      at flushActQueue (node_modules/react/cjs/react.development.js:2667:24)
      at act (node_modules/react/cjs/react.development.js:2582:11)
      at node_modules/@testing-library/react/dist/act-compat.js:46:25
      at renderRoot (node_modules/@testing-library/react/dist/pure.js:189:26)
      at render (node_modules/@testing-library/react/dist/pure.js:291:10)
      at Object.<anonymous> (src/renderer/components/MainPane/tabs/PhotosTab.test.tsx:327:11)

    console.error
      Warning: An update to PhotosTab inside a test was not wrapped in act(...).
      
      When testing, code that causes React state updates should be wrapped into act(...):
      
      act(() => {
        /* fire events that update state */
      });
      /* assert on the output */
      
      This ensures that you're testing the behavior the user would see in the browser. Learn more at https://reactjs.org/link/wrap-tests-with-act
          at PhotosTab (/Users/johnneed/Projects/gmc-shelters/src/renderer/components/MainPane/tabs/PhotosTab.tsx:58:31)
          at Provider (/Users/johnneed/Projects/gmc-shelters/node_modules/react-redux/src/components/Provider.tsx:60:11)

       7 |     if (typeof window === 'undefined' || !window.api) return undefined;
       8 |     window.api.app.getRepoRoot()
    >  9 |       .then((root) => { if (!cancelled) setRepoRoot(root); })
         |                                         ^
      10 |       .catch(() => {});
      11 |     return () => { cancelled = true; };
      12 |   }, []);

      at printWarning (node_modules/react-dom/cjs/react-dom.development.js:86:30)
      at error (node_modules/react-dom/cjs/react-dom.development.js:60:7)
      at warnIfUpdatesNotWrappedWithActDEV (node_modules/react-dom/cjs/react-dom.development.js:27628:9)
      at scheduleUpdateOnFiber (node_modules/react-dom/cjs/react-dom.development.js:25547:5)
      at dispatchSetState (node_modules/react-dom/cjs/react-dom.development.js:16708:7)
      at src/renderer/hooks/useRepoRoot.ts:9:41

    console.error
      Error: Uncaught [TypeError: fieldsRef.current?.scrollTo is not a function]
          at reportException (/Users/johnneed/Projects/gmc-shelters/node_modules/jsdom/lib/jsdom/living/helpers/runtime-script-errors.js:66:24)
          at innerInvokeEventListeners (/Users/johnneed/Projects/gmc-shelters/node_modules/jsdom/lib/jsdom/living/events/EventTarget-impl.js:353:9)
          at invokeEventListeners (/Users/johnneed/Projects/gmc-shelters/node_modules/jsdom/lib/jsdom/living/events/EventTarget-impl.js:286:3)
          at HTMLUnknownElementImpl._dispatch (/Users/johnneed/Projects/gmc-shelters/node_modules/jsdom/lib/jsdom/living/events/EventTarget-impl.js:233:9)
          at HTMLUnknownElementImpl.dispatchEvent (/Users/johnneed/Projects/gmc-shelters/node_modules/jsdom/lib/jsdom/living/events/EventTarget-impl.js:104:17)
          at HTMLUnknownElement.dispatchEvent (/Users/johnneed/Projects/gmc-shelters/node_modules/jsdom/lib/jsdom/living/generated/EventTarget.js:241:34)
          at Object.invokeGuardedCallbackDev (/Users/johnneed/Projects/gmc-shelters/node_modules/react-dom/cjs/react-dom.development.js:4213:16)
          at invokeGuardedCallback (/Users/johnneed/Projects/gmc-shelters/node_modules/react-dom/cjs/react-dom.development.js:4277:31)
          at reportUncaughtErrorInDEV (/Users/johnneed/Projects/gmc-shelters/node_modules/react-dom/cjs/react-dom.development.js:22877:5)
          at captureCommitPhaseError (/Users/johnneed/Projects/gmc-shelters/node_modules/react-dom/cjs/react-dom.development.js:27165:5)
          at commitPassiveMountEffects_complete (/Users/johnneed/Projects/gmc-shelters/node_modules/react-dom/cjs/react-dom.development.js:24932:9)
          at commitPassiveMountEffects_begin (/Users/johnneed/Projects/gmc-shelters/node_modules/react-dom/cjs/react-dom.development.js:24917:7)
          at commitPassiveMountEffects (/Users/johnneed/Projects/gmc-shelters/node_modules/react-dom/cjs/react-dom.development.js:24905:3)
          at flushPassiveEffectsImpl (/Users/johnneed/Projects/gmc-shelters/node_modules/react-dom/cjs/react-dom.development.js:27078:3)
          at flushPassiveEffects (/Users/johnneed/Projects/gmc-shelters/node_modules/react-dom/cjs/react-dom.development.js:27023:14)
          at performSyncWorkOnRoot (/Users/johnneed/Projects/gmc-shelters/node_modules/react-dom/cjs/react-dom.development.js:26115:3)
          at flushSyncCallbacks (/Users/johnneed/Projects/gmc-shelters/node_modules/react-dom/cjs/react-dom.development.js:12042:22)
          at commitRootImpl (/Users/johnneed/Projects/gmc-shelters/node_modules/react-dom/cjs/react-dom.development.js:26998:3)
          at commitRoot (/Users/johnneed/Projects/gmc-shelters/node_modules/react-dom/cjs/react-dom.development.js:26721:5)
          at finishConcurrentRender (/Users/johnneed/Projects/gmc-shelters/node_modules/react-dom/cjs/react-dom.development.js:26020:9)
          at performConcurrentWorkOnRoot (/Users/johnneed/Projects/gmc-shelters/node_modules/react-dom/cjs/react-dom.development.js:25848:7)
          at flushActQueue (/Users/johnneed/Projects/gmc-shelters/node_modules/react/cjs/react.development.js:2667:24)
          at act (/Users/johnneed/Projects/gmc-shelters/node_modules/react/cjs/react.development.js:2582:11)
          at /Users/johnneed/Projects/gmc-shelters/node_modules/@testing-library/react/dist/act-compat.js:46:25
          at renderRoot (/Users/johnneed/Projects/gmc-shelters/node_modules/@testing-library/react/dist/pure.js:189:26)
          at render (/Users/johnneed/Projects/gmc-shelters/node_modules/@testing-library/react/dist/pure.js:291:10)
          at Object.<anonymous> (/Users/johnneed/Projects/gmc-shelters/src/renderer/components/MainPane/tabs/PhotosTab.test.tsx:350:11)
          at Promise.then.completed (/Users/johnneed/Projects/gmc-shelters/node_modules/jest-circus/build/utils.js:298:28)
          at new Promise (<anonymous>)
          at callAsyncCircusFn (/Users/johnneed/Projects/gmc-shelters/node_modules/jest-circus/build/utils.js:231:10)
          at _callCircusTest (/Users/johnneed/Projects/gmc-shelters/node_modules/jest-circus/build/run.js:316:40)
          at _runTest (/Users/johnneed/Projects/gmc-shelters/node_modules/jest-circus/build/run.js:252:3)
          at _runTestsForDescribeBlock (/Users/johnneed/Projects/gmc-shelters/node_modules/jest-circus/build/run.js:126:9)
          at _runTestsForDescribeBlock (/Users/johnneed/Projects/gmc-shelters/node_modules/jest-circus/build/run.js:121:9)
          at run (/Users/johnneed/Projects/gmc-shelters/node_modules/jest-circus/build/run.js:71:3)
          at runAndTransformResultsToJestFormat (/Users/johnneed/Projects/gmc-shelters/node_modules/jest-circus/build/legacy-code-todo-rewrite/jestAdapterInit.js:122:21)
          at jestAdapter (/Users/johnneed/Projects/gmc-shelters/node_modules/jest-circus/build/legacy-code-todo-rewrite/jestAdapter.js:79:19)
          at runTestInternal (/Users/johnneed/Projects/gmc-shelters/node_modules/jest-runner/build/runTest.js:367:16)
          at runTest (/Users/johnneed/Projects/gmc-shelters/node_modules/jest-runner/build/runTest.js:444:34)
          at Object.worker (/Users/johnneed/Projects/gmc-shelters/node_modules/jest-runner/build/testWorker.js:106:12) {
        detail: TypeError: fieldsRef.current?.scrollTo is not a function
            at /Users/johnneed/Projects/gmc-shelters/src/renderer/components/MainPane/tabs/PhotoDetailPane.tsx:49:24
            at commitHookEffectListMount (/Users/johnneed/Projects/gmc-shelters/node_modules/react-dom/cjs/react-dom.development.js:23189:26)
            at commitPassiveMountOnFiber (/Users/johnneed/Projects/gmc-shelters/node_modules/react-dom/cjs/react-dom.development.js:24970:11)
            at commitPassiveMountEffects_complete (/Users/johnneed/Projects/gmc-shelters/node_modules/react-dom/cjs/react-dom.development.js:24930:9)
            at commitPassiveMountEffects_begin (/Users/johnneed/Projects/gmc-shelters/node_modules/react-dom/cjs/react-dom.development.js:24917:7)
            at commitPassiveMountEffects (/Users/johnneed/Projects/gmc-shelters/node_modules/react-dom/cjs/react-dom.development.js:24905:3)
            at flushPassiveEffectsImpl (/Users/johnneed/Projects/gmc-shelters/node_modules/react-dom/cjs/react-dom.development.js:27078:3)
            at flushPassiveEffects (/Users/johnneed/Projects/gmc-shelters/node_modules/react-dom/cjs/react-dom.development.js:27023:14)
            at performSyncWorkOnRoot (/Users/johnneed/Projects/gmc-shelters/node_modules/react-dom/cjs/react-dom.development.js:26115:3)
            at flushSyncCallbacks (/Users/johnneed/Projects/gmc-shelters/node_modules/react-dom/cjs/react-dom.development.js:12042:22)
            at commitRootImpl (/Users/johnneed/Projects/gmc-shelters/node_modules/react-dom/cjs/react-dom.development.js:26998:3)
            at commitRoot (/Users/johnneed/Projects/gmc-shelters/node_modules/react-dom/cjs/react-dom.development.js:26721:5)
            at finishConcurrentRender (/Users/johnneed/Projects/gmc-shelters/node_modules/react-dom/cjs/react-dom.development.js:26020:9)
            at performConcurrentWorkOnRoot (/Users/johnneed/Projects/gmc-shelters/node_modules/react-dom/cjs/react-dom.development.js:25848:7)
            at flushActQueue (/Users/johnneed/Projects/gmc-shelters/node_modules/react/cjs/react.development.js:2667:24)
            at act (/Users/johnneed/Projects/gmc-shelters/node_modules/react/cjs/react.development.js:2582:11)
            at /Users/johnneed/Projects/gmc-shelters/node_modules/@testing-library/react/dist/act-compat.js:46:25
            at renderRoot (/Users/johnneed/Projects/gmc-shelters/node_modules/@testing-library/react/dist/pure.js:189:26)
            at render (/Users/johnneed/Projects/gmc-shelters/node_modules/@testing-library/react/dist/pure.js:291:10)
            at Object.<anonymous> (/Users/johnneed/Projects/gmc-shelters/src/renderer/components/MainPane/tabs/PhotosTab.test.tsx:350:11)
            at Promise.then.completed (/Users/johnneed/Projects/gmc-shelters/node_modules/jest-circus/build/utils.js:298:28)
            at new Promise (<anonymous>)
            at callAsyncCircusFn (/Users/johnneed/Projects/gmc-shelters/node_modules/jest-circus/build/utils.js:231:10)
            at _callCircusTest (/Users/johnneed/Projects/gmc-shelters/node_modules/jest-circus/build/run.js:316:40)
            at _runTest (/Users/johnneed/Projects/gmc-shelters/node_modules/jest-circus/build/run.js:252:3)
            at _runTestsForDescribeBlock (/Users/johnneed/Projects/gmc-shelters/node_modules/jest-circus/build/run.js:126:9)
            at _runTestsForDescribeBlock (/Users/johnneed/Projects/gmc-shelters/node_modules/jest-circus/build/run.js:121:9)
            at run (/Users/johnneed/Projects/gmc-shelters/node_modules/jest-circus/build/run.js:71:3)
            at runAndTransformResultsToJestFormat (/Users/johnneed/Projects/gmc-shelters/node_modules/jest-circus/build/legacy-code-todo-rewrite/jestAdapterInit.js:122:21)
            at jestAdapter (/Users/johnneed/Projects/gmc-shelters/node_modules/jest-circus/build/legacy-code-todo-rewrite/jestAdapter.js:79:19)
            at runTestInternal (/Users/johnneed/Projects/gmc-shelters/node_modules/jest-runner/build/runTest.js:367:16)
            at runTest (/Users/johnneed/Projects/gmc-shelters/node_modules/jest-runner/build/runTest.js:444:34)
            at Object.worker (/Users/johnneed/Projects/gmc-shelters/node_modules/jest-runner/build/testWorker.js:106:12),
        type: 'unhandled exception'
      }

      348 |     const photo = makePhoto();
      349 |     const store = makeStore(shelter, [photo]);
    > 350 |     render(<Provider store={store}><PhotosTab /></Provider>);
          |           ^
      351 |     await waitFor(() => {
      352 |       expect(screen.getByRole('button', { name: /view photo metadata/i })).toBeInTheDocument();
      353 |     });

      at VirtualConsole.<anonymous> (node_modules/jest-environment-jsdom/build/index.js:63:23)
      at reportException (node_modules/jsdom/lib/jsdom/living/helpers/runtime-script-errors.js:70:28)
      at innerInvokeEventListeners (node_modules/jsdom/lib/jsdom/living/events/EventTarget-impl.js:353:9)
      at invokeEventListeners (node_modules/jsdom/lib/jsdom/living/events/EventTarget-impl.js:286:3)
      at HTMLUnknownElementImpl._dispatch (node_modules/jsdom/lib/jsdom/living/events/EventTarget-impl.js:233:9)
      at HTMLUnknownElementImpl.dispatchEvent (node_modules/jsdom/lib/jsdom/living/events/EventTarget-impl.js:104:17)
      at HTMLUnknownElement.dispatchEvent (node_modules/jsdom/lib/jsdom/living/generated/EventTarget.js:241:34)
      at Object.invokeGuardedCallbackDev (node_modules/react-dom/cjs/react-dom.development.js:4213:16)
      at invokeGuardedCallback (node_modules/react-dom/cjs/react-dom.development.js:4277:31)
      at reportUncaughtErrorInDEV (node_modules/react-dom/cjs/react-dom.development.js:22877:5)
      at captureCommitPhaseError (node_modules/react-dom/cjs/react-dom.development.js:27165:5)
      at commitPassiveMountEffects_complete (node_modules/react-dom/cjs/react-dom.development.js:24932:9)
      at commitPassiveMountEffects_begin (node_modules/react-dom/cjs/react-dom.development.js:24917:7)
      at commitPassiveMountEffects (node_modules/react-dom/cjs/react-dom.development.js:24905:3)
      at flushPassiveEffectsImpl (node_modules/react-dom/cjs/react-dom.development.js:27078:3)
      at flushPassiveEffects (node_modules/react-dom/cjs/react-dom.development.js:27023:14)
      at performSyncWorkOnRoot (node_modules/react-dom/cjs/react-dom.development.js:26115:3)
      at flushSyncCallbacks (node_modules/react-dom/cjs/react-dom.development.js:12042:22)
      at commitRootImpl (node_modules/react-dom/cjs/react-dom.development.js:26998:3)
      at commitRoot (node_modules/react-dom/cjs/react-dom.development.js:26721:5)
      at finishConcurrentRender (node_modules/react-dom/cjs/react-dom.development.js:26020:9)
      at performConcurrentWorkOnRoot (node_modules/react-dom/cjs/react-dom.development.js:25848:7)
      at flushActQueue (node_modules/react/cjs/react.development.js:2667:24)
      at act (node_modules/react/cjs/react.development.js:2582:11)
      at node_modules/@testing-library/react/dist/act-compat.js:46:25
      at renderRoot (node_modules/@testing-library/react/dist/pure.js:189:26)
      at render (node_modules/@testing-library/react/dist/pure.js:291:10)
      at Object.<anonymous> (src/renderer/components/MainPane/tabs/PhotosTab.test.tsx:350:11)

    console.error
      The above error occurred in the <PhotoDetailPane> component:
      
          at PhotoDetailPane (/Users/johnneed/Projects/gmc-shelters/src/renderer/components/MainPane/tabs/PhotoDetailPane.tsx:39:3)
          at div
          at PhotosTab (/Users/johnneed/Projects/gmc-shelters/src/renderer/components/MainPane/tabs/PhotosTab.tsx:58:31)
          at Provider (/Users/johnneed/Projects/gmc-shelters/node_modules/react-redux/src/components/Provider.tsx:60:11)
      
      Consider adding an error boundary to your tree to customize error handling behavior.
      Visit https://reactjs.org/link/error-boundaries to learn more about error boundaries.

      348 |     const photo = makePhoto();
      349 |     const store = makeStore(shelter, [photo]);
    > 350 |     render(<Provider store={store}><PhotosTab /></Provider>);
          |           ^
      351 |     await waitFor(() => {
      352 |       expect(screen.getByRole('button', { name: /view photo metadata/i })).toBeInTheDocument();
      353 |     });

      at logCapturedError (node_modules/react-dom/cjs/react-dom.development.js:18704:23)
      at update.callback (node_modules/react-dom/cjs/react-dom.development.js:18737:5)
      at callCallback (node_modules/react-dom/cjs/react-dom.development.js:15036:12)
      at commitUpdateQueue (node_modules/react-dom/cjs/react-dom.development.js:15057:9)
      at commitLayoutEffectOnFiber (node_modules/react-dom/cjs/react-dom.development.js:23430:13)
      at commitLayoutMountEffects_complete (node_modules/react-dom/cjs/react-dom.development.js:24727:9)
      at commitLayoutEffects_begin (node_modules/react-dom/cjs/react-dom.development.js:24713:7)
      at commitLayoutEffects (node_modules/react-dom/cjs/react-dom.development.js:24651:3)
      at commitRootImpl (node_modules/react-dom/cjs/react-dom.development.js:26862:5)
      at commitRoot (node_modules/react-dom/cjs/react-dom.development.js:26721:5)
      at performSyncWorkOnRoot (node_modules/react-dom/cjs/react-dom.development.js:26156:3)
      at flushSyncCallbacks (node_modules/react-dom/cjs/react-dom.development.js:12042:22)
      at commitRootImpl (node_modules/react-dom/cjs/react-dom.development.js:26998:3)
      at commitRoot (node_modules/react-dom/cjs/react-dom.development.js:26721:5)
      at finishConcurrentRender (node_modules/react-dom/cjs/react-dom.development.js:26020:9)
      at performConcurrentWorkOnRoot (node_modules/react-dom/cjs/react-dom.development.js:25848:7)
      at flushActQueue (node_modules/react/cjs/react.development.js:2667:24)
      at act (node_modules/react/cjs/react.development.js:2582:11)
      at node_modules/@testing-library/react/dist/act-compat.js:46:25
      at renderRoot (node_modules/@testing-library/react/dist/pure.js:189:26)
      at render (node_modules/@testing-library/react/dist/pure.js:291:10)
      at Object.<anonymous> (src/renderer/components/MainPane/tabs/PhotosTab.test.tsx:350:11)

    console.error
      Error: Uncaught [TypeError: fieldsRef.current?.scrollTo is not a function]
          at reportException (/Users/johnneed/Projects/gmc-shelters/node_modules/jsdom/lib/jsdom/living/helpers/runtime-script-errors.js:66:24)
          at innerInvokeEventListeners (/Users/johnneed/Projects/gmc-shelters/node_modules/jsdom/lib/jsdom/living/events/EventTarget-impl.js:353:9)
          at invokeEventListeners (/Users/johnneed/Projects/gmc-shelters/node_modules/jsdom/lib/jsdom/living/events/EventTarget-impl.js:286:3)
          at HTMLUnknownElementImpl._dispatch (/Users/johnneed/Projects/gmc-shelters/node_modules/jsdom/lib/jsdom/living/events/EventTarget-impl.js:233:9)
          at HTMLUnknownElementImpl.dispatchEvent (/Users/johnneed/Projects/gmc-shelters/node_modules/jsdom/lib/jsdom/living/events/EventTarget-impl.js:104:17)
          at HTMLUnknownElement.dispatchEvent (/Users/johnneed/Projects/gmc-shelters/node_modules/jsdom/lib/jsdom/living/generated/EventTarget.js:241:34)
          at Object.invokeGuardedCallbackDev (/Users/johnneed/Projects/gmc-shelters/node_modules/react-dom/cjs/react-dom.development.js:4213:16)
          at invokeGuardedCallback (/Users/johnneed/Projects/gmc-shelters/node_modules/react-dom/cjs/react-dom.development.js:4277:31)
          at reportUncaughtErrorInDEV (/Users/johnneed/Projects/gmc-shelters/node_modules/react-dom/cjs/react-dom.development.js:22877:5)
          at captureCommitPhaseError (/Users/johnneed/Projects/gmc-shelters/node_modules/react-dom/cjs/react-dom.development.js:27165:5)
          at commitPassiveMountEffects_complete (/Users/johnneed/Projects/gmc-shelters/node_modules/react-dom/cjs/react-dom.development.js:24932:9)
          at commitPassiveMountEffects_begin (/Users/johnneed/Projects/gmc-shelters/node_modules/react-dom/cjs/react-dom.development.js:24917:7)
          at commitPassiveMountEffects (/Users/johnneed/Projects/gmc-shelters/node_modules/react-dom/cjs/react-dom.development.js:24905:3)
          at flushPassiveEffectsImpl (/Users/johnneed/Projects/gmc-shelters/node_modules/react-dom/cjs/react-dom.development.js:27078:3)
          at flushPassiveEffects (/Users/johnneed/Projects/gmc-shelters/node_modules/react-dom/cjs/react-dom.development.js:27023:14)
          at performSyncWorkOnRoot (/Users/johnneed/Projects/gmc-shelters/node_modules/react-dom/cjs/react-dom.development.js:26115:3)
          at flushSyncCallbacks (/Users/johnneed/Projects/gmc-shelters/node_modules/react-dom/cjs/react-dom.development.js:12042:22)
          at commitRootImpl (/Users/johnneed/Projects/gmc-shelters/node_modules/react-dom/cjs/react-dom.development.js:26998:3)
          at commitRoot (/Users/johnneed/Projects/gmc-shelters/node_modules/react-dom/cjs/react-dom.development.js:26721:5)
          at finishConcurrentRender (/Users/johnneed/Projects/gmc-shelters/node_modules/react-dom/cjs/react-dom.development.js:26020:9)
          at performConcurrentWorkOnRoot (/Users/johnneed/Projects/gmc-shelters/node_modules/react-dom/cjs/react-dom.development.js:25848:7)
          at flushActQueue (/Users/johnneed/Projects/gmc-shelters/node_modules/react/cjs/react.development.js:2667:24)
          at act (/Users/johnneed/Projects/gmc-shelters/node_modules/react/cjs/react.development.js:2582:11)
          at /Users/johnneed/Projects/gmc-shelters/node_modules/@testing-library/react/dist/act-compat.js:46:25
          at renderRoot (/Users/johnneed/Projects/gmc-shelters/node_modules/@testing-library/react/dist/pure.js:189:26)
          at render (/Users/johnneed/Projects/gmc-shelters/node_modules/@testing-library/react/dist/pure.js:291:10)
          at Object.<anonymous> (/Users/johnneed/Projects/gmc-shelters/src/renderer/components/MainPane/tabs/PhotosTab.test.tsx:360:11)
          at Promise.then.completed (/Users/johnneed/Projects/gmc-shelters/node_modules/jest-circus/build/utils.js:298:28)
          at new Promise (<anonymous>)
          at callAsyncCircusFn (/Users/johnneed/Projects/gmc-shelters/node_modules/jest-circus/build/utils.js:231:10)
          at _callCircusTest (/Users/johnneed/Projects/gmc-shelters/node_modules/jest-circus/build/run.js:316:40)
          at _runTest (/Users/johnneed/Projects/gmc-shelters/node_modules/jest-circus/build/run.js:252:3)
          at _runTestsForDescribeBlock (/Users/johnneed/Projects/gmc-shelters/node_modules/jest-circus/build/run.js:126:9)
          at _runTestsForDescribeBlock (/Users/johnneed/Projects/gmc-shelters/node_modules/jest-circus/build/run.js:121:9)
          at run (/Users/johnneed/Projects/gmc-shelters/node_modules/jest-circus/build/run.js:71:3)
          at runAndTransformResultsToJestFormat (/Users/johnneed/Projects/gmc-shelters/node_modules/jest-circus/build/legacy-code-todo-rewrite/jestAdapterInit.js:122:21)
          at jestAdapter (/Users/johnneed/Projects/gmc-shelters/node_modules/jest-circus/build/legacy-code-todo-rewrite/jestAdapter.js:79:19)
          at runTestInternal (/Users/johnneed/Projects/gmc-shelters/node_modules/jest-runner/build/runTest.js:367:16)
          at runTest (/Users/johnneed/Projects/gmc-shelters/node_modules/jest-runner/build/runTest.js:444:34)
          at Object.worker (/Users/johnneed/Projects/gmc-shelters/node_modules/jest-runner/build/testWorker.js:106:12) {
        detail: TypeError: fieldsRef.current?.scrollTo is not a function
            at /Users/johnneed/Projects/gmc-shelters/src/renderer/components/MainPane/tabs/PhotoDetailPane.tsx:49:24
            at commitHookEffectListMount (/Users/johnneed/Projects/gmc-shelters/node_modules/react-dom/cjs/react-dom.development.js:23189:26)
            at commitPassiveMountOnFiber (/Users/johnneed/Projects/gmc-shelters/node_modules/react-dom/cjs/react-dom.development.js:24970:11)
            at commitPassiveMountEffects_complete (/Users/johnneed/Projects/gmc-shelters/node_modules/react-dom/cjs/react-dom.development.js:24930:9)
            at commitPassiveMountEffects_begin (/Users/johnneed/Projects/gmc-shelters/node_modules/react-dom/cjs/react-dom.development.js:24917:7)
            at commitPassiveMountEffects (/Users/johnneed/Projects/gmc-shelters/node_modules/react-dom/cjs/react-dom.development.js:24905:3)
            at flushPassiveEffectsImpl (/Users/johnneed/Projects/gmc-shelters/node_modules/react-dom/cjs/react-dom.development.js:27078:3)
            at flushPassiveEffects (/Users/johnneed/Projects/gmc-shelters/node_modules/react-dom/cjs/react-dom.development.js:27023:14)
            at performSyncWorkOnRoot (/Users/johnneed/Projects/gmc-shelters/node_modules/react-dom/cjs/react-dom.development.js:26115:3)
            at flushSyncCallbacks (/Users/johnneed/Projects/gmc-shelters/node_modules/react-dom/cjs/react-dom.development.js:12042:22)
            at commitRootImpl (/Users/johnneed/Projects/gmc-shelters/node_modules/react-dom/cjs/react-dom.development.js:26998:3)
            at commitRoot (/Users/johnneed/Projects/gmc-shelters/node_modules/react-dom/cjs/react-dom.development.js:26721:5)
            at finishConcurrentRender (/Users/johnneed/Projects/gmc-shelters/node_modules/react-dom/cjs/react-dom.development.js:26020:9)
            at performConcurrentWorkOnRoot (/Users/johnneed/Projects/gmc-shelters/node_modules/react-dom/cjs/react-dom.development.js:25848:7)
            at flushActQueue (/Users/johnneed/Projects/gmc-shelters/node_modules/react/cjs/react.development.js:2667:24)
            at act (/Users/johnneed/Projects/gmc-shelters/node_modules/react/cjs/react.development.js:2582:11)
            at /Users/johnneed/Projects/gmc-shelters/node_modules/@testing-library/react/dist/act-compat.js:46:25
            at renderRoot (/Users/johnneed/Projects/gmc-shelters/node_modules/@testing-library/react/dist/pure.js:189:26)
            at render (/Users/johnneed/Projects/gmc-shelters/node_modules/@testing-library/react/dist/pure.js:291:10)
            at Object.<anonymous> (/Users/johnneed/Projects/gmc-shelters/src/renderer/components/MainPane/tabs/PhotosTab.test.tsx:360:11)
            at Promise.then.completed (/Users/johnneed/Projects/gmc-shelters/node_modules/jest-circus/build/utils.js:298:28)
            at new Promise (<anonymous>)
            at callAsyncCircusFn (/Users/johnneed/Projects/gmc-shelters/node_modules/jest-circus/build/utils.js:231:10)
            at _callCircusTest (/Users/johnneed/Projects/gmc-shelters/node_modules/jest-circus/build/run.js:316:40)
            at _runTest (/Users/johnneed/Projects/gmc-shelters/node_modules/jest-circus/build/run.js:252:3)
            at _runTestsForDescribeBlock (/Users/johnneed/Projects/gmc-shelters/node_modules/jest-circus/build/run.js:126:9)
            at _runTestsForDescribeBlock (/Users/johnneed/Projects/gmc-shelters/node_modules/jest-circus/build/run.js:121:9)
            at run (/Users/johnneed/Projects/gmc-shelters/node_modules/jest-circus/build/run.js:71:3)
            at runAndTransformResultsToJestFormat (/Users/johnneed/Projects/gmc-shelters/node_modules/jest-circus/build/legacy-code-todo-rewrite/jestAdapterInit.js:122:21)
            at jestAdapter (/Users/johnneed/Projects/gmc-shelters/node_modules/jest-circus/build/legacy-code-todo-rewrite/jestAdapter.js:79:19)
            at runTestInternal (/Users/johnneed/Projects/gmc-shelters/node_modules/jest-runner/build/runTest.js:367:16)
            at runTest (/Users/johnneed/Projects/gmc-shelters/node_modules/jest-runner/build/runTest.js:444:34)
            at Object.worker (/Users/johnneed/Projects/gmc-shelters/node_modules/jest-runner/build/testWorker.js:106:12),
        type: 'unhandled exception'
      }

      358 |     const photo = makePhoto({ title: 'Test Photo' });
      359 |     const store = makeStore(shelter, [photo]);
    > 360 |     render(<Provider store={store}><PhotosTab /></Provider>);
          |           ^
      361 |     await waitFor(() => {
      362 |       expect(screen.getByRole('button', { name: /view photo metadata/i })).toBeInTheDocument();
      363 |     });

      at VirtualConsole.<anonymous> (node_modules/jest-environment-jsdom/build/index.js:63:23)
      at reportException (node_modules/jsdom/lib/jsdom/living/helpers/runtime-script-errors.js:70:28)
      at innerInvokeEventListeners (node_modules/jsdom/lib/jsdom/living/events/EventTarget-impl.js:353:9)
      at invokeEventListeners (node_modules/jsdom/lib/jsdom/living/events/EventTarget-impl.js:286:3)
      at HTMLUnknownElementImpl._dispatch (node_modules/jsdom/lib/jsdom/living/events/EventTarget-impl.js:233:9)
      at HTMLUnknownElementImpl.dispatchEvent (node_modules/jsdom/lib/jsdom/living/events/EventTarget-impl.js:104:17)
      at HTMLUnknownElement.dispatchEvent (node_modules/jsdom/lib/jsdom/living/generated/EventTarget.js:241:34)
      at Object.invokeGuardedCallbackDev (node_modules/react-dom/cjs/react-dom.development.js:4213:16)
      at invokeGuardedCallback (node_modules/react-dom/cjs/react-dom.development.js:4277:31)
      at reportUncaughtErrorInDEV (node_modules/react-dom/cjs/react-dom.development.js:22877:5)
      at captureCommitPhaseError (node_modules/react-dom/cjs/react-dom.development.js:27165:5)
      at commitPassiveMountEffects_complete (node_modules/react-dom/cjs/react-dom.development.js:24932:9)
      at commitPassiveMountEffects_begin (node_modules/react-dom/cjs/react-dom.development.js:24917:7)
      at commitPassiveMountEffects (node_modules/react-dom/cjs/react-dom.development.js:24905:3)
      at flushPassiveEffectsImpl (node_modules/react-dom/cjs/react-dom.development.js:27078:3)
      at flushPassiveEffects (node_modules/react-dom/cjs/react-dom.development.js:27023:14)
      at performSyncWorkOnRoot (node_modules/react-dom/cjs/react-dom.development.js:26115:3)
      at flushSyncCallbacks (node_modules/react-dom/cjs/react-dom.development.js:12042:22)
      at commitRootImpl (node_modules/react-dom/cjs/react-dom.development.js:26998:3)
      at commitRoot (node_modules/react-dom/cjs/react-dom.development.js:26721:5)
      at finishConcurrentRender (node_modules/react-dom/cjs/react-dom.development.js:26020:9)
      at performConcurrentWorkOnRoot (node_modules/react-dom/cjs/react-dom.development.js:25848:7)
      at flushActQueue (node_modules/react/cjs/react.development.js:2667:24)
      at act (node_modules/react/cjs/react.development.js:2582:11)
      at node_modules/@testing-library/react/dist/act-compat.js:46:25
      at renderRoot (node_modules/@testing-library/react/dist/pure.js:189:26)
      at render (node_modules/@testing-library/react/dist/pure.js:291:10)
      at Object.<anonymous> (src/renderer/components/MainPane/tabs/PhotosTab.test.tsx:360:11)

    console.error
      The above error occurred in the <PhotoDetailPane> component:
      
          at PhotoDetailPane (/Users/johnneed/Projects/gmc-shelters/src/renderer/components/MainPane/tabs/PhotoDetailPane.tsx:39:3)
          at div
          at PhotosTab (/Users/johnneed/Projects/gmc-shelters/src/renderer/components/MainPane/tabs/PhotosTab.tsx:58:31)
          at Provider (/Users/johnneed/Projects/gmc-shelters/node_modules/react-redux/src/components/Provider.tsx:60:11)
      
      Consider adding an error boundary to your tree to customize error handling behavior.
      Visit https://reactjs.org/link/error-boundaries to learn more about error boundaries.

      358 |     const photo = makePhoto({ title: 'Test Photo' });
      359 |     const store = makeStore(shelter, [photo]);
    > 360 |     render(<Provider store={store}><PhotosTab /></Provider>);
          |           ^
      361 |     await waitFor(() => {
      362 |       expect(screen.getByRole('button', { name: /view photo metadata/i })).toBeInTheDocument();
      363 |     });

      at logCapturedError (node_modules/react-dom/cjs/react-dom.development.js:18704:23)
      at update.callback (node_modules/react-dom/cjs/react-dom.development.js:18737:5)
      at callCallback (node_modules/react-dom/cjs/react-dom.development.js:15036:12)
      at commitUpdateQueue (node_modules/react-dom/cjs/react-dom.development.js:15057:9)
      at commitLayoutEffectOnFiber (node_modules/react-dom/cjs/react-dom.development.js:23430:13)
      at commitLayoutMountEffects_complete (node_modules/react-dom/cjs/react-dom.development.js:24727:9)
      at commitLayoutEffects_begin (node_modules/react-dom/cjs/react-dom.development.js:24713:7)
      at commitLayoutEffects (node_modules/react-dom/cjs/react-dom.development.js:24651:3)
      at commitRootImpl (node_modules/react-dom/cjs/react-dom.development.js:26862:5)
      at commitRoot (node_modules/react-dom/cjs/react-dom.development.js:26721:5)
      at performSyncWorkOnRoot (node_modules/react-dom/cjs/react-dom.development.js:26156:3)
      at flushSyncCallbacks (node_modules/react-dom/cjs/react-dom.development.js:12042:22)
      at commitRootImpl (node_modules/react-dom/cjs/react-dom.development.js:26998:3)
      at commitRoot (node_modules/react-dom/cjs/react-dom.development.js:26721:5)
      at finishConcurrentRender (node_modules/react-dom/cjs/react-dom.development.js:26020:9)
      at performConcurrentWorkOnRoot (node_modules/react-dom/cjs/react-dom.development.js:25848:7)
      at flushActQueue (node_modules/react/cjs/react.development.js:2667:24)
      at act (node_modules/react/cjs/react.development.js:2582:11)
      at node_modules/@testing-library/react/dist/act-compat.js:46:25
      at renderRoot (node_modules/@testing-library/react/dist/pure.js:189:26)
      at render (node_modules/@testing-library/react/dist/pure.js:291:10)
      at Object.<anonymous> (src/renderer/components/MainPane/tabs/PhotosTab.test.tsx:360:11)

    console.error
      Error: Uncaught [TypeError: fieldsRef.current?.scrollTo is not a function]
          at reportException (/Users/johnneed/Projects/gmc-shelters/node_modules/jsdom/lib/jsdom/living/helpers/runtime-script-errors.js:66:24)
          at innerInvokeEventListeners (/Users/johnneed/Projects/gmc-shelters/node_modules/jsdom/lib/jsdom/living/events/EventTarget-impl.js:353:9)
          at invokeEventListeners (/Users/johnneed/Projects/gmc-shelters/node_modules/jsdom/lib/jsdom/living/events/EventTarget-impl.js:286:3)
          at HTMLUnknownElementImpl._dispatch (/Users/johnneed/Projects/gmc-shelters/node_modules/jsdom/lib/jsdom/living/events/EventTarget-impl.js:233:9)
          at HTMLUnknownElementImpl.dispatchEvent (/Users/johnneed/Projects/gmc-shelters/node_modules/jsdom/lib/jsdom/living/events/EventTarget-impl.js:104:17)
          at HTMLUnknownElement.dispatchEvent (/Users/johnneed/Projects/gmc-shelters/node_modules/jsdom/lib/jsdom/living/generated/EventTarget.js:241:34)
          at Object.invokeGuardedCallbackDev (/Users/johnneed/Projects/gmc-shelters/node_modules/react-dom/cjs/react-dom.development.js:4213:16)
          at invokeGuardedCallback (/Users/johnneed/Projects/gmc-shelters/node_modules/react-dom/cjs/react-dom.development.js:4277:31)
          at reportUncaughtErrorInDEV (/Users/johnneed/Projects/gmc-shelters/node_modules/react-dom/cjs/react-dom.development.js:22877:5)
          at captureCommitPhaseError (/Users/johnneed/Projects/gmc-shelters/node_modules/react-dom/cjs/react-dom.development.js:27165:5)
          at commitPassiveMountEffects_complete (/Users/johnneed/Projects/gmc-shelters/node_modules/react-dom/cjs/react-dom.development.js:24932:9)
          at commitPassiveMountEffects_begin (/Users/johnneed/Projects/gmc-shelters/node_modules/react-dom/cjs/react-dom.development.js:24917:7)
          at commitPassiveMountEffects (/Users/johnneed/Projects/gmc-shelters/node_modules/react-dom/cjs/react-dom.development.js:24905:3)
          at flushPassiveEffectsImpl (/Users/johnneed/Projects/gmc-shelters/node_modules/react-dom/cjs/react-dom.development.js:27078:3)
          at flushPassiveEffects (/Users/johnneed/Projects/gmc-shelters/node_modules/react-dom/cjs/react-dom.development.js:27023:14)
          at performSyncWorkOnRoot (/Users/johnneed/Projects/gmc-shelters/node_modules/react-dom/cjs/react-dom.development.js:26115:3)
          at flushSyncCallbacks (/Users/johnneed/Projects/gmc-shelters/node_modules/react-dom/cjs/react-dom.development.js:12042:22)
          at commitRootImpl (/Users/johnneed/Projects/gmc-shelters/node_modules/react-dom/cjs/react-dom.development.js:26998:3)
          at commitRoot (/Users/johnneed/Projects/gmc-shelters/node_modules/react-dom/cjs/react-dom.development.js:26721:5)
          at finishConcurrentRender (/Users/johnneed/Projects/gmc-shelters/node_modules/react-dom/cjs/react-dom.development.js:26020:9)
          at performConcurrentWorkOnRoot (/Users/johnneed/Projects/gmc-shelters/node_modules/react-dom/cjs/react-dom.development.js:25848:7)
          at flushActQueue (/Users/johnneed/Projects/gmc-shelters/node_modules/react/cjs/react.development.js:2667:24)
          at act (/Users/johnneed/Projects/gmc-shelters/node_modules/react/cjs/react.development.js:2582:11)
          at /Users/johnneed/Projects/gmc-shelters/node_modules/@testing-library/react/dist/act-compat.js:46:25
          at renderRoot (/Users/johnneed/Projects/gmc-shelters/node_modules/@testing-library/react/dist/pure.js:189:26)
          at render (/Users/johnneed/Projects/gmc-shelters/node_modules/@testing-library/react/dist/pure.js:291:10)
          at Object.<anonymous> (/Users/johnneed/Projects/gmc-shelters/src/renderer/components/MainPane/tabs/PhotosTab.test.tsx:372:11)
          at Promise.then.completed (/Users/johnneed/Projects/gmc-shelters/node_modules/jest-circus/build/utils.js:298:28)
          at new Promise (<anonymous>)
          at callAsyncCircusFn (/Users/johnneed/Projects/gmc-shelters/node_modules/jest-circus/build/utils.js:231:10)
          at _callCircusTest (/Users/johnneed/Projects/gmc-shelters/node_modules/jest-circus/build/run.js:316:40)
          at _runTest (/Users/johnneed/Projects/gmc-shelters/node_modules/jest-circus/build/run.js:252:3)
          at _runTestsForDescribeBlock (/Users/johnneed/Projects/gmc-shelters/node_modules/jest-circus/build/run.js:126:9)
          at _runTestsForDescribeBlock (/Users/johnneed/Projects/gmc-shelters/node_modules/jest-circus/build/run.js:121:9)
          at run (/Users/johnneed/Projects/gmc-shelters/node_modules/jest-circus/build/run.js:71:3)
          at runAndTransformResultsToJestFormat (/Users/johnneed/Projects/gmc-shelters/node_modules/jest-circus/build/legacy-code-todo-rewrite/jestAdapterInit.js:122:21)
          at jestAdapter (/Users/johnneed/Projects/gmc-shelters/node_modules/jest-circus/build/legacy-code-todo-rewrite/jestAdapter.js:79:19)
          at runTestInternal (/Users/johnneed/Projects/gmc-shelters/node_modules/jest-runner/build/runTest.js:367:16)
          at runTest (/Users/johnneed/Projects/gmc-shelters/node_modules/jest-runner/build/runTest.js:444:34)
          at Object.worker (/Users/johnneed/Projects/gmc-shelters/node_modules/jest-runner/build/testWorker.js:106:12) {
        detail: TypeError: fieldsRef.current?.scrollTo is not a function
            at /Users/johnneed/Projects/gmc-shelters/src/renderer/components/MainPane/tabs/PhotoDetailPane.tsx:49:24
            at commitHookEffectListMount (/Users/johnneed/Projects/gmc-shelters/node_modules/react-dom/cjs/react-dom.development.js:23189:26)
            at commitPassiveMountOnFiber (/Users/johnneed/Projects/gmc-shelters/node_modules/react-dom/cjs/react-dom.development.js:24970:11)
            at commitPassiveMountEffects_complete (/Users/johnneed/Projects/gmc-shelters/node_modules/react-dom/cjs/react-dom.development.js:24930:9)
            at commitPassiveMountEffects_begin (/Users/johnneed/Projects/gmc-shelters/node_modules/react-dom/cjs/react-dom.development.js:24917:7)
            at commitPassiveMountEffects (/Users/johnneed/Projects/gmc-shelters/node_modules/react-dom/cjs/react-dom.development.js:24905:3)
            at flushPassiveEffectsImpl (/Users/johnneed/Projects/gmc-shelters/node_modules/react-dom/cjs/react-dom.development.js:27078:3)
            at flushPassiveEffects (/Users/johnneed/Projects/gmc-shelters/node_modules/react-dom/cjs/react-dom.development.js:27023:14)
            at performSyncWorkOnRoot (/Users/johnneed/Projects/gmc-shelters/node_modules/react-dom/cjs/react-dom.development.js:26115:3)
            at flushSyncCallbacks (/Users/johnneed/Projects/gmc-shelters/node_modules/react-dom/cjs/react-dom.development.js:12042:22)
            at commitRootImpl (/Users/johnneed/Projects/gmc-shelters/node_modules/react-dom/cjs/react-dom.development.js:26998:3)
            at commitRoot (/Users/johnneed/Projects/gmc-shelters/node_modules/react-dom/cjs/react-dom.development.js:26721:5)
            at finishConcurrentRender (/Users/johnneed/Projects/gmc-shelters/node_modules/react-dom/cjs/react-dom.development.js:26020:9)
            at performConcurrentWorkOnRoot (/Users/johnneed/Projects/gmc-shelters/node_modules/react-dom/cjs/react-dom.development.js:25848:7)
            at flushActQueue (/Users/johnneed/Projects/gmc-shelters/node_modules/react/cjs/react.development.js:2667:24)
            at act (/Users/johnneed/Projects/gmc-shelters/node_modules/react/cjs/react.development.js:2582:11)
            at /Users/johnneed/Projects/gmc-shelters/node_modules/@testing-library/react/dist/act-compat.js:46:25
            at renderRoot (/Users/johnneed/Projects/gmc-shelters/node_modules/@testing-library/react/dist/pure.js:189:26)
            at render (/Users/johnneed/Projects/gmc-shelters/node_modules/@testing-library/react/dist/pure.js:291:10)
            at Object.<anonymous> (/Users/johnneed/Projects/gmc-shelters/src/renderer/components/MainPane/tabs/PhotosTab.test.tsx:372:11)
            at Promise.then.completed (/Users/johnneed/Projects/gmc-shelters/node_modules/jest-circus/build/utils.js:298:28)
            at new Promise (<anonymous>)
            at callAsyncCircusFn (/Users/johnneed/Projects/gmc-shelters/node_modules/jest-circus/build/utils.js:231:10)
            at _callCircusTest (/Users/johnneed/Projects/gmc-shelters/node_modules/jest-circus/build/run.js:316:40)
            at _runTest (/Users/johnneed/Projects/gmc-shelters/node_modules/jest-circus/build/run.js:252:3)
            at _runTestsForDescribeBlock (/Users/johnneed/Projects/gmc-shelters/node_modules/jest-circus/build/run.js:126:9)
            at _runTestsForDescribeBlock (/Users/johnneed/Projects/gmc-shelters/node_modules/jest-circus/build/run.js:121:9)
            at run (/Users/johnneed/Projects/gmc-shelters/node_modules/jest-circus/build/run.js:71:3)
            at runAndTransformResultsToJestFormat (/Users/johnneed/Projects/gmc-shelters/node_modules/jest-circus/build/legacy-code-todo-rewrite/jestAdapterInit.js:122:21)
            at jestAdapter (/Users/johnneed/Projects/gmc-shelters/node_modules/jest-circus/build/legacy-code-todo-rewrite/jestAdapter.js:79:19)
            at runTestInternal (/Users/johnneed/Projects/gmc-shelters/node_modules/jest-runner/build/runTest.js:367:16)
            at runTest (/Users/johnneed/Projects/gmc-shelters/node_modules/jest-runner/build/runTest.js:444:34)
            at Object.worker (/Users/johnneed/Projects/gmc-shelters/node_modules/jest-runner/build/testWorker.js:106:12),
        type: 'unhandled exception'
      }

      370 |     const photo = makePhoto({ file_name: 'shot.jpg' });
      371 |     const store = makeStore(shelter, [photo]);
    > 372 |     render(<Provider store={store}><PhotosTab /></Provider>);
          |           ^
      373 |     await waitFor(() => {
      374 |       expect(screen.getByRole('button', { name: /view photo metadata/i })).toBeInTheDocument();
      375 |     });

      at VirtualConsole.<anonymous> (node_modules/jest-environment-jsdom/build/index.js:63:23)
      at reportException (node_modules/jsdom/lib/jsdom/living/helpers/runtime-script-errors.js:70:28)
      at innerInvokeEventListeners (node_modules/jsdom/lib/jsdom/living/events/EventTarget-impl.js:353:9)
      at invokeEventListeners (node_modules/jsdom/lib/jsdom/living/events/EventTarget-impl.js:286:3)
      at HTMLUnknownElementImpl._dispatch (node_modules/jsdom/lib/jsdom/living/events/EventTarget-impl.js:233:9)
      at HTMLUnknownElementImpl.dispatchEvent (node_modules/jsdom/lib/jsdom/living/events/EventTarget-impl.js:104:17)
      at HTMLUnknownElement.dispatchEvent (node_modules/jsdom/lib/jsdom/living/generated/EventTarget.js:241:34)
      at Object.invokeGuardedCallbackDev (node_modules/react-dom/cjs/react-dom.development.js:4213:16)
      at invokeGuardedCallback (node_modules/react-dom/cjs/react-dom.development.js:4277:31)
      at reportUncaughtErrorInDEV (node_modules/react-dom/cjs/react-dom.development.js:22877:5)
      at captureCommitPhaseError (node_modules/react-dom/cjs/react-dom.development.js:27165:5)
      at commitPassiveMountEffects_complete (node_modules/react-dom/cjs/react-dom.development.js:24932:9)
      at commitPassiveMountEffects_begin (node_modules/react-dom/cjs/react-dom.development.js:24917:7)
      at commitPassiveMountEffects (node_modules/react-dom/cjs/react-dom.development.js:24905:3)
      at flushPassiveEffectsImpl (node_modules/react-dom/cjs/react-dom.development.js:27078:3)
      at flushPassiveEffects (node_modules/react-dom/cjs/react-dom.development.js:27023:14)
      at performSyncWorkOnRoot (node_modules/react-dom/cjs/react-dom.development.js:26115:3)
      at flushSyncCallbacks (node_modules/react-dom/cjs/react-dom.development.js:12042:22)
      at commitRootImpl (node_modules/react-dom/cjs/react-dom.development.js:26998:3)
      at commitRoot (node_modules/react-dom/cjs/react-dom.development.js:26721:5)
      at finishConcurrentRender (node_modules/react-dom/cjs/react-dom.development.js:26020:9)
      at performConcurrentWorkOnRoot (node_modules/react-dom/cjs/react-dom.development.js:25848:7)
      at flushActQueue (node_modules/react/cjs/react.development.js:2667:24)
      at act (node_modules/react/cjs/react.development.js:2582:11)
      at node_modules/@testing-library/react/dist/act-compat.js:46:25
      at renderRoot (node_modules/@testing-library/react/dist/pure.js:189:26)
      at render (node_modules/@testing-library/react/dist/pure.js:291:10)
      at Object.<anonymous> (src/renderer/components/MainPane/tabs/PhotosTab.test.tsx:372:11)

    console.error
      The above error occurred in the <PhotoDetailPane> component:
      
          at PhotoDetailPane (/Users/johnneed/Projects/gmc-shelters/src/renderer/components/MainPane/tabs/PhotoDetailPane.tsx:39:3)
          at div
          at PhotosTab (/Users/johnneed/Projects/gmc-shelters/src/renderer/components/MainPane/tabs/PhotosTab.tsx:58:31)
          at Provider (/Users/johnneed/Projects/gmc-shelters/node_modules/react-redux/src/components/Provider.tsx:60:11)
      
      Consider adding an error boundary to your tree to customize error handling behavior.
      Visit https://reactjs.org/link/error-boundaries to learn more about error boundaries.

      370 |     const photo = makePhoto({ file_name: 'shot.jpg' });
      371 |     const store = makeStore(shelter, [photo]);
    > 372 |     render(<Provider store={store}><PhotosTab /></Provider>);
          |           ^
      373 |     await waitFor(() => {
      374 |       expect(screen.getByRole('button', { name: /view photo metadata/i })).toBeInTheDocument();
      375 |     });

      at logCapturedError (node_modules/react-dom/cjs/react-dom.development.js:18704:23)
      at update.callback (node_modules/react-dom/cjs/react-dom.development.js:18737:5)
      at callCallback (node_modules/react-dom/cjs/react-dom.development.js:15036:12)
      at commitUpdateQueue (node_modules/react-dom/cjs/react-dom.development.js:15057:9)
      at commitLayoutEffectOnFiber (node_modules/react-dom/cjs/react-dom.development.js:23430:13)
      at commitLayoutMountEffects_complete (node_modules/react-dom/cjs/react-dom.development.js:24727:9)
      at commitLayoutEffects_begin (node_modules/react-dom/cjs/react-dom.development.js:24713:7)
      at commitLayoutEffects (node_modules/react-dom/cjs/react-dom.development.js:24651:3)
      at commitRootImpl (node_modules/react-dom/cjs/react-dom.development.js:26862:5)
      at commitRoot (node_modules/react-dom/cjs/react-dom.development.js:26721:5)
      at performSyncWorkOnRoot (node_modules/react-dom/cjs/react-dom.development.js:26156:3)
      at flushSyncCallbacks (node_modules/react-dom/cjs/react-dom.development.js:12042:22)
      at commitRootImpl (node_modules/react-dom/cjs/react-dom.development.js:26998:3)
      at commitRoot (node_modules/react-dom/cjs/react-dom.development.js:26721:5)
      at finishConcurrentRender (node_modules/react-dom/cjs/react-dom.development.js:26020:9)
      at performConcurrentWorkOnRoot (node_modules/react-dom/cjs/react-dom.development.js:25848:7)
      at flushActQueue (node_modules/react/cjs/react.development.js:2667:24)
      at act (node_modules/react/cjs/react.development.js:2582:11)
      at node_modules/@testing-library/react/dist/act-compat.js:46:25
      at renderRoot (node_modules/@testing-library/react/dist/pure.js:189:26)
      at render (node_modules/@testing-library/react/dist/pure.js:291:10)
      at Object.<anonymous> (src/renderer/components/MainPane/tabs/PhotosTab.test.tsx:372:11)

    console.error
      Error: Uncaught [TypeError: fieldsRef.current?.scrollTo is not a function]
          at reportException (/Users/johnneed/Projects/gmc-shelters/node_modules/jsdom/lib/jsdom/living/helpers/runtime-script-errors.js:66:24)
          at innerInvokeEventListeners (/Users/johnneed/Projects/gmc-shelters/node_modules/jsdom/lib/jsdom/living/events/EventTarget-impl.js:353:9)
          at invokeEventListeners (/Users/johnneed/Projects/gmc-shelters/node_modules/jsdom/lib/jsdom/living/events/EventTarget-impl.js:286:3)
          at HTMLUnknownElementImpl._dispatch (/Users/johnneed/Projects/gmc-shelters/node_modules/jsdom/lib/jsdom/living/events/EventTarget-impl.js:233:9)
          at HTMLUnknownElementImpl.dispatchEvent (/Users/johnneed/Projects/gmc-shelters/node_modules/jsdom/lib/jsdom/living/events/EventTarget-impl.js:104:17)
          at HTMLUnknownElement.dispatchEvent (/Users/johnneed/Projects/gmc-shelters/node_modules/jsdom/lib/jsdom/living/generated/EventTarget.js:241:34)
          at Object.invokeGuardedCallbackDev (/Users/johnneed/Projects/gmc-shelters/node_modules/react-dom/cjs/react-dom.development.js:4213:16)
          at invokeGuardedCallback (/Users/johnneed/Projects/gmc-shelters/node_modules/react-dom/cjs/react-dom.development.js:4277:31)
          at reportUncaughtErrorInDEV (/Users/johnneed/Projects/gmc-shelters/node_modules/react-dom/cjs/react-dom.development.js:22877:5)
          at captureCommitPhaseError (/Users/johnneed/Projects/gmc-shelters/node_modules/react-dom/cjs/react-dom.development.js:27165:5)
          at commitPassiveMountEffects_complete (/Users/johnneed/Projects/gmc-shelters/node_modules/react-dom/cjs/react-dom.development.js:24932:9)
          at commitPassiveMountEffects_begin (/Users/johnneed/Projects/gmc-shelters/node_modules/react-dom/cjs/react-dom.development.js:24917:7)
          at commitPassiveMountEffects (/Users/johnneed/Projects/gmc-shelters/node_modules/react-dom/cjs/react-dom.development.js:24905:3)
          at flushPassiveEffectsImpl (/Users/johnneed/Projects/gmc-shelters/node_modules/react-dom/cjs/react-dom.development.js:27078:3)
          at flushPassiveEffects (/Users/johnneed/Projects/gmc-shelters/node_modules/react-dom/cjs/react-dom.development.js:27023:14)
          at performSyncWorkOnRoot (/Users/johnneed/Projects/gmc-shelters/node_modules/react-dom/cjs/react-dom.development.js:26115:3)
          at flushSyncCallbacks (/Users/johnneed/Projects/gmc-shelters/node_modules/react-dom/cjs/react-dom.development.js:12042:22)
          at commitRootImpl (/Users/johnneed/Projects/gmc-shelters/node_modules/react-dom/cjs/react-dom.development.js:26998:3)
          at commitRoot (/Users/johnneed/Projects/gmc-shelters/node_modules/react-dom/cjs/react-dom.development.js:26721:5)
          at finishConcurrentRender (/Users/johnneed/Projects/gmc-shelters/node_modules/react-dom/cjs/react-dom.development.js:26020:9)
          at performConcurrentWorkOnRoot (/Users/johnneed/Projects/gmc-shelters/node_modules/react-dom/cjs/react-dom.development.js:25848:7)
          at flushActQueue (/Users/johnneed/Projects/gmc-shelters/node_modules/react/cjs/react.development.js:2667:24)
          at act (/Users/johnneed/Projects/gmc-shelters/node_modules/react/cjs/react.development.js:2582:11)
          at /Users/johnneed/Projects/gmc-shelters/node_modules/@testing-library/react/dist/act-compat.js:46:25
          at renderRoot (/Users/johnneed/Projects/gmc-shelters/node_modules/@testing-library/react/dist/pure.js:189:26)
          at render (/Users/johnneed/Projects/gmc-shelters/node_modules/@testing-library/react/dist/pure.js:291:10)
          at Object.<anonymous> (/Users/johnneed/Projects/gmc-shelters/src/renderer/components/MainPane/tabs/PhotosTab.test.tsx:382:11)
          at Promise.then.completed (/Users/johnneed/Projects/gmc-shelters/node_modules/jest-circus/build/utils.js:298:28)
          at new Promise (<anonymous>)
          at callAsyncCircusFn (/Users/johnneed/Projects/gmc-shelters/node_modules/jest-circus/build/utils.js:231:10)
          at _callCircusTest (/Users/johnneed/Projects/gmc-shelters/node_modules/jest-circus/build/run.js:316:40)
          at _runTest (/Users/johnneed/Projects/gmc-shelters/node_modules/jest-circus/build/run.js:252:3)
          at _runTestsForDescribeBlock (/Users/johnneed/Projects/gmc-shelters/node_modules/jest-circus/build/run.js:126:9)
          at _runTestsForDescribeBlock (/Users/johnneed/Projects/gmc-shelters/node_modules/jest-circus/build/run.js:121:9)
          at run (/Users/johnneed/Projects/gmc-shelters/node_modules/jest-circus/build/run.js:71:3)
          at runAndTransformResultsToJestFormat (/Users/johnneed/Projects/gmc-shelters/node_modules/jest-circus/build/legacy-code-todo-rewrite/jestAdapterInit.js:122:21)
          at jestAdapter (/Users/johnneed/Projects/gmc-shelters/node_modules/jest-circus/build/legacy-code-todo-rewrite/jestAdapter.js:79:19)
          at runTestInternal (/Users/johnneed/Projects/gmc-shelters/node_modules/jest-runner/build/runTest.js:367:16)
          at runTest (/Users/johnneed/Projects/gmc-shelters/node_modules/jest-runner/build/runTest.js:444:34)
          at Object.worker (/Users/johnneed/Projects/gmc-shelters/node_modules/jest-runner/build/testWorker.js:106:12) {
        detail: TypeError: fieldsRef.current?.scrollTo is not a function
            at /Users/johnneed/Projects/gmc-shelters/src/renderer/components/MainPane/tabs/PhotoDetailPane.tsx:49:24
            at commitHookEffectListMount (/Users/johnneed/Projects/gmc-shelters/node_modules/react-dom/cjs/react-dom.development.js:23189:26)
            at commitPassiveMountOnFiber (/Users/johnneed/Projects/gmc-shelters/node_modules/react-dom/cjs/react-dom.development.js:24970:11)
            at commitPassiveMountEffects_complete (/Users/johnneed/Projects/gmc-shelters/node_modules/react-dom/cjs/react-dom.development.js:24930:9)
            at commitPassiveMountEffects_begin (/Users/johnneed/Projects/gmc-shelters/node_modules/react-dom/cjs/react-dom.development.js:24917:7)
            at commitPassiveMountEffects (/Users/johnneed/Projects/gmc-shelters/node_modules/react-dom/cjs/react-dom.development.js:24905:3)
            at flushPassiveEffectsImpl (/Users/johnneed/Projects/gmc-shelters/node_modules/react-dom/cjs/react-dom.development.js:27078:3)
            at flushPassiveEffects (/Users/johnneed/Projects/gmc-shelters/node_modules/react-dom/cjs/react-dom.development.js:27023:14)
            at performSyncWorkOnRoot (/Users/johnneed/Projects/gmc-shelters/node_modules/react-dom/cjs/react-dom.development.js:26115:3)
            at flushSyncCallbacks (/Users/johnneed/Projects/gmc-shelters/node_modules/react-dom/cjs/react-dom.development.js:12042:22)
            at commitRootImpl (/Users/johnneed/Projects/gmc-shelters/node_modules/react-dom/cjs/react-dom.development.js:26998:3)
            at commitRoot (/Users/johnneed/Projects/gmc-shelters/node_modules/react-dom/cjs/react-dom.development.js:26721:5)
            at finishConcurrentRender (/Users/johnneed/Projects/gmc-shelters/node_modules/react-dom/cjs/react-dom.development.js:26020:9)
            at performConcurrentWorkOnRoot (/Users/johnneed/Projects/gmc-shelters/node_modules/react-dom/cjs/react-dom.development.js:25848:7)
            at flushActQueue (/Users/johnneed/Projects/gmc-shelters/node_modules/react/cjs/react.development.js:2667:24)
            at act (/Users/johnneed/Projects/gmc-shelters/node_modules/react/cjs/react.development.js:2582:11)
            at /Users/johnneed/Projects/gmc-shelters/node_modules/@testing-library/react/dist/act-compat.js:46:25
            at renderRoot (/Users/johnneed/Projects/gmc-shelters/node_modules/@testing-library/react/dist/pure.js:189:26)
            at render (/Users/johnneed/Projects/gmc-shelters/node_modules/@testing-library/react/dist/pure.js:291:10)
            at Object.<anonymous> (/Users/johnneed/Projects/gmc-shelters/src/renderer/components/MainPane/tabs/PhotosTab.test.tsx:382:11)
            at Promise.then.completed (/Users/johnneed/Projects/gmc-shelters/node_modules/jest-circus/build/utils.js:298:28)
            at new Promise (<anonymous>)
            at callAsyncCircusFn (/Users/johnneed/Projects/gmc-shelters/node_modules/jest-circus/build/utils.js:231:10)
            at _callCircusTest (/Users/johnneed/Projects/gmc-shelters/node_modules/jest-circus/build/run.js:316:40)
            at _runTest (/Users/johnneed/Projects/gmc-shelters/node_modules/jest-circus/build/run.js:252:3)
            at _runTestsForDescribeBlock (/Users/johnneed/Projects/gmc-shelters/node_modules/jest-circus/build/run.js:126:9)
            at _runTestsForDescribeBlock (/Users/johnneed/Projects/gmc-shelters/node_modules/jest-circus/build/run.js:121:9)
            at run (/Users/johnneed/Projects/gmc-shelters/node_modules/jest-circus/build/run.js:71:3)
            at runAndTransformResultsToJestFormat (/Users/johnneed/Projects/gmc-shelters/node_modules/jest-circus/build/legacy-code-todo-rewrite/jestAdapterInit.js:122:21)
            at jestAdapter (/Users/johnneed/Projects/gmc-shelters/node_modules/jest-circus/build/legacy-code-todo-rewrite/jestAdapter.js:79:19)
            at runTestInternal (/Users/johnneed/Projects/gmc-shelters/node_modules/jest-runner/build/runTest.js:367:16)
            at runTest (/Users/johnneed/Projects/gmc-shelters/node_modules/jest-runner/build/runTest.js:444:34)
            at Object.worker (/Users/johnneed/Projects/gmc-shelters/node_modules/jest-runner/build/testWorker.js:106:12),
        type: 'unhandled exception'
      }

      380 |   it('export icon button is present in photo-detail-head when a photo is selected', async () => {
      381 |     const store = makeStore(makeShelter(), [makePhoto()]);
    > 382 |     render(<Provider store={store}><PhotosTab /></Provider>);
          |           ^
      383 |     await waitFor(() => {
      384 |       expect(screen.getByRole('button', { name: /export photo/i })).toBeInTheDocument();
      385 |     });

      at VirtualConsole.<anonymous> (node_modules/jest-environment-jsdom/build/index.js:63:23)
      at reportException (node_modules/jsdom/lib/jsdom/living/helpers/runtime-script-errors.js:70:28)
      at innerInvokeEventListeners (node_modules/jsdom/lib/jsdom/living/events/EventTarget-impl.js:353:9)
      at invokeEventListeners (node_modules/jsdom/lib/jsdom/living/events/EventTarget-impl.js:286:3)
      at HTMLUnknownElementImpl._dispatch (node_modules/jsdom/lib/jsdom/living/events/EventTarget-impl.js:233:9)
      at HTMLUnknownElementImpl.dispatchEvent (node_modules/jsdom/lib/jsdom/living/events/EventTarget-impl.js:104:17)
      at HTMLUnknownElement.dispatchEvent (node_modules/jsdom/lib/jsdom/living/generated/EventTarget.js:241:34)
      at Object.invokeGuardedCallbackDev (node_modules/react-dom/cjs/react-dom.development.js:4213:16)
      at invokeGuardedCallback (node_modules/react-dom/cjs/react-dom.development.js:4277:31)
      at reportUncaughtErrorInDEV (node_modules/react-dom/cjs/react-dom.development.js:22877:5)
      at captureCommitPhaseError (node_modules/react-dom/cjs/react-dom.development.js:27165:5)
      at commitPassiveMountEffects_complete (node_modules/react-dom/cjs/react-dom.development.js:24932:9)
      at commitPassiveMountEffects_begin (node_modules/react-dom/cjs/react-dom.development.js:24917:7)
      at commitPassiveMountEffects (node_modules/react-dom/cjs/react-dom.development.js:24905:3)
      at flushPassiveEffectsImpl (node_modules/react-dom/cjs/react-dom.development.js:27078:3)
      at flushPassiveEffects (node_modules/react-dom/cjs/react-dom.development.js:27023:14)
      at performSyncWorkOnRoot (node_modules/react-dom/cjs/react-dom.development.js:26115:3)
      at flushSyncCallbacks (node_modules/react-dom/cjs/react-dom.development.js:12042:22)
      at commitRootImpl (node_modules/react-dom/cjs/react-dom.development.js:26998:3)
      at commitRoot (node_modules/react-dom/cjs/react-dom.development.js:26721:5)
      at finishConcurrentRender (node_modules/react-dom/cjs/react-dom.development.js:26020:9)
      at performConcurrentWorkOnRoot (node_modules/react-dom/cjs/react-dom.development.js:25848:7)
      at flushActQueue (node_modules/react/cjs/react.development.js:2667:24)
      at act (node_modules/react/cjs/react.development.js:2582:11)
      at node_modules/@testing-library/react/dist/act-compat.js:46:25
      at renderRoot (node_modules/@testing-library/react/dist/pure.js:189:26)
      at render (node_modules/@testing-library/react/dist/pure.js:291:10)
      at Object.<anonymous> (src/renderer/components/MainPane/tabs/PhotosTab.test.tsx:382:11)

    console.error
      The above error occurred in the <PhotoDetailPane> component:
      
          at PhotoDetailPane (/Users/johnneed/Projects/gmc-shelters/src/renderer/components/MainPane/tabs/PhotoDetailPane.tsx:39:3)
          at div
          at PhotosTab (/Users/johnneed/Projects/gmc-shelters/src/renderer/components/MainPane/tabs/PhotosTab.tsx:58:31)
          at Provider (/Users/johnneed/Projects/gmc-shelters/node_modules/react-redux/src/components/Provider.tsx:60:11)
      
      Consider adding an error boundary to your tree to customize error handling behavior.
      Visit https://reactjs.org/link/error-boundaries to learn more about error boundaries.

      380 |   it('export icon button is present in photo-detail-head when a photo is selected', async () => {
      381 |     const store = makeStore(makeShelter(), [makePhoto()]);
    > 382 |     render(<Provider store={store}><PhotosTab /></Provider>);
          |           ^
      383 |     await waitFor(() => {
      384 |       expect(screen.getByRole('button', { name: /export photo/i })).toBeInTheDocument();
      385 |     });

      at logCapturedError (node_modules/react-dom/cjs/react-dom.development.js:18704:23)
      at update.callback (node_modules/react-dom/cjs/react-dom.development.js:18737:5)
      at callCallback (node_modules/react-dom/cjs/react-dom.development.js:15036:12)
      at commitUpdateQueue (node_modules/react-dom/cjs/react-dom.development.js:15057:9)
      at commitLayoutEffectOnFiber (node_modules/react-dom/cjs/react-dom.development.js:23430:13)
      at commitLayoutMountEffects_complete (node_modules/react-dom/cjs/react-dom.development.js:24727:9)
      at commitLayoutEffects_begin (node_modules/react-dom/cjs/react-dom.development.js:24713:7)
      at commitLayoutEffects (node_modules/react-dom/cjs/react-dom.development.js:24651:3)
      at commitRootImpl (node_modules/react-dom/cjs/react-dom.development.js:26862:5)
      at commitRoot (node_modules/react-dom/cjs/react-dom.development.js:26721:5)
      at performSyncWorkOnRoot (node_modules/react-dom/cjs/react-dom.development.js:26156:3)
      at flushSyncCallbacks (node_modules/react-dom/cjs/react-dom.development.js:12042:22)
      at commitRootImpl (node_modules/react-dom/cjs/react-dom.development.js:26998:3)
      at commitRoot (node_modules/react-dom/cjs/react-dom.development.js:26721:5)
      at finishConcurrentRender (node_modules/react-dom/cjs/react-dom.development.js:26020:9)
      at performConcurrentWorkOnRoot (node_modules/react-dom/cjs/react-dom.development.js:25848:7)
      at flushActQueue (node_modules/react/cjs/react.development.js:2667:24)
      at act (node_modules/react/cjs/react.development.js:2582:11)
      at node_modules/@testing-library/react/dist/act-compat.js:46:25
      at renderRoot (node_modules/@testing-library/react/dist/pure.js:189:26)
      at render (node_modules/@testing-library/react/dist/pure.js:291:10)
      at Object.<anonymous> (src/renderer/components/MainPane/tabs/PhotosTab.test.tsx:382:11)

    console.error
      Error: Uncaught [TypeError: fieldsRef.current?.scrollTo is not a function]
          at reportException (/Users/johnneed/Projects/gmc-shelters/node_modules/jsdom/lib/jsdom/living/helpers/runtime-script-errors.js:66:24)
          at innerInvokeEventListeners (/Users/johnneed/Projects/gmc-shelters/node_modules/jsdom/lib/jsdom/living/events/EventTarget-impl.js:353:9)
          at invokeEventListeners (/Users/johnneed/Projects/gmc-shelters/node_modules/jsdom/lib/jsdom/living/events/EventTarget-impl.js:286:3)
          at HTMLUnknownElementImpl._dispatch (/Users/johnneed/Projects/gmc-shelters/node_modules/jsdom/lib/jsdom/living/events/EventTarget-impl.js:233:9)
          at HTMLUnknownElementImpl.dispatchEvent (/Users/johnneed/Projects/gmc-shelters/node_modules/jsdom/lib/jsdom/living/events/EventTarget-impl.js:104:17)
          at HTMLUnknownElement.dispatchEvent (/Users/johnneed/Projects/gmc-shelters/node_modules/jsdom/lib/jsdom/living/generated/EventTarget.js:241:34)
          at Object.invokeGuardedCallbackDev (/Users/johnneed/Projects/gmc-shelters/node_modules/react-dom/cjs/react-dom.development.js:4213:16)
          at invokeGuardedCallback (/Users/johnneed/Projects/gmc-shelters/node_modules/react-dom/cjs/react-dom.development.js:4277:31)
          at reportUncaughtErrorInDEV (/Users/johnneed/Projects/gmc-shelters/node_modules/react-dom/cjs/react-dom.development.js:22877:5)
          at captureCommitPhaseError (/Users/johnneed/Projects/gmc-shelters/node_modules/react-dom/cjs/react-dom.development.js:27165:5)
          at commitPassiveMountEffects_complete (/Users/johnneed/Projects/gmc-shelters/node_modules/react-dom/cjs/react-dom.development.js:24932:9)
          at commitPassiveMountEffects_begin (/Users/johnneed/Projects/gmc-shelters/node_modules/react-dom/cjs/react-dom.development.js:24917:7)
          at commitPassiveMountEffects (/Users/johnneed/Projects/gmc-shelters/node_modules/react-dom/cjs/react-dom.development.js:24905:3)
          at flushPassiveEffectsImpl (/Users/johnneed/Projects/gmc-shelters/node_modules/react-dom/cjs/react-dom.development.js:27078:3)
          at flushPassiveEffects (/Users/johnneed/Projects/gmc-shelters/node_modules/react-dom/cjs/react-dom.development.js:27023:14)
          at performSyncWorkOnRoot (/Users/johnneed/Projects/gmc-shelters/node_modules/react-dom/cjs/react-dom.development.js:26115:3)
          at flushSyncCallbacks (/Users/johnneed/Projects/gmc-shelters/node_modules/react-dom/cjs/react-dom.development.js:12042:22)
          at commitRootImpl (/Users/johnneed/Projects/gmc-shelters/node_modules/react-dom/cjs/react-dom.development.js:26998:3)
          at commitRoot (/Users/johnneed/Projects/gmc-shelters/node_modules/react-dom/cjs/react-dom.development.js:26721:5)
          at finishConcurrentRender (/Users/johnneed/Projects/gmc-shelters/node_modules/react-dom/cjs/react-dom.development.js:26020:9)
          at performConcurrentWorkOnRoot (/Users/johnneed/Projects/gmc-shelters/node_modules/react-dom/cjs/react-dom.development.js:25848:7)
          at flushActQueue (/Users/johnneed/Projects/gmc-shelters/node_modules/react/cjs/react.development.js:2667:24)
          at act (/Users/johnneed/Projects/gmc-shelters/node_modules/react/cjs/react.development.js:2582:11)
          at /Users/johnneed/Projects/gmc-shelters/node_modules/@testing-library/react/dist/act-compat.js:46:25
          at renderRoot (/Users/johnneed/Projects/gmc-shelters/node_modules/@testing-library/react/dist/pure.js:189:26)
          at render (/Users/johnneed/Projects/gmc-shelters/node_modules/@testing-library/react/dist/pure.js:291:10)
          at Object.<anonymous> (/Users/johnneed/Projects/gmc-shelters/src/renderer/components/MainPane/tabs/PhotosTab.test.tsx:392:11)
          at Promise.then.completed (/Users/johnneed/Projects/gmc-shelters/node_modules/jest-circus/build/utils.js:298:28)
          at new Promise (<anonymous>)
          at callAsyncCircusFn (/Users/johnneed/Projects/gmc-shelters/node_modules/jest-circus/build/utils.js:231:10)
          at _callCircusTest (/Users/johnneed/Projects/gmc-shelters/node_modules/jest-circus/build/run.js:316:40)
          at _runTest (/Users/johnneed/Projects/gmc-shelters/node_modules/jest-circus/build/run.js:252:3)
          at _runTestsForDescribeBlock (/Users/johnneed/Projects/gmc-shelters/node_modules/jest-circus/build/run.js:126:9)
          at _runTestsForDescribeBlock (/Users/johnneed/Projects/gmc-shelters/node_modules/jest-circus/build/run.js:121:9)
          at run (/Users/johnneed/Projects/gmc-shelters/node_modules/jest-circus/build/run.js:71:3)
          at runAndTransformResultsToJestFormat (/Users/johnneed/Projects/gmc-shelters/node_modules/jest-circus/build/legacy-code-todo-rewrite/jestAdapterInit.js:122:21)
          at jestAdapter (/Users/johnneed/Projects/gmc-shelters/node_modules/jest-circus/build/legacy-code-todo-rewrite/jestAdapter.js:79:19)
          at runTestInternal (/Users/johnneed/Projects/gmc-shelters/node_modules/jest-runner/build/runTest.js:367:16)
          at runTest (/Users/johnneed/Projects/gmc-shelters/node_modules/jest-runner/build/runTest.js:444:34)
          at Object.worker (/Users/johnneed/Projects/gmc-shelters/node_modules/jest-runner/build/testWorker.js:106:12) {
        detail: TypeError: fieldsRef.current?.scrollTo is not a function
            at /Users/johnneed/Projects/gmc-shelters/src/renderer/components/MainPane/tabs/PhotoDetailPane.tsx:49:24
            at commitHookEffectListMount (/Users/johnneed/Projects/gmc-shelters/node_modules/react-dom/cjs/react-dom.development.js:23189:26)
            at commitPassiveMountOnFiber (/Users/johnneed/Projects/gmc-shelters/node_modules/react-dom/cjs/react-dom.development.js:24970:11)
            at commitPassiveMountEffects_complete (/Users/johnneed/Projects/gmc-shelters/node_modules/react-dom/cjs/react-dom.development.js:24930:9)
            at commitPassiveMountEffects_begin (/Users/johnneed/Projects/gmc-shelters/node_modules/react-dom/cjs/react-dom.development.js:24917:7)
            at commitPassiveMountEffects (/Users/johnneed/Projects/gmc-shelters/node_modules/react-dom/cjs/react-dom.development.js:24905:3)
            at flushPassiveEffectsImpl (/Users/johnneed/Projects/gmc-shelters/node_modules/react-dom/cjs/react-dom.development.js:27078:3)
            at flushPassiveEffects (/Users/johnneed/Projects/gmc-shelters/node_modules/react-dom/cjs/react-dom.development.js:27023:14)
            at performSyncWorkOnRoot (/Users/johnneed/Projects/gmc-shelters/node_modules/react-dom/cjs/react-dom.development.js:26115:3)
            at flushSyncCallbacks (/Users/johnneed/Projects/gmc-shelters/node_modules/react-dom/cjs/react-dom.development.js:12042:22)
            at commitRootImpl (/Users/johnneed/Projects/gmc-shelters/node_modules/react-dom/cjs/react-dom.development.js:26998:3)
            at commitRoot (/Users/johnneed/Projects/gmc-shelters/node_modules/react-dom/cjs/react-dom.development.js:26721:5)
            at finishConcurrentRender (/Users/johnneed/Projects/gmc-shelters/node_modules/react-dom/cjs/react-dom.development.js:26020:9)
            at performConcurrentWorkOnRoot (/Users/johnneed/Projects/gmc-shelters/node_modules/react-dom/cjs/react-dom.development.js:25848:7)
            at flushActQueue (/Users/johnneed/Projects/gmc-shelters/node_modules/react/cjs/react.development.js:2667:24)
            at act (/Users/johnneed/Projects/gmc-shelters/node_modules/react/cjs/react.development.js:2582:11)
            at /Users/johnneed/Projects/gmc-shelters/node_modules/@testing-library/react/dist/act-compat.js:46:25
            at renderRoot (/Users/johnneed/Projects/gmc-shelters/node_modules/@testing-library/react/dist/pure.js:189:26)
            at render (/Users/johnneed/Projects/gmc-shelters/node_modules/@testing-library/react/dist/pure.js:291:10)
            at Object.<anonymous> (/Users/johnneed/Projects/gmc-shelters/src/renderer/components/MainPane/tabs/PhotosTab.test.tsx:392:11)
            at Promise.then.completed (/Users/johnneed/Projects/gmc-shelters/node_modules/jest-circus/build/utils.js:298:28)
            at new Promise (<anonymous>)
            at callAsyncCircusFn (/Users/johnneed/Projects/gmc-shelters/node_modules/jest-circus/build/utils.js:231:10)
            at _callCircusTest (/Users/johnneed/Projects/gmc-shelters/node_modules/jest-circus/build/run.js:316:40)
            at _runTest (/Users/johnneed/Projects/gmc-shelters/node_modules/jest-circus/build/run.js:252:3)
            at _runTestsForDescribeBlock (/Users/johnneed/Projects/gmc-shelters/node_modules/jest-circus/build/run.js:126:9)
            at _runTestsForDescribeBlock (/Users/johnneed/Projects/gmc-shelters/node_modules/jest-circus/build/run.js:121:9)
            at run (/Users/johnneed/Projects/gmc-shelters/node_modules/jest-circus/build/run.js:71:3)
            at runAndTransformResultsToJestFormat (/Users/johnneed/Projects/gmc-shelters/node_modules/jest-circus/build/legacy-code-todo-rewrite/jestAdapterInit.js:122:21)
            at jestAdapter (/Users/johnneed/Projects/gmc-shelters/node_modules/jest-circus/build/legacy-code-todo-rewrite/jestAdapter.js:79:19)
            at runTestInternal (/Users/johnneed/Projects/gmc-shelters/node_modules/jest-runner/build/runTest.js:367:16)
            at runTest (/Users/johnneed/Projects/gmc-shelters/node_modules/jest-runner/build/runTest.js:444:34)
            at Object.worker (/Users/johnneed/Projects/gmc-shelters/node_modules/jest-runner/build/testWorker.js:106:12),
        type: 'unhandled exception'
      }

      390 |     const photo = makePhoto({ file_name: 'shot.jpg', title: 'Town Hall' });
      391 |     const store = makeStore(shelter, [photo]);
    > 392 |     render(<Provider store={store}><PhotosTab /></Provider>);
          |           ^
      393 |     await waitFor(() => {
      394 |       expect(screen.getByRole('button', { name: /export photo/i })).toBeInTheDocument();
      395 |     });

      at VirtualConsole.<anonymous> (node_modules/jest-environment-jsdom/build/index.js:63:23)
      at reportException (node_modules/jsdom/lib/jsdom/living/helpers/runtime-script-errors.js:70:28)
      at innerInvokeEventListeners (node_modules/jsdom/lib/jsdom/living/events/EventTarget-impl.js:353:9)
      at invokeEventListeners (node_modules/jsdom/lib/jsdom/living/events/EventTarget-impl.js:286:3)
      at HTMLUnknownElementImpl._dispatch (node_modules/jsdom/lib/jsdom/living/events/EventTarget-impl.js:233:9)
      at HTMLUnknownElementImpl.dispatchEvent (node_modules/jsdom/lib/jsdom/living/events/EventTarget-impl.js:104:17)
      at HTMLUnknownElement.dispatchEvent (node_modules/jsdom/lib/jsdom/living/generated/EventTarget.js:241:34)
      at Object.invokeGuardedCallbackDev (node_modules/react-dom/cjs/react-dom.development.js:4213:16)
      at invokeGuardedCallback (node_modules/react-dom/cjs/react-dom.development.js:4277:31)
      at reportUncaughtErrorInDEV (node_modules/react-dom/cjs/react-dom.development.js:22877:5)
      at captureCommitPhaseError (node_modules/react-dom/cjs/react-dom.development.js:27165:5)
      at commitPassiveMountEffects_complete (node_modules/react-dom/cjs/react-dom.development.js:24932:9)
      at commitPassiveMountEffects_begin (node_modules/react-dom/cjs/react-dom.development.js:24917:7)
      at commitPassiveMountEffects (node_modules/react-dom/cjs/react-dom.development.js:24905:3)
      at flushPassiveEffectsImpl (node_modules/react-dom/cjs/react-dom.development.js:27078:3)
      at flushPassiveEffects (node_modules/react-dom/cjs/react-dom.development.js:27023:14)
      at performSyncWorkOnRoot (node_modules/react-dom/cjs/react-dom.development.js:26115:3)
      at flushSyncCallbacks (node_modules/react-dom/cjs/react-dom.development.js:12042:22)
      at commitRootImpl (node_modules/react-dom/cjs/react-dom.development.js:26998:3)
      at commitRoot (node_modules/react-dom/cjs/react-dom.development.js:26721:5)
      at finishConcurrentRender (node_modules/react-dom/cjs/react-dom.development.js:26020:9)
      at performConcurrentWorkOnRoot (node_modules/react-dom/cjs/react-dom.development.js:25848:7)
      at flushActQueue (node_modules/react/cjs/react.development.js:2667:24)
      at act (node_modules/react/cjs/react.development.js:2582:11)
      at node_modules/@testing-library/react/dist/act-compat.js:46:25
      at renderRoot (node_modules/@testing-library/react/dist/pure.js:189:26)
      at render (node_modules/@testing-library/react/dist/pure.js:291:10)
      at Object.<anonymous> (src/renderer/components/MainPane/tabs/PhotosTab.test.tsx:392:11)

    console.error
      The above error occurred in the <PhotoDetailPane> component:
      
          at PhotoDetailPane (/Users/johnneed/Projects/gmc-shelters/src/renderer/components/MainPane/tabs/PhotoDetailPane.tsx:39:3)
          at div
          at PhotosTab (/Users/johnneed/Projects/gmc-shelters/src/renderer/components/MainPane/tabs/PhotosTab.tsx:58:31)
          at Provider (/Users/johnneed/Projects/gmc-shelters/node_modules/react-redux/src/components/Provider.tsx:60:11)
      
      Consider adding an error boundary to your tree to customize error handling behavior.
      Visit https://reactjs.org/link/error-boundaries to learn more about error boundaries.

      390 |     const photo = makePhoto({ file_name: 'shot.jpg', title: 'Town Hall' });
      391 |     const store = makeStore(shelter, [photo]);
    > 392 |     render(<Provider store={store}><PhotosTab /></Provider>);
          |           ^
      393 |     await waitFor(() => {
      394 |       expect(screen.getByRole('button', { name: /export photo/i })).toBeInTheDocument();
      395 |     });

      at logCapturedError (node_modules/react-dom/cjs/react-dom.development.js:18704:23)
      at update.callback (node_modules/react-dom/cjs/react-dom.development.js:18737:5)
      at callCallback (node_modules/react-dom/cjs/react-dom.development.js:15036:12)
      at commitUpdateQueue (node_modules/react-dom/cjs/react-dom.development.js:15057:9)
      at commitLayoutEffectOnFiber (node_modules/react-dom/cjs/react-dom.development.js:23430:13)
      at commitLayoutMountEffects_complete (node_modules/react-dom/cjs/react-dom.development.js:24727:9)
      at commitLayoutEffects_begin (node_modules/react-dom/cjs/react-dom.development.js:24713:7)
      at commitLayoutEffects (node_modules/react-dom/cjs/react-dom.development.js:24651:3)
      at commitRootImpl (node_modules/react-dom/cjs/react-dom.development.js:26862:5)
      at commitRoot (node_modules/react-dom/cjs/react-dom.development.js:26721:5)
      at performSyncWorkOnRoot (node_modules/react-dom/cjs/react-dom.development.js:26156:3)
      at flushSyncCallbacks (node_modules/react-dom/cjs/react-dom.development.js:12042:22)
      at commitRootImpl (node_modules/react-dom/cjs/react-dom.development.js:26998:3)
      at commitRoot (node_modules/react-dom/cjs/react-dom.development.js:26721:5)
      at finishConcurrentRender (node_modules/react-dom/cjs/react-dom.development.js:26020:9)
      at performConcurrentWorkOnRoot (node_modules/react-dom/cjs/react-dom.development.js:25848:7)
      at flushActQueue (node_modules/react/cjs/react.development.js:2667:24)
      at act (node_modules/react/cjs/react.development.js:2582:11)
      at node_modules/@testing-library/react/dist/act-compat.js:46:25
      at renderRoot (node_modules/@testing-library/react/dist/pure.js:189:26)
      at render (node_modules/@testing-library/react/dist/pure.js:291:10)
      at Object.<anonymous> (src/renderer/components/MainPane/tabs/PhotosTab.test.tsx:392:11)

    console.error
      Error: Uncaught [TypeError: fieldsRef.current?.scrollTo is not a function]
          at reportException (/Users/johnneed/Projects/gmc-shelters/node_modules/jsdom/lib/jsdom/living/helpers/runtime-script-errors.js:66:24)
          at innerInvokeEventListeners (/Users/johnneed/Projects/gmc-shelters/node_modules/jsdom/lib/jsdom/living/events/EventTarget-impl.js:353:9)
          at invokeEventListeners (/Users/johnneed/Projects/gmc-shelters/node_modules/jsdom/lib/jsdom/living/events/EventTarget-impl.js:286:3)
          at HTMLUnknownElementImpl._dispatch (/Users/johnneed/Projects/gmc-shelters/node_modules/jsdom/lib/jsdom/living/events/EventTarget-impl.js:233:9)
          at HTMLUnknownElementImpl.dispatchEvent (/Users/johnneed/Projects/gmc-shelters/node_modules/jsdom/lib/jsdom/living/events/EventTarget-impl.js:104:17)
          at HTMLUnknownElement.dispatchEvent (/Users/johnneed/Projects/gmc-shelters/node_modules/jsdom/lib/jsdom/living/generated/EventTarget.js:241:34)
          at Object.invokeGuardedCallbackDev (/Users/johnneed/Projects/gmc-shelters/node_modules/react-dom/cjs/react-dom.development.js:4213:16)
          at invokeGuardedCallback (/Users/johnneed/Projects/gmc-shelters/node_modules/react-dom/cjs/react-dom.development.js:4277:31)
          at reportUncaughtErrorInDEV (/Users/johnneed/Projects/gmc-shelters/node_modules/react-dom/cjs/react-dom.development.js:22877:5)
          at captureCommitPhaseError (/Users/johnneed/Projects/gmc-shelters/node_modules/react-dom/cjs/react-dom.development.js:27165:5)
          at commitPassiveMountEffects_complete (/Users/johnneed/Projects/gmc-shelters/node_modules/react-dom/cjs/react-dom.development.js:24932:9)
          at commitPassiveMountEffects_begin (/Users/johnneed/Projects/gmc-shelters/node_modules/react-dom/cjs/react-dom.development.js:24917:7)
          at commitPassiveMountEffects (/Users/johnneed/Projects/gmc-shelters/node_modules/react-dom/cjs/react-dom.development.js:24905:3)
          at flushPassiveEffectsImpl (/Users/johnneed/Projects/gmc-shelters/node_modules/react-dom/cjs/react-dom.development.js:27078:3)
          at flushPassiveEffects (/Users/johnneed/Projects/gmc-shelters/node_modules/react-dom/cjs/react-dom.development.js:27023:14)
          at performSyncWorkOnRoot (/Users/johnneed/Projects/gmc-shelters/node_modules/react-dom/cjs/react-dom.development.js:26115:3)
          at flushSyncCallbacks (/Users/johnneed/Projects/gmc-shelters/node_modules/react-dom/cjs/react-dom.development.js:12042:22)
          at commitRootImpl (/Users/johnneed/Projects/gmc-shelters/node_modules/react-dom/cjs/react-dom.development.js:26998:3)
          at commitRoot (/Users/johnneed/Projects/gmc-shelters/node_modules/react-dom/cjs/react-dom.development.js:26721:5)
          at finishConcurrentRender (/Users/johnneed/Projects/gmc-shelters/node_modules/react-dom/cjs/react-dom.development.js:26020:9)
          at performConcurrentWorkOnRoot (/Users/johnneed/Projects/gmc-shelters/node_modules/react-dom/cjs/react-dom.development.js:25848:7)
          at flushActQueue (/Users/johnneed/Projects/gmc-shelters/node_modules/react/cjs/react.development.js:2667:24)
          at act (/Users/johnneed/Projects/gmc-shelters/node_modules/react/cjs/react.development.js:2582:11)
          at /Users/johnneed/Projects/gmc-shelters/node_modules/@testing-library/react/dist/act-compat.js:46:25
          at renderRoot (/Users/johnneed/Projects/gmc-shelters/node_modules/@testing-library/react/dist/pure.js:189:26)
          at render (/Users/johnneed/Projects/gmc-shelters/node_modules/@testing-library/react/dist/pure.js:291:10)
          at Object.<anonymous> (/Users/johnneed/Projects/gmc-shelters/src/renderer/components/MainPane/tabs/PhotosTab.test.tsx:404:11)
          at Promise.then.completed (/Users/johnneed/Projects/gmc-shelters/node_modules/jest-circus/build/utils.js:298:28)
          at new Promise (<anonymous>)
          at callAsyncCircusFn (/Users/johnneed/Projects/gmc-shelters/node_modules/jest-circus/build/utils.js:231:10)
          at _callCircusTest (/Users/johnneed/Projects/gmc-shelters/node_modules/jest-circus/build/run.js:316:40)
          at _runTest (/Users/johnneed/Projects/gmc-shelters/node_modules/jest-circus/build/run.js:252:3)
          at _runTestsForDescribeBlock (/Users/johnneed/Projects/gmc-shelters/node_modules/jest-circus/build/run.js:126:9)
          at _runTestsForDescribeBlock (/Users/johnneed/Projects/gmc-shelters/node_modules/jest-circus/build/run.js:121:9)
          at run (/Users/johnneed/Projects/gmc-shelters/node_modules/jest-circus/build/run.js:71:3)
          at runAndTransformResultsToJestFormat (/Users/johnneed/Projects/gmc-shelters/node_modules/jest-circus/build/legacy-code-todo-rewrite/jestAdapterInit.js:122:21)
          at jestAdapter (/Users/johnneed/Projects/gmc-shelters/node_modules/jest-circus/build/legacy-code-todo-rewrite/jestAdapter.js:79:19)
          at runTestInternal (/Users/johnneed/Projects/gmc-shelters/node_modules/jest-runner/build/runTest.js:367:16)
          at runTest (/Users/johnneed/Projects/gmc-shelters/node_modules/jest-runner/build/runTest.js:444:34)
          at Object.worker (/Users/johnneed/Projects/gmc-shelters/node_modules/jest-runner/build/testWorker.js:106:12) {
        detail: TypeError: fieldsRef.current?.scrollTo is not a function
            at /Users/johnneed/Projects/gmc-shelters/src/renderer/components/MainPane/tabs/PhotoDetailPane.tsx:49:24
            at commitHookEffectListMount (/Users/johnneed/Projects/gmc-shelters/node_modules/react-dom/cjs/react-dom.development.js:23189:26)
            at commitPassiveMountOnFiber (/Users/johnneed/Projects/gmc-shelters/node_modules/react-dom/cjs/react-dom.development.js:24970:11)
            at commitPassiveMountEffects_complete (/Users/johnneed/Projects/gmc-shelters/node_modules/react-dom/cjs/react-dom.development.js:24930:9)
            at commitPassiveMountEffects_begin (/Users/johnneed/Projects/gmc-shelters/node_modules/react-dom/cjs/react-dom.development.js:24917:7)
            at commitPassiveMountEffects (/Users/johnneed/Projects/gmc-shelters/node_modules/react-dom/cjs/react-dom.development.js:24905:3)
            at flushPassiveEffectsImpl (/Users/johnneed/Projects/gmc-shelters/node_modules/react-dom/cjs/react-dom.development.js:27078:3)
            at flushPassiveEffects (/Users/johnneed/Projects/gmc-shelters/node_modules/react-dom/cjs/react-dom.development.js:27023:14)
            at performSyncWorkOnRoot (/Users/johnneed/Projects/gmc-shelters/node_modules/react-dom/cjs/react-dom.development.js:26115:3)
            at flushSyncCallbacks (/Users/johnneed/Projects/gmc-shelters/node_modules/react-dom/cjs/react-dom.development.js:12042:22)
            at commitRootImpl (/Users/johnneed/Projects/gmc-shelters/node_modules/react-dom/cjs/react-dom.development.js:26998:3)
            at commitRoot (/Users/johnneed/Projects/gmc-shelters/node_modules/react-dom/cjs/react-dom.development.js:26721:5)
            at finishConcurrentRender (/Users/johnneed/Projects/gmc-shelters/node_modules/react-dom/cjs/react-dom.development.js:26020:9)
            at performConcurrentWorkOnRoot (/Users/johnneed/Projects/gmc-shelters/node_modules/react-dom/cjs/react-dom.development.js:25848:7)
            at flushActQueue (/Users/johnneed/Projects/gmc-shelters/node_modules/react/cjs/react.development.js:2667:24)
            at act (/Users/johnneed/Projects/gmc-shelters/node_modules/react/cjs/react.development.js:2582:11)
            at /Users/johnneed/Projects/gmc-shelters/node_modules/@testing-library/react/dist/act-compat.js:46:25
            at renderRoot (/Users/johnneed/Projects/gmc-shelters/node_modules/@testing-library/react/dist/pure.js:189:26)
            at render (/Users/johnneed/Projects/gmc-shelters/node_modules/@testing-library/react/dist/pure.js:291:10)
            at Object.<anonymous> (/Users/johnneed/Projects/gmc-shelters/src/renderer/components/MainPane/tabs/PhotosTab.test.tsx:404:11)
            at Promise.then.completed (/Users/johnneed/Projects/gmc-shelters/node_modules/jest-circus/build/utils.js:298:28)
            at new Promise (<anonymous>)
            at callAsyncCircusFn (/Users/johnneed/Projects/gmc-shelters/node_modules/jest-circus/build/utils.js:231:10)
            at _callCircusTest (/Users/johnneed/Projects/gmc-shelters/node_modules/jest-circus/build/run.js:316:40)
            at _runTest (/Users/johnneed/Projects/gmc-shelters/node_modules/jest-circus/build/run.js:252:3)
            at _runTestsForDescribeBlock (/Users/johnneed/Projects/gmc-shelters/node_modules/jest-circus/build/run.js:126:9)
            at _runTestsForDescribeBlock (/Users/johnneed/Projects/gmc-shelters/node_modules/jest-circus/build/run.js:121:9)
            at run (/Users/johnneed/Projects/gmc-shelters/node_modules/jest-circus/build/run.js:71:3)
            at runAndTransformResultsToJestFormat (/Users/johnneed/Projects/gmc-shelters/node_modules/jest-circus/build/legacy-code-todo-rewrite/jestAdapterInit.js:122:21)
            at jestAdapter (/Users/johnneed/Projects/gmc-shelters/node_modules/jest-circus/build/legacy-code-todo-rewrite/jestAdapter.js:79:19)
            at runTestInternal (/Users/johnneed/Projects/gmc-shelters/node_modules/jest-runner/build/runTest.js:367:16)
            at runTest (/Users/johnneed/Projects/gmc-shelters/node_modules/jest-runner/build/runTest.js:444:34)
            at Object.worker (/Users/johnneed/Projects/gmc-shelters/node_modules/jest-runner/build/testWorker.js:106:12),
        type: 'unhandled exception'
      }

      402 |   it('clicking delete opens a confirm dialog without deleting immediately', async () => {
      403 |     const store = makeStore(makeShelter(), [makePhoto({ file_name: 'shot.jpg' })]);
    > 404 |     render(<Provider store={store}><PhotosTab /></Provider>);
          |           ^
      405 |     await waitFor(() => {
      406 |       expect(screen.getByRole('button', { name: /delete photo/i })).toBeInTheDocument();
      407 |     });

      at VirtualConsole.<anonymous> (node_modules/jest-environment-jsdom/build/index.js:63:23)
      at reportException (node_modules/jsdom/lib/jsdom/living/helpers/runtime-script-errors.js:70:28)
      at innerInvokeEventListeners (node_modules/jsdom/lib/jsdom/living/events/EventTarget-impl.js:353:9)
      at invokeEventListeners (node_modules/jsdom/lib/jsdom/living/events/EventTarget-impl.js:286:3)
      at HTMLUnknownElementImpl._dispatch (node_modules/jsdom/lib/jsdom/living/events/EventTarget-impl.js:233:9)
      at HTMLUnknownElementImpl.dispatchEvent (node_modules/jsdom/lib/jsdom/living/events/EventTarget-impl.js:104:17)
      at HTMLUnknownElement.dispatchEvent (node_modules/jsdom/lib/jsdom/living/generated/EventTarget.js:241:34)
      at Object.invokeGuardedCallbackDev (node_modules/react-dom/cjs/react-dom.development.js:4213:16)
      at invokeGuardedCallback (node_modules/react-dom/cjs/react-dom.development.js:4277:31)
      at reportUncaughtErrorInDEV (node_modules/react-dom/cjs/react-dom.development.js:22877:5)
      at captureCommitPhaseError (node_modules/react-dom/cjs/react-dom.development.js:27165:5)
      at commitPassiveMountEffects_complete (node_modules/react-dom/cjs/react-dom.development.js:24932:9)
      at commitPassiveMountEffects_begin (node_modules/react-dom/cjs/react-dom.development.js:24917:7)
      at commitPassiveMountEffects (node_modules/react-dom/cjs/react-dom.development.js:24905:3)
      at flushPassiveEffectsImpl (node_modules/react-dom/cjs/react-dom.development.js:27078:3)
      at flushPassiveEffects (node_modules/react-dom/cjs/react-dom.development.js:27023:14)
      at performSyncWorkOnRoot (node_modules/react-dom/cjs/react-dom.development.js:26115:3)
      at flushSyncCallbacks (node_modules/react-dom/cjs/react-dom.development.js:12042:22)
      at commitRootImpl (node_modules/react-dom/cjs/react-dom.development.js:26998:3)
      at commitRoot (node_modules/react-dom/cjs/react-dom.development.js:26721:5)
      at finishConcurrentRender (node_modules/react-dom/cjs/react-dom.development.js:26020:9)
      at performConcurrentWorkOnRoot (node_modules/react-dom/cjs/react-dom.development.js:25848:7)
      at flushActQueue (node_modules/react/cjs/react.development.js:2667:24)
      at act (node_modules/react/cjs/react.development.js:2582:11)
      at node_modules/@testing-library/react/dist/act-compat.js:46:25
      at renderRoot (node_modules/@testing-library/react/dist/pure.js:189:26)
      at render (node_modules/@testing-library/react/dist/pure.js:291:10)
      at Object.<anonymous> (src/renderer/components/MainPane/tabs/PhotosTab.test.tsx:404:11)

    console.error
      The above error occurred in the <PhotoDetailPane> component:
      
          at PhotoDetailPane (/Users/johnneed/Projects/gmc-shelters/src/renderer/components/MainPane/tabs/PhotoDetailPane.tsx:39:3)
          at div
          at PhotosTab (/Users/johnneed/Projects/gmc-shelters/src/renderer/components/MainPane/tabs/PhotosTab.tsx:58:31)
          at Provider (/Users/johnneed/Projects/gmc-shelters/node_modules/react-redux/src/components/Provider.tsx:60:11)
      
      Consider adding an error boundary to your tree to customize error handling behavior.
      Visit https://reactjs.org/link/error-boundaries to learn more about error boundaries.

      402 |   it('clicking delete opens a confirm dialog without deleting immediately', async () => {
      403 |     const store = makeStore(makeShelter(), [makePhoto({ file_name: 'shot.jpg' })]);
    > 404 |     render(<Provider store={store}><PhotosTab /></Provider>);
          |           ^
      405 |     await waitFor(() => {
      406 |       expect(screen.getByRole('button', { name: /delete photo/i })).toBeInTheDocument();
      407 |     });

      at logCapturedError (node_modules/react-dom/cjs/react-dom.development.js:18704:23)
      at update.callback (node_modules/react-dom/cjs/react-dom.development.js:18737:5)
      at callCallback (node_modules/react-dom/cjs/react-dom.development.js:15036:12)
      at commitUpdateQueue (node_modules/react-dom/cjs/react-dom.development.js:15057:9)
      at commitLayoutEffectOnFiber (node_modules/react-dom/cjs/react-dom.development.js:23430:13)
      at commitLayoutMountEffects_complete (node_modules/react-dom/cjs/react-dom.development.js:24727:9)
      at commitLayoutEffects_begin (node_modules/react-dom/cjs/react-dom.development.js:24713:7)
      at commitLayoutEffects (node_modules/react-dom/cjs/react-dom.development.js:24651:3)
      at commitRootImpl (node_modules/react-dom/cjs/react-dom.development.js:26862:5)
      at commitRoot (node_modules/react-dom/cjs/react-dom.development.js:26721:5)
      at performSyncWorkOnRoot (node_modules/react-dom/cjs/react-dom.development.js:26156:3)
      at flushSyncCallbacks (node_modules/react-dom/cjs/react-dom.development.js:12042:22)
      at commitRootImpl (node_modules/react-dom/cjs/react-dom.development.js:26998:3)
      at commitRoot (node_modules/react-dom/cjs/react-dom.development.js:26721:5)
      at finishConcurrentRender (node_modules/react-dom/cjs/react-dom.development.js:26020:9)
      at performConcurrentWorkOnRoot (node_modules/react-dom/cjs/react-dom.development.js:25848:7)
      at flushActQueue (node_modules/react/cjs/react.development.js:2667:24)
      at act (node_modules/react/cjs/react.development.js:2582:11)
      at node_modules/@testing-library/react/dist/act-compat.js:46:25
      at renderRoot (node_modules/@testing-library/react/dist/pure.js:189:26)
      at render (node_modules/@testing-library/react/dist/pure.js:291:10)
      at Object.<anonymous> (src/renderer/components/MainPane/tabs/PhotosTab.test.tsx:404:11)

    console.error
      Error: Uncaught [TypeError: fieldsRef.current?.scrollTo is not a function]
          at reportException (/Users/johnneed/Projects/gmc-shelters/node_modules/jsdom/lib/jsdom/living/helpers/runtime-script-errors.js:66:24)
          at innerInvokeEventListeners (/Users/johnneed/Projects/gmc-shelters/node_modules/jsdom/lib/jsdom/living/events/EventTarget-impl.js:353:9)
          at invokeEventListeners (/Users/johnneed/Projects/gmc-shelters/node_modules/jsdom/lib/jsdom/living/events/EventTarget-impl.js:286:3)
          at HTMLUnknownElementImpl._dispatch (/Users/johnneed/Projects/gmc-shelters/node_modules/jsdom/lib/jsdom/living/events/EventTarget-impl.js:233:9)
          at HTMLUnknownElementImpl.dispatchEvent (/Users/johnneed/Projects/gmc-shelters/node_modules/jsdom/lib/jsdom/living/events/EventTarget-impl.js:104:17)
          at HTMLUnknownElement.dispatchEvent (/Users/johnneed/Projects/gmc-shelters/node_modules/jsdom/lib/jsdom/living/generated/EventTarget.js:241:34)
          at Object.invokeGuardedCallbackDev (/Users/johnneed/Projects/gmc-shelters/node_modules/react-dom/cjs/react-dom.development.js:4213:16)
          at invokeGuardedCallback (/Users/johnneed/Projects/gmc-shelters/node_modules/react-dom/cjs/react-dom.development.js:4277:31)
          at reportUncaughtErrorInDEV (/Users/johnneed/Projects/gmc-shelters/node_modules/react-dom/cjs/react-dom.development.js:22877:5)
          at captureCommitPhaseError (/Users/johnneed/Projects/gmc-shelters/node_modules/react-dom/cjs/react-dom.development.js:27165:5)
          at commitPassiveMountEffects_complete (/Users/johnneed/Projects/gmc-shelters/node_modules/react-dom/cjs/react-dom.development.js:24932:9)
          at commitPassiveMountEffects_begin (/Users/johnneed/Projects/gmc-shelters/node_modules/react-dom/cjs/react-dom.development.js:24917:7)
          at commitPassiveMountEffects (/Users/johnneed/Projects/gmc-shelters/node_modules/react-dom/cjs/react-dom.development.js:24905:3)
          at flushPassiveEffectsImpl (/Users/johnneed/Projects/gmc-shelters/node_modules/react-dom/cjs/react-dom.development.js:27078:3)
          at flushPassiveEffects (/Users/johnneed/Projects/gmc-shelters/node_modules/react-dom/cjs/react-dom.development.js:27023:14)
          at performSyncWorkOnRoot (/Users/johnneed/Projects/gmc-shelters/node_modules/react-dom/cjs/react-dom.development.js:26115:3)
          at flushSyncCallbacks (/Users/johnneed/Projects/gmc-shelters/node_modules/react-dom/cjs/react-dom.development.js:12042:22)
          at commitRootImpl (/Users/johnneed/Projects/gmc-shelters/node_modules/react-dom/cjs/react-dom.development.js:26998:3)
          at commitRoot (/Users/johnneed/Projects/gmc-shelters/node_modules/react-dom/cjs/react-dom.development.js:26721:5)
          at finishConcurrentRender (/Users/johnneed/Projects/gmc-shelters/node_modules/react-dom/cjs/react-dom.development.js:26020:9)
          at performConcurrentWorkOnRoot (/Users/johnneed/Projects/gmc-shelters/node_modules/react-dom/cjs/react-dom.development.js:25848:7)
          at flushActQueue (/Users/johnneed/Projects/gmc-shelters/node_modules/react/cjs/react.development.js:2667:24)
          at act (/Users/johnneed/Projects/gmc-shelters/node_modules/react/cjs/react.development.js:2582:11)
          at /Users/johnneed/Projects/gmc-shelters/node_modules/@testing-library/react/dist/act-compat.js:46:25
          at renderRoot (/Users/johnneed/Projects/gmc-shelters/node_modules/@testing-library/react/dist/pure.js:189:26)
          at render (/Users/johnneed/Projects/gmc-shelters/node_modules/@testing-library/react/dist/pure.js:291:10)
          at Object.<anonymous> (/Users/johnneed/Projects/gmc-shelters/src/renderer/components/MainPane/tabs/PhotosTab.test.tsx:415:11)
          at Promise.then.completed (/Users/johnneed/Projects/gmc-shelters/node_modules/jest-circus/build/utils.js:298:28)
          at new Promise (<anonymous>)
          at callAsyncCircusFn (/Users/johnneed/Projects/gmc-shelters/node_modules/jest-circus/build/utils.js:231:10)
          at _callCircusTest (/Users/johnneed/Projects/gmc-shelters/node_modules/jest-circus/build/run.js:316:40)
          at _runTest (/Users/johnneed/Projects/gmc-shelters/node_modules/jest-circus/build/run.js:252:3)
          at _runTestsForDescribeBlock (/Users/johnneed/Projects/gmc-shelters/node_modules/jest-circus/build/run.js:126:9)
          at _runTestsForDescribeBlock (/Users/johnneed/Projects/gmc-shelters/node_modules/jest-circus/build/run.js:121:9)
          at run (/Users/johnneed/Projects/gmc-shelters/node_modules/jest-circus/build/run.js:71:3)
          at runAndTransformResultsToJestFormat (/Users/johnneed/Projects/gmc-shelters/node_modules/jest-circus/build/legacy-code-todo-rewrite/jestAdapterInit.js:122:21)
          at jestAdapter (/Users/johnneed/Projects/gmc-shelters/node_modules/jest-circus/build/legacy-code-todo-rewrite/jestAdapter.js:79:19)
          at runTestInternal (/Users/johnneed/Projects/gmc-shelters/node_modules/jest-runner/build/runTest.js:367:16)
          at runTest (/Users/johnneed/Projects/gmc-shelters/node_modules/jest-runner/build/runTest.js:444:34)
          at Object.worker (/Users/johnneed/Projects/gmc-shelters/node_modules/jest-runner/build/testWorker.js:106:12) {
        detail: TypeError: fieldsRef.current?.scrollTo is not a function
            at /Users/johnneed/Projects/gmc-shelters/src/renderer/components/MainPane/tabs/PhotoDetailPane.tsx:49:24
            at commitHookEffectListMount (/Users/johnneed/Projects/gmc-shelters/node_modules/react-dom/cjs/react-dom.development.js:23189:26)
            at commitPassiveMountOnFiber (/Users/johnneed/Projects/gmc-shelters/node_modules/react-dom/cjs/react-dom.development.js:24970:11)
            at commitPassiveMountEffects_complete (/Users/johnneed/Projects/gmc-shelters/node_modules/react-dom/cjs/react-dom.development.js:24930:9)
            at commitPassiveMountEffects_begin (/Users/johnneed/Projects/gmc-shelters/node_modules/react-dom/cjs/react-dom.development.js:24917:7)
            at commitPassiveMountEffects (/Users/johnneed/Projects/gmc-shelters/node_modules/react-dom/cjs/react-dom.development.js:24905:3)
            at flushPassiveEffectsImpl (/Users/johnneed/Projects/gmc-shelters/node_modules/react-dom/cjs/react-dom.development.js:27078:3)
            at flushPassiveEffects (/Users/johnneed/Projects/gmc-shelters/node_modules/react-dom/cjs/react-dom.development.js:27023:14)
            at performSyncWorkOnRoot (/Users/johnneed/Projects/gmc-shelters/node_modules/react-dom/cjs/react-dom.development.js:26115:3)
            at flushSyncCallbacks (/Users/johnneed/Projects/gmc-shelters/node_modules/react-dom/cjs/react-dom.development.js:12042:22)
            at commitRootImpl (/Users/johnneed/Projects/gmc-shelters/node_modules/react-dom/cjs/react-dom.development.js:26998:3)
            at commitRoot (/Users/johnneed/Projects/gmc-shelters/node_modules/react-dom/cjs/react-dom.development.js:26721:5)
            at finishConcurrentRender (/Users/johnneed/Projects/gmc-shelters/node_modules/react-dom/cjs/react-dom.development.js:26020:9)
            at performConcurrentWorkOnRoot (/Users/johnneed/Projects/gmc-shelters/node_modules/react-dom/cjs/react-dom.development.js:25848:7)
            at flushActQueue (/Users/johnneed/Projects/gmc-shelters/node_modules/react/cjs/react.development.js:2667:24)
            at act (/Users/johnneed/Projects/gmc-shelters/node_modules/react/cjs/react.development.js:2582:11)
            at /Users/johnneed/Projects/gmc-shelters/node_modules/@testing-library/react/dist/act-compat.js:46:25
            at renderRoot (/Users/johnneed/Projects/gmc-shelters/node_modules/@testing-library/react/dist/pure.js:189:26)
            at render (/Users/johnneed/Projects/gmc-shelters/node_modules/@testing-library/react/dist/pure.js:291:10)
            at Object.<anonymous> (/Users/johnneed/Projects/gmc-shelters/src/renderer/components/MainPane/tabs/PhotosTab.test.tsx:415:11)
            at Promise.then.completed (/Users/johnneed/Projects/gmc-shelters/node_modules/jest-circus/build/utils.js:298:28)
            at new Promise (<anonymous>)
            at callAsyncCircusFn (/Users/johnneed/Projects/gmc-shelters/node_modules/jest-circus/build/utils.js:231:10)
            at _callCircusTest (/Users/johnneed/Projects/gmc-shelters/node_modules/jest-circus/build/run.js:316:40)
            at _runTest (/Users/johnneed/Projects/gmc-shelters/node_modules/jest-circus/build/run.js:252:3)
            at _runTestsForDescribeBlock (/Users/johnneed/Projects/gmc-shelters/node_modules/jest-circus/build/run.js:126:9)
            at _runTestsForDescribeBlock (/Users/johnneed/Projects/gmc-shelters/node_modules/jest-circus/build/run.js:121:9)
            at run (/Users/johnneed/Projects/gmc-shelters/node_modules/jest-circus/build/run.js:71:3)
            at runAndTransformResultsToJestFormat (/Users/johnneed/Projects/gmc-shelters/node_modules/jest-circus/build/legacy-code-todo-rewrite/jestAdapterInit.js:122:21)
            at jestAdapter (/Users/johnneed/Projects/gmc-shelters/node_modules/jest-circus/build/legacy-code-todo-rewrite/jestAdapter.js:79:19)
            at runTestInternal (/Users/johnneed/Projects/gmc-shelters/node_modules/jest-runner/build/runTest.js:367:16)
            at runTest (/Users/johnneed/Projects/gmc-shelters/node_modules/jest-runner/build/runTest.js:444:34)
            at Object.worker (/Users/johnneed/Projects/gmc-shelters/node_modules/jest-runner/build/testWorker.js:106:12),
        type: 'unhandled exception'
      }

      413 |   it('confirming the delete dialog calls photos.delete', async () => {
      414 |     const store = makeStore(makeShelter(), [makePhoto({ id: 1, file_name: 'shot.jpg' })]);
    > 415 |     render(<Provider store={store}><PhotosTab /></Provider>);
          |           ^
      416 |     await waitFor(() => {
      417 |       expect(screen.getByRole('button', { name: /delete photo/i })).toBeInTheDocument();
      418 |     });

      at VirtualConsole.<anonymous> (node_modules/jest-environment-jsdom/build/index.js:63:23)
      at reportException (node_modules/jsdom/lib/jsdom/living/helpers/runtime-script-errors.js:70:28)
      at innerInvokeEventListeners (node_modules/jsdom/lib/jsdom/living/events/EventTarget-impl.js:353:9)
      at invokeEventListeners (node_modules/jsdom/lib/jsdom/living/events/EventTarget-impl.js:286:3)
      at HTMLUnknownElementImpl._dispatch (node_modules/jsdom/lib/jsdom/living/events/EventTarget-impl.js:233:9)
      at HTMLUnknownElementImpl.dispatchEvent (node_modules/jsdom/lib/jsdom/living/events/EventTarget-impl.js:104:17)
      at HTMLUnknownElement.dispatchEvent (node_modules/jsdom/lib/jsdom/living/generated/EventTarget.js:241:34)
      at Object.invokeGuardedCallbackDev (node_modules/react-dom/cjs/react-dom.development.js:4213:16)
      at invokeGuardedCallback (node_modules/react-dom/cjs/react-dom.development.js:4277:31)
      at reportUncaughtErrorInDEV (node_modules/react-dom/cjs/react-dom.development.js:22877:5)
      at captureCommitPhaseError (node_modules/react-dom/cjs/react-dom.development.js:27165:5)
      at commitPassiveMountEffects_complete (node_modules/react-dom/cjs/react-dom.development.js:24932:9)
      at commitPassiveMountEffects_begin (node_modules/react-dom/cjs/react-dom.development.js:24917:7)
      at commitPassiveMountEffects (node_modules/react-dom/cjs/react-dom.development.js:24905:3)
      at flushPassiveEffectsImpl (node_modules/react-dom/cjs/react-dom.development.js:27078:3)
      at flushPassiveEffects (node_modules/react-dom/cjs/react-dom.development.js:27023:14)
      at performSyncWorkOnRoot (node_modules/react-dom/cjs/react-dom.development.js:26115:3)
      at flushSyncCallbacks (node_modules/react-dom/cjs/react-dom.development.js:12042:22)
      at commitRootImpl (node_modules/react-dom/cjs/react-dom.development.js:26998:3)
      at commitRoot (node_modules/react-dom/cjs/react-dom.development.js:26721:5)
      at finishConcurrentRender (node_modules/react-dom/cjs/react-dom.development.js:26020:9)
      at performConcurrentWorkOnRoot (node_modules/react-dom/cjs/react-dom.development.js:25848:7)
      at flushActQueue (node_modules/react/cjs/react.development.js:2667:24)
      at act (node_modules/react/cjs/react.development.js:2582:11)
      at node_modules/@testing-library/react/dist/act-compat.js:46:25
      at renderRoot (node_modules/@testing-library/react/dist/pure.js:189:26)
      at render (node_modules/@testing-library/react/dist/pure.js:291:10)
      at Object.<anonymous> (src/renderer/components/MainPane/tabs/PhotosTab.test.tsx:415:11)

    console.error
      The above error occurred in the <PhotoDetailPane> component:
      
          at PhotoDetailPane (/Users/johnneed/Projects/gmc-shelters/src/renderer/components/MainPane/tabs/PhotoDetailPane.tsx:39:3)
          at div
          at PhotosTab (/Users/johnneed/Projects/gmc-shelters/src/renderer/components/MainPane/tabs/PhotosTab.tsx:58:31)
          at Provider (/Users/johnneed/Projects/gmc-shelters/node_modules/react-redux/src/components/Provider.tsx:60:11)
      
      Consider adding an error boundary to your tree to customize error handling behavior.
      Visit https://reactjs.org/link/error-boundaries to learn more about error boundaries.

      413 |   it('confirming the delete dialog calls photos.delete', async () => {
      414 |     const store = makeStore(makeShelter(), [makePhoto({ id: 1, file_name: 'shot.jpg' })]);
    > 415 |     render(<Provider store={store}><PhotosTab /></Provider>);
          |           ^
      416 |     await waitFor(() => {
      417 |       expect(screen.getByRole('button', { name: /delete photo/i })).toBeInTheDocument();
      418 |     });

      at logCapturedError (node_modules/react-dom/cjs/react-dom.development.js:18704:23)
      at update.callback (node_modules/react-dom/cjs/react-dom.development.js:18737:5)
      at callCallback (node_modules/react-dom/cjs/react-dom.development.js:15036:12)
      at commitUpdateQueue (node_modules/react-dom/cjs/react-dom.development.js:15057:9)
      at commitLayoutEffectOnFiber (node_modules/react-dom/cjs/react-dom.development.js:23430:13)
      at commitLayoutMountEffects_complete (node_modules/react-dom/cjs/react-dom.development.js:24727:9)
      at commitLayoutEffects_begin (node_modules/react-dom/cjs/react-dom.development.js:24713:7)
      at commitLayoutEffects (node_modules/react-dom/cjs/react-dom.development.js:24651:3)
      at commitRootImpl (node_modules/react-dom/cjs/react-dom.development.js:26862:5)
      at commitRoot (node_modules/react-dom/cjs/react-dom.development.js:26721:5)
      at performSyncWorkOnRoot (node_modules/react-dom/cjs/react-dom.development.js:26156:3)
      at flushSyncCallbacks (node_modules/react-dom/cjs/react-dom.development.js:12042:22)
      at commitRootImpl (node_modules/react-dom/cjs/react-dom.development.js:26998:3)
      at commitRoot (node_modules/react-dom/cjs/react-dom.development.js:26721:5)
      at finishConcurrentRender (node_modules/react-dom/cjs/react-dom.development.js:26020:9)
      at performConcurrentWorkOnRoot (node_modules/react-dom/cjs/react-dom.development.js:25848:7)
      at flushActQueue (node_modules/react/cjs/react.development.js:2667:24)
      at act (node_modules/react/cjs/react.development.js:2582:11)
      at node_modules/@testing-library/react/dist/act-compat.js:46:25
      at renderRoot (node_modules/@testing-library/react/dist/pure.js:189:26)
      at render (node_modules/@testing-library/react/dist/pure.js:291:10)
      at Object.<anonymous> (src/renderer/components/MainPane/tabs/PhotosTab.test.tsx:415:11)

    console.error
      Error: Uncaught [TypeError: fieldsRef.current?.scrollTo is not a function]
          at reportException (/Users/johnneed/Projects/gmc-shelters/node_modules/jsdom/lib/jsdom/living/helpers/runtime-script-errors.js:66:24)
          at innerInvokeEventListeners (/Users/johnneed/Projects/gmc-shelters/node_modules/jsdom/lib/jsdom/living/events/EventTarget-impl.js:353:9)
          at invokeEventListeners (/Users/johnneed/Projects/gmc-shelters/node_modules/jsdom/lib/jsdom/living/events/EventTarget-impl.js:286:3)
          at HTMLUnknownElementImpl._dispatch (/Users/johnneed/Projects/gmc-shelters/node_modules/jsdom/lib/jsdom/living/events/EventTarget-impl.js:233:9)
          at HTMLUnknownElementImpl.dispatchEvent (/Users/johnneed/Projects/gmc-shelters/node_modules/jsdom/lib/jsdom/living/events/EventTarget-impl.js:104:17)
          at HTMLUnknownElement.dispatchEvent (/Users/johnneed/Projects/gmc-shelters/node_modules/jsdom/lib/jsdom/living/generated/EventTarget.js:241:34)
          at Object.invokeGuardedCallbackDev (/Users/johnneed/Projects/gmc-shelters/node_modules/react-dom/cjs/react-dom.development.js:4213:16)
          at invokeGuardedCallback (/Users/johnneed/Projects/gmc-shelters/node_modules/react-dom/cjs/react-dom.development.js:4277:31)
          at reportUncaughtErrorInDEV (/Users/johnneed/Projects/gmc-shelters/node_modules/react-dom/cjs/react-dom.development.js:22877:5)
          at captureCommitPhaseError (/Users/johnneed/Projects/gmc-shelters/node_modules/react-dom/cjs/react-dom.development.js:27165:5)
          at commitPassiveMountEffects_complete (/Users/johnneed/Projects/gmc-shelters/node_modules/react-dom/cjs/react-dom.development.js:24932:9)
          at commitPassiveMountEffects_begin (/Users/johnneed/Projects/gmc-shelters/node_modules/react-dom/cjs/react-dom.development.js:24917:7)
          at commitPassiveMountEffects (/Users/johnneed/Projects/gmc-shelters/node_modules/react-dom/cjs/react-dom.development.js:24905:3)
          at flushPassiveEffectsImpl (/Users/johnneed/Projects/gmc-shelters/node_modules/react-dom/cjs/react-dom.development.js:27078:3)
          at flushPassiveEffects (/Users/johnneed/Projects/gmc-shelters/node_modules/react-dom/cjs/react-dom.development.js:27023:14)
          at performSyncWorkOnRoot (/Users/johnneed/Projects/gmc-shelters/node_modules/react-dom/cjs/react-dom.development.js:26115:3)
          at flushSyncCallbacks (/Users/johnneed/Projects/gmc-shelters/node_modules/react-dom/cjs/react-dom.development.js:12042:22)
          at commitRootImpl (/Users/johnneed/Projects/gmc-shelters/node_modules/react-dom/cjs/react-dom.development.js:26998:3)
          at commitRoot (/Users/johnneed/Projects/gmc-shelters/node_modules/react-dom/cjs/react-dom.development.js:26721:5)
          at finishConcurrentRender (/Users/johnneed/Projects/gmc-shelters/node_modules/react-dom/cjs/react-dom.development.js:26020:9)
          at performConcurrentWorkOnRoot (/Users/johnneed/Projects/gmc-shelters/node_modules/react-dom/cjs/react-dom.development.js:25848:7)
          at flushActQueue (/Users/johnneed/Projects/gmc-shelters/node_modules/react/cjs/react.development.js:2667:24)
          at act (/Users/johnneed/Projects/gmc-shelters/node_modules/react/cjs/react.development.js:2582:11)
          at /Users/johnneed/Projects/gmc-shelters/node_modules/@testing-library/react/dist/act-compat.js:46:25
          at renderRoot (/Users/johnneed/Projects/gmc-shelters/node_modules/@testing-library/react/dist/pure.js:189:26)
          at render (/Users/johnneed/Projects/gmc-shelters/node_modules/@testing-library/react/dist/pure.js:291:10)
          at Object.<anonymous> (/Users/johnneed/Projects/gmc-shelters/src/renderer/components/MainPane/tabs/PhotosTab.test.tsx:428:11)
          at Promise.then.completed (/Users/johnneed/Projects/gmc-shelters/node_modules/jest-circus/build/utils.js:298:28)
          at new Promise (<anonymous>)
          at callAsyncCircusFn (/Users/johnneed/Projects/gmc-shelters/node_modules/jest-circus/build/utils.js:231:10)
          at _callCircusTest (/Users/johnneed/Projects/gmc-shelters/node_modules/jest-circus/build/run.js:316:40)
          at _runTest (/Users/johnneed/Projects/gmc-shelters/node_modules/jest-circus/build/run.js:252:3)
          at _runTestsForDescribeBlock (/Users/johnneed/Projects/gmc-shelters/node_modules/jest-circus/build/run.js:126:9)
          at _runTestsForDescribeBlock (/Users/johnneed/Projects/gmc-shelters/node_modules/jest-circus/build/run.js:121:9)
          at run (/Users/johnneed/Projects/gmc-shelters/node_modules/jest-circus/build/run.js:71:3)
          at runAndTransformResultsToJestFormat (/Users/johnneed/Projects/gmc-shelters/node_modules/jest-circus/build/legacy-code-todo-rewrite/jestAdapterInit.js:122:21)
          at jestAdapter (/Users/johnneed/Projects/gmc-shelters/node_modules/jest-circus/build/legacy-code-todo-rewrite/jestAdapter.js:79:19)
          at runTestInternal (/Users/johnneed/Projects/gmc-shelters/node_modules/jest-runner/build/runTest.js:367:16)
          at runTest (/Users/johnneed/Projects/gmc-shelters/node_modules/jest-runner/build/runTest.js:444:34)
          at Object.worker (/Users/johnneed/Projects/gmc-shelters/node_modules/jest-runner/build/testWorker.js:106:12) {
        detail: TypeError: fieldsRef.current?.scrollTo is not a function
            at /Users/johnneed/Projects/gmc-shelters/src/renderer/components/MainPane/tabs/PhotoDetailPane.tsx:49:24
            at commitHookEffectListMount (/Users/johnneed/Projects/gmc-shelters/node_modules/react-dom/cjs/react-dom.development.js:23189:26)
            at commitPassiveMountOnFiber (/Users/johnneed/Projects/gmc-shelters/node_modules/react-dom/cjs/react-dom.development.js:24970:11)
            at commitPassiveMountEffects_complete (/Users/johnneed/Projects/gmc-shelters/node_modules/react-dom/cjs/react-dom.development.js:24930:9)
            at commitPassiveMountEffects_begin (/Users/johnneed/Projects/gmc-shelters/node_modules/react-dom/cjs/react-dom.development.js:24917:7)
            at commitPassiveMountEffects (/Users/johnneed/Projects/gmc-shelters/node_modules/react-dom/cjs/react-dom.development.js:24905:3)
            at flushPassiveEffectsImpl (/Users/johnneed/Projects/gmc-shelters/node_modules/react-dom/cjs/react-dom.development.js:27078:3)
            at flushPassiveEffects (/Users/johnneed/Projects/gmc-shelters/node_modules/react-dom/cjs/react-dom.development.js:27023:14)
            at performSyncWorkOnRoot (/Users/johnneed/Projects/gmc-shelters/node_modules/react-dom/cjs/react-dom.development.js:26115:3)
            at flushSyncCallbacks (/Users/johnneed/Projects/gmc-shelters/node_modules/react-dom/cjs/react-dom.development.js:12042:22)
            at commitRootImpl (/Users/johnneed/Projects/gmc-shelters/node_modules/react-dom/cjs/react-dom.development.js:26998:3)
            at commitRoot (/Users/johnneed/Projects/gmc-shelters/node_modules/react-dom/cjs/react-dom.development.js:26721:5)
            at finishConcurrentRender (/Users/johnneed/Projects/gmc-shelters/node_modules/react-dom/cjs/react-dom.development.js:26020:9)
            at performConcurrentWorkOnRoot (/Users/johnneed/Projects/gmc-shelters/node_modules/react-dom/cjs/react-dom.development.js:25848:7)
            at flushActQueue (/Users/johnneed/Projects/gmc-shelters/node_modules/react/cjs/react.development.js:2667:24)
            at act (/Users/johnneed/Projects/gmc-shelters/node_modules/react/cjs/react.development.js:2582:11)
            at /Users/johnneed/Projects/gmc-shelters/node_modules/@testing-library/react/dist/act-compat.js:46:25
            at renderRoot (/Users/johnneed/Projects/gmc-shelters/node_modules/@testing-library/react/dist/pure.js:189:26)
            at render (/Users/johnneed/Projects/gmc-shelters/node_modules/@testing-library/react/dist/pure.js:291:10)
            at Object.<anonymous> (/Users/johnneed/Projects/gmc-shelters/src/renderer/components/MainPane/tabs/PhotosTab.test.tsx:428:11)
            at Promise.then.completed (/Users/johnneed/Projects/gmc-shelters/node_modules/jest-circus/build/utils.js:298:28)
            at new Promise (<anonymous>)
            at callAsyncCircusFn (/Users/johnneed/Projects/gmc-shelters/node_modules/jest-circus/build/utils.js:231:10)
            at _callCircusTest (/Users/johnneed/Projects/gmc-shelters/node_modules/jest-circus/build/run.js:316:40)
            at _runTest (/Users/johnneed/Projects/gmc-shelters/node_modules/jest-circus/build/run.js:252:3)
            at _runTestsForDescribeBlock (/Users/johnneed/Projects/gmc-shelters/node_modules/jest-circus/build/run.js:126:9)
            at _runTestsForDescribeBlock (/Users/johnneed/Projects/gmc-shelters/node_modules/jest-circus/build/run.js:121:9)
            at run (/Users/johnneed/Projects/gmc-shelters/node_modules/jest-circus/build/run.js:71:3)
            at runAndTransformResultsToJestFormat (/Users/johnneed/Projects/gmc-shelters/node_modules/jest-circus/build/legacy-code-todo-rewrite/jestAdapterInit.js:122:21)
            at jestAdapter (/Users/johnneed/Projects/gmc-shelters/node_modules/jest-circus/build/legacy-code-todo-rewrite/jestAdapter.js:79:19)
            at runTestInternal (/Users/johnneed/Projects/gmc-shelters/node_modules/jest-runner/build/runTest.js:367:16)
            at runTest (/Users/johnneed/Projects/gmc-shelters/node_modules/jest-runner/build/runTest.js:444:34)
            at Object.worker (/Users/johnneed/Projects/gmc-shelters/node_modules/jest-runner/build/testWorker.js:106:12),
        type: 'unhandled exception'
      }

      426 |   it('cancelling the delete dialog does not call photos.delete', async () => {
      427 |     const store = makeStore(makeShelter(), [makePhoto({ file_name: 'shot.jpg' })]);
    > 428 |     render(<Provider store={store}><PhotosTab /></Provider>);
          |           ^
      429 |     await waitFor(() => {
      430 |       expect(screen.getByRole('button', { name: /delete photo/i })).toBeInTheDocument();
      431 |     });

      at VirtualConsole.<anonymous> (node_modules/jest-environment-jsdom/build/index.js:63:23)
      at reportException (node_modules/jsdom/lib/jsdom/living/helpers/runtime-script-errors.js:70:28)
      at innerInvokeEventListeners (node_modules/jsdom/lib/jsdom/living/events/EventTarget-impl.js:353:9)
      at invokeEventListeners (node_modules/jsdom/lib/jsdom/living/events/EventTarget-impl.js:286:3)
      at HTMLUnknownElementImpl._dispatch (node_modules/jsdom/lib/jsdom/living/events/EventTarget-impl.js:233:9)
      at HTMLUnknownElementImpl.dispatchEvent (node_modules/jsdom/lib/jsdom/living/events/EventTarget-impl.js:104:17)
      at HTMLUnknownElement.dispatchEvent (node_modules/jsdom/lib/jsdom/living/generated/EventTarget.js:241:34)
      at Object.invokeGuardedCallbackDev (node_modules/react-dom/cjs/react-dom.development.js:4213:16)
      at invokeGuardedCallback (node_modules/react-dom/cjs/react-dom.development.js:4277:31)
      at reportUncaughtErrorInDEV (node_modules/react-dom/cjs/react-dom.development.js:22877:5)
      at captureCommitPhaseError (node_modules/react-dom/cjs/react-dom.development.js:27165:5)
      at commitPassiveMountEffects_complete (node_modules/react-dom/cjs/react-dom.development.js:24932:9)
      at commitPassiveMountEffects_begin (node_modules/react-dom/cjs/react-dom.development.js:24917:7)
      at commitPassiveMountEffects (node_modules/react-dom/cjs/react-dom.development.js:24905:3)
      at flushPassiveEffectsImpl (node_modules/react-dom/cjs/react-dom.development.js:27078:3)
      at flushPassiveEffects (node_modules/react-dom/cjs/react-dom.development.js:27023:14)
      at performSyncWorkOnRoot (node_modules/react-dom/cjs/react-dom.development.js:26115:3)
      at flushSyncCallbacks (node_modules/react-dom/cjs/react-dom.development.js:12042:22)
      at commitRootImpl (node_modules/react-dom/cjs/react-dom.development.js:26998:3)
      at commitRoot (node_modules/react-dom/cjs/react-dom.development.js:26721:5)
      at finishConcurrentRender (node_modules/react-dom/cjs/react-dom.development.js:26020:9)
      at performConcurrentWorkOnRoot (node_modules/react-dom/cjs/react-dom.development.js:25848:7)
      at flushActQueue (node_modules/react/cjs/react.development.js:2667:24)
      at act (node_modules/react/cjs/react.development.js:2582:11)
      at node_modules/@testing-library/react/dist/act-compat.js:46:25
      at renderRoot (node_modules/@testing-library/react/dist/pure.js:189:26)
      at render (node_modules/@testing-library/react/dist/pure.js:291:10)
      at Object.<anonymous> (src/renderer/components/MainPane/tabs/PhotosTab.test.tsx:428:11)

    console.error
      The above error occurred in the <PhotoDetailPane> component:
      
          at PhotoDetailPane (/Users/johnneed/Projects/gmc-shelters/src/renderer/components/MainPane/tabs/PhotoDetailPane.tsx:39:3)
          at div
          at PhotosTab (/Users/johnneed/Projects/gmc-shelters/src/renderer/components/MainPane/tabs/PhotosTab.tsx:58:31)
          at Provider (/Users/johnneed/Projects/gmc-shelters/node_modules/react-redux/src/components/Provider.tsx:60:11)
      
      Consider adding an error boundary to your tree to customize error handling behavior.
      Visit https://reactjs.org/link/error-boundaries to learn more about error boundaries.

      426 |   it('cancelling the delete dialog does not call photos.delete', async () => {
      427 |     const store = makeStore(makeShelter(), [makePhoto({ file_name: 'shot.jpg' })]);
    > 428 |     render(<Provider store={store}><PhotosTab /></Provider>);
          |           ^
      429 |     await waitFor(() => {
      430 |       expect(screen.getByRole('button', { name: /delete photo/i })).toBeInTheDocument();
      431 |     });

      at logCapturedError (node_modules/react-dom/cjs/react-dom.development.js:18704:23)
      at update.callback (node_modules/react-dom/cjs/react-dom.development.js:18737:5)
      at callCallback (node_modules/react-dom/cjs/react-dom.development.js:15036:12)
      at commitUpdateQueue (node_modules/react-dom/cjs/react-dom.development.js:15057:9)
      at commitLayoutEffectOnFiber (node_modules/react-dom/cjs/react-dom.development.js:23430:13)
      at commitLayoutMountEffects_complete (node_modules/react-dom/cjs/react-dom.development.js:24727:9)
      at commitLayoutEffects_begin (node_modules/react-dom/cjs/react-dom.development.js:24713:7)
      at commitLayoutEffects (node_modules/react-dom/cjs/react-dom.development.js:24651:3)
      at commitRootImpl (node_modules/react-dom/cjs/react-dom.development.js:26862:5)
      at commitRoot (node_modules/react-dom/cjs/react-dom.development.js:26721:5)
      at performSyncWorkOnRoot (node_modules/react-dom/cjs/react-dom.development.js:26156:3)
      at flushSyncCallbacks (node_modules/react-dom/cjs/react-dom.development.js:12042:22)
      at commitRootImpl (node_modules/react-dom/cjs/react-dom.development.js:26998:3)
      at commitRoot (node_modules/react-dom/cjs/react-dom.development.js:26721:5)
      at finishConcurrentRender (node_modules/react-dom/cjs/react-dom.development.js:26020:9)
      at performConcurrentWorkOnRoot (node_modules/react-dom/cjs/react-dom.development.js:25848:7)
      at flushActQueue (node_modules/react/cjs/react.development.js:2667:24)
      at act (node_modules/react/cjs/react.development.js:2582:11)
      at node_modules/@testing-library/react/dist/act-compat.js:46:25
      at renderRoot (node_modules/@testing-library/react/dist/pure.js:189:26)
      at render (node_modules/@testing-library/react/dist/pure.js:291:10)
      at Object.<anonymous> (src/renderer/components/MainPane/tabs/PhotosTab.test.tsx:428:11)

    console.error
      Error: Uncaught [TypeError: fieldsRef.current?.scrollTo is not a function]
          at reportException (/Users/johnneed/Projects/gmc-shelters/node_modules/jsdom/lib/jsdom/living/helpers/runtime-script-errors.js:66:24)
          at innerInvokeEventListeners (/Users/johnneed/Projects/gmc-shelters/node_modules/jsdom/lib/jsdom/living/events/EventTarget-impl.js:353:9)
          at invokeEventListeners (/Users/johnneed/Projects/gmc-shelters/node_modules/jsdom/lib/jsdom/living/events/EventTarget-impl.js:286:3)
          at HTMLUnknownElementImpl._dispatch (/Users/johnneed/Projects/gmc-shelters/node_modules/jsdom/lib/jsdom/living/events/EventTarget-impl.js:233:9)
          at HTMLUnknownElementImpl.dispatchEvent (/Users/johnneed/Projects/gmc-shelters/node_modules/jsdom/lib/jsdom/living/events/EventTarget-impl.js:104:17)
          at HTMLUnknownElement.dispatchEvent (/Users/johnneed/Projects/gmc-shelters/node_modules/jsdom/lib/jsdom/living/generated/EventTarget.js:241:34)
          at Object.invokeGuardedCallbackDev (/Users/johnneed/Projects/gmc-shelters/node_modules/react-dom/cjs/react-dom.development.js:4213:16)
          at invokeGuardedCallback (/Users/johnneed/Projects/gmc-shelters/node_modules/react-dom/cjs/react-dom.development.js:4277:31)
          at reportUncaughtErrorInDEV (/Users/johnneed/Projects/gmc-shelters/node_modules/react-dom/cjs/react-dom.development.js:22877:5)
          at captureCommitPhaseError (/Users/johnneed/Projects/gmc-shelters/node_modules/react-dom/cjs/react-dom.development.js:27165:5)
          at commitPassiveMountEffects_complete (/Users/johnneed/Projects/gmc-shelters/node_modules/react-dom/cjs/react-dom.development.js:24932:9)
          at commitPassiveMountEffects_begin (/Users/johnneed/Projects/gmc-shelters/node_modules/react-dom/cjs/react-dom.development.js:24917:7)
          at commitPassiveMountEffects (/Users/johnneed/Projects/gmc-shelters/node_modules/react-dom/cjs/react-dom.development.js:24905:3)
          at flushPassiveEffectsImpl (/Users/johnneed/Projects/gmc-shelters/node_modules/react-dom/cjs/react-dom.development.js:27078:3)
          at flushPassiveEffects (/Users/johnneed/Projects/gmc-shelters/node_modules/react-dom/cjs/react-dom.development.js:27023:14)
          at performSyncWorkOnRoot (/Users/johnneed/Projects/gmc-shelters/node_modules/react-dom/cjs/react-dom.development.js:26115:3)
          at flushSyncCallbacks (/Users/johnneed/Projects/gmc-shelters/node_modules/react-dom/cjs/react-dom.development.js:12042:22)
          at commitRootImpl (/Users/johnneed/Projects/gmc-shelters/node_modules/react-dom/cjs/react-dom.development.js:26998:3)
          at commitRoot (/Users/johnneed/Projects/gmc-shelters/node_modules/react-dom/cjs/react-dom.development.js:26721:5)
          at finishConcurrentRender (/Users/johnneed/Projects/gmc-shelters/node_modules/react-dom/cjs/react-dom.development.js:26020:9)
          at performConcurrentWorkOnRoot (/Users/johnneed/Projects/gmc-shelters/node_modules/react-dom/cjs/react-dom.development.js:25848:7)
          at flushActQueue (/Users/johnneed/Projects/gmc-shelters/node_modules/react/cjs/react.development.js:2667:24)
          at act (/Users/johnneed/Projects/gmc-shelters/node_modules/react/cjs/react.development.js:2582:11)
          at /Users/johnneed/Projects/gmc-shelters/node_modules/@testing-library/react/dist/act-compat.js:46:25
          at renderRoot (/Users/johnneed/Projects/gmc-shelters/node_modules/@testing-library/react/dist/pure.js:189:26)
          at render (/Users/johnneed/Projects/gmc-shelters/node_modules/@testing-library/react/dist/pure.js:291:10)
          at Object.<anonymous> (/Users/johnneed/Projects/gmc-shelters/src/renderer/components/MainPane/tabs/PhotosTab.test.tsx:443:11)
          at Promise.then.completed (/Users/johnneed/Projects/gmc-shelters/node_modules/jest-circus/build/utils.js:298:28)
          at new Promise (<anonymous>)
          at callAsyncCircusFn (/Users/johnneed/Projects/gmc-shelters/node_modules/jest-circus/build/utils.js:231:10)
          at _callCircusTest (/Users/johnneed/Projects/gmc-shelters/node_modules/jest-circus/build/run.js:316:40)
          at _runTest (/Users/johnneed/Projects/gmc-shelters/node_modules/jest-circus/build/run.js:252:3)
          at _runTestsForDescribeBlock (/Users/johnneed/Projects/gmc-shelters/node_modules/jest-circus/build/run.js:126:9)
          at _runTestsForDescribeBlock (/Users/johnneed/Projects/gmc-shelters/node_modules/jest-circus/build/run.js:121:9)
          at run (/Users/johnneed/Projects/gmc-shelters/node_modules/jest-circus/build/run.js:71:3)
          at runAndTransformResultsToJestFormat (/Users/johnneed/Projects/gmc-shelters/node_modules/jest-circus/build/legacy-code-todo-rewrite/jestAdapterInit.js:122:21)
          at jestAdapter (/Users/johnneed/Projects/gmc-shelters/node_modules/jest-circus/build/legacy-code-todo-rewrite/jestAdapter.js:79:19)
          at runTestInternal (/Users/johnneed/Projects/gmc-shelters/node_modules/jest-runner/build/runTest.js:367:16)
          at runTest (/Users/johnneed/Projects/gmc-shelters/node_modules/jest-runner/build/runTest.js:444:34)
          at Object.worker (/Users/johnneed/Projects/gmc-shelters/node_modules/jest-runner/build/testWorker.js:106:12) {
        detail: TypeError: fieldsRef.current?.scrollTo is not a function
            at /Users/johnneed/Projects/gmc-shelters/src/renderer/components/MainPane/tabs/PhotoDetailPane.tsx:49:24
            at commitHookEffectListMount (/Users/johnneed/Projects/gmc-shelters/node_modules/react-dom/cjs/react-dom.development.js:23189:26)
            at commitPassiveMountOnFiber (/Users/johnneed/Projects/gmc-shelters/node_modules/react-dom/cjs/react-dom.development.js:24970:11)
            at commitPassiveMountEffects_complete (/Users/johnneed/Projects/gmc-shelters/node_modules/react-dom/cjs/react-dom.development.js:24930:9)
            at commitPassiveMountEffects_begin (/Users/johnneed/Projects/gmc-shelters/node_modules/react-dom/cjs/react-dom.development.js:24917:7)
            at commitPassiveMountEffects (/Users/johnneed/Projects/gmc-shelters/node_modules/react-dom/cjs/react-dom.development.js:24905:3)
            at flushPassiveEffectsImpl (/Users/johnneed/Projects/gmc-shelters/node_modules/react-dom/cjs/react-dom.development.js:27078:3)
            at flushPassiveEffects (/Users/johnneed/Projects/gmc-shelters/node_modules/react-dom/cjs/react-dom.development.js:27023:14)
            at performSyncWorkOnRoot (/Users/johnneed/Projects/gmc-shelters/node_modules/react-dom/cjs/react-dom.development.js:26115:3)
            at flushSyncCallbacks (/Users/johnneed/Projects/gmc-shelters/node_modules/react-dom/cjs/react-dom.development.js:12042:22)
            at commitRootImpl (/Users/johnneed/Projects/gmc-shelters/node_modules/react-dom/cjs/react-dom.development.js:26998:3)
            at commitRoot (/Users/johnneed/Projects/gmc-shelters/node_modules/react-dom/cjs/react-dom.development.js:26721:5)
            at finishConcurrentRender (/Users/johnneed/Projects/gmc-shelters/node_modules/react-dom/cjs/react-dom.development.js:26020:9)
            at performConcurrentWorkOnRoot (/Users/johnneed/Projects/gmc-shelters/node_modules/react-dom/cjs/react-dom.development.js:25848:7)
            at flushActQueue (/Users/johnneed/Projects/gmc-shelters/node_modules/react/cjs/react.development.js:2667:24)
            at act (/Users/johnneed/Projects/gmc-shelters/node_modules/react/cjs/react.development.js:2582:11)
            at /Users/johnneed/Projects/gmc-shelters/node_modules/@testing-library/react/dist/act-compat.js:46:25
            at renderRoot (/Users/johnneed/Projects/gmc-shelters/node_modules/@testing-library/react/dist/pure.js:189:26)
            at render (/Users/johnneed/Projects/gmc-shelters/node_modules/@testing-library/react/dist/pure.js:291:10)
            at Object.<anonymous> (/Users/johnneed/Projects/gmc-shelters/src/renderer/components/MainPane/tabs/PhotosTab.test.tsx:443:11)
            at Promise.then.completed (/Users/johnneed/Projects/gmc-shelters/node_modules/jest-circus/build/utils.js:298:28)
            at new Promise (<anonymous>)
            at callAsyncCircusFn (/Users/johnneed/Projects/gmc-shelters/node_modules/jest-circus/build/utils.js:231:10)
            at _callCircusTest (/Users/johnneed/Projects/gmc-shelters/node_modules/jest-circus/build/run.js:316:40)
            at _runTest (/Users/johnneed/Projects/gmc-shelters/node_modules/jest-circus/build/run.js:252:3)
            at _runTestsForDescribeBlock (/Users/johnneed/Projects/gmc-shelters/node_modules/jest-circus/build/run.js:126:9)
            at _runTestsForDescribeBlock (/Users/johnneed/Projects/gmc-shelters/node_modules/jest-circus/build/run.js:121:9)
            at run (/Users/johnneed/Projects/gmc-shelters/node_modules/jest-circus/build/run.js:71:3)
            at runAndTransformResultsToJestFormat (/Users/johnneed/Projects/gmc-shelters/node_modules/jest-circus/build/legacy-code-todo-rewrite/jestAdapterInit.js:122:21)
            at jestAdapter (/Users/johnneed/Projects/gmc-shelters/node_modules/jest-circus/build/legacy-code-todo-rewrite/jestAdapter.js:79:19)
            at runTestInternal (/Users/johnneed/Projects/gmc-shelters/node_modules/jest-runner/build/runTest.js:367:16)
            at runTest (/Users/johnneed/Projects/gmc-shelters/node_modules/jest-runner/build/runTest.js:444:34)
            at Object.worker (/Users/johnneed/Projects/gmc-shelters/node_modules/jest-runner/build/testWorker.js:106:12),
        type: 'unhandled exception'
      }

      441 |     const otherShelter = makeShelter({ id: 20, name: 'Other Shelter', slug: 'other-shelter' });
      442 |     const store = makeStore(makeShelter(), [makePhoto({ file_name: 'shot.jpg' })], [otherShelter]);
    > 443 |     render(<Provider store={store}><PhotosTab /></Provider>);
          |           ^
      444 |     await waitFor(() => {
      445 |       expect(screen.getByTitle('Move to shelter')).toBeInTheDocument();
      446 |     });

      at VirtualConsole.<anonymous> (node_modules/jest-environment-jsdom/build/index.js:63:23)
      at reportException (node_modules/jsdom/lib/jsdom/living/helpers/runtime-script-errors.js:70:28)
      at innerInvokeEventListeners (node_modules/jsdom/lib/jsdom/living/events/EventTarget-impl.js:353:9)
      at invokeEventListeners (node_modules/jsdom/lib/jsdom/living/events/EventTarget-impl.js:286:3)
      at HTMLUnknownElementImpl._dispatch (node_modules/jsdom/lib/jsdom/living/events/EventTarget-impl.js:233:9)
      at HTMLUnknownElementImpl.dispatchEvent (node_modules/jsdom/lib/jsdom/living/events/EventTarget-impl.js:104:17)
      at HTMLUnknownElement.dispatchEvent (node_modules/jsdom/lib/jsdom/living/generated/EventTarget.js:241:34)
      at Object.invokeGuardedCallbackDev (node_modules/react-dom/cjs/react-dom.development.js:4213:16)
      at invokeGuardedCallback (node_modules/react-dom/cjs/react-dom.development.js:4277:31)
      at reportUncaughtErrorInDEV (node_modules/react-dom/cjs/react-dom.development.js:22877:5)
      at captureCommitPhaseError (node_modules/react-dom/cjs/react-dom.development.js:27165:5)
      at commitPassiveMountEffects_complete (node_modules/react-dom/cjs/react-dom.development.js:24932:9)
      at commitPassiveMountEffects_begin (node_modules/react-dom/cjs/react-dom.development.js:24917:7)
      at commitPassiveMountEffects (node_modules/react-dom/cjs/react-dom.development.js:24905:3)
      at flushPassiveEffectsImpl (node_modules/react-dom/cjs/react-dom.development.js:27078:3)
      at flushPassiveEffects (node_modules/react-dom/cjs/react-dom.development.js:27023:14)
      at performSyncWorkOnRoot (node_modules/react-dom/cjs/react-dom.development.js:26115:3)
      at flushSyncCallbacks (node_modules/react-dom/cjs/react-dom.development.js:12042:22)
      at commitRootImpl (node_modules/react-dom/cjs/react-dom.development.js:26998:3)
      at commitRoot (node_modules/react-dom/cjs/react-dom.development.js:26721:5)
      at finishConcurrentRender (node_modules/react-dom/cjs/react-dom.development.js:26020:9)
      at performConcurrentWorkOnRoot (node_modules/react-dom/cjs/react-dom.development.js:25848:7)
      at flushActQueue (node_modules/react/cjs/react.development.js:2667:24)
      at act (node_modules/react/cjs/react.development.js:2582:11)
      at node_modules/@testing-library/react/dist/act-compat.js:46:25
      at renderRoot (node_modules/@testing-library/react/dist/pure.js:189:26)
      at render (node_modules/@testing-library/react/dist/pure.js:291:10)
      at Object.<anonymous> (src/renderer/components/MainPane/tabs/PhotosTab.test.tsx:443:11)

    console.error
      The above error occurred in the <PhotoDetailPane> component:
      
          at PhotoDetailPane (/Users/johnneed/Projects/gmc-shelters/src/renderer/components/MainPane/tabs/PhotoDetailPane.tsx:39:3)
          at div
          at PhotosTab (/Users/johnneed/Projects/gmc-shelters/src/renderer/components/MainPane/tabs/PhotosTab.tsx:58:31)
          at Provider (/Users/johnneed/Projects/gmc-shelters/node_modules/react-redux/src/components/Provider.tsx:60:11)
      
      Consider adding an error boundary to your tree to customize error handling behavior.
      Visit https://reactjs.org/link/error-boundaries to learn more about error boundaries.

      441 |     const otherShelter = makeShelter({ id: 20, name: 'Other Shelter', slug: 'other-shelter' });
      442 |     const store = makeStore(makeShelter(), [makePhoto({ file_name: 'shot.jpg' })], [otherShelter]);
    > 443 |     render(<Provider store={store}><PhotosTab /></Provider>);
          |           ^
      444 |     await waitFor(() => {
      445 |       expect(screen.getByTitle('Move to shelter')).toBeInTheDocument();
      446 |     });

      at logCapturedError (node_modules/react-dom/cjs/react-dom.development.js:18704:23)
      at update.callback (node_modules/react-dom/cjs/react-dom.development.js:18737:5)
      at callCallback (node_modules/react-dom/cjs/react-dom.development.js:15036:12)
      at commitUpdateQueue (node_modules/react-dom/cjs/react-dom.development.js:15057:9)
      at commitLayoutEffectOnFiber (node_modules/react-dom/cjs/react-dom.development.js:23430:13)
      at commitLayoutMountEffects_complete (node_modules/react-dom/cjs/react-dom.development.js:24727:9)
      at commitLayoutEffects_begin (node_modules/react-dom/cjs/react-dom.development.js:24713:7)
      at commitLayoutEffects (node_modules/react-dom/cjs/react-dom.development.js:24651:3)
      at commitRootImpl (node_modules/react-dom/cjs/react-dom.development.js:26862:5)
      at commitRoot (node_modules/react-dom/cjs/react-dom.development.js:26721:5)
      at performSyncWorkOnRoot (node_modules/react-dom/cjs/react-dom.development.js:26156:3)
      at flushSyncCallbacks (node_modules/react-dom/cjs/react-dom.development.js:12042:22)
      at commitRootImpl (node_modules/react-dom/cjs/react-dom.development.js:26998:3)
      at commitRoot (node_modules/react-dom/cjs/react-dom.development.js:26721:5)
      at finishConcurrentRender (node_modules/react-dom/cjs/react-dom.development.js:26020:9)
      at performConcurrentWorkOnRoot (node_modules/react-dom/cjs/react-dom.development.js:25848:7)
      at flushActQueue (node_modules/react/cjs/react.development.js:2667:24)
      at act (node_modules/react/cjs/react.development.js:2582:11)
      at node_modules/@testing-library/react/dist/act-compat.js:46:25
      at renderRoot (node_modules/@testing-library/react/dist/pure.js:189:26)
      at render (node_modules/@testing-library/react/dist/pure.js:291:10)
      at Object.<anonymous> (src/renderer/components/MainPane/tabs/PhotosTab.test.tsx:443:11)

    console.error
      Error: Uncaught [TypeError: fieldsRef.current?.scrollTo is not a function]
          at reportException (/Users/johnneed/Projects/gmc-shelters/node_modules/jsdom/lib/jsdom/living/helpers/runtime-script-errors.js:66:24)
          at innerInvokeEventListeners (/Users/johnneed/Projects/gmc-shelters/node_modules/jsdom/lib/jsdom/living/events/EventTarget-impl.js:353:9)
          at invokeEventListeners (/Users/johnneed/Projects/gmc-shelters/node_modules/jsdom/lib/jsdom/living/events/EventTarget-impl.js:286:3)
          at HTMLUnknownElementImpl._dispatch (/Users/johnneed/Projects/gmc-shelters/node_modules/jsdom/lib/jsdom/living/events/EventTarget-impl.js:233:9)
          at HTMLUnknownElementImpl.dispatchEvent (/Users/johnneed/Projects/gmc-shelters/node_modules/jsdom/lib/jsdom/living/events/EventTarget-impl.js:104:17)
          at HTMLUnknownElement.dispatchEvent (/Users/johnneed/Projects/gmc-shelters/node_modules/jsdom/lib/jsdom/living/generated/EventTarget.js:241:34)
          at Object.invokeGuardedCallbackDev (/Users/johnneed/Projects/gmc-shelters/node_modules/react-dom/cjs/react-dom.development.js:4213:16)
          at invokeGuardedCallback (/Users/johnneed/Projects/gmc-shelters/node_modules/react-dom/cjs/react-dom.development.js:4277:31)
          at reportUncaughtErrorInDEV (/Users/johnneed/Projects/gmc-shelters/node_modules/react-dom/cjs/react-dom.development.js:22877:5)
          at captureCommitPhaseError (/Users/johnneed/Projects/gmc-shelters/node_modules/react-dom/cjs/react-dom.development.js:27165:5)
          at commitPassiveMountEffects_complete (/Users/johnneed/Projects/gmc-shelters/node_modules/react-dom/cjs/react-dom.development.js:24932:9)
          at commitPassiveMountEffects_begin (/Users/johnneed/Projects/gmc-shelters/node_modules/react-dom/cjs/react-dom.development.js:24917:7)
          at commitPassiveMountEffects (/Users/johnneed/Projects/gmc-shelters/node_modules/react-dom/cjs/react-dom.development.js:24905:3)
          at flushPassiveEffectsImpl (/Users/johnneed/Projects/gmc-shelters/node_modules/react-dom/cjs/react-dom.development.js:27078:3)
          at flushPassiveEffects (/Users/johnneed/Projects/gmc-shelters/node_modules/react-dom/cjs/react-dom.development.js:27023:14)
          at performSyncWorkOnRoot (/Users/johnneed/Projects/gmc-shelters/node_modules/react-dom/cjs/react-dom.development.js:26115:3)
          at flushSyncCallbacks (/Users/johnneed/Projects/gmc-shelters/node_modules/react-dom/cjs/react-dom.development.js:12042:22)
          at commitRootImpl (/Users/johnneed/Projects/gmc-shelters/node_modules/react-dom/cjs/react-dom.development.js:26998:3)
          at commitRoot (/Users/johnneed/Projects/gmc-shelters/node_modules/react-dom/cjs/react-dom.development.js:26721:5)
          at finishConcurrentRender (/Users/johnneed/Projects/gmc-shelters/node_modules/react-dom/cjs/react-dom.development.js:26020:9)
          at performConcurrentWorkOnRoot (/Users/johnneed/Projects/gmc-shelters/node_modules/react-dom/cjs/react-dom.development.js:25848:7)
          at flushActQueue (/Users/johnneed/Projects/gmc-shelters/node_modules/react/cjs/react.development.js:2667:24)
          at act (/Users/johnneed/Projects/gmc-shelters/node_modules/react/cjs/react.development.js:2582:11)
          at /Users/johnneed/Projects/gmc-shelters/node_modules/@testing-library/react/dist/act-compat.js:46:25
          at renderRoot (/Users/johnneed/Projects/gmc-shelters/node_modules/@testing-library/react/dist/pure.js:189:26)
          at render (/Users/johnneed/Projects/gmc-shelters/node_modules/@testing-library/react/dist/pure.js:291:10)
          at Object.<anonymous> (/Users/johnneed/Projects/gmc-shelters/src/renderer/components/MainPane/tabs/PhotosTab.test.tsx:455:11)
          at Promise.then.completed (/Users/johnneed/Projects/gmc-shelters/node_modules/jest-circus/build/utils.js:298:28)
          at new Promise (<anonymous>)
          at callAsyncCircusFn (/Users/johnneed/Projects/gmc-shelters/node_modules/jest-circus/build/utils.js:231:10)
          at _callCircusTest (/Users/johnneed/Projects/gmc-shelters/node_modules/jest-circus/build/run.js:316:40)
          at _runTest (/Users/johnneed/Projects/gmc-shelters/node_modules/jest-circus/build/run.js:252:3)
          at _runTestsForDescribeBlock (/Users/johnneed/Projects/gmc-shelters/node_modules/jest-circus/build/run.js:126:9)
          at _runTestsForDescribeBlock (/Users/johnneed/Projects/gmc-shelters/node_modules/jest-circus/build/run.js:121:9)
          at run (/Users/johnneed/Projects/gmc-shelters/node_modules/jest-circus/build/run.js:71:3)
          at runAndTransformResultsToJestFormat (/Users/johnneed/Projects/gmc-shelters/node_modules/jest-circus/build/legacy-code-todo-rewrite/jestAdapterInit.js:122:21)
          at jestAdapter (/Users/johnneed/Projects/gmc-shelters/node_modules/jest-circus/build/legacy-code-todo-rewrite/jestAdapter.js:79:19)
          at runTestInternal (/Users/johnneed/Projects/gmc-shelters/node_modules/jest-runner/build/runTest.js:367:16)
          at runTest (/Users/johnneed/Projects/gmc-shelters/node_modules/jest-runner/build/runTest.js:444:34)
          at Object.worker (/Users/johnneed/Projects/gmc-shelters/node_modules/jest-runner/build/testWorker.js:106:12) {
        detail: TypeError: fieldsRef.current?.scrollTo is not a function
            at /Users/johnneed/Projects/gmc-shelters/src/renderer/components/MainPane/tabs/PhotoDetailPane.tsx:49:24
            at commitHookEffectListMount (/Users/johnneed/Projects/gmc-shelters/node_modules/react-dom/cjs/react-dom.development.js:23189:26)
            at commitPassiveMountOnFiber (/Users/johnneed/Projects/gmc-shelters/node_modules/react-dom/cjs/react-dom.development.js:24970:11)
            at commitPassiveMountEffects_complete (/Users/johnneed/Projects/gmc-shelters/node_modules/react-dom/cjs/react-dom.development.js:24930:9)
            at commitPassiveMountEffects_begin (/Users/johnneed/Projects/gmc-shelters/node_modules/react-dom/cjs/react-dom.development.js:24917:7)
            at commitPassiveMountEffects (/Users/johnneed/Projects/gmc-shelters/node_modules/react-dom/cjs/react-dom.development.js:24905:3)
            at flushPassiveEffectsImpl (/Users/johnneed/Projects/gmc-shelters/node_modules/react-dom/cjs/react-dom.development.js:27078:3)
            at flushPassiveEffects (/Users/johnneed/Projects/gmc-shelters/node_modules/react-dom/cjs/react-dom.development.js:27023:14)
            at performSyncWorkOnRoot (/Users/johnneed/Projects/gmc-shelters/node_modules/react-dom/cjs/react-dom.development.js:26115:3)
            at flushSyncCallbacks (/Users/johnneed/Projects/gmc-shelters/node_modules/react-dom/cjs/react-dom.development.js:12042:22)
            at commitRootImpl (/Users/johnneed/Projects/gmc-shelters/node_modules/react-dom/cjs/react-dom.development.js:26998:3)
            at commitRoot (/Users/johnneed/Projects/gmc-shelters/node_modules/react-dom/cjs/react-dom.development.js:26721:5)
            at finishConcurrentRender (/Users/johnneed/Projects/gmc-shelters/node_modules/react-dom/cjs/react-dom.development.js:26020:9)
            at performConcurrentWorkOnRoot (/Users/johnneed/Projects/gmc-shelters/node_modules/react-dom/cjs/react-dom.development.js:25848:7)
            at flushActQueue (/Users/johnneed/Projects/gmc-shelters/node_modules/react/cjs/react.development.js:2667:24)
            at act (/Users/johnneed/Projects/gmc-shelters/node_modules/react/cjs/react.development.js:2582:11)
            at /Users/johnneed/Projects/gmc-shelters/node_modules/@testing-library/react/dist/act-compat.js:46:25
            at renderRoot (/Users/johnneed/Projects/gmc-shelters/node_modules/@testing-library/react/dist/pure.js:189:26)
            at render (/Users/johnneed/Projects/gmc-shelters/node_modules/@testing-library/react/dist/pure.js:291:10)
            at Object.<anonymous> (/Users/johnneed/Projects/gmc-shelters/src/renderer/components/MainPane/tabs/PhotosTab.test.tsx:455:11)
            at Promise.then.completed (/Users/johnneed/Projects/gmc-shelters/node_modules/jest-circus/build/utils.js:298:28)
            at new Promise (<anonymous>)
            at callAsyncCircusFn (/Users/johnneed/Projects/gmc-shelters/node_modules/jest-circus/build/utils.js:231:10)
            at _callCircusTest (/Users/johnneed/Projects/gmc-shelters/node_modules/jest-circus/build/run.js:316:40)
            at _runTest (/Users/johnneed/Projects/gmc-shelters/node_modules/jest-circus/build/run.js:252:3)
            at _runTestsForDescribeBlock (/Users/johnneed/Projects/gmc-shelters/node_modules/jest-circus/build/run.js:126:9)
            at _runTestsForDescribeBlock (/Users/johnneed/Projects/gmc-shelters/node_modules/jest-circus/build/run.js:121:9)
            at run (/Users/johnneed/Projects/gmc-shelters/node_modules/jest-circus/build/run.js:71:3)
            at runAndTransformResultsToJestFormat (/Users/johnneed/Projects/gmc-shelters/node_modules/jest-circus/build/legacy-code-todo-rewrite/jestAdapterInit.js:122:21)
            at jestAdapter (/Users/johnneed/Projects/gmc-shelters/node_modules/jest-circus/build/legacy-code-todo-rewrite/jestAdapter.js:79:19)
            at runTestInternal (/Users/johnneed/Projects/gmc-shelters/node_modules/jest-runner/build/runTest.js:367:16)
            at runTest (/Users/johnneed/Projects/gmc-shelters/node_modules/jest-runner/build/runTest.js:444:34)
            at Object.worker (/Users/johnneed/Projects/gmc-shelters/node_modules/jest-runner/build/testWorker.js:106:12),
        type: 'unhandled exception'
      }

      453 |     const otherShelter = makeShelter({ id: 20, name: 'Other Shelter', slug: 'other-shelter' });
      454 |     const store = makeStore(makeShelter(), [makePhoto({ id: 1, file_name: 'shot.jpg' })], [otherShelter]);
    > 455 |     render(<Provider store={store}><PhotosTab /></Provider>);
          |           ^
      456 |     await waitFor(() => {
      457 |       expect(screen.getByTitle('Move to shelter')).toBeInTheDocument();
      458 |     });

      at VirtualConsole.<anonymous> (node_modules/jest-environment-jsdom/build/index.js:63:23)
      at reportException (node_modules/jsdom/lib/jsdom/living/helpers/runtime-script-errors.js:70:28)
      at innerInvokeEventListeners (node_modules/jsdom/lib/jsdom/living/events/EventTarget-impl.js:353:9)
      at invokeEventListeners (node_modules/jsdom/lib/jsdom/living/events/EventTarget-impl.js:286:3)
      at HTMLUnknownElementImpl._dispatch (node_modules/jsdom/lib/jsdom/living/events/EventTarget-impl.js:233:9)
      at HTMLUnknownElementImpl.dispatchEvent (node_modules/jsdom/lib/jsdom/living/events/EventTarget-impl.js:104:17)
      at HTMLUnknownElement.dispatchEvent (node_modules/jsdom/lib/jsdom/living/generated/EventTarget.js:241:34)
      at Object.invokeGuardedCallbackDev (node_modules/react-dom/cjs/react-dom.development.js:4213:16)
      at invokeGuardedCallback (node_modules/react-dom/cjs/react-dom.development.js:4277:31)
      at reportUncaughtErrorInDEV (node_modules/react-dom/cjs/react-dom.development.js:22877:5)
      at captureCommitPhaseError (node_modules/react-dom/cjs/react-dom.development.js:27165:5)
      at commitPassiveMountEffects_complete (node_modules/react-dom/cjs/react-dom.development.js:24932:9)
      at commitPassiveMountEffects_begin (node_modules/react-dom/cjs/react-dom.development.js:24917:7)
      at commitPassiveMountEffects (node_modules/react-dom/cjs/react-dom.development.js:24905:3)
      at flushPassiveEffectsImpl (node_modules/react-dom/cjs/react-dom.development.js:27078:3)
      at flushPassiveEffects (node_modules/react-dom/cjs/react-dom.development.js:27023:14)
      at performSyncWorkOnRoot (node_modules/react-dom/cjs/react-dom.development.js:26115:3)
      at flushSyncCallbacks (node_modules/react-dom/cjs/react-dom.development.js:12042:22)
      at commitRootImpl (node_modules/react-dom/cjs/react-dom.development.js:26998:3)
      at commitRoot (node_modules/react-dom/cjs/react-dom.development.js:26721:5)
      at finishConcurrentRender (node_modules/react-dom/cjs/react-dom.development.js:26020:9)
      at performConcurrentWorkOnRoot (node_modules/react-dom/cjs/react-dom.development.js:25848:7)
      at flushActQueue (node_modules/react/cjs/react.development.js:2667:24)
      at act (node_modules/react/cjs/react.development.js:2582:11)
      at node_modules/@testing-library/react/dist/act-compat.js:46:25
      at renderRoot (node_modules/@testing-library/react/dist/pure.js:189:26)
      at render (node_modules/@testing-library/react/dist/pure.js:291:10)
      at Object.<anonymous> (src/renderer/components/MainPane/tabs/PhotosTab.test.tsx:455:11)

    console.error
      The above error occurred in the <PhotoDetailPane> component:
      
          at PhotoDetailPane (/Users/johnneed/Projects/gmc-shelters/src/renderer/components/MainPane/tabs/PhotoDetailPane.tsx:39:3)
          at div
          at PhotosTab (/Users/johnneed/Projects/gmc-shelters/src/renderer/components/MainPane/tabs/PhotosTab.tsx:58:31)
          at Provider (/Users/johnneed/Projects/gmc-shelters/node_modules/react-redux/src/components/Provider.tsx:60:11)
      
      Consider adding an error boundary to your tree to customize error handling behavior.
      Visit https://reactjs.org/link/error-boundaries to learn more about error boundaries.

      453 |     const otherShelter = makeShelter({ id: 20, name: 'Other Shelter', slug: 'other-shelter' });
      454 |     const store = makeStore(makeShelter(), [makePhoto({ id: 1, file_name: 'shot.jpg' })], [otherShelter]);
    > 455 |     render(<Provider store={store}><PhotosTab /></Provider>);
          |           ^
      456 |     await waitFor(() => {
      457 |       expect(screen.getByTitle('Move to shelter')).toBeInTheDocument();
      458 |     });

      at logCapturedError (node_modules/react-dom/cjs/react-dom.development.js:18704:23)
      at update.callback (node_modules/react-dom/cjs/react-dom.development.js:18737:5)
      at callCallback (node_modules/react-dom/cjs/react-dom.development.js:15036:12)
      at commitUpdateQueue (node_modules/react-dom/cjs/react-dom.development.js:15057:9)
      at commitLayoutEffectOnFiber (node_modules/react-dom/cjs/react-dom.development.js:23430:13)
      at commitLayoutMountEffects_complete (node_modules/react-dom/cjs/react-dom.development.js:24727:9)
      at commitLayoutEffects_begin (node_modules/react-dom/cjs/react-dom.development.js:24713:7)
      at commitLayoutEffects (node_modules/react-dom/cjs/react-dom.development.js:24651:3)
      at commitRootImpl (node_modules/react-dom/cjs/react-dom.development.js:26862:5)
      at commitRoot (node_modules/react-dom/cjs/react-dom.development.js:26721:5)
      at performSyncWorkOnRoot (node_modules/react-dom/cjs/react-dom.development.js:26156:3)
      at flushSyncCallbacks (node_modules/react-dom/cjs/react-dom.development.js:12042:22)
      at commitRootImpl (node_modules/react-dom/cjs/react-dom.development.js:26998:3)
      at commitRoot (node_modules/react-dom/cjs/react-dom.development.js:26721:5)
      at finishConcurrentRender (node_modules/react-dom/cjs/react-dom.development.js:26020:9)
      at performConcurrentWorkOnRoot (node_modules/react-dom/cjs/react-dom.development.js:25848:7)
      at flushActQueue (node_modules/react/cjs/react.development.js:2667:24)
      at act (node_modules/react/cjs/react.development.js:2582:11)
      at node_modules/@testing-library/react/dist/act-compat.js:46:25
      at renderRoot (node_modules/@testing-library/react/dist/pure.js:189:26)
      at render (node_modules/@testing-library/react/dist/pure.js:291:10)
      at Object.<anonymous> (src/renderer/components/MainPane/tabs/PhotosTab.test.tsx:455:11)

    console.error
      Error: Uncaught [TypeError: fieldsRef.current?.scrollTo is not a function]
          at reportException (/Users/johnneed/Projects/gmc-shelters/node_modules/jsdom/lib/jsdom/living/helpers/runtime-script-errors.js:66:24)
          at innerInvokeEventListeners (/Users/johnneed/Projects/gmc-shelters/node_modules/jsdom/lib/jsdom/living/events/EventTarget-impl.js:353:9)
          at invokeEventListeners (/Users/johnneed/Projects/gmc-shelters/node_modules/jsdom/lib/jsdom/living/events/EventTarget-impl.js:286:3)
          at HTMLUnknownElementImpl._dispatch (/Users/johnneed/Projects/gmc-shelters/node_modules/jsdom/lib/jsdom/living/events/EventTarget-impl.js:233:9)
          at HTMLUnknownElementImpl.dispatchEvent (/Users/johnneed/Projects/gmc-shelters/node_modules/jsdom/lib/jsdom/living/events/EventTarget-impl.js:104:17)
          at HTMLUnknownElement.dispatchEvent (/Users/johnneed/Projects/gmc-shelters/node_modules/jsdom/lib/jsdom/living/generated/EventTarget.js:241:34)
          at Object.invokeGuardedCallbackDev (/Users/johnneed/Projects/gmc-shelters/node_modules/react-dom/cjs/react-dom.development.js:4213:16)
          at invokeGuardedCallback (/Users/johnneed/Projects/gmc-shelters/node_modules/react-dom/cjs/react-dom.development.js:4277:31)
          at reportUncaughtErrorInDEV (/Users/johnneed/Projects/gmc-shelters/node_modules/react-dom/cjs/react-dom.development.js:22877:5)
          at captureCommitPhaseError (/Users/johnneed/Projects/gmc-shelters/node_modules/react-dom/cjs/react-dom.development.js:27165:5)
          at commitPassiveMountEffects_complete (/Users/johnneed/Projects/gmc-shelters/node_modules/react-dom/cjs/react-dom.development.js:24932:9)
          at commitPassiveMountEffects_begin (/Users/johnneed/Projects/gmc-shelters/node_modules/react-dom/cjs/react-dom.development.js:24917:7)
          at commitPassiveMountEffects (/Users/johnneed/Projects/gmc-shelters/node_modules/react-dom/cjs/react-dom.development.js:24905:3)
          at flushPassiveEffectsImpl (/Users/johnneed/Projects/gmc-shelters/node_modules/react-dom/cjs/react-dom.development.js:27078:3)
          at flushPassiveEffects (/Users/johnneed/Projects/gmc-shelters/node_modules/react-dom/cjs/react-dom.development.js:27023:14)
          at performSyncWorkOnRoot (/Users/johnneed/Projects/gmc-shelters/node_modules/react-dom/cjs/react-dom.development.js:26115:3)
          at flushSyncCallbacks (/Users/johnneed/Projects/gmc-shelters/node_modules/react-dom/cjs/react-dom.development.js:12042:22)
          at commitRootImpl (/Users/johnneed/Projects/gmc-shelters/node_modules/react-dom/cjs/react-dom.development.js:26998:3)
          at commitRoot (/Users/johnneed/Projects/gmc-shelters/node_modules/react-dom/cjs/react-dom.development.js:26721:5)
          at finishConcurrentRender (/Users/johnneed/Projects/gmc-shelters/node_modules/react-dom/cjs/react-dom.development.js:26020:9)
          at performConcurrentWorkOnRoot (/Users/johnneed/Projects/gmc-shelters/node_modules/react-dom/cjs/react-dom.development.js:25848:7)
          at flushActQueue (/Users/johnneed/Projects/gmc-shelters/node_modules/react/cjs/react.development.js:2667:24)
          at act (/Users/johnneed/Projects/gmc-shelters/node_modules/react/cjs/react.development.js:2582:11)
          at /Users/johnneed/Projects/gmc-shelters/node_modules/@testing-library/react/dist/act-compat.js:46:25
          at renderRoot (/Users/johnneed/Projects/gmc-shelters/node_modules/@testing-library/react/dist/pure.js:189:26)
          at render (/Users/johnneed/Projects/gmc-shelters/node_modules/@testing-library/react/dist/pure.js:291:10)
          at Object.<anonymous> (/Users/johnneed/Projects/gmc-shelters/src/renderer/components/MainPane/tabs/PhotosTab.test.tsx:471:11)
          at Promise.then.completed (/Users/johnneed/Projects/gmc-shelters/node_modules/jest-circus/build/utils.js:298:28)
          at new Promise (<anonymous>)
          at callAsyncCircusFn (/Users/johnneed/Projects/gmc-shelters/node_modules/jest-circus/build/utils.js:231:10)
          at _callCircusTest (/Users/johnneed/Projects/gmc-shelters/node_modules/jest-circus/build/run.js:316:40)
          at _runTest (/Users/johnneed/Projects/gmc-shelters/node_modules/jest-circus/build/run.js:252:3)
          at _runTestsForDescribeBlock (/Users/johnneed/Projects/gmc-shelters/node_modules/jest-circus/build/run.js:126:9)
          at _runTestsForDescribeBlock (/Users/johnneed/Projects/gmc-shelters/node_modules/jest-circus/build/run.js:121:9)
          at run (/Users/johnneed/Projects/gmc-shelters/node_modules/jest-circus/build/run.js:71:3)
          at runAndTransformResultsToJestFormat (/Users/johnneed/Projects/gmc-shelters/node_modules/jest-circus/build/legacy-code-todo-rewrite/jestAdapterInit.js:122:21)
          at jestAdapter (/Users/johnneed/Projects/gmc-shelters/node_modules/jest-circus/build/legacy-code-todo-rewrite/jestAdapter.js:79:19)
          at runTestInternal (/Users/johnneed/Projects/gmc-shelters/node_modules/jest-runner/build/runTest.js:367:16)
          at runTest (/Users/johnneed/Projects/gmc-shelters/node_modules/jest-runner/build/runTest.js:444:34)
          at Object.worker (/Users/johnneed/Projects/gmc-shelters/node_modules/jest-runner/build/testWorker.js:106:12) {
        detail: TypeError: fieldsRef.current?.scrollTo is not a function
            at /Users/johnneed/Projects/gmc-shelters/src/renderer/components/MainPane/tabs/PhotoDetailPane.tsx:49:24
            at commitHookEffectListMount (/Users/johnneed/Projects/gmc-shelters/node_modules/react-dom/cjs/react-dom.development.js:23189:26)
            at commitPassiveMountOnFiber (/Users/johnneed/Projects/gmc-shelters/node_modules/react-dom/cjs/react-dom.development.js:24970:11)
            at commitPassiveMountEffects_complete (/Users/johnneed/Projects/gmc-shelters/node_modules/react-dom/cjs/react-dom.development.js:24930:9)
            at commitPassiveMountEffects_begin (/Users/johnneed/Projects/gmc-shelters/node_modules/react-dom/cjs/react-dom.development.js:24917:7)
            at commitPassiveMountEffects (/Users/johnneed/Projects/gmc-shelters/node_modules/react-dom/cjs/react-dom.development.js:24905:3)
            at flushPassiveEffectsImpl (/Users/johnneed/Projects/gmc-shelters/node_modules/react-dom/cjs/react-dom.development.js:27078:3)
            at flushPassiveEffects (/Users/johnneed/Projects/gmc-shelters/node_modules/react-dom/cjs/react-dom.development.js:27023:14)
            at performSyncWorkOnRoot (/Users/johnneed/Projects/gmc-shelters/node_modules/react-dom/cjs/react-dom.development.js:26115:3)
            at flushSyncCallbacks (/Users/johnneed/Projects/gmc-shelters/node_modules/react-dom/cjs/react-dom.development.js:12042:22)
            at commitRootImpl (/Users/johnneed/Projects/gmc-shelters/node_modules/react-dom/cjs/react-dom.development.js:26998:3)
            at commitRoot (/Users/johnneed/Projects/gmc-shelters/node_modules/react-dom/cjs/react-dom.development.js:26721:5)
            at finishConcurrentRender (/Users/johnneed/Projects/gmc-shelters/node_modules/react-dom/cjs/react-dom.development.js:26020:9)
            at performConcurrentWorkOnRoot (/Users/johnneed/Projects/gmc-shelters/node_modules/react-dom/cjs/react-dom.development.js:25848:7)
            at flushActQueue (/Users/johnneed/Projects/gmc-shelters/node_modules/react/cjs/react.development.js:2667:24)
            at act (/Users/johnneed/Projects/gmc-shelters/node_modules/react/cjs/react.development.js:2582:11)
            at /Users/johnneed/Projects/gmc-shelters/node_modules/@testing-library/react/dist/act-compat.js:46:25
            at renderRoot (/Users/johnneed/Projects/gmc-shelters/node_modules/@testing-library/react/dist/pure.js:189:26)
            at render (/Users/johnneed/Projects/gmc-shelters/node_modules/@testing-library/react/dist/pure.js:291:10)
            at Object.<anonymous> (/Users/johnneed/Projects/gmc-shelters/src/renderer/components/MainPane/tabs/PhotosTab.test.tsx:471:11)
            at Promise.then.completed (/Users/johnneed/Projects/gmc-shelters/node_modules/jest-circus/build/utils.js:298:28)
            at new Promise (<anonymous>)
            at callAsyncCircusFn (/Users/johnneed/Projects/gmc-shelters/node_modules/jest-circus/build/utils.js:231:10)
            at _callCircusTest (/Users/johnneed/Projects/gmc-shelters/node_modules/jest-circus/build/run.js:316:40)
            at _runTest (/Users/johnneed/Projects/gmc-shelters/node_modules/jest-circus/build/run.js:252:3)
            at _runTestsForDescribeBlock (/Users/johnneed/Projects/gmc-shelters/node_modules/jest-circus/build/run.js:126:9)
            at _runTestsForDescribeBlock (/Users/johnneed/Projects/gmc-shelters/node_modules/jest-circus/build/run.js:121:9)
            at run (/Users/johnneed/Projects/gmc-shelters/node_modules/jest-circus/build/run.js:71:3)
            at runAndTransformResultsToJestFormat (/Users/johnneed/Projects/gmc-shelters/node_modules/jest-circus/build/legacy-code-todo-rewrite/jestAdapterInit.js:122:21)
            at jestAdapter (/Users/johnneed/Projects/gmc-shelters/node_modules/jest-circus/build/legacy-code-todo-rewrite/jestAdapter.js:79:19)
            at runTestInternal (/Users/johnneed/Projects/gmc-shelters/node_modules/jest-runner/build/runTest.js:367:16)
            at runTest (/Users/johnneed/Projects/gmc-shelters/node_modules/jest-runner/build/runTest.js:444:34)
            at Object.worker (/Users/johnneed/Projects/gmc-shelters/node_modules/jest-runner/build/testWorker.js:106:12),
        type: 'unhandled exception'
      }

      469 |     const otherShelter = makeShelter({ id: 20, name: 'Other Shelter', slug: 'other-shelter' });
      470 |     const store = makeStore(makeShelter(), [makePhoto({ file_name: 'shot.jpg' })], [otherShelter]);
    > 471 |     render(<Provider store={store}><PhotosTab /></Provider>);
          |           ^
      472 |     await waitFor(() => {
      473 |       expect(screen.getByTitle('Move to shelter')).toBeInTheDocument();
      474 |     });

      at VirtualConsole.<anonymous> (node_modules/jest-environment-jsdom/build/index.js:63:23)
      at reportException (node_modules/jsdom/lib/jsdom/living/helpers/runtime-script-errors.js:70:28)
      at innerInvokeEventListeners (node_modules/jsdom/lib/jsdom/living/events/EventTarget-impl.js:353:9)
      at invokeEventListeners (node_modules/jsdom/lib/jsdom/living/events/EventTarget-impl.js:286:3)
      at HTMLUnknownElementImpl._dispatch (node_modules/jsdom/lib/jsdom/living/events/EventTarget-impl.js:233:9)
      at HTMLUnknownElementImpl.dispatchEvent (node_modules/jsdom/lib/jsdom/living/events/EventTarget-impl.js:104:17)
      at HTMLUnknownElement.dispatchEvent (node_modules/jsdom/lib/jsdom/living/generated/EventTarget.js:241:34)
      at Object.invokeGuardedCallbackDev (node_modules/react-dom/cjs/react-dom.development.js:4213:16)
      at invokeGuardedCallback (node_modules/react-dom/cjs/react-dom.development.js:4277:31)
      at reportUncaughtErrorInDEV (node_modules/react-dom/cjs/react-dom.development.js:22877:5)
      at captureCommitPhaseError (node_modules/react-dom/cjs/react-dom.development.js:27165:5)
      at commitPassiveMountEffects_complete (node_modules/react-dom/cjs/react-dom.development.js:24932:9)
      at commitPassiveMountEffects_begin (node_modules/react-dom/cjs/react-dom.development.js:24917:7)
      at commitPassiveMountEffects (node_modules/react-dom/cjs/react-dom.development.js:24905:3)
      at flushPassiveEffectsImpl (node_modules/react-dom/cjs/react-dom.development.js:27078:3)
      at flushPassiveEffects (node_modules/react-dom/cjs/react-dom.development.js:27023:14)
      at performSyncWorkOnRoot (node_modules/react-dom/cjs/react-dom.development.js:26115:3)
      at flushSyncCallbacks (node_modules/react-dom/cjs/react-dom.development.js:12042:22)
      at commitRootImpl (node_modules/react-dom/cjs/react-dom.development.js:26998:3)
      at commitRoot (node_modules/react-dom/cjs/react-dom.development.js:26721:5)
      at finishConcurrentRender (node_modules/react-dom/cjs/react-dom.development.js:26020:9)
      at performConcurrentWorkOnRoot (node_modules/react-dom/cjs/react-dom.development.js:25848:7)
      at flushActQueue (node_modules/react/cjs/react.development.js:2667:24)
      at act (node_modules/react/cjs/react.development.js:2582:11)
      at node_modules/@testing-library/react/dist/act-compat.js:46:25
      at renderRoot (node_modules/@testing-library/react/dist/pure.js:189:26)
      at render (node_modules/@testing-library/react/dist/pure.js:291:10)
      at Object.<anonymous> (src/renderer/components/MainPane/tabs/PhotosTab.test.tsx:471:11)

    console.error
      The above error occurred in the <PhotoDetailPane> component:
      
          at PhotoDetailPane (/Users/johnneed/Projects/gmc-shelters/src/renderer/components/MainPane/tabs/PhotoDetailPane.tsx:39:3)
          at div
          at PhotosTab (/Users/johnneed/Projects/gmc-shelters/src/renderer/components/MainPane/tabs/PhotosTab.tsx:58:31)
          at Provider (/Users/johnneed/Projects/gmc-shelters/node_modules/react-redux/src/components/Provider.tsx:60:11)
      
      Consider adding an error boundary to your tree to customize error handling behavior.
      Visit https://reactjs.org/link/error-boundaries to learn more about error boundaries.

      469 |     const otherShelter = makeShelter({ id: 20, name: 'Other Shelter', slug: 'other-shelter' });
      470 |     const store = makeStore(makeShelter(), [makePhoto({ file_name: 'shot.jpg' })], [otherShelter]);
    > 471 |     render(<Provider store={store}><PhotosTab /></Provider>);
          |           ^
      472 |     await waitFor(() => {
      473 |       expect(screen.getByTitle('Move to shelter')).toBeInTheDocument();
      474 |     });

      at logCapturedError (node_modules/react-dom/cjs/react-dom.development.js:18704:23)
      at update.callback (node_modules/react-dom/cjs/react-dom.development.js:18737:5)
      at callCallback (node_modules/react-dom/cjs/react-dom.development.js:15036:12)
      at commitUpdateQueue (node_modules/react-dom/cjs/react-dom.development.js:15057:9)
      at commitLayoutEffectOnFiber (node_modules/react-dom/cjs/react-dom.development.js:23430:13)
      at commitLayoutMountEffects_complete (node_modules/react-dom/cjs/react-dom.development.js:24727:9)
      at commitLayoutEffects_begin (node_modules/react-dom/cjs/react-dom.development.js:24713:7)
      at commitLayoutEffects (node_modules/react-dom/cjs/react-dom.development.js:24651:3)
      at commitRootImpl (node_modules/react-dom/cjs/react-dom.development.js:26862:5)
      at commitRoot (node_modules/react-dom/cjs/react-dom.development.js:26721:5)
      at performSyncWorkOnRoot (node_modules/react-dom/cjs/react-dom.development.js:26156:3)
      at flushSyncCallbacks (node_modules/react-dom/cjs/react-dom.development.js:12042:22)
      at commitRootImpl (node_modules/react-dom/cjs/react-dom.development.js:26998:3)
      at commitRoot (node_modules/react-dom/cjs/react-dom.development.js:26721:5)
      at finishConcurrentRender (node_modules/react-dom/cjs/react-dom.development.js:26020:9)
      at performConcurrentWorkOnRoot (node_modules/react-dom/cjs/react-dom.development.js:25848:7)
      at flushActQueue (node_modules/react/cjs/react.development.js:2667:24)
      at act (node_modules/react/cjs/react.development.js:2582:11)
      at node_modules/@testing-library/react/dist/act-compat.js:46:25
      at renderRoot (node_modules/@testing-library/react/dist/pure.js:189:26)
      at render (node_modules/@testing-library/react/dist/pure.js:291:10)
      at Object.<anonymous> (src/renderer/components/MainPane/tabs/PhotosTab.test.tsx:471:11)

    console.error
      Error: Uncaught [TypeError: fieldsRef.current?.scrollTo is not a function]
          at reportException (/Users/johnneed/Projects/gmc-shelters/node_modules/jsdom/lib/jsdom/living/helpers/runtime-script-errors.js:66:24)
          at innerInvokeEventListeners (/Users/johnneed/Projects/gmc-shelters/node_modules/jsdom/lib/jsdom/living/events/EventTarget-impl.js:353:9)
          at invokeEventListeners (/Users/johnneed/Projects/gmc-shelters/node_modules/jsdom/lib/jsdom/living/events/EventTarget-impl.js:286:3)
          at HTMLUnknownElementImpl._dispatch (/Users/johnneed/Projects/gmc-shelters/node_modules/jsdom/lib/jsdom/living/events/EventTarget-impl.js:233:9)
          at HTMLUnknownElementImpl.dispatchEvent (/Users/johnneed/Projects/gmc-shelters/node_modules/jsdom/lib/jsdom/living/events/EventTarget-impl.js:104:17)
          at HTMLUnknownElement.dispatchEvent (/Users/johnneed/Projects/gmc-shelters/node_modules/jsdom/lib/jsdom/living/generated/EventTarget.js:241:34)
          at Object.invokeGuardedCallbackDev (/Users/johnneed/Projects/gmc-shelters/node_modules/react-dom/cjs/react-dom.development.js:4213:16)
          at invokeGuardedCallback (/Users/johnneed/Projects/gmc-shelters/node_modules/react-dom/cjs/react-dom.development.js:4277:31)
          at reportUncaughtErrorInDEV (/Users/johnneed/Projects/gmc-shelters/node_modules/react-dom/cjs/react-dom.development.js:22877:5)
          at captureCommitPhaseError (/Users/johnneed/Projects/gmc-shelters/node_modules/react-dom/cjs/react-dom.development.js:27165:5)
          at commitPassiveMountEffects_complete (/Users/johnneed/Projects/gmc-shelters/node_modules/react-dom/cjs/react-dom.development.js:24932:9)
          at commitPassiveMountEffects_begin (/Users/johnneed/Projects/gmc-shelters/node_modules/react-dom/cjs/react-dom.development.js:24917:7)
          at commitPassiveMountEffects (/Users/johnneed/Projects/gmc-shelters/node_modules/react-dom/cjs/react-dom.development.js:24905:3)
          at flushPassiveEffectsImpl (/Users/johnneed/Projects/gmc-shelters/node_modules/react-dom/cjs/react-dom.development.js:27078:3)
          at flushPassiveEffects (/Users/johnneed/Projects/gmc-shelters/node_modules/react-dom/cjs/react-dom.development.js:27023:14)
          at performSyncWorkOnRoot (/Users/johnneed/Projects/gmc-shelters/node_modules/react-dom/cjs/react-dom.development.js:26115:3)
          at flushSyncCallbacks (/Users/johnneed/Projects/gmc-shelters/node_modules/react-dom/cjs/react-dom.development.js:12042:22)
          at commitRootImpl (/Users/johnneed/Projects/gmc-shelters/node_modules/react-dom/cjs/react-dom.development.js:26998:3)
          at commitRoot (/Users/johnneed/Projects/gmc-shelters/node_modules/react-dom/cjs/react-dom.development.js:26721:5)
          at finishConcurrentRender (/Users/johnneed/Projects/gmc-shelters/node_modules/react-dom/cjs/react-dom.development.js:26020:9)
          at performConcurrentWorkOnRoot (/Users/johnneed/Projects/gmc-shelters/node_modules/react-dom/cjs/react-dom.development.js:25848:7)
          at flushActQueue (/Users/johnneed/Projects/gmc-shelters/node_modules/react/cjs/react.development.js:2667:24)
          at act (/Users/johnneed/Projects/gmc-shelters/node_modules/react/cjs/react.development.js:2582:11)
          at /Users/johnneed/Projects/gmc-shelters/node_modules/@testing-library/react/dist/act-compat.js:46:25
          at renderRoot (/Users/johnneed/Projects/gmc-shelters/node_modules/@testing-library/react/dist/pure.js:189:26)
          at render (/Users/johnneed/Projects/gmc-shelters/node_modules/@testing-library/react/dist/pure.js:291:10)
          at Object.<anonymous> (/Users/johnneed/Projects/gmc-shelters/src/renderer/components/MainPane/tabs/PhotosTab.test.tsx:485:11)
          at Promise.then.completed (/Users/johnneed/Projects/gmc-shelters/node_modules/jest-circus/build/utils.js:298:28)
          at new Promise (<anonymous>)
          at callAsyncCircusFn (/Users/johnneed/Projects/gmc-shelters/node_modules/jest-circus/build/utils.js:231:10)
          at _callCircusTest (/Users/johnneed/Projects/gmc-shelters/node_modules/jest-circus/build/run.js:316:40)
          at _runTest (/Users/johnneed/Projects/gmc-shelters/node_modules/jest-circus/build/run.js:252:3)
          at _runTestsForDescribeBlock (/Users/johnneed/Projects/gmc-shelters/node_modules/jest-circus/build/run.js:126:9)
          at _runTestsForDescribeBlock (/Users/johnneed/Projects/gmc-shelters/node_modules/jest-circus/build/run.js:121:9)
          at run (/Users/johnneed/Projects/gmc-shelters/node_modules/jest-circus/build/run.js:71:3)
          at runAndTransformResultsToJestFormat (/Users/johnneed/Projects/gmc-shelters/node_modules/jest-circus/build/legacy-code-todo-rewrite/jestAdapterInit.js:122:21)
          at jestAdapter (/Users/johnneed/Projects/gmc-shelters/node_modules/jest-circus/build/legacy-code-todo-rewrite/jestAdapter.js:79:19)
          at runTestInternal (/Users/johnneed/Projects/gmc-shelters/node_modules/jest-runner/build/runTest.js:367:16)
          at runTest (/Users/johnneed/Projects/gmc-shelters/node_modules/jest-runner/build/runTest.js:444:34)
          at Object.worker (/Users/johnneed/Projects/gmc-shelters/node_modules/jest-runner/build/testWorker.js:106:12) {
        detail: TypeError: fieldsRef.current?.scrollTo is not a function
            at /Users/johnneed/Projects/gmc-shelters/src/renderer/components/MainPane/tabs/PhotoDetailPane.tsx:49:24
            at commitHookEffectListMount (/Users/johnneed/Projects/gmc-shelters/node_modules/react-dom/cjs/react-dom.development.js:23189:26)
            at commitPassiveMountOnFiber (/Users/johnneed/Projects/gmc-shelters/node_modules/react-dom/cjs/react-dom.development.js:24970:11)
            at commitPassiveMountEffects_complete (/Users/johnneed/Projects/gmc-shelters/node_modules/react-dom/cjs/react-dom.development.js:24930:9)
            at commitPassiveMountEffects_begin (/Users/johnneed/Projects/gmc-shelters/node_modules/react-dom/cjs/react-dom.development.js:24917:7)
            at commitPassiveMountEffects (/Users/johnneed/Projects/gmc-shelters/node_modules/react-dom/cjs/react-dom.development.js:24905:3)
            at flushPassiveEffectsImpl (/Users/johnneed/Projects/gmc-shelters/node_modules/react-dom/cjs/react-dom.development.js:27078:3)
            at flushPassiveEffects (/Users/johnneed/Projects/gmc-shelters/node_modules/react-dom/cjs/react-dom.development.js:27023:14)
            at performSyncWorkOnRoot (/Users/johnneed/Projects/gmc-shelters/node_modules/react-dom/cjs/react-dom.development.js:26115:3)
            at flushSyncCallbacks (/Users/johnneed/Projects/gmc-shelters/node_modules/react-dom/cjs/react-dom.development.js:12042:22)
            at commitRootImpl (/Users/johnneed/Projects/gmc-shelters/node_modules/react-dom/cjs/react-dom.development.js:26998:3)
            at commitRoot (/Users/johnneed/Projects/gmc-shelters/node_modules/react-dom/cjs/react-dom.development.js:26721:5)
            at finishConcurrentRender (/Users/johnneed/Projects/gmc-shelters/node_modules/react-dom/cjs/react-dom.development.js:26020:9)
            at performConcurrentWorkOnRoot (/Users/johnneed/Projects/gmc-shelters/node_modules/react-dom/cjs/react-dom.development.js:25848:7)
            at flushActQueue (/Users/johnneed/Projects/gmc-shelters/node_modules/react/cjs/react.development.js:2667:24)
            at act (/Users/johnneed/Projects/gmc-shelters/node_modules/react/cjs/react.development.js:2582:11)
            at /Users/johnneed/Projects/gmc-shelters/node_modules/@testing-library/react/dist/act-compat.js:46:25
            at renderRoot (/Users/johnneed/Projects/gmc-shelters/node_modules/@testing-library/react/dist/pure.js:189:26)
            at render (/Users/johnneed/Projects/gmc-shelters/node_modules/@testing-library/react/dist/pure.js:291:10)
            at Object.<anonymous> (/Users/johnneed/Projects/gmc-shelters/src/renderer/components/MainPane/tabs/PhotosTab.test.tsx:485:11)
            at Promise.then.completed (/Users/johnneed/Projects/gmc-shelters/node_modules/jest-circus/build/utils.js:298:28)
            at new Promise (<anonymous>)
            at callAsyncCircusFn (/Users/johnneed/Projects/gmc-shelters/node_modules/jest-circus/build/utils.js:231:10)
            at _callCircusTest (/Users/johnneed/Projects/gmc-shelters/node_modules/jest-circus/build/run.js:316:40)
            at _runTest (/Users/johnneed/Projects/gmc-shelters/node_modules/jest-circus/build/run.js:252:3)
            at _runTestsForDescribeBlock (/Users/johnneed/Projects/gmc-shelters/node_modules/jest-circus/build/run.js:126:9)
            at _runTestsForDescribeBlock (/Users/johnneed/Projects/gmc-shelters/node_modules/jest-circus/build/run.js:121:9)
            at run (/Users/johnneed/Projects/gmc-shelters/node_modules/jest-circus/build/run.js:71:3)
            at runAndTransformResultsToJestFormat (/Users/johnneed/Projects/gmc-shelters/node_modules/jest-circus/build/legacy-code-todo-rewrite/jestAdapterInit.js:122:21)
            at jestAdapter (/Users/johnneed/Projects/gmc-shelters/node_modules/jest-circus/build/legacy-code-todo-rewrite/jestAdapter.js:79:19)
            at runTestInternal (/Users/johnneed/Projects/gmc-shelters/node_modules/jest-runner/build/runTest.js:367:16)
            at runTest (/Users/johnneed/Projects/gmc-shelters/node_modules/jest-runner/build/runTest.js:444:34)
            at Object.worker (/Users/johnneed/Projects/gmc-shelters/node_modules/jest-runner/build/testWorker.js:106:12),
        type: 'unhandled exception'
      }

      483 |     const otherShelter = makeShelter({ id: 20, name: 'Other Shelter', slug: 'other-shelter' });
      484 |     const store = makeStore(makeShelter(), [makePhoto({ id: 1, file_name: 'shot.jpg' })], [otherShelter]);
    > 485 |     render(<Provider store={store}><PhotosTab /></Provider>);
          |           ^
      486 |     await waitFor(() => {
      487 |       expect(screen.getByTitle('Move to shelter')).toBeInTheDocument();
      488 |     });

      at VirtualConsole.<anonymous> (node_modules/jest-environment-jsdom/build/index.js:63:23)
      at reportException (node_modules/jsdom/lib/jsdom/living/helpers/runtime-script-errors.js:70:28)
      at innerInvokeEventListeners (node_modules/jsdom/lib/jsdom/living/events/EventTarget-impl.js:353:9)
      at invokeEventListeners (node_modules/jsdom/lib/jsdom/living/events/EventTarget-impl.js:286:3)
      at HTMLUnknownElementImpl._dispatch (node_modules/jsdom/lib/jsdom/living/events/EventTarget-impl.js:233:9)
      at HTMLUnknownElementImpl.dispatchEvent (node_modules/jsdom/lib/jsdom/living/events/EventTarget-impl.js:104:17)
      at HTMLUnknownElement.dispatchEvent (node_modules/jsdom/lib/jsdom/living/generated/EventTarget.js:241:34)
      at Object.invokeGuardedCallbackDev (node_modules/react-dom/cjs/react-dom.development.js:4213:16)
      at invokeGuardedCallback (node_modules/react-dom/cjs/react-dom.development.js:4277:31)
      at reportUncaughtErrorInDEV (node_modules/react-dom/cjs/react-dom.development.js:22877:5)
      at captureCommitPhaseError (node_modules/react-dom/cjs/react-dom.development.js:27165:5)
      at commitPassiveMountEffects_complete (node_modules/react-dom/cjs/react-dom.development.js:24932:9)
      at commitPassiveMountEffects_begin (node_modules/react-dom/cjs/react-dom.development.js:24917:7)
      at commitPassiveMountEffects (node_modules/react-dom/cjs/react-dom.development.js:24905:3)
      at flushPassiveEffectsImpl (node_modules/react-dom/cjs/react-dom.development.js:27078:3)
      at flushPassiveEffects (node_modules/react-dom/cjs/react-dom.development.js:27023:14)
      at performSyncWorkOnRoot (node_modules/react-dom/cjs/react-dom.development.js:26115:3)
      at flushSyncCallbacks (node_modules/react-dom/cjs/react-dom.development.js:12042:22)
      at commitRootImpl (node_modules/react-dom/cjs/react-dom.development.js:26998:3)
      at commitRoot (node_modules/react-dom/cjs/react-dom.development.js:26721:5)
      at finishConcurrentRender (node_modules/react-dom/cjs/react-dom.development.js:26020:9)
      at performConcurrentWorkOnRoot (node_modules/react-dom/cjs/react-dom.development.js:25848:7)
      at flushActQueue (node_modules/react/cjs/react.development.js:2667:24)
      at act (node_modules/react/cjs/react.development.js:2582:11)
      at node_modules/@testing-library/react/dist/act-compat.js:46:25
      at renderRoot (node_modules/@testing-library/react/dist/pure.js:189:26)
      at render (node_modules/@testing-library/react/dist/pure.js:291:10)
      at Object.<anonymous> (src/renderer/components/MainPane/tabs/PhotosTab.test.tsx:485:11)

    console.error
      The above error occurred in the <PhotoDetailPane> component:
      
          at PhotoDetailPane (/Users/johnneed/Projects/gmc-shelters/src/renderer/components/MainPane/tabs/PhotoDetailPane.tsx:39:3)
          at div
          at PhotosTab (/Users/johnneed/Projects/gmc-shelters/src/renderer/components/MainPane/tabs/PhotosTab.tsx:58:31)
          at Provider (/Users/johnneed/Projects/gmc-shelters/node_modules/react-redux/src/components/Provider.tsx:60:11)
      
      Consider adding an error boundary to your tree to customize error handling behavior.
      Visit https://reactjs.org/link/error-boundaries to learn more about error boundaries.

      483 |     const otherShelter = makeShelter({ id: 20, name: 'Other Shelter', slug: 'other-shelter' });
      484 |     const store = makeStore(makeShelter(), [makePhoto({ id: 1, file_name: 'shot.jpg' })], [otherShelter]);
    > 485 |     render(<Provider store={store}><PhotosTab /></Provider>);
          |           ^
      486 |     await waitFor(() => {
      487 |       expect(screen.getByTitle('Move to shelter')).toBeInTheDocument();
      488 |     });

      at logCapturedError (node_modules/react-dom/cjs/react-dom.development.js:18704:23)
      at update.callback (node_modules/react-dom/cjs/react-dom.development.js:18737:5)
      at callCallback (node_modules/react-dom/cjs/react-dom.development.js:15036:12)
      at commitUpdateQueue (node_modules/react-dom/cjs/react-dom.development.js:15057:9)
      at commitLayoutEffectOnFiber (node_modules/react-dom/cjs/react-dom.development.js:23430:13)
      at commitLayoutMountEffects_complete (node_modules/react-dom/cjs/react-dom.development.js:24727:9)
      at commitLayoutEffects_begin (node_modules/react-dom/cjs/react-dom.development.js:24713:7)
      at commitLayoutEffects (node_modules/react-dom/cjs/react-dom.development.js:24651:3)
      at commitRootImpl (node_modules/react-dom/cjs/react-dom.development.js:26862:5)
      at commitRoot (node_modules/react-dom/cjs/react-dom.development.js:26721:5)
      at performSyncWorkOnRoot (node_modules/react-dom/cjs/react-dom.development.js:26156:3)
      at flushSyncCallbacks (node_modules/react-dom/cjs/react-dom.development.js:12042:22)
      at commitRootImpl (node_modules/react-dom/cjs/react-dom.development.js:26998:3)
      at commitRoot (node_modules/react-dom/cjs/react-dom.development.js:26721:5)
      at finishConcurrentRender (node_modules/react-dom/cjs/react-dom.development.js:26020:9)
      at performConcurrentWorkOnRoot (node_modules/react-dom/cjs/react-dom.development.js:25848:7)
      at flushActQueue (node_modules/react/cjs/react.development.js:2667:24)
      at act (node_modules/react/cjs/react.development.js:2582:11)
      at node_modules/@testing-library/react/dist/act-compat.js:46:25
      at renderRoot (node_modules/@testing-library/react/dist/pure.js:189:26)
      at render (node_modules/@testing-library/react/dist/pure.js:291:10)
      at Object.<anonymous> (src/renderer/components/MainPane/tabs/PhotosTab.test.tsx:485:11)

    console.error
      Error: Uncaught [TypeError: fieldsRef.current?.scrollTo is not a function]
          at reportException (/Users/johnneed/Projects/gmc-shelters/node_modules/jsdom/lib/jsdom/living/helpers/runtime-script-errors.js:66:24)
          at innerInvokeEventListeners (/Users/johnneed/Projects/gmc-shelters/node_modules/jsdom/lib/jsdom/living/events/EventTarget-impl.js:353:9)
          at invokeEventListeners (/Users/johnneed/Projects/gmc-shelters/node_modules/jsdom/lib/jsdom/living/events/EventTarget-impl.js:286:3)
          at HTMLUnknownElementImpl._dispatch (/Users/johnneed/Projects/gmc-shelters/node_modules/jsdom/lib/jsdom/living/events/EventTarget-impl.js:233:9)
          at HTMLUnknownElementImpl.dispatchEvent (/Users/johnneed/Projects/gmc-shelters/node_modules/jsdom/lib/jsdom/living/events/EventTarget-impl.js:104:17)
          at HTMLUnknownElement.dispatchEvent (/Users/johnneed/Projects/gmc-shelters/node_modules/jsdom/lib/jsdom/living/generated/EventTarget.js:241:34)
          at Object.invokeGuardedCallbackDev (/Users/johnneed/Projects/gmc-shelters/node_modules/react-dom/cjs/react-dom.development.js:4213:16)
          at invokeGuardedCallback (/Users/johnneed/Projects/gmc-shelters/node_modules/react-dom/cjs/react-dom.development.js:4277:31)
          at reportUncaughtErrorInDEV (/Users/johnneed/Projects/gmc-shelters/node_modules/react-dom/cjs/react-dom.development.js:22877:5)
          at captureCommitPhaseError (/Users/johnneed/Projects/gmc-shelters/node_modules/react-dom/cjs/react-dom.development.js:27165:5)
          at commitPassiveMountEffects_complete (/Users/johnneed/Projects/gmc-shelters/node_modules/react-dom/cjs/react-dom.development.js:24932:9)
          at commitPassiveMountEffects_begin (/Users/johnneed/Projects/gmc-shelters/node_modules/react-dom/cjs/react-dom.development.js:24917:7)
          at commitPassiveMountEffects (/Users/johnneed/Projects/gmc-shelters/node_modules/react-dom/cjs/react-dom.development.js:24905:3)
          at flushPassiveEffectsImpl (/Users/johnneed/Projects/gmc-shelters/node_modules/react-dom/cjs/react-dom.development.js:27078:3)
          at flushPassiveEffects (/Users/johnneed/Projects/gmc-shelters/node_modules/react-dom/cjs/react-dom.development.js:27023:14)
          at performSyncWorkOnRoot (/Users/johnneed/Projects/gmc-shelters/node_modules/react-dom/cjs/react-dom.development.js:26115:3)
          at flushSyncCallbacks (/Users/johnneed/Projects/gmc-shelters/node_modules/react-dom/cjs/react-dom.development.js:12042:22)
          at commitRootImpl (/Users/johnneed/Projects/gmc-shelters/node_modules/react-dom/cjs/react-dom.development.js:26998:3)
          at commitRoot (/Users/johnneed/Projects/gmc-shelters/node_modules/react-dom/cjs/react-dom.development.js:26721:5)
          at finishConcurrentRender (/Users/johnneed/Projects/gmc-shelters/node_modules/react-dom/cjs/react-dom.development.js:26020:9)
          at performConcurrentWorkOnRoot (/Users/johnneed/Projects/gmc-shelters/node_modules/react-dom/cjs/react-dom.development.js:25848:7)
          at flushActQueue (/Users/johnneed/Projects/gmc-shelters/node_modules/react/cjs/react.development.js:2667:24)
          at act (/Users/johnneed/Projects/gmc-shelters/node_modules/react/cjs/react.development.js:2582:11)
          at /Users/johnneed/Projects/gmc-shelters/node_modules/@testing-library/react/dist/act-compat.js:46:25
          at renderRoot (/Users/johnneed/Projects/gmc-shelters/node_modules/@testing-library/react/dist/pure.js:189:26)
          at render (/Users/johnneed/Projects/gmc-shelters/node_modules/@testing-library/react/dist/pure.js:291:10)
          at Object.<anonymous> (/Users/johnneed/Projects/gmc-shelters/src/renderer/components/MainPane/tabs/PhotosTab.test.tsx:500:11)
          at Promise.then.completed (/Users/johnneed/Projects/gmc-shelters/node_modules/jest-circus/build/utils.js:298:28)
          at new Promise (<anonymous>)
          at callAsyncCircusFn (/Users/johnneed/Projects/gmc-shelters/node_modules/jest-circus/build/utils.js:231:10)
          at _callCircusTest (/Users/johnneed/Projects/gmc-shelters/node_modules/jest-circus/build/run.js:316:40)
          at _runTest (/Users/johnneed/Projects/gmc-shelters/node_modules/jest-circus/build/run.js:252:3)
          at _runTestsForDescribeBlock (/Users/johnneed/Projects/gmc-shelters/node_modules/jest-circus/build/run.js:126:9)
          at _runTestsForDescribeBlock (/Users/johnneed/Projects/gmc-shelters/node_modules/jest-circus/build/run.js:121:9)
          at run (/Users/johnneed/Projects/gmc-shelters/node_modules/jest-circus/build/run.js:71:3)
          at runAndTransformResultsToJestFormat (/Users/johnneed/Projects/gmc-shelters/node_modules/jest-circus/build/legacy-code-todo-rewrite/jestAdapterInit.js:122:21)
          at jestAdapter (/Users/johnneed/Projects/gmc-shelters/node_modules/jest-circus/build/legacy-code-todo-rewrite/jestAdapter.js:79:19)
          at runTestInternal (/Users/johnneed/Projects/gmc-shelters/node_modules/jest-runner/build/runTest.js:367:16)
          at runTest (/Users/johnneed/Projects/gmc-shelters/node_modules/jest-runner/build/runTest.js:444:34)
          at Object.worker (/Users/johnneed/Projects/gmc-shelters/node_modules/jest-runner/build/testWorker.js:106:12) {
        detail: TypeError: fieldsRef.current?.scrollTo is not a function
            at /Users/johnneed/Projects/gmc-shelters/src/renderer/components/MainPane/tabs/PhotoDetailPane.tsx:49:24
            at commitHookEffectListMount (/Users/johnneed/Projects/gmc-shelters/node_modules/react-dom/cjs/react-dom.development.js:23189:26)
            at commitPassiveMountOnFiber (/Users/johnneed/Projects/gmc-shelters/node_modules/react-dom/cjs/react-dom.development.js:24970:11)
            at commitPassiveMountEffects_complete (/Users/johnneed/Projects/gmc-shelters/node_modules/react-dom/cjs/react-dom.development.js:24930:9)
            at commitPassiveMountEffects_begin (/Users/johnneed/Projects/gmc-shelters/node_modules/react-dom/cjs/react-dom.development.js:24917:7)
            at commitPassiveMountEffects (/Users/johnneed/Projects/gmc-shelters/node_modules/react-dom/cjs/react-dom.development.js:24905:3)
            at flushPassiveEffectsImpl (/Users/johnneed/Projects/gmc-shelters/node_modules/react-dom/cjs/react-dom.development.js:27078:3)
            at flushPassiveEffects (/Users/johnneed/Projects/gmc-shelters/node_modules/react-dom/cjs/react-dom.development.js:27023:14)
            at performSyncWorkOnRoot (/Users/johnneed/Projects/gmc-shelters/node_modules/react-dom/cjs/react-dom.development.js:26115:3)
            at flushSyncCallbacks (/Users/johnneed/Projects/gmc-shelters/node_modules/react-dom/cjs/react-dom.development.js:12042:22)
            at commitRootImpl (/Users/johnneed/Projects/gmc-shelters/node_modules/react-dom/cjs/react-dom.development.js:26998:3)
            at commitRoot (/Users/johnneed/Projects/gmc-shelters/node_modules/react-dom/cjs/react-dom.development.js:26721:5)
            at finishConcurrentRender (/Users/johnneed/Projects/gmc-shelters/node_modules/react-dom/cjs/react-dom.development.js:26020:9)
            at performConcurrentWorkOnRoot (/Users/johnneed/Projects/gmc-shelters/node_modules/react-dom/cjs/react-dom.development.js:25848:7)
            at flushActQueue (/Users/johnneed/Projects/gmc-shelters/node_modules/react/cjs/react.development.js:2667:24)
            at act (/Users/johnneed/Projects/gmc-shelters/node_modules/react/cjs/react.development.js:2582:11)
            at /Users/johnneed/Projects/gmc-shelters/node_modules/@testing-library/react/dist/act-compat.js:46:25
            at renderRoot (/Users/johnneed/Projects/gmc-shelters/node_modules/@testing-library/react/dist/pure.js:189:26)
            at render (/Users/johnneed/Projects/gmc-shelters/node_modules/@testing-library/react/dist/pure.js:291:10)
            at Object.<anonymous> (/Users/johnneed/Projects/gmc-shelters/src/renderer/components/MainPane/tabs/PhotosTab.test.tsx:500:11)
            at Promise.then.completed (/Users/johnneed/Projects/gmc-shelters/node_modules/jest-circus/build/utils.js:298:28)
            at new Promise (<anonymous>)
            at callAsyncCircusFn (/Users/johnneed/Projects/gmc-shelters/node_modules/jest-circus/build/utils.js:231:10)
            at _callCircusTest (/Users/johnneed/Projects/gmc-shelters/node_modules/jest-circus/build/run.js:316:40)
            at _runTest (/Users/johnneed/Projects/gmc-shelters/node_modules/jest-circus/build/run.js:252:3)
            at _runTestsForDescribeBlock (/Users/johnneed/Projects/gmc-shelters/node_modules/jest-circus/build/run.js:126:9)
            at _runTestsForDescribeBlock (/Users/johnneed/Projects/gmc-shelters/node_modules/jest-circus/build/run.js:121:9)
            at run (/Users/johnneed/Projects/gmc-shelters/node_modules/jest-circus/build/run.js:71:3)
            at runAndTransformResultsToJestFormat (/Users/johnneed/Projects/gmc-shelters/node_modules/jest-circus/build/legacy-code-todo-rewrite/jestAdapterInit.js:122:21)
            at jestAdapter (/Users/johnneed/Projects/gmc-shelters/node_modules/jest-circus/build/legacy-code-todo-rewrite/jestAdapter.js:79:19)
            at runTestInternal (/Users/johnneed/Projects/gmc-shelters/node_modules/jest-runner/build/runTest.js:367:16)
            at runTest (/Users/johnneed/Projects/gmc-shelters/node_modules/jest-runner/build/runTest.js:444:34)
            at Object.worker (/Users/johnneed/Projects/gmc-shelters/node_modules/jest-runner/build/testWorker.js:106:12),
        type: 'unhandled exception'
      }

      498 |     const otherShelter = makeShelter({ id: 20, name: 'Other Shelter', slug: 'other-shelter' });
      499 |     const store = makeStore(makeShelter({ default_photo_id: 1 }), [makePhoto({ id: 1, file_name: 'shot.jpg' })], [otherShelter]);
    > 500 |     render(<Provider store={store}><PhotosTab /></Provider>);
          |           ^
      501 |     await waitFor(() => {
      502 |       expect(screen.getByTitle('Move to shelter')).toBeInTheDocument();
      503 |     });

      at VirtualConsole.<anonymous> (node_modules/jest-environment-jsdom/build/index.js:63:23)
      at reportException (node_modules/jsdom/lib/jsdom/living/helpers/runtime-script-errors.js:70:28)
      at innerInvokeEventListeners (node_modules/jsdom/lib/jsdom/living/events/EventTarget-impl.js:353:9)
      at invokeEventListeners (node_modules/jsdom/lib/jsdom/living/events/EventTarget-impl.js:286:3)
      at HTMLUnknownElementImpl._dispatch (node_modules/jsdom/lib/jsdom/living/events/EventTarget-impl.js:233:9)
      at HTMLUnknownElementImpl.dispatchEvent (node_modules/jsdom/lib/jsdom/living/events/EventTarget-impl.js:104:17)
      at HTMLUnknownElement.dispatchEvent (node_modules/jsdom/lib/jsdom/living/generated/EventTarget.js:241:34)
      at Object.invokeGuardedCallbackDev (node_modules/react-dom/cjs/react-dom.development.js:4213:16)
      at invokeGuardedCallback (node_modules/react-dom/cjs/react-dom.development.js:4277:31)
      at reportUncaughtErrorInDEV (node_modules/react-dom/cjs/react-dom.development.js:22877:5)
      at captureCommitPhaseError (node_modules/react-dom/cjs/react-dom.development.js:27165:5)
      at commitPassiveMountEffects_complete (node_modules/react-dom/cjs/react-dom.development.js:24932:9)
      at commitPassiveMountEffects_begin (node_modules/react-dom/cjs/react-dom.development.js:24917:7)
      at commitPassiveMountEffects (node_modules/react-dom/cjs/react-dom.development.js:24905:3)
      at flushPassiveEffectsImpl (node_modules/react-dom/cjs/react-dom.development.js:27078:3)
      at flushPassiveEffects (node_modules/react-dom/cjs/react-dom.development.js:27023:14)
      at performSyncWorkOnRoot (node_modules/react-dom/cjs/react-dom.development.js:26115:3)
      at flushSyncCallbacks (node_modules/react-dom/cjs/react-dom.development.js:12042:22)
      at commitRootImpl (node_modules/react-dom/cjs/react-dom.development.js:26998:3)
      at commitRoot (node_modules/react-dom/cjs/react-dom.development.js:26721:5)
      at finishConcurrentRender (node_modules/react-dom/cjs/react-dom.development.js:26020:9)
      at performConcurrentWorkOnRoot (node_modules/react-dom/cjs/react-dom.development.js:25848:7)
      at flushActQueue (node_modules/react/cjs/react.development.js:2667:24)
      at act (node_modules/react/cjs/react.development.js:2582:11)
      at node_modules/@testing-library/react/dist/act-compat.js:46:25
      at renderRoot (node_modules/@testing-library/react/dist/pure.js:189:26)
      at render (node_modules/@testing-library/react/dist/pure.js:291:10)
      at Object.<anonymous> (src/renderer/components/MainPane/tabs/PhotosTab.test.tsx:500:11)

    console.error
      The above error occurred in the <PhotoDetailPane> component:
      
          at PhotoDetailPane (/Users/johnneed/Projects/gmc-shelters/src/renderer/components/MainPane/tabs/PhotoDetailPane.tsx:39:3)
          at div
          at PhotosTab (/Users/johnneed/Projects/gmc-shelters/src/renderer/components/MainPane/tabs/PhotosTab.tsx:58:31)
          at Provider (/Users/johnneed/Projects/gmc-shelters/node_modules/react-redux/src/components/Provider.tsx:60:11)
      
      Consider adding an error boundary to your tree to customize error handling behavior.
      Visit https://reactjs.org/link/error-boundaries to learn more about error boundaries.

      498 |     const otherShelter = makeShelter({ id: 20, name: 'Other Shelter', slug: 'other-shelter' });
      499 |     const store = makeStore(makeShelter({ default_photo_id: 1 }), [makePhoto({ id: 1, file_name: 'shot.jpg' })], [otherShelter]);
    > 500 |     render(<Provider store={store}><PhotosTab /></Provider>);
          |           ^
      501 |     await waitFor(() => {
      502 |       expect(screen.getByTitle('Move to shelter')).toBeInTheDocument();
      503 |     });

      at logCapturedError (node_modules/react-dom/cjs/react-dom.development.js:18704:23)
      at update.callback (node_modules/react-dom/cjs/react-dom.development.js:18737:5)
      at callCallback (node_modules/react-dom/cjs/react-dom.development.js:15036:12)
      at commitUpdateQueue (node_modules/react-dom/cjs/react-dom.development.js:15057:9)
      at commitLayoutEffectOnFiber (node_modules/react-dom/cjs/react-dom.development.js:23430:13)
      at commitLayoutMountEffects_complete (node_modules/react-dom/cjs/react-dom.development.js:24727:9)
      at commitLayoutEffects_begin (node_modules/react-dom/cjs/react-dom.development.js:24713:7)
      at commitLayoutEffects (node_modules/react-dom/cjs/react-dom.development.js:24651:3)
      at commitRootImpl (node_modules/react-dom/cjs/react-dom.development.js:26862:5)
      at commitRoot (node_modules/react-dom/cjs/react-dom.development.js:26721:5)
      at performSyncWorkOnRoot (node_modules/react-dom/cjs/react-dom.development.js:26156:3)
      at flushSyncCallbacks (node_modules/react-dom/cjs/react-dom.development.js:12042:22)
      at commitRootImpl (node_modules/react-dom/cjs/react-dom.development.js:26998:3)
      at commitRoot (node_modules/react-dom/cjs/react-dom.development.js:26721:5)
      at finishConcurrentRender (node_modules/react-dom/cjs/react-dom.development.js:26020:9)
      at performConcurrentWorkOnRoot (node_modules/react-dom/cjs/react-dom.development.js:25848:7)
      at flushActQueue (node_modules/react/cjs/react.development.js:2667:24)
      at act (node_modules/react/cjs/react.development.js:2582:11)
      at node_modules/@testing-library/react/dist/act-compat.js:46:25
      at renderRoot (node_modules/@testing-library/react/dist/pure.js:189:26)
      at render (node_modules/@testing-library/react/dist/pure.js:291:10)
      at Object.<anonymous> (src/renderer/components/MainPane/tabs/PhotosTab.test.tsx:500:11)

    console.error
      Error: Uncaught [TypeError: fieldsRef.current?.scrollTo is not a function]
          at reportException (/Users/johnneed/Projects/gmc-shelters/node_modules/jsdom/lib/jsdom/living/helpers/runtime-script-errors.js:66:24)
          at innerInvokeEventListeners (/Users/johnneed/Projects/gmc-shelters/node_modules/jsdom/lib/jsdom/living/events/EventTarget-impl.js:353:9)
          at invokeEventListeners (/Users/johnneed/Projects/gmc-shelters/node_modules/jsdom/lib/jsdom/living/events/EventTarget-impl.js:286:3)
          at HTMLUnknownElementImpl._dispatch (/Users/johnneed/Projects/gmc-shelters/node_modules/jsdom/lib/jsdom/living/events/EventTarget-impl.js:233:9)
          at HTMLUnknownElementImpl.dispatchEvent (/Users/johnneed/Projects/gmc-shelters/node_modules/jsdom/lib/jsdom/living/events/EventTarget-impl.js:104:17)
          at HTMLUnknownElement.dispatchEvent (/Users/johnneed/Projects/gmc-shelters/node_modules/jsdom/lib/jsdom/living/generated/EventTarget.js:241:34)
          at Object.invokeGuardedCallbackDev (/Users/johnneed/Projects/gmc-shelters/node_modules/react-dom/cjs/react-dom.development.js:4213:16)
          at invokeGuardedCallback (/Users/johnneed/Projects/gmc-shelters/node_modules/react-dom/cjs/react-dom.development.js:4277:31)
          at reportUncaughtErrorInDEV (/Users/johnneed/Projects/gmc-shelters/node_modules/react-dom/cjs/react-dom.development.js:22877:5)
          at captureCommitPhaseError (/Users/johnneed/Projects/gmc-shelters/node_modules/react-dom/cjs/react-dom.development.js:27165:5)
          at commitPassiveMountEffects_complete (/Users/johnneed/Projects/gmc-shelters/node_modules/react-dom/cjs/react-dom.development.js:24932:9)
          at commitPassiveMountEffects_begin (/Users/johnneed/Projects/gmc-shelters/node_modules/react-dom/cjs/react-dom.development.js:24917:7)
          at commitPassiveMountEffects (/Users/johnneed/Projects/gmc-shelters/node_modules/react-dom/cjs/react-dom.development.js:24905:3)
          at flushPassiveEffectsImpl (/Users/johnneed/Projects/gmc-shelters/node_modules/react-dom/cjs/react-dom.development.js:27078:3)
          at flushPassiveEffects (/Users/johnneed/Projects/gmc-shelters/node_modules/react-dom/cjs/react-dom.development.js:27023:14)
          at performSyncWorkOnRoot (/Users/johnneed/Projects/gmc-shelters/node_modules/react-dom/cjs/react-dom.development.js:26115:3)
          at flushSyncCallbacks (/Users/johnneed/Projects/gmc-shelters/node_modules/react-dom/cjs/react-dom.development.js:12042:22)
          at commitRootImpl (/Users/johnneed/Projects/gmc-shelters/node_modules/react-dom/cjs/react-dom.development.js:26998:3)
          at commitRoot (/Users/johnneed/Projects/gmc-shelters/node_modules/react-dom/cjs/react-dom.development.js:26721:5)
          at finishConcurrentRender (/Users/johnneed/Projects/gmc-shelters/node_modules/react-dom/cjs/react-dom.development.js:26020:9)
          at performConcurrentWorkOnRoot (/Users/johnneed/Projects/gmc-shelters/node_modules/react-dom/cjs/react-dom.development.js:25848:7)
          at flushActQueue (/Users/johnneed/Projects/gmc-shelters/node_modules/react/cjs/react.development.js:2667:24)
          at act (/Users/johnneed/Projects/gmc-shelters/node_modules/react/cjs/react.development.js:2582:11)
          at /Users/johnneed/Projects/gmc-shelters/node_modules/@testing-library/react/dist/act-compat.js:46:25
          at renderRoot (/Users/johnneed/Projects/gmc-shelters/node_modules/@testing-library/react/dist/pure.js:189:26)
          at render (/Users/johnneed/Projects/gmc-shelters/node_modules/@testing-library/react/dist/pure.js:291:10)
          at Object.<anonymous> (/Users/johnneed/Projects/gmc-shelters/src/renderer/components/MainPane/tabs/PhotosTab.test.tsx:514:11)
          at Promise.then.completed (/Users/johnneed/Projects/gmc-shelters/node_modules/jest-circus/build/utils.js:298:28)
          at new Promise (<anonymous>)
          at callAsyncCircusFn (/Users/johnneed/Projects/gmc-shelters/node_modules/jest-circus/build/utils.js:231:10)
          at _callCircusTest (/Users/johnneed/Projects/gmc-shelters/node_modules/jest-circus/build/run.js:316:40)
          at _runTest (/Users/johnneed/Projects/gmc-shelters/node_modules/jest-circus/build/run.js:252:3)
          at _runTestsForDescribeBlock (/Users/johnneed/Projects/gmc-shelters/node_modules/jest-circus/build/run.js:126:9)
          at _runTestsForDescribeBlock (/Users/johnneed/Projects/gmc-shelters/node_modules/jest-circus/build/run.js:121:9)
          at run (/Users/johnneed/Projects/gmc-shelters/node_modules/jest-circus/build/run.js:71:3)
          at runAndTransformResultsToJestFormat (/Users/johnneed/Projects/gmc-shelters/node_modules/jest-circus/build/legacy-code-todo-rewrite/jestAdapterInit.js:122:21)
          at jestAdapter (/Users/johnneed/Projects/gmc-shelters/node_modules/jest-circus/build/legacy-code-todo-rewrite/jestAdapter.js:79:19)
          at runTestInternal (/Users/johnneed/Projects/gmc-shelters/node_modules/jest-runner/build/runTest.js:367:16)
          at runTest (/Users/johnneed/Projects/gmc-shelters/node_modules/jest-runner/build/runTest.js:444:34)
          at Object.worker (/Users/johnneed/Projects/gmc-shelters/node_modules/jest-runner/build/testWorker.js:106:12) {
        detail: TypeError: fieldsRef.current?.scrollTo is not a function
            at /Users/johnneed/Projects/gmc-shelters/src/renderer/components/MainPane/tabs/PhotoDetailPane.tsx:49:24
            at commitHookEffectListMount (/Users/johnneed/Projects/gmc-shelters/node_modules/react-dom/cjs/react-dom.development.js:23189:26)
            at commitPassiveMountOnFiber (/Users/johnneed/Projects/gmc-shelters/node_modules/react-dom/cjs/react-dom.development.js:24970:11)
            at commitPassiveMountEffects_complete (/Users/johnneed/Projects/gmc-shelters/node_modules/react-dom/cjs/react-dom.development.js:24930:9)
            at commitPassiveMountEffects_begin (/Users/johnneed/Projects/gmc-shelters/node_modules/react-dom/cjs/react-dom.development.js:24917:7)
            at commitPassiveMountEffects (/Users/johnneed/Projects/gmc-shelters/node_modules/react-dom/cjs/react-dom.development.js:24905:3)
            at flushPassiveEffectsImpl (/Users/johnneed/Projects/gmc-shelters/node_modules/react-dom/cjs/react-dom.development.js:27078:3)
            at flushPassiveEffects (/Users/johnneed/Projects/gmc-shelters/node_modules/react-dom/cjs/react-dom.development.js:27023:14)
            at performSyncWorkOnRoot (/Users/johnneed/Projects/gmc-shelters/node_modules/react-dom/cjs/react-dom.development.js:26115:3)
            at flushSyncCallbacks (/Users/johnneed/Projects/gmc-shelters/node_modules/react-dom/cjs/react-dom.development.js:12042:22)
            at commitRootImpl (/Users/johnneed/Projects/gmc-shelters/node_modules/react-dom/cjs/react-dom.development.js:26998:3)
            at commitRoot (/Users/johnneed/Projects/gmc-shelters/node_modules/react-dom/cjs/react-dom.development.js:26721:5)
            at finishConcurrentRender (/Users/johnneed/Projects/gmc-shelters/node_modules/react-dom/cjs/react-dom.development.js:26020:9)
            at performConcurrentWorkOnRoot (/Users/johnneed/Projects/gmc-shelters/node_modules/react-dom/cjs/react-dom.development.js:25848:7)
            at flushActQueue (/Users/johnneed/Projects/gmc-shelters/node_modules/react/cjs/react.development.js:2667:24)
            at act (/Users/johnneed/Projects/gmc-shelters/node_modules/react/cjs/react.development.js:2582:11)
            at /Users/johnneed/Projects/gmc-shelters/node_modules/@testing-library/react/dist/act-compat.js:46:25
            at renderRoot (/Users/johnneed/Projects/gmc-shelters/node_modules/@testing-library/react/dist/pure.js:189:26)
            at render (/Users/johnneed/Projects/gmc-shelters/node_modules/@testing-library/react/dist/pure.js:291:10)
            at Object.<anonymous> (/Users/johnneed/Projects/gmc-shelters/src/renderer/components/MainPane/tabs/PhotosTab.test.tsx:514:11)
            at Promise.then.completed (/Users/johnneed/Projects/gmc-shelters/node_modules/jest-circus/build/utils.js:298:28)
            at new Promise (<anonymous>)
            at callAsyncCircusFn (/Users/johnneed/Projects/gmc-shelters/node_modules/jest-circus/build/utils.js:231:10)
            at _callCircusTest (/Users/johnneed/Projects/gmc-shelters/node_modules/jest-circus/build/run.js:316:40)
            at _runTest (/Users/johnneed/Projects/gmc-shelters/node_modules/jest-circus/build/run.js:252:3)
            at _runTestsForDescribeBlock (/Users/johnneed/Projects/gmc-shelters/node_modules/jest-circus/build/run.js:126:9)
            at _runTestsForDescribeBlock (/Users/johnneed/Projects/gmc-shelters/node_modules/jest-circus/build/run.js:121:9)
            at run (/Users/johnneed/Projects/gmc-shelters/node_modules/jest-circus/build/run.js:71:3)
            at runAndTransformResultsToJestFormat (/Users/johnneed/Projects/gmc-shelters/node_modules/jest-circus/build/legacy-code-todo-rewrite/jestAdapterInit.js:122:21)
            at jestAdapter (/Users/johnneed/Projects/gmc-shelters/node_modules/jest-circus/build/legacy-code-todo-rewrite/jestAdapter.js:79:19)
            at runTestInternal (/Users/johnneed/Projects/gmc-shelters/node_modules/jest-runner/build/runTest.js:367:16)
            at runTest (/Users/johnneed/Projects/gmc-shelters/node_modules/jest-runner/build/runTest.js:444:34)
            at Object.worker (/Users/johnneed/Projects/gmc-shelters/node_modules/jest-runner/build/testWorker.js:106:12),
        type: 'unhandled exception'
      }

      512 |   it('disables the move button when no other shelter exists', async () => {
      513 |     const store = makeStore(makeShelter(), [makePhoto({ file_name: 'shot.jpg' })]);
    > 514 |     render(<Provider store={store}><PhotosTab /></Provider>);
          |           ^
      515 |     await waitFor(() => {
      516 |       expect(screen.getByTitle('Move to shelter')).toBeInTheDocument();
      517 |     });

      at VirtualConsole.<anonymous> (node_modules/jest-environment-jsdom/build/index.js:63:23)
      at reportException (node_modules/jsdom/lib/jsdom/living/helpers/runtime-script-errors.js:70:28)
      at innerInvokeEventListeners (node_modules/jsdom/lib/jsdom/living/events/EventTarget-impl.js:353:9)
      at invokeEventListeners (node_modules/jsdom/lib/jsdom/living/events/EventTarget-impl.js:286:3)
      at HTMLUnknownElementImpl._dispatch (node_modules/jsdom/lib/jsdom/living/events/EventTarget-impl.js:233:9)
      at HTMLUnknownElementImpl.dispatchEvent (node_modules/jsdom/lib/jsdom/living/events/EventTarget-impl.js:104:17)
      at HTMLUnknownElement.dispatchEvent (node_modules/jsdom/lib/jsdom/living/generated/EventTarget.js:241:34)
      at Object.invokeGuardedCallbackDev (node_modules/react-dom/cjs/react-dom.development.js:4213:16)
      at invokeGuardedCallback (node_modules/react-dom/cjs/react-dom.development.js:4277:31)
      at reportUncaughtErrorInDEV (node_modules/react-dom/cjs/react-dom.development.js:22877:5)
      at captureCommitPhaseError (node_modules/react-dom/cjs/react-dom.development.js:27165:5)
      at commitPassiveMountEffects_complete (node_modules/react-dom/cjs/react-dom.development.js:24932:9)
      at commitPassiveMountEffects_begin (node_modules/react-dom/cjs/react-dom.development.js:24917:7)
      at commitPassiveMountEffects (node_modules/react-dom/cjs/react-dom.development.js:24905:3)
      at flushPassiveEffectsImpl (node_modules/react-dom/cjs/react-dom.development.js:27078:3)
      at flushPassiveEffects (node_modules/react-dom/cjs/react-dom.development.js:27023:14)
      at performSyncWorkOnRoot (node_modules/react-dom/cjs/react-dom.development.js:26115:3)
      at flushSyncCallbacks (node_modules/react-dom/cjs/react-dom.development.js:12042:22)
      at commitRootImpl (node_modules/react-dom/cjs/react-dom.development.js:26998:3)
      at commitRoot (node_modules/react-dom/cjs/react-dom.development.js:26721:5)
      at finishConcurrentRender (node_modules/react-dom/cjs/react-dom.development.js:26020:9)
      at performConcurrentWorkOnRoot (node_modules/react-dom/cjs/react-dom.development.js:25848:7)
      at flushActQueue (node_modules/react/cjs/react.development.js:2667:24)
      at act (node_modules/react/cjs/react.development.js:2582:11)
      at node_modules/@testing-library/react/dist/act-compat.js:46:25
      at renderRoot (node_modules/@testing-library/react/dist/pure.js:189:26)
      at render (node_modules/@testing-library/react/dist/pure.js:291:10)
      at Object.<anonymous> (src/renderer/components/MainPane/tabs/PhotosTab.test.tsx:514:11)

    console.error
      The above error occurred in the <PhotoDetailPane> component:
      
          at PhotoDetailPane (/Users/johnneed/Projects/gmc-shelters/src/renderer/components/MainPane/tabs/PhotoDetailPane.tsx:39:3)
          at div
          at PhotosTab (/Users/johnneed/Projects/gmc-shelters/src/renderer/components/MainPane/tabs/PhotosTab.tsx:58:31)
          at Provider (/Users/johnneed/Projects/gmc-shelters/node_modules/react-redux/src/components/Provider.tsx:60:11)
      
      Consider adding an error boundary to your tree to customize error handling behavior.
      Visit https://reactjs.org/link/error-boundaries to learn more about error boundaries.

      512 |   it('disables the move button when no other shelter exists', async () => {
      513 |     const store = makeStore(makeShelter(), [makePhoto({ file_name: 'shot.jpg' })]);
    > 514 |     render(<Provider store={store}><PhotosTab /></Provider>);
          |           ^
      515 |     await waitFor(() => {
      516 |       expect(screen.getByTitle('Move to shelter')).toBeInTheDocument();
      517 |     });

      at logCapturedError (node_modules/react-dom/cjs/react-dom.development.js:18704:23)
      at update.callback (node_modules/react-dom/cjs/react-dom.development.js:18737:5)
      at callCallback (node_modules/react-dom/cjs/react-dom.development.js:15036:12)
      at commitUpdateQueue (node_modules/react-dom/cjs/react-dom.development.js:15057:9)
      at commitLayoutEffectOnFiber (node_modules/react-dom/cjs/react-dom.development.js:23430:13)
      at commitLayoutMountEffects_complete (node_modules/react-dom/cjs/react-dom.development.js:24727:9)
      at commitLayoutEffects_begin (node_modules/react-dom/cjs/react-dom.development.js:24713:7)
      at commitLayoutEffects (node_modules/react-dom/cjs/react-dom.development.js:24651:3)
      at commitRootImpl (node_modules/react-dom/cjs/react-dom.development.js:26862:5)
      at commitRoot (node_modules/react-dom/cjs/react-dom.development.js:26721:5)
      at performSyncWorkOnRoot (node_modules/react-dom/cjs/react-dom.development.js:26156:3)
      at flushSyncCallbacks (node_modules/react-dom/cjs/react-dom.development.js:12042:22)
      at commitRootImpl (node_modules/react-dom/cjs/react-dom.development.js:26998:3)
      at commitRoot (node_modules/react-dom/cjs/react-dom.development.js:26721:5)
      at finishConcurrentRender (node_modules/react-dom/cjs/react-dom.development.js:26020:9)
      at performConcurrentWorkOnRoot (node_modules/react-dom/cjs/react-dom.development.js:25848:7)
      at flushActQueue (node_modules/react/cjs/react.development.js:2667:24)
      at act (node_modules/react/cjs/react.development.js:2582:11)
      at node_modules/@testing-library/react/dist/act-compat.js:46:25
      at renderRoot (node_modules/@testing-library/react/dist/pure.js:189:26)
      at render (node_modules/@testing-library/react/dist/pure.js:291:10)
      at Object.<anonymous> (src/renderer/components/MainPane/tabs/PhotosTab.test.tsx:514:11)

    console.error
      Error: Uncaught [TypeError: fieldsRef.current?.scrollTo is not a function]
          at reportException (/Users/johnneed/Projects/gmc-shelters/node_modules/jsdom/lib/jsdom/living/helpers/runtime-script-errors.js:66:24)
          at innerInvokeEventListeners (/Users/johnneed/Projects/gmc-shelters/node_modules/jsdom/lib/jsdom/living/events/EventTarget-impl.js:353:9)
          at invokeEventListeners (/Users/johnneed/Projects/gmc-shelters/node_modules/jsdom/lib/jsdom/living/events/EventTarget-impl.js:286:3)
          at HTMLUnknownElementImpl._dispatch (/Users/johnneed/Projects/gmc-shelters/node_modules/jsdom/lib/jsdom/living/events/EventTarget-impl.js:233:9)
          at HTMLUnknownElementImpl.dispatchEvent (/Users/johnneed/Projects/gmc-shelters/node_modules/jsdom/lib/jsdom/living/events/EventTarget-impl.js:104:17)
          at HTMLUnknownElement.dispatchEvent (/Users/johnneed/Projects/gmc-shelters/node_modules/jsdom/lib/jsdom/living/generated/EventTarget.js:241:34)
          at Object.invokeGuardedCallbackDev (/Users/johnneed/Projects/gmc-shelters/node_modules/react-dom/cjs/react-dom.development.js:4213:16)
          at invokeGuardedCallback (/Users/johnneed/Projects/gmc-shelters/node_modules/react-dom/cjs/react-dom.development.js:4277:31)
          at reportUncaughtErrorInDEV (/Users/johnneed/Projects/gmc-shelters/node_modules/react-dom/cjs/react-dom.development.js:22877:5)
          at captureCommitPhaseError (/Users/johnneed/Projects/gmc-shelters/node_modules/react-dom/cjs/react-dom.development.js:27165:5)
          at commitPassiveMountEffects_complete (/Users/johnneed/Projects/gmc-shelters/node_modules/react-dom/cjs/react-dom.development.js:24932:9)
          at commitPassiveMountEffects_begin (/Users/johnneed/Projects/gmc-shelters/node_modules/react-dom/cjs/react-dom.development.js:24917:7)
          at commitPassiveMountEffects (/Users/johnneed/Projects/gmc-shelters/node_modules/react-dom/cjs/react-dom.development.js:24905:3)
          at flushPassiveEffectsImpl (/Users/johnneed/Projects/gmc-shelters/node_modules/react-dom/cjs/react-dom.development.js:27078:3)
          at flushPassiveEffects (/Users/johnneed/Projects/gmc-shelters/node_modules/react-dom/cjs/react-dom.development.js:27023:14)
          at performSyncWorkOnRoot (/Users/johnneed/Projects/gmc-shelters/node_modules/react-dom/cjs/react-dom.development.js:26115:3)
          at flushSyncCallbacks (/Users/johnneed/Projects/gmc-shelters/node_modules/react-dom/cjs/react-dom.development.js:12042:22)
          at commitRootImpl (/Users/johnneed/Projects/gmc-shelters/node_modules/react-dom/cjs/react-dom.development.js:26998:3)
          at commitRoot (/Users/johnneed/Projects/gmc-shelters/node_modules/react-dom/cjs/react-dom.development.js:26721:5)
          at finishConcurrentRender (/Users/johnneed/Projects/gmc-shelters/node_modules/react-dom/cjs/react-dom.development.js:26020:9)
          at performConcurrentWorkOnRoot (/Users/johnneed/Projects/gmc-shelters/node_modules/react-dom/cjs/react-dom.development.js:25848:7)
          at flushActQueue (/Users/johnneed/Projects/gmc-shelters/node_modules/react/cjs/react.development.js:2667:24)
          at act (/Users/johnneed/Projects/gmc-shelters/node_modules/react/cjs/react.development.js:2582:11)
          at /Users/johnneed/Projects/gmc-shelters/node_modules/@testing-library/react/dist/act-compat.js:46:25
          at renderRoot (/Users/johnneed/Projects/gmc-shelters/node_modules/@testing-library/react/dist/pure.js:189:26)
          at render (/Users/johnneed/Projects/gmc-shelters/node_modules/@testing-library/react/dist/pure.js:291:10)
          at Object.<anonymous> (/Users/johnneed/Projects/gmc-shelters/src/renderer/components/MainPane/tabs/PhotosTab.test.tsx:525:11)
          at Promise.then.completed (/Users/johnneed/Projects/gmc-shelters/node_modules/jest-circus/build/utils.js:298:28)
          at new Promise (<anonymous>)
          at callAsyncCircusFn (/Users/johnneed/Projects/gmc-shelters/node_modules/jest-circus/build/utils.js:231:10)
          at _callCircusTest (/Users/johnneed/Projects/gmc-shelters/node_modules/jest-circus/build/run.js:316:40)
          at _runTest (/Users/johnneed/Projects/gmc-shelters/node_modules/jest-circus/build/run.js:252:3)
          at _runTestsForDescribeBlock (/Users/johnneed/Projects/gmc-shelters/node_modules/jest-circus/build/run.js:126:9)
          at _runTestsForDescribeBlock (/Users/johnneed/Projects/gmc-shelters/node_modules/jest-circus/build/run.js:121:9)
          at run (/Users/johnneed/Projects/gmc-shelters/node_modules/jest-circus/build/run.js:71:3)
          at runAndTransformResultsToJestFormat (/Users/johnneed/Projects/gmc-shelters/node_modules/jest-circus/build/legacy-code-todo-rewrite/jestAdapterInit.js:122:21)
          at jestAdapter (/Users/johnneed/Projects/gmc-shelters/node_modules/jest-circus/build/legacy-code-todo-rewrite/jestAdapter.js:79:19)
          at runTestInternal (/Users/johnneed/Projects/gmc-shelters/node_modules/jest-runner/build/runTest.js:367:16)
          at runTest (/Users/johnneed/Projects/gmc-shelters/node_modules/jest-runner/build/runTest.js:444:34)
          at Object.worker (/Users/johnneed/Projects/gmc-shelters/node_modules/jest-runner/build/testWorker.js:106:12) {
        detail: TypeError: fieldsRef.current?.scrollTo is not a function
            at /Users/johnneed/Projects/gmc-shelters/src/renderer/components/MainPane/tabs/PhotoDetailPane.tsx:49:24
            at commitHookEffectListMount (/Users/johnneed/Projects/gmc-shelters/node_modules/react-dom/cjs/react-dom.development.js:23189:26)
            at commitPassiveMountOnFiber (/Users/johnneed/Projects/gmc-shelters/node_modules/react-dom/cjs/react-dom.development.js:24970:11)
            at commitPassiveMountEffects_complete (/Users/johnneed/Projects/gmc-shelters/node_modules/react-dom/cjs/react-dom.development.js:24930:9)
            at commitPassiveMountEffects_begin (/Users/johnneed/Projects/gmc-shelters/node_modules/react-dom/cjs/react-dom.development.js:24917:7)
            at commitPassiveMountEffects (/Users/johnneed/Projects/gmc-shelters/node_modules/react-dom/cjs/react-dom.development.js:24905:3)
            at flushPassiveEffectsImpl (/Users/johnneed/Projects/gmc-shelters/node_modules/react-dom/cjs/react-dom.development.js:27078:3)
            at flushPassiveEffects (/Users/johnneed/Projects/gmc-shelters/node_modules/react-dom/cjs/react-dom.development.js:27023:14)
            at performSyncWorkOnRoot (/Users/johnneed/Projects/gmc-shelters/node_modules/react-dom/cjs/react-dom.development.js:26115:3)
            at flushSyncCallbacks (/Users/johnneed/Projects/gmc-shelters/node_modules/react-dom/cjs/react-dom.development.js:12042:22)
            at commitRootImpl (/Users/johnneed/Projects/gmc-shelters/node_modules/react-dom/cjs/react-dom.development.js:26998:3)
            at commitRoot (/Users/johnneed/Projects/gmc-shelters/node_modules/react-dom/cjs/react-dom.development.js:26721:5)
            at finishConcurrentRender (/Users/johnneed/Projects/gmc-shelters/node_modules/react-dom/cjs/react-dom.development.js:26020:9)
            at performConcurrentWorkOnRoot (/Users/johnneed/Projects/gmc-shelters/node_modules/react-dom/cjs/react-dom.development.js:25848:7)
            at flushActQueue (/Users/johnneed/Projects/gmc-shelters/node_modules/react/cjs/react.development.js:2667:24)
            at act (/Users/johnneed/Projects/gmc-shelters/node_modules/react/cjs/react.development.js:2582:11)
            at /Users/johnneed/Projects/gmc-shelters/node_modules/@testing-library/react/dist/act-compat.js:46:25
            at renderRoot (/Users/johnneed/Projects/gmc-shelters/node_modules/@testing-library/react/dist/pure.js:189:26)
            at render (/Users/johnneed/Projects/gmc-shelters/node_modules/@testing-library/react/dist/pure.js:291:10)
            at Object.<anonymous> (/Users/johnneed/Projects/gmc-shelters/src/renderer/components/MainPane/tabs/PhotosTab.test.tsx:525:11)
            at Promise.then.completed (/Users/johnneed/Projects/gmc-shelters/node_modules/jest-circus/build/utils.js:298:28)
            at new Promise (<anonymous>)
            at callAsyncCircusFn (/Users/johnneed/Projects/gmc-shelters/node_modules/jest-circus/build/utils.js:231:10)
            at _callCircusTest (/Users/johnneed/Projects/gmc-shelters/node_modules/jest-circus/build/run.js:316:40)
            at _runTest (/Users/johnneed/Projects/gmc-shelters/node_modules/jest-circus/build/run.js:252:3)
            at _runTestsForDescribeBlock (/Users/johnneed/Projects/gmc-shelters/node_modules/jest-circus/build/run.js:126:9)
            at _runTestsForDescribeBlock (/Users/johnneed/Projects/gmc-shelters/node_modules/jest-circus/build/run.js:121:9)
            at run (/Users/johnneed/Projects/gmc-shelters/node_modules/jest-circus/build/run.js:71:3)
            at runAndTransformResultsToJestFormat (/Users/johnneed/Projects/gmc-shelters/node_modules/jest-circus/build/legacy-code-todo-rewrite/jestAdapterInit.js:122:21)
            at jestAdapter (/Users/johnneed/Projects/gmc-shelters/node_modules/jest-circus/build/legacy-code-todo-rewrite/jestAdapter.js:79:19)
            at runTestInternal (/Users/johnneed/Projects/gmc-shelters/node_modules/jest-runner/build/runTest.js:367:16)
            at runTest (/Users/johnneed/Projects/gmc-shelters/node_modules/jest-runner/build/runTest.js:444:34)
            at Object.worker (/Users/johnneed/Projects/gmc-shelters/node_modules/jest-runner/build/testWorker.js:106:12),
        type: 'unhandled exception'
      }

      523 |   it('grid: renders unchecked checkbox when include_in_post is false', async () => {
      524 |     const store = makeStore(makeShelter(), [makePhoto({ include_in_post: false })]);
    > 525 |     render(<Provider store={store}><PhotosTab /></Provider>);
          |           ^
      526 |     await waitFor(() => expect(screen.getByTestId('photo-card-1')).toBeInTheDocument());
      527 |     const cb = within(screen.getByTestId('photo-card-1')).getByRole('checkbox', { name: /include in post/i });
      528 |     expect(cb).not.toBeChecked();

      at VirtualConsole.<anonymous> (node_modules/jest-environment-jsdom/build/index.js:63:23)
      at reportException (node_modules/jsdom/lib/jsdom/living/helpers/runtime-script-errors.js:70:28)
      at innerInvokeEventListeners (node_modules/jsdom/lib/jsdom/living/events/EventTarget-impl.js:353:9)
      at invokeEventListeners (node_modules/jsdom/lib/jsdom/living/events/EventTarget-impl.js:286:3)
      at HTMLUnknownElementImpl._dispatch (node_modules/jsdom/lib/jsdom/living/events/EventTarget-impl.js:233:9)
      at HTMLUnknownElementImpl.dispatchEvent (node_modules/jsdom/lib/jsdom/living/events/EventTarget-impl.js:104:17)
      at HTMLUnknownElement.dispatchEvent (node_modules/jsdom/lib/jsdom/living/generated/EventTarget.js:241:34)
      at Object.invokeGuardedCallbackDev (node_modules/react-dom/cjs/react-dom.development.js:4213:16)
      at invokeGuardedCallback (node_modules/react-dom/cjs/react-dom.development.js:4277:31)
      at reportUncaughtErrorInDEV (node_modules/react-dom/cjs/react-dom.development.js:22877:5)
      at captureCommitPhaseError (node_modules/react-dom/cjs/react-dom.development.js:27165:5)
      at commitPassiveMountEffects_complete (node_modules/react-dom/cjs/react-dom.development.js:24932:9)
      at commitPassiveMountEffects_begin (node_modules/react-dom/cjs/react-dom.development.js:24917:7)
      at commitPassiveMountEffects (node_modules/react-dom/cjs/react-dom.development.js:24905:3)
      at flushPassiveEffectsImpl (node_modules/react-dom/cjs/react-dom.development.js:27078:3)
      at flushPassiveEffects (node_modules/react-dom/cjs/react-dom.development.js:27023:14)
      at performSyncWorkOnRoot (node_modules/react-dom/cjs/react-dom.development.js:26115:3)
      at flushSyncCallbacks (node_modules/react-dom/cjs/react-dom.development.js:12042:22)
      at commitRootImpl (node_modules/react-dom/cjs/react-dom.development.js:26998:3)
      at commitRoot (node_modules/react-dom/cjs/react-dom.development.js:26721:5)
      at finishConcurrentRender (node_modules/react-dom/cjs/react-dom.development.js:26020:9)
      at performConcurrentWorkOnRoot (node_modules/react-dom/cjs/react-dom.development.js:25848:7)
      at flushActQueue (node_modules/react/cjs/react.development.js:2667:24)
      at act (node_modules/react/cjs/react.development.js:2582:11)
      at node_modules/@testing-library/react/dist/act-compat.js:46:25
      at renderRoot (node_modules/@testing-library/react/dist/pure.js:189:26)
      at render (node_modules/@testing-library/react/dist/pure.js:291:10)
      at Object.<anonymous> (src/renderer/components/MainPane/tabs/PhotosTab.test.tsx:525:11)

    console.error
      The above error occurred in the <PhotoDetailPane> component:
      
          at PhotoDetailPane (/Users/johnneed/Projects/gmc-shelters/src/renderer/components/MainPane/tabs/PhotoDetailPane.tsx:39:3)
          at div
          at PhotosTab (/Users/johnneed/Projects/gmc-shelters/src/renderer/components/MainPane/tabs/PhotosTab.tsx:58:31)
          at Provider (/Users/johnneed/Projects/gmc-shelters/node_modules/react-redux/src/components/Provider.tsx:60:11)
      
      Consider adding an error boundary to your tree to customize error handling behavior.
      Visit https://reactjs.org/link/error-boundaries to learn more about error boundaries.

      523 |   it('grid: renders unchecked checkbox when include_in_post is false', async () => {
      524 |     const store = makeStore(makeShelter(), [makePhoto({ include_in_post: false })]);
    > 525 |     render(<Provider store={store}><PhotosTab /></Provider>);
          |           ^
      526 |     await waitFor(() => expect(screen.getByTestId('photo-card-1')).toBeInTheDocument());
      527 |     const cb = within(screen.getByTestId('photo-card-1')).getByRole('checkbox', { name: /include in post/i });
      528 |     expect(cb).not.toBeChecked();

      at logCapturedError (node_modules/react-dom/cjs/react-dom.development.js:18704:23)
      at update.callback (node_modules/react-dom/cjs/react-dom.development.js:18737:5)
      at callCallback (node_modules/react-dom/cjs/react-dom.development.js:15036:12)
      at commitUpdateQueue (node_modules/react-dom/cjs/react-dom.development.js:15057:9)
      at commitLayoutEffectOnFiber (node_modules/react-dom/cjs/react-dom.development.js:23430:13)
      at commitLayoutMountEffects_complete (node_modules/react-dom/cjs/react-dom.development.js:24727:9)
      at commitLayoutEffects_begin (node_modules/react-dom/cjs/react-dom.development.js:24713:7)
      at commitLayoutEffects (node_modules/react-dom/cjs/react-dom.development.js:24651:3)
      at commitRootImpl (node_modules/react-dom/cjs/react-dom.development.js:26862:5)
      at commitRoot (node_modules/react-dom/cjs/react-dom.development.js:26721:5)
      at performSyncWorkOnRoot (node_modules/react-dom/cjs/react-dom.development.js:26156:3)
      at flushSyncCallbacks (node_modules/react-dom/cjs/react-dom.development.js:12042:22)
      at commitRootImpl (node_modules/react-dom/cjs/react-dom.development.js:26998:3)
      at commitRoot (node_modules/react-dom/cjs/react-dom.development.js:26721:5)
      at finishConcurrentRender (node_modules/react-dom/cjs/react-dom.development.js:26020:9)
      at performConcurrentWorkOnRoot (node_modules/react-dom/cjs/react-dom.development.js:25848:7)
      at flushActQueue (node_modules/react/cjs/react.development.js:2667:24)
      at act (node_modules/react/cjs/react.development.js:2582:11)
      at node_modules/@testing-library/react/dist/act-compat.js:46:25
      at renderRoot (node_modules/@testing-library/react/dist/pure.js:189:26)
      at render (node_modules/@testing-library/react/dist/pure.js:291:10)
      at Object.<anonymous> (src/renderer/components/MainPane/tabs/PhotosTab.test.tsx:525:11)

    console.error
      Error: Uncaught [TypeError: fieldsRef.current?.scrollTo is not a function]
          at reportException (/Users/johnneed/Projects/gmc-shelters/node_modules/jsdom/lib/jsdom/living/helpers/runtime-script-errors.js:66:24)
          at innerInvokeEventListeners (/Users/johnneed/Projects/gmc-shelters/node_modules/jsdom/lib/jsdom/living/events/EventTarget-impl.js:353:9)
          at invokeEventListeners (/Users/johnneed/Projects/gmc-shelters/node_modules/jsdom/lib/jsdom/living/events/EventTarget-impl.js:286:3)
          at HTMLUnknownElementImpl._dispatch (/Users/johnneed/Projects/gmc-shelters/node_modules/jsdom/lib/jsdom/living/events/EventTarget-impl.js:233:9)
          at HTMLUnknownElementImpl.dispatchEvent (/Users/johnneed/Projects/gmc-shelters/node_modules/jsdom/lib/jsdom/living/events/EventTarget-impl.js:104:17)
          at HTMLUnknownElement.dispatchEvent (/Users/johnneed/Projects/gmc-shelters/node_modules/jsdom/lib/jsdom/living/generated/EventTarget.js:241:34)
          at Object.invokeGuardedCallbackDev (/Users/johnneed/Projects/gmc-shelters/node_modules/react-dom/cjs/react-dom.development.js:4213:16)
          at invokeGuardedCallback (/Users/johnneed/Projects/gmc-shelters/node_modules/react-dom/cjs/react-dom.development.js:4277:31)
          at reportUncaughtErrorInDEV (/Users/johnneed/Projects/gmc-shelters/node_modules/react-dom/cjs/react-dom.development.js:22877:5)
          at captureCommitPhaseError (/Users/johnneed/Projects/gmc-shelters/node_modules/react-dom/cjs/react-dom.development.js:27165:5)
          at commitPassiveMountEffects_complete (/Users/johnneed/Projects/gmc-shelters/node_modules/react-dom/cjs/react-dom.development.js:24932:9)
          at commitPassiveMountEffects_begin (/Users/johnneed/Projects/gmc-shelters/node_modules/react-dom/cjs/react-dom.development.js:24917:7)
          at commitPassiveMountEffects (/Users/johnneed/Projects/gmc-shelters/node_modules/react-dom/cjs/react-dom.development.js:24905:3)
          at flushPassiveEffectsImpl (/Users/johnneed/Projects/gmc-shelters/node_modules/react-dom/cjs/react-dom.development.js:27078:3)
          at flushPassiveEffects (/Users/johnneed/Projects/gmc-shelters/node_modules/react-dom/cjs/react-dom.development.js:27023:14)
          at performSyncWorkOnRoot (/Users/johnneed/Projects/gmc-shelters/node_modules/react-dom/cjs/react-dom.development.js:26115:3)
          at flushSyncCallbacks (/Users/johnneed/Projects/gmc-shelters/node_modules/react-dom/cjs/react-dom.development.js:12042:22)
          at commitRootImpl (/Users/johnneed/Projects/gmc-shelters/node_modules/react-dom/cjs/react-dom.development.js:26998:3)
          at commitRoot (/Users/johnneed/Projects/gmc-shelters/node_modules/react-dom/cjs/react-dom.development.js:26721:5)
          at finishConcurrentRender (/Users/johnneed/Projects/gmc-shelters/node_modules/react-dom/cjs/react-dom.development.js:26020:9)
          at performConcurrentWorkOnRoot (/Users/johnneed/Projects/gmc-shelters/node_modules/react-dom/cjs/react-dom.development.js:25848:7)
          at flushActQueue (/Users/johnneed/Projects/gmc-shelters/node_modules/react/cjs/react.development.js:2667:24)
          at act (/Users/johnneed/Projects/gmc-shelters/node_modules/react/cjs/react.development.js:2582:11)
          at /Users/johnneed/Projects/gmc-shelters/node_modules/@testing-library/react/dist/act-compat.js:46:25
          at renderRoot (/Users/johnneed/Projects/gmc-shelters/node_modules/@testing-library/react/dist/pure.js:189:26)
          at render (/Users/johnneed/Projects/gmc-shelters/node_modules/@testing-library/react/dist/pure.js:291:10)
          at Object.<anonymous> (/Users/johnneed/Projects/gmc-shelters/src/renderer/components/MainPane/tabs/PhotosTab.test.tsx:544:13)
          at Promise.then.completed (/Users/johnneed/Projects/gmc-shelters/node_modules/jest-circus/build/utils.js:298:28)
          at new Promise (<anonymous>)
          at callAsyncCircusFn (/Users/johnneed/Projects/gmc-shelters/node_modules/jest-circus/build/utils.js:231:10)
          at _callCircusTest (/Users/johnneed/Projects/gmc-shelters/node_modules/jest-circus/build/run.js:316:40)
          at _runTest (/Users/johnneed/Projects/gmc-shelters/node_modules/jest-circus/build/run.js:252:3)
          at _runTestsForDescribeBlock (/Users/johnneed/Projects/gmc-shelters/node_modules/jest-circus/build/run.js:126:9)
          at _runTestsForDescribeBlock (/Users/johnneed/Projects/gmc-shelters/node_modules/jest-circus/build/run.js:121:9)
          at _runTestsForDescribeBlock (/Users/johnneed/Projects/gmc-shelters/node_modules/jest-circus/build/run.js:121:9)
          at run (/Users/johnneed/Projects/gmc-shelters/node_modules/jest-circus/build/run.js:71:3)
          at runAndTransformResultsToJestFormat (/Users/johnneed/Projects/gmc-shelters/node_modules/jest-circus/build/legacy-code-todo-rewrite/jestAdapterInit.js:122:21)
          at jestAdapter (/Users/johnneed/Projects/gmc-shelters/node_modules/jest-circus/build/legacy-code-todo-rewrite/jestAdapter.js:79:19)
          at runTestInternal (/Users/johnneed/Projects/gmc-shelters/node_modules/jest-runner/build/runTest.js:367:16)
          at runTest (/Users/johnneed/Projects/gmc-shelters/node_modules/jest-runner/build/runTest.js:444:34)
          at Object.worker (/Users/johnneed/Projects/gmc-shelters/node_modules/jest-runner/build/testWorker.js:106:12) {
        detail: TypeError: fieldsRef.current?.scrollTo is not a function
            at /Users/johnneed/Projects/gmc-shelters/src/renderer/components/MainPane/tabs/PhotoDetailPane.tsx:49:24
            at commitHookEffectListMount (/Users/johnneed/Projects/gmc-shelters/node_modules/react-dom/cjs/react-dom.development.js:23189:26)
            at commitPassiveMountOnFiber (/Users/johnneed/Projects/gmc-shelters/node_modules/react-dom/cjs/react-dom.development.js:24970:11)
            at commitPassiveMountEffects_complete (/Users/johnneed/Projects/gmc-shelters/node_modules/react-dom/cjs/react-dom.development.js:24930:9)
            at commitPassiveMountEffects_begin (/Users/johnneed/Projects/gmc-shelters/node_modules/react-dom/cjs/react-dom.development.js:24917:7)
            at commitPassiveMountEffects (/Users/johnneed/Projects/gmc-shelters/node_modules/react-dom/cjs/react-dom.development.js:24905:3)
            at flushPassiveEffectsImpl (/Users/johnneed/Projects/gmc-shelters/node_modules/react-dom/cjs/react-dom.development.js:27078:3)
            at flushPassiveEffects (/Users/johnneed/Projects/gmc-shelters/node_modules/react-dom/cjs/react-dom.development.js:27023:14)
            at performSyncWorkOnRoot (/Users/johnneed/Projects/gmc-shelters/node_modules/react-dom/cjs/react-dom.development.js:26115:3)
            at flushSyncCallbacks (/Users/johnneed/Projects/gmc-shelters/node_modules/react-dom/cjs/react-dom.development.js:12042:22)
            at commitRootImpl (/Users/johnneed/Projects/gmc-shelters/node_modules/react-dom/cjs/react-dom.development.js:26998:3)
            at commitRoot (/Users/johnneed/Projects/gmc-shelters/node_modules/react-dom/cjs/react-dom.development.js:26721:5)
            at finishConcurrentRender (/Users/johnneed/Projects/gmc-shelters/node_modules/react-dom/cjs/react-dom.development.js:26020:9)
            at performConcurrentWorkOnRoot (/Users/johnneed/Projects/gmc-shelters/node_modules/react-dom/cjs/react-dom.development.js:25848:7)
            at flushActQueue (/Users/johnneed/Projects/gmc-shelters/node_modules/react/cjs/react.development.js:2667:24)
            at act (/Users/johnneed/Projects/gmc-shelters/node_modules/react/cjs/react.development.js:2582:11)
            at /Users/johnneed/Projects/gmc-shelters/node_modules/@testing-library/react/dist/act-compat.js:46:25
            at renderRoot (/Users/johnneed/Projects/gmc-shelters/node_modules/@testing-library/react/dist/pure.js:189:26)
            at render (/Users/johnneed/Projects/gmc-shelters/node_modules/@testing-library/react/dist/pure.js:291:10)
            at Object.<anonymous> (/Users/johnneed/Projects/gmc-shelters/src/renderer/components/MainPane/tabs/PhotosTab.test.tsx:544:13)
            at Promise.then.completed (/Users/johnneed/Projects/gmc-shelters/node_modules/jest-circus/build/utils.js:298:28)
            at new Promise (<anonymous>)
            at callAsyncCircusFn (/Users/johnneed/Projects/gmc-shelters/node_modules/jest-circus/build/utils.js:231:10)
            at _callCircusTest (/Users/johnneed/Projects/gmc-shelters/node_modules/jest-circus/build/run.js:316:40)
            at _runTest (/Users/johnneed/Projects/gmc-shelters/node_modules/jest-circus/build/run.js:252:3)
            at _runTestsForDescribeBlock (/Users/johnneed/Projects/gmc-shelters/node_modules/jest-circus/build/run.js:126:9)
            at _runTestsForDescribeBlock (/Users/johnneed/Projects/gmc-shelters/node_modules/jest-circus/build/run.js:121:9)
            at _runTestsForDescribeBlock (/Users/johnneed/Projects/gmc-shelters/node_modules/jest-circus/build/run.js:121:9)
            at run (/Users/johnneed/Projects/gmc-shelters/node_modules/jest-circus/build/run.js:71:3)
            at runAndTransformResultsToJestFormat (/Users/johnneed/Projects/gmc-shelters/node_modules/jest-circus/build/legacy-code-todo-rewrite/jestAdapterInit.js:122:21)
            at jestAdapter (/Users/johnneed/Projects/gmc-shelters/node_modules/jest-circus/build/legacy-code-todo-rewrite/jestAdapter.js:79:19)
            at runTestInternal (/Users/johnneed/Projects/gmc-shelters/node_modules/jest-runner/build/runTest.js:367:16)
            at runTest (/Users/johnneed/Projects/gmc-shelters/node_modules/jest-runner/build/runTest.js:444:34)
            at Object.worker (/Users/johnneed/Projects/gmc-shelters/node_modules/jest-runner/build/testWorker.js:106:12),
        type: 'unhandled exception'
      }

      542 |     it('grid: renders photos as sortable cards in order', async () => {
      543 |       const store = makeStore(makeShelter(), threePhotos());
    > 544 |       render(<Provider store={store}><PhotosTab /></Provider>);
          |             ^
      545 |
      546 |       const cards = await screen.findAllByTestId(/^photo-card-/);
      547 |       expect(cards.map((c) => c.getAttribute('data-testid'))).toEqual([

      at VirtualConsole.<anonymous> (node_modules/jest-environment-jsdom/build/index.js:63:23)
      at reportException (node_modules/jsdom/lib/jsdom/living/helpers/runtime-script-errors.js:70:28)
      at innerInvokeEventListeners (node_modules/jsdom/lib/jsdom/living/events/EventTarget-impl.js:353:9)
      at invokeEventListeners (node_modules/jsdom/lib/jsdom/living/events/EventTarget-impl.js:286:3)
      at HTMLUnknownElementImpl._dispatch (node_modules/jsdom/lib/jsdom/living/events/EventTarget-impl.js:233:9)
      at HTMLUnknownElementImpl.dispatchEvent (node_modules/jsdom/lib/jsdom/living/events/EventTarget-impl.js:104:17)
      at HTMLUnknownElement.dispatchEvent (node_modules/jsdom/lib/jsdom/living/generated/EventTarget.js:241:34)
      at Object.invokeGuardedCallbackDev (node_modules/react-dom/cjs/react-dom.development.js:4213:16)
      at invokeGuardedCallback (node_modules/react-dom/cjs/react-dom.development.js:4277:31)
      at reportUncaughtErrorInDEV (node_modules/react-dom/cjs/react-dom.development.js:22877:5)
      at captureCommitPhaseError (node_modules/react-dom/cjs/react-dom.development.js:27165:5)
      at commitPassiveMountEffects_complete (node_modules/react-dom/cjs/react-dom.development.js:24932:9)
      at commitPassiveMountEffects_begin (node_modules/react-dom/cjs/react-dom.development.js:24917:7)
      at commitPassiveMountEffects (node_modules/react-dom/cjs/react-dom.development.js:24905:3)
      at flushPassiveEffectsImpl (node_modules/react-dom/cjs/react-dom.development.js:27078:3)
      at flushPassiveEffects (node_modules/react-dom/cjs/react-dom.development.js:27023:14)
      at performSyncWorkOnRoot (node_modules/react-dom/cjs/react-dom.development.js:26115:3)
      at flushSyncCallbacks (node_modules/react-dom/cjs/react-dom.development.js:12042:22)
      at commitRootImpl (node_modules/react-dom/cjs/react-dom.development.js:26998:3)
      at commitRoot (node_modules/react-dom/cjs/react-dom.development.js:26721:5)
      at finishConcurrentRender (node_modules/react-dom/cjs/react-dom.development.js:26020:9)
      at performConcurrentWorkOnRoot (node_modules/react-dom/cjs/react-dom.development.js:25848:7)
      at flushActQueue (node_modules/react/cjs/react.development.js:2667:24)
      at act (node_modules/react/cjs/react.development.js:2582:11)
      at node_modules/@testing-library/react/dist/act-compat.js:46:25
      at renderRoot (node_modules/@testing-library/react/dist/pure.js:189:26)
      at render (node_modules/@testing-library/react/dist/pure.js:291:10)
      at Object.<anonymous> (src/renderer/components/MainPane/tabs/PhotosTab.test.tsx:544:13)

    console.error
      The above error occurred in the <PhotoDetailPane> component:
      
          at PhotoDetailPane (/Users/johnneed/Projects/gmc-shelters/src/renderer/components/MainPane/tabs/PhotoDetailPane.tsx:39:3)
          at div
          at PhotosTab (/Users/johnneed/Projects/gmc-shelters/src/renderer/components/MainPane/tabs/PhotosTab.tsx:58:31)
          at Provider (/Users/johnneed/Projects/gmc-shelters/node_modules/react-redux/src/components/Provider.tsx:60:11)
      
      Consider adding an error boundary to your tree to customize error handling behavior.
      Visit https://reactjs.org/link/error-boundaries to learn more about error boundaries.

      542 |     it('grid: renders photos as sortable cards in order', async () => {
      543 |       const store = makeStore(makeShelter(), threePhotos());
    > 544 |       render(<Provider store={store}><PhotosTab /></Provider>);
          |             ^
      545 |
      546 |       const cards = await screen.findAllByTestId(/^photo-card-/);
      547 |       expect(cards.map((c) => c.getAttribute('data-testid'))).toEqual([

      at logCapturedError (node_modules/react-dom/cjs/react-dom.development.js:18704:23)
      at update.callback (node_modules/react-dom/cjs/react-dom.development.js:18737:5)
      at callCallback (node_modules/react-dom/cjs/react-dom.development.js:15036:12)
      at commitUpdateQueue (node_modules/react-dom/cjs/react-dom.development.js:15057:9)
      at commitLayoutEffectOnFiber (node_modules/react-dom/cjs/react-dom.development.js:23430:13)
      at commitLayoutMountEffects_complete (node_modules/react-dom/cjs/react-dom.development.js:24727:9)
      at commitLayoutEffects_begin (node_modules/react-dom/cjs/react-dom.development.js:24713:7)
      at commitLayoutEffects (node_modules/react-dom/cjs/react-dom.development.js:24651:3)
      at commitRootImpl (node_modules/react-dom/cjs/react-dom.development.js:26862:5)
      at commitRoot (node_modules/react-dom/cjs/react-dom.development.js:26721:5)
      at performSyncWorkOnRoot (node_modules/react-dom/cjs/react-dom.development.js:26156:3)
      at flushSyncCallbacks (node_modules/react-dom/cjs/react-dom.development.js:12042:22)
      at commitRootImpl (node_modules/react-dom/cjs/react-dom.development.js:26998:3)
      at commitRoot (node_modules/react-dom/cjs/react-dom.development.js:26721:5)
      at finishConcurrentRender (node_modules/react-dom/cjs/react-dom.development.js:26020:9)
      at performConcurrentWorkOnRoot (node_modules/react-dom/cjs/react-dom.development.js:25848:7)
      at flushActQueue (node_modules/react/cjs/react.development.js:2667:24)
      at act (node_modules/react/cjs/react.development.js:2582:11)
      at node_modules/@testing-library/react/dist/act-compat.js:46:25
      at renderRoot (node_modules/@testing-library/react/dist/pure.js:189:26)
      at render (node_modules/@testing-library/react/dist/pure.js:291:10)
      at Object.<anonymous> (src/renderer/components/MainPane/tabs/PhotosTab.test.tsx:544:13)

    console.error
      Error: Uncaught [TypeError: fieldsRef.current?.scrollTo is not a function]
          at reportException (/Users/johnneed/Projects/gmc-shelters/node_modules/jsdom/lib/jsdom/living/helpers/runtime-script-errors.js:66:24)
          at innerInvokeEventListeners (/Users/johnneed/Projects/gmc-shelters/node_modules/jsdom/lib/jsdom/living/events/EventTarget-impl.js:353:9)
          at invokeEventListeners (/Users/johnneed/Projects/gmc-shelters/node_modules/jsdom/lib/jsdom/living/events/EventTarget-impl.js:286:3)
          at HTMLUnknownElementImpl._dispatch (/Users/johnneed/Projects/gmc-shelters/node_modules/jsdom/lib/jsdom/living/events/EventTarget-impl.js:233:9)
          at HTMLUnknownElementImpl.dispatchEvent (/Users/johnneed/Projects/gmc-shelters/node_modules/jsdom/lib/jsdom/living/events/EventTarget-impl.js:104:17)
          at HTMLUnknownElement.dispatchEvent (/Users/johnneed/Projects/gmc-shelters/node_modules/jsdom/lib/jsdom/living/generated/EventTarget.js:241:34)
          at Object.invokeGuardedCallbackDev (/Users/johnneed/Projects/gmc-shelters/node_modules/react-dom/cjs/react-dom.development.js:4213:16)
          at invokeGuardedCallback (/Users/johnneed/Projects/gmc-shelters/node_modules/react-dom/cjs/react-dom.development.js:4277:31)
          at reportUncaughtErrorInDEV (/Users/johnneed/Projects/gmc-shelters/node_modules/react-dom/cjs/react-dom.development.js:22877:5)
          at captureCommitPhaseError (/Users/johnneed/Projects/gmc-shelters/node_modules/react-dom/cjs/react-dom.development.js:27165:5)
          at commitPassiveMountEffects_complete (/Users/johnneed/Projects/gmc-shelters/node_modules/react-dom/cjs/react-dom.development.js:24932:9)
          at commitPassiveMountEffects_begin (/Users/johnneed/Projects/gmc-shelters/node_modules/react-dom/cjs/react-dom.development.js:24917:7)
          at commitPassiveMountEffects (/Users/johnneed/Projects/gmc-shelters/node_modules/react-dom/cjs/react-dom.development.js:24905:3)
          at flushPassiveEffectsImpl (/Users/johnneed/Projects/gmc-shelters/node_modules/react-dom/cjs/react-dom.development.js:27078:3)
          at flushPassiveEffects (/Users/johnneed/Projects/gmc-shelters/node_modules/react-dom/cjs/react-dom.development.js:27023:14)
          at performSyncWorkOnRoot (/Users/johnneed/Projects/gmc-shelters/node_modules/react-dom/cjs/react-dom.development.js:26115:3)
          at flushSyncCallbacks (/Users/johnneed/Projects/gmc-shelters/node_modules/react-dom/cjs/react-dom.development.js:12042:22)
          at commitRootImpl (/Users/johnneed/Projects/gmc-shelters/node_modules/react-dom/cjs/react-dom.development.js:26998:3)
          at commitRoot (/Users/johnneed/Projects/gmc-shelters/node_modules/react-dom/cjs/react-dom.development.js:26721:5)
          at finishConcurrentRender (/Users/johnneed/Projects/gmc-shelters/node_modules/react-dom/cjs/react-dom.development.js:26020:9)
          at performConcurrentWorkOnRoot (/Users/johnneed/Projects/gmc-shelters/node_modules/react-dom/cjs/react-dom.development.js:25848:7)
          at flushActQueue (/Users/johnneed/Projects/gmc-shelters/node_modules/react/cjs/react.development.js:2667:24)
          at act (/Users/johnneed/Projects/gmc-shelters/node_modules/react/cjs/react.development.js:2582:11)
          at /Users/johnneed/Projects/gmc-shelters/node_modules/@testing-library/react/dist/act-compat.js:46:25
          at renderRoot (/Users/johnneed/Projects/gmc-shelters/node_modules/@testing-library/react/dist/pure.js:189:26)
          at render (/Users/johnneed/Projects/gmc-shelters/node_modules/@testing-library/react/dist/pure.js:291:10)
          at Object.<anonymous> (/Users/johnneed/Projects/gmc-shelters/src/renderer/components/MainPane/tabs/PhotosTab.test.tsx:555:13)
          at Promise.then.completed (/Users/johnneed/Projects/gmc-shelters/node_modules/jest-circus/build/utils.js:298:28)
          at new Promise (<anonymous>)
          at callAsyncCircusFn (/Users/johnneed/Projects/gmc-shelters/node_modules/jest-circus/build/utils.js:231:10)
          at _callCircusTest (/Users/johnneed/Projects/gmc-shelters/node_modules/jest-circus/build/run.js:316:40)
          at _runTest (/Users/johnneed/Projects/gmc-shelters/node_modules/jest-circus/build/run.js:252:3)
          at _runTestsForDescribeBlock (/Users/johnneed/Projects/gmc-shelters/node_modules/jest-circus/build/run.js:126:9)
          at _runTestsForDescribeBlock (/Users/johnneed/Projects/gmc-shelters/node_modules/jest-circus/build/run.js:121:9)
          at _runTestsForDescribeBlock (/Users/johnneed/Projects/gmc-shelters/node_modules/jest-circus/build/run.js:121:9)
          at run (/Users/johnneed/Projects/gmc-shelters/node_modules/jest-circus/build/run.js:71:3)
          at runAndTransformResultsToJestFormat (/Users/johnneed/Projects/gmc-shelters/node_modules/jest-circus/build/legacy-code-todo-rewrite/jestAdapterInit.js:122:21)
          at jestAdapter (/Users/johnneed/Projects/gmc-shelters/node_modules/jest-circus/build/legacy-code-todo-rewrite/jestAdapter.js:79:19)
          at runTestInternal (/Users/johnneed/Projects/gmc-shelters/node_modules/jest-runner/build/runTest.js:367:16)
          at runTest (/Users/johnneed/Projects/gmc-shelters/node_modules/jest-runner/build/runTest.js:444:34)
          at Object.worker (/Users/johnneed/Projects/gmc-shelters/node_modules/jest-runner/build/testWorker.js:106:12) {
        detail: TypeError: fieldsRef.current?.scrollTo is not a function
            at /Users/johnneed/Projects/gmc-shelters/src/renderer/components/MainPane/tabs/PhotoDetailPane.tsx:49:24
            at commitHookEffectListMount (/Users/johnneed/Projects/gmc-shelters/node_modules/react-dom/cjs/react-dom.development.js:23189:26)
            at commitPassiveMountOnFiber (/Users/johnneed/Projects/gmc-shelters/node_modules/react-dom/cjs/react-dom.development.js:24970:11)
            at commitPassiveMountEffects_complete (/Users/johnneed/Projects/gmc-shelters/node_modules/react-dom/cjs/react-dom.development.js:24930:9)
            at commitPassiveMountEffects_begin (/Users/johnneed/Projects/gmc-shelters/node_modules/react-dom/cjs/react-dom.development.js:24917:7)
            at commitPassiveMountEffects (/Users/johnneed/Projects/gmc-shelters/node_modules/react-dom/cjs/react-dom.development.js:24905:3)
            at flushPassiveEffectsImpl (/Users/johnneed/Projects/gmc-shelters/node_modules/react-dom/cjs/react-dom.development.js:27078:3)
            at flushPassiveEffects (/Users/johnneed/Projects/gmc-shelters/node_modules/react-dom/cjs/react-dom.development.js:27023:14)
            at performSyncWorkOnRoot (/Users/johnneed/Projects/gmc-shelters/node_modules/react-dom/cjs/react-dom.development.js:26115:3)
            at flushSyncCallbacks (/Users/johnneed/Projects/gmc-shelters/node_modules/react-dom/cjs/react-dom.development.js:12042:22)
            at commitRootImpl (/Users/johnneed/Projects/gmc-shelters/node_modules/react-dom/cjs/react-dom.development.js:26998:3)
            at commitRoot (/Users/johnneed/Projects/gmc-shelters/node_modules/react-dom/cjs/react-dom.development.js:26721:5)
            at finishConcurrentRender (/Users/johnneed/Projects/gmc-shelters/node_modules/react-dom/cjs/react-dom.development.js:26020:9)
            at performConcurrentWorkOnRoot (/Users/johnneed/Projects/gmc-shelters/node_modules/react-dom/cjs/react-dom.development.js:25848:7)
            at flushActQueue (/Users/johnneed/Projects/gmc-shelters/node_modules/react/cjs/react.development.js:2667:24)
            at act (/Users/johnneed/Projects/gmc-shelters/node_modules/react/cjs/react.development.js:2582:11)
            at /Users/johnneed/Projects/gmc-shelters/node_modules/@testing-library/react/dist/act-compat.js:46:25
            at renderRoot (/Users/johnneed/Projects/gmc-shelters/node_modules/@testing-library/react/dist/pure.js:189:26)
            at render (/Users/johnneed/Projects/gmc-shelters/node_modules/@testing-library/react/dist/pure.js:291:10)
            at Object.<anonymous> (/Users/johnneed/Projects/gmc-shelters/src/renderer/components/MainPane/tabs/PhotosTab.test.tsx:555:13)
            at Promise.then.completed (/Users/johnneed/Projects/gmc-shelters/node_modules/jest-circus/build/utils.js:298:28)
            at new Promise (<anonymous>)
            at callAsyncCircusFn (/Users/johnneed/Projects/gmc-shelters/node_modules/jest-circus/build/utils.js:231:10)
            at _callCircusTest (/Users/johnneed/Projects/gmc-shelters/node_modules/jest-circus/build/run.js:316:40)
            at _runTest (/Users/johnneed/Projects/gmc-shelters/node_modules/jest-circus/build/run.js:252:3)
            at _runTestsForDescribeBlock (/Users/johnneed/Projects/gmc-shelters/node_modules/jest-circus/build/run.js:126:9)
            at _runTestsForDescribeBlock (/Users/johnneed/Projects/gmc-shelters/node_modules/jest-circus/build/run.js:121:9)
            at _runTestsForDescribeBlock (/Users/johnneed/Projects/gmc-shelters/node_modules/jest-circus/build/run.js:121:9)
            at run (/Users/johnneed/Projects/gmc-shelters/node_modules/jest-circus/build/run.js:71:3)
            at runAndTransformResultsToJestFormat (/Users/johnneed/Projects/gmc-shelters/node_modules/jest-circus/build/legacy-code-todo-rewrite/jestAdapterInit.js:122:21)
            at jestAdapter (/Users/johnneed/Projects/gmc-shelters/node_modules/jest-circus/build/legacy-code-todo-rewrite/jestAdapter.js:79:19)
            at runTestInternal (/Users/johnneed/Projects/gmc-shelters/node_modules/jest-runner/build/runTest.js:367:16)
            at runTest (/Users/johnneed/Projects/gmc-shelters/node_modules/jest-runner/build/runTest.js:444:34)
            at Object.worker (/Users/johnneed/Projects/gmc-shelters/node_modules/jest-runner/build/testWorker.js:106:12),
        type: 'unhandled exception'
      }

      553 |     it('list: renders rows as sortable items in order', async () => {
      554 |       const store = makeStore(makeShelter(), threePhotos());
    > 555 |       render(<Provider store={store}><PhotosTab /></Provider>);
          |             ^
      556 |       fireEvent.click(screen.getByRole('button', { name: /list/i }));
      557 |
      558 |       const rows = await screen.findAllByTestId(/^list-row-/);

      at VirtualConsole.<anonymous> (node_modules/jest-environment-jsdom/build/index.js:63:23)
      at reportException (node_modules/jsdom/lib/jsdom/living/helpers/runtime-script-errors.js:70:28)
      at innerInvokeEventListeners (node_modules/jsdom/lib/jsdom/living/events/EventTarget-impl.js:353:9)
      at invokeEventListeners (node_modules/jsdom/lib/jsdom/living/events/EventTarget-impl.js:286:3)
      at HTMLUnknownElementImpl._dispatch (node_modules/jsdom/lib/jsdom/living/events/EventTarget-impl.js:233:9)
      at HTMLUnknownElementImpl.dispatchEvent (node_modules/jsdom/lib/jsdom/living/events/EventTarget-impl.js:104:17)
      at HTMLUnknownElement.dispatchEvent (node_modules/jsdom/lib/jsdom/living/generated/EventTarget.js:241:34)
      at Object.invokeGuardedCallbackDev (node_modules/react-dom/cjs/react-dom.development.js:4213:16)
      at invokeGuardedCallback (node_modules/react-dom/cjs/react-dom.development.js:4277:31)
      at reportUncaughtErrorInDEV (node_modules/react-dom/cjs/react-dom.development.js:22877:5)
      at captureCommitPhaseError (node_modules/react-dom/cjs/react-dom.development.js:27165:5)
      at commitPassiveMountEffects_complete (node_modules/react-dom/cjs/react-dom.development.js:24932:9)
      at commitPassiveMountEffects_begin (node_modules/react-dom/cjs/react-dom.development.js:24917:7)
      at commitPassiveMountEffects (node_modules/react-dom/cjs/react-dom.development.js:24905:3)
      at flushPassiveEffectsImpl (node_modules/react-dom/cjs/react-dom.development.js:27078:3)
      at flushPassiveEffects (node_modules/react-dom/cjs/react-dom.development.js:27023:14)
      at performSyncWorkOnRoot (node_modules/react-dom/cjs/react-dom.development.js:26115:3)
      at flushSyncCallbacks (node_modules/react-dom/cjs/react-dom.development.js:12042:22)
      at commitRootImpl (node_modules/react-dom/cjs/react-dom.development.js:26998:3)
      at commitRoot (node_modules/react-dom/cjs/react-dom.development.js:26721:5)
      at finishConcurrentRender (node_modules/react-dom/cjs/react-dom.development.js:26020:9)
      at performConcurrentWorkOnRoot (node_modules/react-dom/cjs/react-dom.development.js:25848:7)
      at flushActQueue (node_modules/react/cjs/react.development.js:2667:24)
      at act (node_modules/react/cjs/react.development.js:2582:11)
      at node_modules/@testing-library/react/dist/act-compat.js:46:25
      at renderRoot (node_modules/@testing-library/react/dist/pure.js:189:26)
      at render (node_modules/@testing-library/react/dist/pure.js:291:10)
      at Object.<anonymous> (src/renderer/components/MainPane/tabs/PhotosTab.test.tsx:555:13)

    console.error
      The above error occurred in the <PhotoDetailPane> component:
      
          at PhotoDetailPane (/Users/johnneed/Projects/gmc-shelters/src/renderer/components/MainPane/tabs/PhotoDetailPane.tsx:39:3)
          at div
          at PhotosTab (/Users/johnneed/Projects/gmc-shelters/src/renderer/components/MainPane/tabs/PhotosTab.tsx:58:31)
          at Provider (/Users/johnneed/Projects/gmc-shelters/node_modules/react-redux/src/components/Provider.tsx:60:11)
      
      Consider adding an error boundary to your tree to customize error handling behavior.
      Visit https://reactjs.org/link/error-boundaries to learn more about error boundaries.

      553 |     it('list: renders rows as sortable items in order', async () => {
      554 |       const store = makeStore(makeShelter(), threePhotos());
    > 555 |       render(<Provider store={store}><PhotosTab /></Provider>);
          |             ^
      556 |       fireEvent.click(screen.getByRole('button', { name: /list/i }));
      557 |
      558 |       const rows = await screen.findAllByTestId(/^list-row-/);

      at logCapturedError (node_modules/react-dom/cjs/react-dom.development.js:18704:23)
      at update.callback (node_modules/react-dom/cjs/react-dom.development.js:18737:5)
      at callCallback (node_modules/react-dom/cjs/react-dom.development.js:15036:12)
      at commitUpdateQueue (node_modules/react-dom/cjs/react-dom.development.js:15057:9)
      at commitLayoutEffectOnFiber (node_modules/react-dom/cjs/react-dom.development.js:23430:13)
      at commitLayoutMountEffects_complete (node_modules/react-dom/cjs/react-dom.development.js:24727:9)
      at commitLayoutEffects_begin (node_modules/react-dom/cjs/react-dom.development.js:24713:7)
      at commitLayoutEffects (node_modules/react-dom/cjs/react-dom.development.js:24651:3)
      at commitRootImpl (node_modules/react-dom/cjs/react-dom.development.js:26862:5)
      at commitRoot (node_modules/react-dom/cjs/react-dom.development.js:26721:5)
      at performSyncWorkOnRoot (node_modules/react-dom/cjs/react-dom.development.js:26156:3)
      at flushSyncCallbacks (node_modules/react-dom/cjs/react-dom.development.js:12042:22)
      at commitRootImpl (node_modules/react-dom/cjs/react-dom.development.js:26998:3)
      at commitRoot (node_modules/react-dom/cjs/react-dom.development.js:26721:5)
      at finishConcurrentRender (node_modules/react-dom/cjs/react-dom.development.js:26020:9)
      at performConcurrentWorkOnRoot (node_modules/react-dom/cjs/react-dom.development.js:25848:7)
      at flushActQueue (node_modules/react/cjs/react.development.js:2667:24)
      at act (node_modules/react/cjs/react.development.js:2582:11)
      at node_modules/@testing-library/react/dist/act-compat.js:46:25
      at renderRoot (node_modules/@testing-library/react/dist/pure.js:189:26)
      at render (node_modules/@testing-library/react/dist/pure.js:291:10)
      at Object.<anonymous> (src/renderer/components/MainPane/tabs/PhotosTab.test.tsx:555:13)

    console.error
      Error: Uncaught [TypeError: fieldsRef.current?.scrollTo is not a function]
          at reportException (/Users/johnneed/Projects/gmc-shelters/node_modules/jsdom/lib/jsdom/living/helpers/runtime-script-errors.js:66:24)
          at innerInvokeEventListeners (/Users/johnneed/Projects/gmc-shelters/node_modules/jsdom/lib/jsdom/living/events/EventTarget-impl.js:353:9)
          at invokeEventListeners (/Users/johnneed/Projects/gmc-shelters/node_modules/jsdom/lib/jsdom/living/events/EventTarget-impl.js:286:3)
          at HTMLUnknownElementImpl._dispatch (/Users/johnneed/Projects/gmc-shelters/node_modules/jsdom/lib/jsdom/living/events/EventTarget-impl.js:233:9)
          at HTMLUnknownElementImpl.dispatchEvent (/Users/johnneed/Projects/gmc-shelters/node_modules/jsdom/lib/jsdom/living/events/EventTarget-impl.js:104:17)
          at HTMLUnknownElement.dispatchEvent (/Users/johnneed/Projects/gmc-shelters/node_modules/jsdom/lib/jsdom/living/generated/EventTarget.js:241:34)
          at Object.invokeGuardedCallbackDev (/Users/johnneed/Projects/gmc-shelters/node_modules/react-dom/cjs/react-dom.development.js:4213:16)
          at invokeGuardedCallback (/Users/johnneed/Projects/gmc-shelters/node_modules/react-dom/cjs/react-dom.development.js:4277:31)
          at reportUncaughtErrorInDEV (/Users/johnneed/Projects/gmc-shelters/node_modules/react-dom/cjs/react-dom.development.js:22877:5)
          at captureCommitPhaseError (/Users/johnneed/Projects/gmc-shelters/node_modules/react-dom/cjs/react-dom.development.js:27165:5)
          at commitPassiveMountEffects_complete (/Users/johnneed/Projects/gmc-shelters/node_modules/react-dom/cjs/react-dom.development.js:24932:9)
          at commitPassiveMountEffects_begin (/Users/johnneed/Projects/gmc-shelters/node_modules/react-dom/cjs/react-dom.development.js:24917:7)
          at commitPassiveMountEffects (/Users/johnneed/Projects/gmc-shelters/node_modules/react-dom/cjs/react-dom.development.js:24905:3)
          at flushPassiveEffectsImpl (/Users/johnneed/Projects/gmc-shelters/node_modules/react-dom/cjs/react-dom.development.js:27078:3)
          at flushPassiveEffects (/Users/johnneed/Projects/gmc-shelters/node_modules/react-dom/cjs/react-dom.development.js:27023:14)
          at performSyncWorkOnRoot (/Users/johnneed/Projects/gmc-shelters/node_modules/react-dom/cjs/react-dom.development.js:26115:3)
          at flushSyncCallbacks (/Users/johnneed/Projects/gmc-shelters/node_modules/react-dom/cjs/react-dom.development.js:12042:22)
          at commitRootImpl (/Users/johnneed/Projects/gmc-shelters/node_modules/react-dom/cjs/react-dom.development.js:26998:3)
          at commitRoot (/Users/johnneed/Projects/gmc-shelters/node_modules/react-dom/cjs/react-dom.development.js:26721:5)
          at finishConcurrentRender (/Users/johnneed/Projects/gmc-shelters/node_modules/react-dom/cjs/react-dom.development.js:26020:9)
          at performConcurrentWorkOnRoot (/Users/johnneed/Projects/gmc-shelters/node_modules/react-dom/cjs/react-dom.development.js:25848:7)
          at flushActQueue (/Users/johnneed/Projects/gmc-shelters/node_modules/react/cjs/react.development.js:2667:24)
          at act (/Users/johnneed/Projects/gmc-shelters/node_modules/react/cjs/react.development.js:2582:11)
          at /Users/johnneed/Projects/gmc-shelters/node_modules/@testing-library/react/dist/act-compat.js:46:25
          at renderRoot (/Users/johnneed/Projects/gmc-shelters/node_modules/@testing-library/react/dist/pure.js:189:26)
          at render (/Users/johnneed/Projects/gmc-shelters/node_modules/@testing-library/react/dist/pure.js:291:10)
          at Object.<anonymous> (/Users/johnneed/Projects/gmc-shelters/src/renderer/components/MainPane/tabs/PhotosTab.test.tsx:569:11)
          at Promise.then.completed (/Users/johnneed/Projects/gmc-shelters/node_modules/jest-circus/build/utils.js:298:28)
          at new Promise (<anonymous>)
          at callAsyncCircusFn (/Users/johnneed/Projects/gmc-shelters/node_modules/jest-circus/build/utils.js:231:10)
          at _callCircusTest (/Users/johnneed/Projects/gmc-shelters/node_modules/jest-circus/build/run.js:316:40)
          at _runTest (/Users/johnneed/Projects/gmc-shelters/node_modules/jest-circus/build/run.js:252:3)
          at _runTestsForDescribeBlock (/Users/johnneed/Projects/gmc-shelters/node_modules/jest-circus/build/run.js:126:9)
          at _runTestsForDescribeBlock (/Users/johnneed/Projects/gmc-shelters/node_modules/jest-circus/build/run.js:121:9)
          at run (/Users/johnneed/Projects/gmc-shelters/node_modules/jest-circus/build/run.js:71:3)
          at runAndTransformResultsToJestFormat (/Users/johnneed/Projects/gmc-shelters/node_modules/jest-circus/build/legacy-code-todo-rewrite/jestAdapterInit.js:122:21)
          at jestAdapter (/Users/johnneed/Projects/gmc-shelters/node_modules/jest-circus/build/legacy-code-todo-rewrite/jestAdapter.js:79:19)
          at runTestInternal (/Users/johnneed/Projects/gmc-shelters/node_modules/jest-runner/build/runTest.js:367:16)
          at runTest (/Users/johnneed/Projects/gmc-shelters/node_modules/jest-runner/build/runTest.js:444:34)
          at Object.worker (/Users/johnneed/Projects/gmc-shelters/node_modules/jest-runner/build/testWorker.js:106:12) {
        detail: TypeError: fieldsRef.current?.scrollTo is not a function
            at /Users/johnneed/Projects/gmc-shelters/src/renderer/components/MainPane/tabs/PhotoDetailPane.tsx:49:24
            at commitHookEffectListMount (/Users/johnneed/Projects/gmc-shelters/node_modules/react-dom/cjs/react-dom.development.js:23189:26)
            at commitPassiveMountOnFiber (/Users/johnneed/Projects/gmc-shelters/node_modules/react-dom/cjs/react-dom.development.js:24970:11)
            at commitPassiveMountEffects_complete (/Users/johnneed/Projects/gmc-shelters/node_modules/react-dom/cjs/react-dom.development.js:24930:9)
            at commitPassiveMountEffects_begin (/Users/johnneed/Projects/gmc-shelters/node_modules/react-dom/cjs/react-dom.development.js:24917:7)
            at commitPassiveMountEffects (/Users/johnneed/Projects/gmc-shelters/node_modules/react-dom/cjs/react-dom.development.js:24905:3)
            at flushPassiveEffectsImpl (/Users/johnneed/Projects/gmc-shelters/node_modules/react-dom/cjs/react-dom.development.js:27078:3)
            at flushPassiveEffects (/Users/johnneed/Projects/gmc-shelters/node_modules/react-dom/cjs/react-dom.development.js:27023:14)
            at performSyncWorkOnRoot (/Users/johnneed/Projects/gmc-shelters/node_modules/react-dom/cjs/react-dom.development.js:26115:3)
            at flushSyncCallbacks (/Users/johnneed/Projects/gmc-shelters/node_modules/react-dom/cjs/react-dom.development.js:12042:22)
            at commitRootImpl (/Users/johnneed/Projects/gmc-shelters/node_modules/react-dom/cjs/react-dom.development.js:26998:3)
            at commitRoot (/Users/johnneed/Projects/gmc-shelters/node_modules/react-dom/cjs/react-dom.development.js:26721:5)
            at finishConcurrentRender (/Users/johnneed/Projects/gmc-shelters/node_modules/react-dom/cjs/react-dom.development.js:26020:9)
            at performConcurrentWorkOnRoot (/Users/johnneed/Projects/gmc-shelters/node_modules/react-dom/cjs/react-dom.development.js:25848:7)
            at flushActQueue (/Users/johnneed/Projects/gmc-shelters/node_modules/react/cjs/react.development.js:2667:24)
            at act (/Users/johnneed/Projects/gmc-shelters/node_modules/react/cjs/react.development.js:2582:11)
            at /Users/johnneed/Projects/gmc-shelters/node_modules/@testing-library/react/dist/act-compat.js:46:25
            at renderRoot (/Users/johnneed/Projects/gmc-shelters/node_modules/@testing-library/react/dist/pure.js:189:26)
            at render (/Users/johnneed/Projects/gmc-shelters/node_modules/@testing-library/react/dist/pure.js:291:10)
            at Object.<anonymous> (/Users/johnneed/Projects/gmc-shelters/src/renderer/components/MainPane/tabs/PhotosTab.test.tsx:569:11)
            at Promise.then.completed (/Users/johnneed/Projects/gmc-shelters/node_modules/jest-circus/build/utils.js:298:28)
            at new Promise (<anonymous>)
            at callAsyncCircusFn (/Users/johnneed/Projects/gmc-shelters/node_modules/jest-circus/build/utils.js:231:10)
            at _callCircusTest (/Users/johnneed/Projects/gmc-shelters/node_modules/jest-circus/build/run.js:316:40)
            at _runTest (/Users/johnneed/Projects/gmc-shelters/node_modules/jest-circus/build/run.js:252:3)
            at _runTestsForDescribeBlock (/Users/johnneed/Projects/gmc-shelters/node_modules/jest-circus/build/run.js:126:9)
            at _runTestsForDescribeBlock (/Users/johnneed/Projects/gmc-shelters/node_modules/jest-circus/build/run.js:121:9)
            at run (/Users/johnneed/Projects/gmc-shelters/node_modules/jest-circus/build/run.js:71:3)
            at runAndTransformResultsToJestFormat (/Users/johnneed/Projects/gmc-shelters/node_modules/jest-circus/build/legacy-code-todo-rewrite/jestAdapterInit.js:122:21)
            at jestAdapter (/Users/johnneed/Projects/gmc-shelters/node_modules/jest-circus/build/legacy-code-todo-rewrite/jestAdapter.js:79:19)
            at runTestInternal (/Users/johnneed/Projects/gmc-shelters/node_modules/jest-runner/build/runTest.js:367:16)
            at runTest (/Users/johnneed/Projects/gmc-shelters/node_modules/jest-runner/build/runTest.js:444:34)
            at Object.worker (/Users/johnneed/Projects/gmc-shelters/node_modules/jest-runner/build/testWorker.js:106:12),
        type: 'unhandled exception'
      }

      567 |   it('grid: renders checked checkbox when include_in_post is true', async () => {
      568 |     const store = makeStore(makeShelter(), [makePhoto({ include_in_post: true })]);
    > 569 |     render(<Provider store={store}><PhotosTab /></Provider>);
          |           ^
      570 |     await waitFor(() => expect(screen.getByTestId('photo-card-1')).toBeInTheDocument());
      571 |     const cb = within(screen.getByTestId('photo-card-1')).getByRole('checkbox', { name: /include in post/i });
      572 |     expect(cb).toBeChecked();

      at VirtualConsole.<anonymous> (node_modules/jest-environment-jsdom/build/index.js:63:23)
      at reportException (node_modules/jsdom/lib/jsdom/living/helpers/runtime-script-errors.js:70:28)
      at innerInvokeEventListeners (node_modules/jsdom/lib/jsdom/living/events/EventTarget-impl.js:353:9)
      at invokeEventListeners (node_modules/jsdom/lib/jsdom/living/events/EventTarget-impl.js:286:3)
      at HTMLUnknownElementImpl._dispatch (node_modules/jsdom/lib/jsdom/living/events/EventTarget-impl.js:233:9)
      at HTMLUnknownElementImpl.dispatchEvent (node_modules/jsdom/lib/jsdom/living/events/EventTarget-impl.js:104:17)
      at HTMLUnknownElement.dispatchEvent (node_modules/jsdom/lib/jsdom/living/generated/EventTarget.js:241:34)
      at Object.invokeGuardedCallbackDev (node_modules/react-dom/cjs/react-dom.development.js:4213:16)
      at invokeGuardedCallback (node_modules/react-dom/cjs/react-dom.development.js:4277:31)
      at reportUncaughtErrorInDEV (node_modules/react-dom/cjs/react-dom.development.js:22877:5)
      at captureCommitPhaseError (node_modules/react-dom/cjs/react-dom.development.js:27165:5)
      at commitPassiveMountEffects_complete (node_modules/react-dom/cjs/react-dom.development.js:24932:9)
      at commitPassiveMountEffects_begin (node_modules/react-dom/cjs/react-dom.development.js:24917:7)
      at commitPassiveMountEffects (node_modules/react-dom/cjs/react-dom.development.js:24905:3)
      at flushPassiveEffectsImpl (node_modules/react-dom/cjs/react-dom.development.js:27078:3)
      at flushPassiveEffects (node_modules/react-dom/cjs/react-dom.development.js:27023:14)
      at performSyncWorkOnRoot (node_modules/react-dom/cjs/react-dom.development.js:26115:3)
      at flushSyncCallbacks (node_modules/react-dom/cjs/react-dom.development.js:12042:22)
      at commitRootImpl (node_modules/react-dom/cjs/react-dom.development.js:26998:3)
      at commitRoot (node_modules/react-dom/cjs/react-dom.development.js:26721:5)
      at finishConcurrentRender (node_modules/react-dom/cjs/react-dom.development.js:26020:9)
      at performConcurrentWorkOnRoot (node_modules/react-dom/cjs/react-dom.development.js:25848:7)
      at flushActQueue (node_modules/react/cjs/react.development.js:2667:24)
      at act (node_modules/react/cjs/react.development.js:2582:11)
      at node_modules/@testing-library/react/dist/act-compat.js:46:25
      at renderRoot (node_modules/@testing-library/react/dist/pure.js:189:26)
      at render (node_modules/@testing-library/react/dist/pure.js:291:10)
      at Object.<anonymous> (src/renderer/components/MainPane/tabs/PhotosTab.test.tsx:569:11)

    console.error
      The above error occurred in the <PhotoDetailPane> component:
      
          at PhotoDetailPane (/Users/johnneed/Projects/gmc-shelters/src/renderer/components/MainPane/tabs/PhotoDetailPane.tsx:39:3)
          at div
          at PhotosTab (/Users/johnneed/Projects/gmc-shelters/src/renderer/components/MainPane/tabs/PhotosTab.tsx:58:31)
          at Provider (/Users/johnneed/Projects/gmc-shelters/node_modules/react-redux/src/components/Provider.tsx:60:11)
      
      Consider adding an error boundary to your tree to customize error handling behavior.
      Visit https://reactjs.org/link/error-boundaries to learn more about error boundaries.

      567 |   it('grid: renders checked checkbox when include_in_post is true', async () => {
      568 |     const store = makeStore(makeShelter(), [makePhoto({ include_in_post: true })]);
    > 569 |     render(<Provider store={store}><PhotosTab /></Provider>);
          |           ^
      570 |     await waitFor(() => expect(screen.getByTestId('photo-card-1')).toBeInTheDocument());
      571 |     const cb = within(screen.getByTestId('photo-card-1')).getByRole('checkbox', { name: /include in post/i });
      572 |     expect(cb).toBeChecked();

      at logCapturedError (node_modules/react-dom/cjs/react-dom.development.js:18704:23)
      at update.callback (node_modules/react-dom/cjs/react-dom.development.js:18737:5)
      at callCallback (node_modules/react-dom/cjs/react-dom.development.js:15036:12)
      at commitUpdateQueue (node_modules/react-dom/cjs/react-dom.development.js:15057:9)
      at commitLayoutEffectOnFiber (node_modules/react-dom/cjs/react-dom.development.js:23430:13)
      at commitLayoutMountEffects_complete (node_modules/react-dom/cjs/react-dom.development.js:24727:9)
      at commitLayoutEffects_begin (node_modules/react-dom/cjs/react-dom.development.js:24713:7)
      at commitLayoutEffects (node_modules/react-dom/cjs/react-dom.development.js:24651:3)
      at commitRootImpl (node_modules/react-dom/cjs/react-dom.development.js:26862:5)
      at commitRoot (node_modules/react-dom/cjs/react-dom.development.js:26721:5)
      at performSyncWorkOnRoot (node_modules/react-dom/cjs/react-dom.development.js:26156:3)
      at flushSyncCallbacks (node_modules/react-dom/cjs/react-dom.development.js:12042:22)
      at commitRootImpl (node_modules/react-dom/cjs/react-dom.development.js:26998:3)
      at commitRoot (node_modules/react-dom/cjs/react-dom.development.js:26721:5)
      at finishConcurrentRender (node_modules/react-dom/cjs/react-dom.development.js:26020:9)
      at performConcurrentWorkOnRoot (node_modules/react-dom/cjs/react-dom.development.js:25848:7)
      at flushActQueue (node_modules/react/cjs/react.development.js:2667:24)
      at act (node_modules/react/cjs/react.development.js:2582:11)
      at node_modules/@testing-library/react/dist/act-compat.js:46:25
      at renderRoot (node_modules/@testing-library/react/dist/pure.js:189:26)
      at render (node_modules/@testing-library/react/dist/pure.js:291:10)
      at Object.<anonymous> (src/renderer/components/MainPane/tabs/PhotosTab.test.tsx:569:11)

    console.error
      Error: Uncaught [TypeError: fieldsRef.current?.scrollTo is not a function]
          at reportException (/Users/johnneed/Projects/gmc-shelters/node_modules/jsdom/lib/jsdom/living/helpers/runtime-script-errors.js:66:24)
          at innerInvokeEventListeners (/Users/johnneed/Projects/gmc-shelters/node_modules/jsdom/lib/jsdom/living/events/EventTarget-impl.js:353:9)
          at invokeEventListeners (/Users/johnneed/Projects/gmc-shelters/node_modules/jsdom/lib/jsdom/living/events/EventTarget-impl.js:286:3)
          at HTMLUnknownElementImpl._dispatch (/Users/johnneed/Projects/gmc-shelters/node_modules/jsdom/lib/jsdom/living/events/EventTarget-impl.js:233:9)
          at HTMLUnknownElementImpl.dispatchEvent (/Users/johnneed/Projects/gmc-shelters/node_modules/jsdom/lib/jsdom/living/events/EventTarget-impl.js:104:17)
          at HTMLUnknownElement.dispatchEvent (/Users/johnneed/Projects/gmc-shelters/node_modules/jsdom/lib/jsdom/living/generated/EventTarget.js:241:34)
          at Object.invokeGuardedCallbackDev (/Users/johnneed/Projects/gmc-shelters/node_modules/react-dom/cjs/react-dom.development.js:4213:16)
          at invokeGuardedCallback (/Users/johnneed/Projects/gmc-shelters/node_modules/react-dom/cjs/react-dom.development.js:4277:31)
          at reportUncaughtErrorInDEV (/Users/johnneed/Projects/gmc-shelters/node_modules/react-dom/cjs/react-dom.development.js:22877:5)
          at captureCommitPhaseError (/Users/johnneed/Projects/gmc-shelters/node_modules/react-dom/cjs/react-dom.development.js:27165:5)
          at commitPassiveMountEffects_complete (/Users/johnneed/Projects/gmc-shelters/node_modules/react-dom/cjs/react-dom.development.js:24932:9)
          at commitPassiveMountEffects_begin (/Users/johnneed/Projects/gmc-shelters/node_modules/react-dom/cjs/react-dom.development.js:24917:7)
          at commitPassiveMountEffects (/Users/johnneed/Projects/gmc-shelters/node_modules/react-dom/cjs/react-dom.development.js:24905:3)
          at flushPassiveEffectsImpl (/Users/johnneed/Projects/gmc-shelters/node_modules/react-dom/cjs/react-dom.development.js:27078:3)
          at flushPassiveEffects (/Users/johnneed/Projects/gmc-shelters/node_modules/react-dom/cjs/react-dom.development.js:27023:14)
          at performSyncWorkOnRoot (/Users/johnneed/Projects/gmc-shelters/node_modules/react-dom/cjs/react-dom.development.js:26115:3)
          at flushSyncCallbacks (/Users/johnneed/Projects/gmc-shelters/node_modules/react-dom/cjs/react-dom.development.js:12042:22)
          at commitRootImpl (/Users/johnneed/Projects/gmc-shelters/node_modules/react-dom/cjs/react-dom.development.js:26998:3)
          at commitRoot (/Users/johnneed/Projects/gmc-shelters/node_modules/react-dom/cjs/react-dom.development.js:26721:5)
          at finishConcurrentRender (/Users/johnneed/Projects/gmc-shelters/node_modules/react-dom/cjs/react-dom.development.js:26020:9)
          at performConcurrentWorkOnRoot (/Users/johnneed/Projects/gmc-shelters/node_modules/react-dom/cjs/react-dom.development.js:25848:7)
          at flushActQueue (/Users/johnneed/Projects/gmc-shelters/node_modules/react/cjs/react.development.js:2667:24)
          at act (/Users/johnneed/Projects/gmc-shelters/node_modules/react/cjs/react.development.js:2582:11)
          at /Users/johnneed/Projects/gmc-shelters/node_modules/@testing-library/react/dist/act-compat.js:46:25
          at renderRoot (/Users/johnneed/Projects/gmc-shelters/node_modules/@testing-library/react/dist/pure.js:189:26)
          at render (/Users/johnneed/Projects/gmc-shelters/node_modules/@testing-library/react/dist/pure.js:291:10)
          at Object.<anonymous> (/Users/johnneed/Projects/gmc-shelters/src/renderer/components/MainPane/tabs/PhotosTab.test.tsx:577:11)
          at Promise.then.completed (/Users/johnneed/Projects/gmc-shelters/node_modules/jest-circus/build/utils.js:298:28)
          at new Promise (<anonymous>)
          at callAsyncCircusFn (/Users/johnneed/Projects/gmc-shelters/node_modules/jest-circus/build/utils.js:231:10)
          at _callCircusTest (/Users/johnneed/Projects/gmc-shelters/node_modules/jest-circus/build/run.js:316:40)
          at _runTest (/Users/johnneed/Projects/gmc-shelters/node_modules/jest-circus/build/run.js:252:3)
          at _runTestsForDescribeBlock (/Users/johnneed/Projects/gmc-shelters/node_modules/jest-circus/build/run.js:126:9)
          at _runTestsForDescribeBlock (/Users/johnneed/Projects/gmc-shelters/node_modules/jest-circus/build/run.js:121:9)
          at run (/Users/johnneed/Projects/gmc-shelters/node_modules/jest-circus/build/run.js:71:3)
          at runAndTransformResultsToJestFormat (/Users/johnneed/Projects/gmc-shelters/node_modules/jest-circus/build/legacy-code-todo-rewrite/jestAdapterInit.js:122:21)
          at jestAdapter (/Users/johnneed/Projects/gmc-shelters/node_modules/jest-circus/build/legacy-code-todo-rewrite/jestAdapter.js:79:19)
          at runTestInternal (/Users/johnneed/Projects/gmc-shelters/node_modules/jest-runner/build/runTest.js:367:16)
          at runTest (/Users/johnneed/Projects/gmc-shelters/node_modules/jest-runner/build/runTest.js:444:34)
          at Object.worker (/Users/johnneed/Projects/gmc-shelters/node_modules/jest-runner/build/testWorker.js:106:12) {
        detail: TypeError: fieldsRef.current?.scrollTo is not a function
            at /Users/johnneed/Projects/gmc-shelters/src/renderer/components/MainPane/tabs/PhotoDetailPane.tsx:49:24
            at commitHookEffectListMount (/Users/johnneed/Projects/gmc-shelters/node_modules/react-dom/cjs/react-dom.development.js:23189:26)
            at commitPassiveMountOnFiber (/Users/johnneed/Projects/gmc-shelters/node_modules/react-dom/cjs/react-dom.development.js:24970:11)
            at commitPassiveMountEffects_complete (/Users/johnneed/Projects/gmc-shelters/node_modules/react-dom/cjs/react-dom.development.js:24930:9)
            at commitPassiveMountEffects_begin (/Users/johnneed/Projects/gmc-shelters/node_modules/react-dom/cjs/react-dom.development.js:24917:7)
            at commitPassiveMountEffects (/Users/johnneed/Projects/gmc-shelters/node_modules/react-dom/cjs/react-dom.development.js:24905:3)
            at flushPassiveEffectsImpl (/Users/johnneed/Projects/gmc-shelters/node_modules/react-dom/cjs/react-dom.development.js:27078:3)
            at flushPassiveEffects (/Users/johnneed/Projects/gmc-shelters/node_modules/react-dom/cjs/react-dom.development.js:27023:14)
            at performSyncWorkOnRoot (/Users/johnneed/Projects/gmc-shelters/node_modules/react-dom/cjs/react-dom.development.js:26115:3)
            at flushSyncCallbacks (/Users/johnneed/Projects/gmc-shelters/node_modules/react-dom/cjs/react-dom.development.js:12042:22)
            at commitRootImpl (/Users/johnneed/Projects/gmc-shelters/node_modules/react-dom/cjs/react-dom.development.js:26998:3)
            at commitRoot (/Users/johnneed/Projects/gmc-shelters/node_modules/react-dom/cjs/react-dom.development.js:26721:5)
            at finishConcurrentRender (/Users/johnneed/Projects/gmc-shelters/node_modules/react-dom/cjs/react-dom.development.js:26020:9)
            at performConcurrentWorkOnRoot (/Users/johnneed/Projects/gmc-shelters/node_modules/react-dom/cjs/react-dom.development.js:25848:7)
            at flushActQueue (/Users/johnneed/Projects/gmc-shelters/node_modules/react/cjs/react.development.js:2667:24)
            at act (/Users/johnneed/Projects/gmc-shelters/node_modules/react/cjs/react.development.js:2582:11)
            at /Users/johnneed/Projects/gmc-shelters/node_modules/@testing-library/react/dist/act-compat.js:46:25
            at renderRoot (/Users/johnneed/Projects/gmc-shelters/node_modules/@testing-library/react/dist/pure.js:189:26)
            at render (/Users/johnneed/Projects/gmc-shelters/node_modules/@testing-library/react/dist/pure.js:291:10)
            at Object.<anonymous> (/Users/johnneed/Projects/gmc-shelters/src/renderer/components/MainPane/tabs/PhotosTab.test.tsx:577:11)
            at Promise.then.completed (/Users/johnneed/Projects/gmc-shelters/node_modules/jest-circus/build/utils.js:298:28)
            at new Promise (<anonymous>)
            at callAsyncCircusFn (/Users/johnneed/Projects/gmc-shelters/node_modules/jest-circus/build/utils.js:231:10)
            at _callCircusTest (/Users/johnneed/Projects/gmc-shelters/node_modules/jest-circus/build/run.js:316:40)
            at _runTest (/Users/johnneed/Projects/gmc-shelters/node_modules/jest-circus/build/run.js:252:3)
            at _runTestsForDescribeBlock (/Users/johnneed/Projects/gmc-shelters/node_modules/jest-circus/build/run.js:126:9)
            at _runTestsForDescribeBlock (/Users/johnneed/Projects/gmc-shelters/node_modules/jest-circus/build/run.js:121:9)
            at run (/Users/johnneed/Projects/gmc-shelters/node_modules/jest-circus/build/run.js:71:3)
            at runAndTransformResultsToJestFormat (/Users/johnneed/Projects/gmc-shelters/node_modules/jest-circus/build/legacy-code-todo-rewrite/jestAdapterInit.js:122:21)
            at jestAdapter (/Users/johnneed/Projects/gmc-shelters/node_modules/jest-circus/build/legacy-code-todo-rewrite/jestAdapter.js:79:19)
            at runTestInternal (/Users/johnneed/Projects/gmc-shelters/node_modules/jest-runner/build/runTest.js:367:16)
            at runTest (/Users/johnneed/Projects/gmc-shelters/node_modules/jest-runner/build/runTest.js:444:34)
            at Object.worker (/Users/johnneed/Projects/gmc-shelters/node_modules/jest-runner/build/testWorker.js:106:12),
        type: 'unhandled exception'
      }

      575 |   it('grid: clicking checkbox calls photos.update with toggled include_in_post', async () => {
      576 |     const store = makeStore(makeShelter(), [makePhoto({ include_in_post: false })]);
    > 577 |     render(<Provider store={store}><PhotosTab /></Provider>);
          |           ^
      578 |     await waitFor(() => expect(screen.getByTestId('photo-card-1')).toBeInTheDocument());
      579 |     const cb = within(screen.getByTestId('photo-card-1')).getByRole('checkbox', { name: /include in post/i });
      580 |     await act(async () => { fireEvent.click(cb); });

      at VirtualConsole.<anonymous> (node_modules/jest-environment-jsdom/build/index.js:63:23)
      at reportException (node_modules/jsdom/lib/jsdom/living/helpers/runtime-script-errors.js:70:28)
      at innerInvokeEventListeners (node_modules/jsdom/lib/jsdom/living/events/EventTarget-impl.js:353:9)
      at invokeEventListeners (node_modules/jsdom/lib/jsdom/living/events/EventTarget-impl.js:286:3)
      at HTMLUnknownElementImpl._dispatch (node_modules/jsdom/lib/jsdom/living/events/EventTarget-impl.js:233:9)
      at HTMLUnknownElementImpl.dispatchEvent (node_modules/jsdom/lib/jsdom/living/events/EventTarget-impl.js:104:17)
      at HTMLUnknownElement.dispatchEvent (node_modules/jsdom/lib/jsdom/living/generated/EventTarget.js:241:34)
      at Object.invokeGuardedCallbackDev (node_modules/react-dom/cjs/react-dom.development.js:4213:16)
      at invokeGuardedCallback (node_modules/react-dom/cjs/react-dom.development.js:4277:31)
      at reportUncaughtErrorInDEV (node_modules/react-dom/cjs/react-dom.development.js:22877:5)
      at captureCommitPhaseError (node_modules/react-dom/cjs/react-dom.development.js:27165:5)
      at commitPassiveMountEffects_complete (node_modules/react-dom/cjs/react-dom.development.js:24932:9)
      at commitPassiveMountEffects_begin (node_modules/react-dom/cjs/react-dom.development.js:24917:7)
      at commitPassiveMountEffects (node_modules/react-dom/cjs/react-dom.development.js:24905:3)
      at flushPassiveEffectsImpl (node_modules/react-dom/cjs/react-dom.development.js:27078:3)
      at flushPassiveEffects (node_modules/react-dom/cjs/react-dom.development.js:27023:14)
      at performSyncWorkOnRoot (node_modules/react-dom/cjs/react-dom.development.js:26115:3)
      at flushSyncCallbacks (node_modules/react-dom/cjs/react-dom.development.js:12042:22)
      at commitRootImpl (node_modules/react-dom/cjs/react-dom.development.js:26998:3)
      at commitRoot (node_modules/react-dom/cjs/react-dom.development.js:26721:5)
      at finishConcurrentRender (node_modules/react-dom/cjs/react-dom.development.js:26020:9)
      at performConcurrentWorkOnRoot (node_modules/react-dom/cjs/react-dom.development.js:25848:7)
      at flushActQueue (node_modules/react/cjs/react.development.js:2667:24)
      at act (node_modules/react/cjs/react.development.js:2582:11)
      at node_modules/@testing-library/react/dist/act-compat.js:46:25
      at renderRoot (node_modules/@testing-library/react/dist/pure.js:189:26)
      at render (node_modules/@testing-library/react/dist/pure.js:291:10)
      at Object.<anonymous> (src/renderer/components/MainPane/tabs/PhotosTab.test.tsx:577:11)

    console.error
      The above error occurred in the <PhotoDetailPane> component:
      
          at PhotoDetailPane (/Users/johnneed/Projects/gmc-shelters/src/renderer/components/MainPane/tabs/PhotoDetailPane.tsx:39:3)
          at div
          at PhotosTab (/Users/johnneed/Projects/gmc-shelters/src/renderer/components/MainPane/tabs/PhotosTab.tsx:58:31)
          at Provider (/Users/johnneed/Projects/gmc-shelters/node_modules/react-redux/src/components/Provider.tsx:60:11)
      
      Consider adding an error boundary to your tree to customize error handling behavior.
      Visit https://reactjs.org/link/error-boundaries to learn more about error boundaries.

      575 |   it('grid: clicking checkbox calls photos.update with toggled include_in_post', async () => {
      576 |     const store = makeStore(makeShelter(), [makePhoto({ include_in_post: false })]);
    > 577 |     render(<Provider store={store}><PhotosTab /></Provider>);
          |           ^
      578 |     await waitFor(() => expect(screen.getByTestId('photo-card-1')).toBeInTheDocument());
      579 |     const cb = within(screen.getByTestId('photo-card-1')).getByRole('checkbox', { name: /include in post/i });
      580 |     await act(async () => { fireEvent.click(cb); });

      at logCapturedError (node_modules/react-dom/cjs/react-dom.development.js:18704:23)
      at update.callback (node_modules/react-dom/cjs/react-dom.development.js:18737:5)
      at callCallback (node_modules/react-dom/cjs/react-dom.development.js:15036:12)
      at commitUpdateQueue (node_modules/react-dom/cjs/react-dom.development.js:15057:9)
      at commitLayoutEffectOnFiber (node_modules/react-dom/cjs/react-dom.development.js:23430:13)
      at commitLayoutMountEffects_complete (node_modules/react-dom/cjs/react-dom.development.js:24727:9)
      at commitLayoutEffects_begin (node_modules/react-dom/cjs/react-dom.development.js:24713:7)
      at commitLayoutEffects (node_modules/react-dom/cjs/react-dom.development.js:24651:3)
      at commitRootImpl (node_modules/react-dom/cjs/react-dom.development.js:26862:5)
      at commitRoot (node_modules/react-dom/cjs/react-dom.development.js:26721:5)
      at performSyncWorkOnRoot (node_modules/react-dom/cjs/react-dom.development.js:26156:3)
      at flushSyncCallbacks (node_modules/react-dom/cjs/react-dom.development.js:12042:22)
      at commitRootImpl (node_modules/react-dom/cjs/react-dom.development.js:26998:3)
      at commitRoot (node_modules/react-dom/cjs/react-dom.development.js:26721:5)
      at finishConcurrentRender (node_modules/react-dom/cjs/react-dom.development.js:26020:9)
      at performConcurrentWorkOnRoot (node_modules/react-dom/cjs/react-dom.development.js:25848:7)
      at flushActQueue (node_modules/react/cjs/react.development.js:2667:24)
      at act (node_modules/react/cjs/react.development.js:2582:11)
      at node_modules/@testing-library/react/dist/act-compat.js:46:25
      at renderRoot (node_modules/@testing-library/react/dist/pure.js:189:26)
      at render (node_modules/@testing-library/react/dist/pure.js:291:10)
      at Object.<anonymous> (src/renderer/components/MainPane/tabs/PhotosTab.test.tsx:577:11)

    console.error
      Error: Uncaught [TypeError: fieldsRef.current?.scrollTo is not a function]
          at reportException (/Users/johnneed/Projects/gmc-shelters/node_modules/jsdom/lib/jsdom/living/helpers/runtime-script-errors.js:66:24)
          at innerInvokeEventListeners (/Users/johnneed/Projects/gmc-shelters/node_modules/jsdom/lib/jsdom/living/events/EventTarget-impl.js:353:9)
          at invokeEventListeners (/Users/johnneed/Projects/gmc-shelters/node_modules/jsdom/lib/jsdom/living/events/EventTarget-impl.js:286:3)
          at HTMLUnknownElementImpl._dispatch (/Users/johnneed/Projects/gmc-shelters/node_modules/jsdom/lib/jsdom/living/events/EventTarget-impl.js:233:9)
          at HTMLUnknownElementImpl.dispatchEvent (/Users/johnneed/Projects/gmc-shelters/node_modules/jsdom/lib/jsdom/living/events/EventTarget-impl.js:104:17)
          at HTMLUnknownElement.dispatchEvent (/Users/johnneed/Projects/gmc-shelters/node_modules/jsdom/lib/jsdom/living/generated/EventTarget.js:241:34)
          at Object.invokeGuardedCallbackDev (/Users/johnneed/Projects/gmc-shelters/node_modules/react-dom/cjs/react-dom.development.js:4213:16)
          at invokeGuardedCallback (/Users/johnneed/Projects/gmc-shelters/node_modules/react-dom/cjs/react-dom.development.js:4277:31)
          at reportUncaughtErrorInDEV (/Users/johnneed/Projects/gmc-shelters/node_modules/react-dom/cjs/react-dom.development.js:22877:5)
          at captureCommitPhaseError (/Users/johnneed/Projects/gmc-shelters/node_modules/react-dom/cjs/react-dom.development.js:27165:5)
          at commitPassiveMountEffects_complete (/Users/johnneed/Projects/gmc-shelters/node_modules/react-dom/cjs/react-dom.development.js:24932:9)
          at commitPassiveMountEffects_begin (/Users/johnneed/Projects/gmc-shelters/node_modules/react-dom/cjs/react-dom.development.js:24917:7)
          at commitPassiveMountEffects (/Users/johnneed/Projects/gmc-shelters/node_modules/react-dom/cjs/react-dom.development.js:24905:3)
          at flushPassiveEffectsImpl (/Users/johnneed/Projects/gmc-shelters/node_modules/react-dom/cjs/react-dom.development.js:27078:3)
          at flushPassiveEffects (/Users/johnneed/Projects/gmc-shelters/node_modules/react-dom/cjs/react-dom.development.js:27023:14)
          at performSyncWorkOnRoot (/Users/johnneed/Projects/gmc-shelters/node_modules/react-dom/cjs/react-dom.development.js:26115:3)
          at flushSyncCallbacks (/Users/johnneed/Projects/gmc-shelters/node_modules/react-dom/cjs/react-dom.development.js:12042:22)
          at commitRootImpl (/Users/johnneed/Projects/gmc-shelters/node_modules/react-dom/cjs/react-dom.development.js:26998:3)
          at commitRoot (/Users/johnneed/Projects/gmc-shelters/node_modules/react-dom/cjs/react-dom.development.js:26721:5)
          at finishConcurrentRender (/Users/johnneed/Projects/gmc-shelters/node_modules/react-dom/cjs/react-dom.development.js:26020:9)
          at performConcurrentWorkOnRoot (/Users/johnneed/Projects/gmc-shelters/node_modules/react-dom/cjs/react-dom.development.js:25848:7)
          at flushActQueue (/Users/johnneed/Projects/gmc-shelters/node_modules/react/cjs/react.development.js:2667:24)
          at act (/Users/johnneed/Projects/gmc-shelters/node_modules/react/cjs/react.development.js:2582:11)
          at /Users/johnneed/Projects/gmc-shelters/node_modules/@testing-library/react/dist/act-compat.js:46:25
          at renderRoot (/Users/johnneed/Projects/gmc-shelters/node_modules/@testing-library/react/dist/pure.js:189:26)
          at render (/Users/johnneed/Projects/gmc-shelters/node_modules/@testing-library/react/dist/pure.js:291:10)
          at Object.<anonymous> (/Users/johnneed/Projects/gmc-shelters/src/renderer/components/MainPane/tabs/PhotosTab.test.tsx:588:11)
          at Promise.then.completed (/Users/johnneed/Projects/gmc-shelters/node_modules/jest-circus/build/utils.js:298:28)
          at new Promise (<anonymous>)
          at callAsyncCircusFn (/Users/johnneed/Projects/gmc-shelters/node_modules/jest-circus/build/utils.js:231:10)
          at _callCircusTest (/Users/johnneed/Projects/gmc-shelters/node_modules/jest-circus/build/run.js:316:40)
          at _runTest (/Users/johnneed/Projects/gmc-shelters/node_modules/jest-circus/build/run.js:252:3)
          at _runTestsForDescribeBlock (/Users/johnneed/Projects/gmc-shelters/node_modules/jest-circus/build/run.js:126:9)
          at _runTestsForDescribeBlock (/Users/johnneed/Projects/gmc-shelters/node_modules/jest-circus/build/run.js:121:9)
          at run (/Users/johnneed/Projects/gmc-shelters/node_modules/jest-circus/build/run.js:71:3)
          at runAndTransformResultsToJestFormat (/Users/johnneed/Projects/gmc-shelters/node_modules/jest-circus/build/legacy-code-todo-rewrite/jestAdapterInit.js:122:21)
          at jestAdapter (/Users/johnneed/Projects/gmc-shelters/node_modules/jest-circus/build/legacy-code-todo-rewrite/jestAdapter.js:79:19)
          at runTestInternal (/Users/johnneed/Projects/gmc-shelters/node_modules/jest-runner/build/runTest.js:367:16)
          at runTest (/Users/johnneed/Projects/gmc-shelters/node_modules/jest-runner/build/runTest.js:444:34)
          at Object.worker (/Users/johnneed/Projects/gmc-shelters/node_modules/jest-runner/build/testWorker.js:106:12) {
        detail: TypeError: fieldsRef.current?.scrollTo is not a function
            at /Users/johnneed/Projects/gmc-shelters/src/renderer/components/MainPane/tabs/PhotoDetailPane.tsx:49:24
            at commitHookEffectListMount (/Users/johnneed/Projects/gmc-shelters/node_modules/react-dom/cjs/react-dom.development.js:23189:26)
            at commitPassiveMountOnFiber (/Users/johnneed/Projects/gmc-shelters/node_modules/react-dom/cjs/react-dom.development.js:24970:11)
            at commitPassiveMountEffects_complete (/Users/johnneed/Projects/gmc-shelters/node_modules/react-dom/cjs/react-dom.development.js:24930:9)
            at commitPassiveMountEffects_begin (/Users/johnneed/Projects/gmc-shelters/node_modules/react-dom/cjs/react-dom.development.js:24917:7)
            at commitPassiveMountEffects (/Users/johnneed/Projects/gmc-shelters/node_modules/react-dom/cjs/react-dom.development.js:24905:3)
            at flushPassiveEffectsImpl (/Users/johnneed/Projects/gmc-shelters/node_modules/react-dom/cjs/react-dom.development.js:27078:3)
            at flushPassiveEffects (/Users/johnneed/Projects/gmc-shelters/node_modules/react-dom/cjs/react-dom.development.js:27023:14)
            at performSyncWorkOnRoot (/Users/johnneed/Projects/gmc-shelters/node_modules/react-dom/cjs/react-dom.development.js:26115:3)
            at flushSyncCallbacks (/Users/johnneed/Projects/gmc-shelters/node_modules/react-dom/cjs/react-dom.development.js:12042:22)
            at commitRootImpl (/Users/johnneed/Projects/gmc-shelters/node_modules/react-dom/cjs/react-dom.development.js:26998:3)
            at commitRoot (/Users/johnneed/Projects/gmc-shelters/node_modules/react-dom/cjs/react-dom.development.js:26721:5)
            at finishConcurrentRender (/Users/johnneed/Projects/gmc-shelters/node_modules/react-dom/cjs/react-dom.development.js:26020:9)
            at performConcurrentWorkOnRoot (/Users/johnneed/Projects/gmc-shelters/node_modules/react-dom/cjs/react-dom.development.js:25848:7)
            at flushActQueue (/Users/johnneed/Projects/gmc-shelters/node_modules/react/cjs/react.development.js:2667:24)
            at act (/Users/johnneed/Projects/gmc-shelters/node_modules/react/cjs/react.development.js:2582:11)
            at /Users/johnneed/Projects/gmc-shelters/node_modules/@testing-library/react/dist/act-compat.js:46:25
            at renderRoot (/Users/johnneed/Projects/gmc-shelters/node_modules/@testing-library/react/dist/pure.js:189:26)
            at render (/Users/johnneed/Projects/gmc-shelters/node_modules/@testing-library/react/dist/pure.js:291:10)
            at Object.<anonymous> (/Users/johnneed/Projects/gmc-shelters/src/renderer/components/MainPane/tabs/PhotosTab.test.tsx:588:11)
            at Promise.then.completed (/Users/johnneed/Projects/gmc-shelters/node_modules/jest-circus/build/utils.js:298:28)
            at new Promise (<anonymous>)
            at callAsyncCircusFn (/Users/johnneed/Projects/gmc-shelters/node_modules/jest-circus/build/utils.js:231:10)
            at _callCircusTest (/Users/johnneed/Projects/gmc-shelters/node_modules/jest-circus/build/run.js:316:40)
            at _runTest (/Users/johnneed/Projects/gmc-shelters/node_modules/jest-circus/build/run.js:252:3)
            at _runTestsForDescribeBlock (/Users/johnneed/Projects/gmc-shelters/node_modules/jest-circus/build/run.js:126:9)
            at _runTestsForDescribeBlock (/Users/johnneed/Projects/gmc-shelters/node_modules/jest-circus/build/run.js:121:9)
            at run (/Users/johnneed/Projects/gmc-shelters/node_modules/jest-circus/build/run.js:71:3)
            at runAndTransformResultsToJestFormat (/Users/johnneed/Projects/gmc-shelters/node_modules/jest-circus/build/legacy-code-todo-rewrite/jestAdapterInit.js:122:21)
            at jestAdapter (/Users/johnneed/Projects/gmc-shelters/node_modules/jest-circus/build/legacy-code-todo-rewrite/jestAdapter.js:79:19)
            at runTestInternal (/Users/johnneed/Projects/gmc-shelters/node_modules/jest-runner/build/runTest.js:367:16)
            at runTest (/Users/johnneed/Projects/gmc-shelters/node_modules/jest-runner/build/runTest.js:444:34)
            at Object.worker (/Users/johnneed/Projects/gmc-shelters/node_modules/jest-runner/build/testWorker.js:106:12),
        type: 'unhandled exception'
      }

      586 |   it('list: renders unchecked checkbox when include_in_post is false', async () => {
      587 |     const store = makeStore(makeShelter(), [makePhoto({ include_in_post: false })]);
    > 588 |     render(<Provider store={store}><PhotosTab /></Provider>);
          |           ^
      589 |     fireEvent.click(screen.getByRole('button', { name: /list/i }));
      590 |     await waitFor(() => expect(screen.getByTestId('list-row-1')).toBeInTheDocument());
      591 |     const cb = within(screen.getByTestId('list-row-1')).getByRole('checkbox', { name: /include in post/i });

      at VirtualConsole.<anonymous> (node_modules/jest-environment-jsdom/build/index.js:63:23)
      at reportException (node_modules/jsdom/lib/jsdom/living/helpers/runtime-script-errors.js:70:28)
      at innerInvokeEventListeners (node_modules/jsdom/lib/jsdom/living/events/EventTarget-impl.js:353:9)
      at invokeEventListeners (node_modules/jsdom/lib/jsdom/living/events/EventTarget-impl.js:286:3)
      at HTMLUnknownElementImpl._dispatch (node_modules/jsdom/lib/jsdom/living/events/EventTarget-impl.js:233:9)
      at HTMLUnknownElementImpl.dispatchEvent (node_modules/jsdom/lib/jsdom/living/events/EventTarget-impl.js:104:17)
      at HTMLUnknownElement.dispatchEvent (node_modules/jsdom/lib/jsdom/living/generated/EventTarget.js:241:34)
      at Object.invokeGuardedCallbackDev (node_modules/react-dom/cjs/react-dom.development.js:4213:16)
      at invokeGuardedCallback (node_modules/react-dom/cjs/react-dom.development.js:4277:31)
      at reportUncaughtErrorInDEV (node_modules/react-dom/cjs/react-dom.development.js:22877:5)
      at captureCommitPhaseError (node_modules/react-dom/cjs/react-dom.development.js:27165:5)
      at commitPassiveMountEffects_complete (node_modules/react-dom/cjs/react-dom.development.js:24932:9)
      at commitPassiveMountEffects_begin (node_modules/react-dom/cjs/react-dom.development.js:24917:7)
      at commitPassiveMountEffects (node_modules/react-dom/cjs/react-dom.development.js:24905:3)
      at flushPassiveEffectsImpl (node_modules/react-dom/cjs/react-dom.development.js:27078:3)
      at flushPassiveEffects (node_modules/react-dom/cjs/react-dom.development.js:27023:14)
      at performSyncWorkOnRoot (node_modules/react-dom/cjs/react-dom.development.js:26115:3)
      at flushSyncCallbacks (node_modules/react-dom/cjs/react-dom.development.js:12042:22)
      at commitRootImpl (node_modules/react-dom/cjs/react-dom.development.js:26998:3)
      at commitRoot (node_modules/react-dom/cjs/react-dom.development.js:26721:5)
      at finishConcurrentRender (node_modules/react-dom/cjs/react-dom.development.js:26020:9)
      at performConcurrentWorkOnRoot (node_modules/react-dom/cjs/react-dom.development.js:25848:7)
      at flushActQueue (node_modules/react/cjs/react.development.js:2667:24)
      at act (node_modules/react/cjs/react.development.js:2582:11)
      at node_modules/@testing-library/react/dist/act-compat.js:46:25
      at renderRoot (node_modules/@testing-library/react/dist/pure.js:189:26)
      at render (node_modules/@testing-library/react/dist/pure.js:291:10)
      at Object.<anonymous> (src/renderer/components/MainPane/tabs/PhotosTab.test.tsx:588:11)

    console.error
      The above error occurred in the <PhotoDetailPane> component:
      
          at PhotoDetailPane (/Users/johnneed/Projects/gmc-shelters/src/renderer/components/MainPane/tabs/PhotoDetailPane.tsx:39:3)
          at div
          at PhotosTab (/Users/johnneed/Projects/gmc-shelters/src/renderer/components/MainPane/tabs/PhotosTab.tsx:58:31)
          at Provider (/Users/johnneed/Projects/gmc-shelters/node_modules/react-redux/src/components/Provider.tsx:60:11)
      
      Consider adding an error boundary to your tree to customize error handling behavior.
      Visit https://reactjs.org/link/error-boundaries to learn more about error boundaries.

      586 |   it('list: renders unchecked checkbox when include_in_post is false', async () => {
      587 |     const store = makeStore(makeShelter(), [makePhoto({ include_in_post: false })]);
    > 588 |     render(<Provider store={store}><PhotosTab /></Provider>);
          |           ^
      589 |     fireEvent.click(screen.getByRole('button', { name: /list/i }));
      590 |     await waitFor(() => expect(screen.getByTestId('list-row-1')).toBeInTheDocument());
      591 |     const cb = within(screen.getByTestId('list-row-1')).getByRole('checkbox', { name: /include in post/i });

      at logCapturedError (node_modules/react-dom/cjs/react-dom.development.js:18704:23)
      at update.callback (node_modules/react-dom/cjs/react-dom.development.js:18737:5)
      at callCallback (node_modules/react-dom/cjs/react-dom.development.js:15036:12)
      at commitUpdateQueue (node_modules/react-dom/cjs/react-dom.development.js:15057:9)
      at commitLayoutEffectOnFiber (node_modules/react-dom/cjs/react-dom.development.js:23430:13)
      at commitLayoutMountEffects_complete (node_modules/react-dom/cjs/react-dom.development.js:24727:9)
      at commitLayoutEffects_begin (node_modules/react-dom/cjs/react-dom.development.js:24713:7)
      at commitLayoutEffects (node_modules/react-dom/cjs/react-dom.development.js:24651:3)
      at commitRootImpl (node_modules/react-dom/cjs/react-dom.development.js:26862:5)
      at commitRoot (node_modules/react-dom/cjs/react-dom.development.js:26721:5)
      at performSyncWorkOnRoot (node_modules/react-dom/cjs/react-dom.development.js:26156:3)
      at flushSyncCallbacks (node_modules/react-dom/cjs/react-dom.development.js:12042:22)
      at commitRootImpl (node_modules/react-dom/cjs/react-dom.development.js:26998:3)
      at commitRoot (node_modules/react-dom/cjs/react-dom.development.js:26721:5)
      at finishConcurrentRender (node_modules/react-dom/cjs/react-dom.development.js:26020:9)
      at performConcurrentWorkOnRoot (node_modules/react-dom/cjs/react-dom.development.js:25848:7)
      at flushActQueue (node_modules/react/cjs/react.development.js:2667:24)
      at act (node_modules/react/cjs/react.development.js:2582:11)
      at node_modules/@testing-library/react/dist/act-compat.js:46:25
      at renderRoot (node_modules/@testing-library/react/dist/pure.js:189:26)
      at render (node_modules/@testing-library/react/dist/pure.js:291:10)
      at Object.<anonymous> (src/renderer/components/MainPane/tabs/PhotosTab.test.tsx:588:11)

    console.error
      Error: Uncaught [TypeError: fieldsRef.current?.scrollTo is not a function]
          at reportException (/Users/johnneed/Projects/gmc-shelters/node_modules/jsdom/lib/jsdom/living/helpers/runtime-script-errors.js:66:24)
          at innerInvokeEventListeners (/Users/johnneed/Projects/gmc-shelters/node_modules/jsdom/lib/jsdom/living/events/EventTarget-impl.js:353:9)
          at invokeEventListeners (/Users/johnneed/Projects/gmc-shelters/node_modules/jsdom/lib/jsdom/living/events/EventTarget-impl.js:286:3)
          at HTMLUnknownElementImpl._dispatch (/Users/johnneed/Projects/gmc-shelters/node_modules/jsdom/lib/jsdom/living/events/EventTarget-impl.js:233:9)
          at HTMLUnknownElementImpl.dispatchEvent (/Users/johnneed/Projects/gmc-shelters/node_modules/jsdom/lib/jsdom/living/events/EventTarget-impl.js:104:17)
          at HTMLUnknownElement.dispatchEvent (/Users/johnneed/Projects/gmc-shelters/node_modules/jsdom/lib/jsdom/living/generated/EventTarget.js:241:34)
          at Object.invokeGuardedCallbackDev (/Users/johnneed/Projects/gmc-shelters/node_modules/react-dom/cjs/react-dom.development.js:4213:16)
          at invokeGuardedCallback (/Users/johnneed/Projects/gmc-shelters/node_modules/react-dom/cjs/react-dom.development.js:4277:31)
          at reportUncaughtErrorInDEV (/Users/johnneed/Projects/gmc-shelters/node_modules/react-dom/cjs/react-dom.development.js:22877:5)
          at captureCommitPhaseError (/Users/johnneed/Projects/gmc-shelters/node_modules/react-dom/cjs/react-dom.development.js:27165:5)
          at commitPassiveMountEffects_complete (/Users/johnneed/Projects/gmc-shelters/node_modules/react-dom/cjs/react-dom.development.js:24932:9)
          at commitPassiveMountEffects_begin (/Users/johnneed/Projects/gmc-shelters/node_modules/react-dom/cjs/react-dom.development.js:24917:7)
          at commitPassiveMountEffects (/Users/johnneed/Projects/gmc-shelters/node_modules/react-dom/cjs/react-dom.development.js:24905:3)
          at flushPassiveEffectsImpl (/Users/johnneed/Projects/gmc-shelters/node_modules/react-dom/cjs/react-dom.development.js:27078:3)
          at flushPassiveEffects (/Users/johnneed/Projects/gmc-shelters/node_modules/react-dom/cjs/react-dom.development.js:27023:14)
          at performSyncWorkOnRoot (/Users/johnneed/Projects/gmc-shelters/node_modules/react-dom/cjs/react-dom.development.js:26115:3)
          at flushSyncCallbacks (/Users/johnneed/Projects/gmc-shelters/node_modules/react-dom/cjs/react-dom.development.js:12042:22)
          at commitRootImpl (/Users/johnneed/Projects/gmc-shelters/node_modules/react-dom/cjs/react-dom.development.js:26998:3)
          at commitRoot (/Users/johnneed/Projects/gmc-shelters/node_modules/react-dom/cjs/react-dom.development.js:26721:5)
          at finishConcurrentRender (/Users/johnneed/Projects/gmc-shelters/node_modules/react-dom/cjs/react-dom.development.js:26020:9)
          at performConcurrentWorkOnRoot (/Users/johnneed/Projects/gmc-shelters/node_modules/react-dom/cjs/react-dom.development.js:25848:7)
          at flushActQueue (/Users/johnneed/Projects/gmc-shelters/node_modules/react/cjs/react.development.js:2667:24)
          at act (/Users/johnneed/Projects/gmc-shelters/node_modules/react/cjs/react.development.js:2582:11)
          at /Users/johnneed/Projects/gmc-shelters/node_modules/@testing-library/react/dist/act-compat.js:46:25
          at renderRoot (/Users/johnneed/Projects/gmc-shelters/node_modules/@testing-library/react/dist/pure.js:189:26)
          at render (/Users/johnneed/Projects/gmc-shelters/node_modules/@testing-library/react/dist/pure.js:291:10)
          at Object.<anonymous> (/Users/johnneed/Projects/gmc-shelters/src/renderer/components/MainPane/tabs/PhotosTab.test.tsx:597:11)
          at Promise.then.completed (/Users/johnneed/Projects/gmc-shelters/node_modules/jest-circus/build/utils.js:298:28)
          at new Promise (<anonymous>)
          at callAsyncCircusFn (/Users/johnneed/Projects/gmc-shelters/node_modules/jest-circus/build/utils.js:231:10)
          at _callCircusTest (/Users/johnneed/Projects/gmc-shelters/node_modules/jest-circus/build/run.js:316:40)
          at _runTest (/Users/johnneed/Projects/gmc-shelters/node_modules/jest-circus/build/run.js:252:3)
          at _runTestsForDescribeBlock (/Users/johnneed/Projects/gmc-shelters/node_modules/jest-circus/build/run.js:126:9)
          at _runTestsForDescribeBlock (/Users/johnneed/Projects/gmc-shelters/node_modules/jest-circus/build/run.js:121:9)
          at run (/Users/johnneed/Projects/gmc-shelters/node_modules/jest-circus/build/run.js:71:3)
          at runAndTransformResultsToJestFormat (/Users/johnneed/Projects/gmc-shelters/node_modules/jest-circus/build/legacy-code-todo-rewrite/jestAdapterInit.js:122:21)
          at jestAdapter (/Users/johnneed/Projects/gmc-shelters/node_modules/jest-circus/build/legacy-code-todo-rewrite/jestAdapter.js:79:19)
          at runTestInternal (/Users/johnneed/Projects/gmc-shelters/node_modules/jest-runner/build/runTest.js:367:16)
          at runTest (/Users/johnneed/Projects/gmc-shelters/node_modules/jest-runner/build/runTest.js:444:34)
          at Object.worker (/Users/johnneed/Projects/gmc-shelters/node_modules/jest-runner/build/testWorker.js:106:12) {
        detail: TypeError: fieldsRef.current?.scrollTo is not a function
            at /Users/johnneed/Projects/gmc-shelters/src/renderer/components/MainPane/tabs/PhotoDetailPane.tsx:49:24
            at commitHookEffectListMount (/Users/johnneed/Projects/gmc-shelters/node_modules/react-dom/cjs/react-dom.development.js:23189:26)
            at commitPassiveMountOnFiber (/Users/johnneed/Projects/gmc-shelters/node_modules/react-dom/cjs/react-dom.development.js:24970:11)
            at commitPassiveMountEffects_complete (/Users/johnneed/Projects/gmc-shelters/node_modules/react-dom/cjs/react-dom.development.js:24930:9)
            at commitPassiveMountEffects_begin (/Users/johnneed/Projects/gmc-shelters/node_modules/react-dom/cjs/react-dom.development.js:24917:7)
            at commitPassiveMountEffects (/Users/johnneed/Projects/gmc-shelters/node_modules/react-dom/cjs/react-dom.development.js:24905:3)
            at flushPassiveEffectsImpl (/Users/johnneed/Projects/gmc-shelters/node_modules/react-dom/cjs/react-dom.development.js:27078:3)
            at flushPassiveEffects (/Users/johnneed/Projects/gmc-shelters/node_modules/react-dom/cjs/react-dom.development.js:27023:14)
            at performSyncWorkOnRoot (/Users/johnneed/Projects/gmc-shelters/node_modules/react-dom/cjs/react-dom.development.js:26115:3)
            at flushSyncCallbacks (/Users/johnneed/Projects/gmc-shelters/node_modules/react-dom/cjs/react-dom.development.js:12042:22)
            at commitRootImpl (/Users/johnneed/Projects/gmc-shelters/node_modules/react-dom/cjs/react-dom.development.js:26998:3)
            at commitRoot (/Users/johnneed/Projects/gmc-shelters/node_modules/react-dom/cjs/react-dom.development.js:26721:5)
            at finishConcurrentRender (/Users/johnneed/Projects/gmc-shelters/node_modules/react-dom/cjs/react-dom.development.js:26020:9)
            at performConcurrentWorkOnRoot (/Users/johnneed/Projects/gmc-shelters/node_modules/react-dom/cjs/react-dom.development.js:25848:7)
            at flushActQueue (/Users/johnneed/Projects/gmc-shelters/node_modules/react/cjs/react.development.js:2667:24)
            at act (/Users/johnneed/Projects/gmc-shelters/node_modules/react/cjs/react.development.js:2582:11)
            at /Users/johnneed/Projects/gmc-shelters/node_modules/@testing-library/react/dist/act-compat.js:46:25
            at renderRoot (/Users/johnneed/Projects/gmc-shelters/node_modules/@testing-library/react/dist/pure.js:189:26)
            at render (/Users/johnneed/Projects/gmc-shelters/node_modules/@testing-library/react/dist/pure.js:291:10)
            at Object.<anonymous> (/Users/johnneed/Projects/gmc-shelters/src/renderer/components/MainPane/tabs/PhotosTab.test.tsx:597:11)
            at Promise.then.completed (/Users/johnneed/Projects/gmc-shelters/node_modules/jest-circus/build/utils.js:298:28)
            at new Promise (<anonymous>)
            at callAsyncCircusFn (/Users/johnneed/Projects/gmc-shelters/node_modules/jest-circus/build/utils.js:231:10)
            at _callCircusTest (/Users/johnneed/Projects/gmc-shelters/node_modules/jest-circus/build/run.js:316:40)
            at _runTest (/Users/johnneed/Projects/gmc-shelters/node_modules/jest-circus/build/run.js:252:3)
            at _runTestsForDescribeBlock (/Users/johnneed/Projects/gmc-shelters/node_modules/jest-circus/build/run.js:126:9)
            at _runTestsForDescribeBlock (/Users/johnneed/Projects/gmc-shelters/node_modules/jest-circus/build/run.js:121:9)
            at run (/Users/johnneed/Projects/gmc-shelters/node_modules/jest-circus/build/run.js:71:3)
            at runAndTransformResultsToJestFormat (/Users/johnneed/Projects/gmc-shelters/node_modules/jest-circus/build/legacy-code-todo-rewrite/jestAdapterInit.js:122:21)
            at jestAdapter (/Users/johnneed/Projects/gmc-shelters/node_modules/jest-circus/build/legacy-code-todo-rewrite/jestAdapter.js:79:19)
            at runTestInternal (/Users/johnneed/Projects/gmc-shelters/node_modules/jest-runner/build/runTest.js:367:16)
            at runTest (/Users/johnneed/Projects/gmc-shelters/node_modules/jest-runner/build/runTest.js:444:34)
            at Object.worker (/Users/johnneed/Projects/gmc-shelters/node_modules/jest-runner/build/testWorker.js:106:12),
        type: 'unhandled exception'
      }

      595 |   it('list: renders checked checkbox when include_in_post is true', async () => {
      596 |     const store = makeStore(makeShelter(), [makePhoto({ include_in_post: true })]);
    > 597 |     render(<Provider store={store}><PhotosTab /></Provider>);
          |           ^
      598 |     fireEvent.click(screen.getByRole('button', { name: /list/i }));
      599 |     await waitFor(() => expect(screen.getByTestId('list-row-1')).toBeInTheDocument());
      600 |     const cb = within(screen.getByTestId('list-row-1')).getByRole('checkbox', { name: /include in post/i });

      at VirtualConsole.<anonymous> (node_modules/jest-environment-jsdom/build/index.js:63:23)
      at reportException (node_modules/jsdom/lib/jsdom/living/helpers/runtime-script-errors.js:70:28)
      at innerInvokeEventListeners (node_modules/jsdom/lib/jsdom/living/events/EventTarget-impl.js:353:9)
      at invokeEventListeners (node_modules/jsdom/lib/jsdom/living/events/EventTarget-impl.js:286:3)
      at HTMLUnknownElementImpl._dispatch (node_modules/jsdom/lib/jsdom/living/events/EventTarget-impl.js:233:9)
      at HTMLUnknownElementImpl.dispatchEvent (node_modules/jsdom/lib/jsdom/living/events/EventTarget-impl.js:104:17)
      at HTMLUnknownElement.dispatchEvent (node_modules/jsdom/lib/jsdom/living/generated/EventTarget.js:241:34)
      at Object.invokeGuardedCallbackDev (node_modules/react-dom/cjs/react-dom.development.js:4213:16)
      at invokeGuardedCallback (node_modules/react-dom/cjs/react-dom.development.js:4277:31)
      at reportUncaughtErrorInDEV (node_modules/react-dom/cjs/react-dom.development.js:22877:5)
      at captureCommitPhaseError (node_modules/react-dom/cjs/react-dom.development.js:27165:5)
      at commitPassiveMountEffects_complete (node_modules/react-dom/cjs/react-dom.development.js:24932:9)
      at commitPassiveMountEffects_begin (node_modules/react-dom/cjs/react-dom.development.js:24917:7)
      at commitPassiveMountEffects (node_modules/react-dom/cjs/react-dom.development.js:24905:3)
      at flushPassiveEffectsImpl (node_modules/react-dom/cjs/react-dom.development.js:27078:3)
      at flushPassiveEffects (node_modules/react-dom/cjs/react-dom.development.js:27023:14)
      at performSyncWorkOnRoot (node_modules/react-dom/cjs/react-dom.development.js:26115:3)
      at flushSyncCallbacks (node_modules/react-dom/cjs/react-dom.development.js:12042:22)
      at commitRootImpl (node_modules/react-dom/cjs/react-dom.development.js:26998:3)
      at commitRoot (node_modules/react-dom/cjs/react-dom.development.js:26721:5)
      at finishConcurrentRender (node_modules/react-dom/cjs/react-dom.development.js:26020:9)
      at performConcurrentWorkOnRoot (node_modules/react-dom/cjs/react-dom.development.js:25848:7)
      at flushActQueue (node_modules/react/cjs/react.development.js:2667:24)
      at act (node_modules/react/cjs/react.development.js:2582:11)
      at node_modules/@testing-library/react/dist/act-compat.js:46:25
      at renderRoot (node_modules/@testing-library/react/dist/pure.js:189:26)
      at render (node_modules/@testing-library/react/dist/pure.js:291:10)
      at Object.<anonymous> (src/renderer/components/MainPane/tabs/PhotosTab.test.tsx:597:11)

    console.error
      The above error occurred in the <PhotoDetailPane> component:
      
          at PhotoDetailPane (/Users/johnneed/Projects/gmc-shelters/src/renderer/components/MainPane/tabs/PhotoDetailPane.tsx:39:3)
          at div
          at PhotosTab (/Users/johnneed/Projects/gmc-shelters/src/renderer/components/MainPane/tabs/PhotosTab.tsx:58:31)
          at Provider (/Users/johnneed/Projects/gmc-shelters/node_modules/react-redux/src/components/Provider.tsx:60:11)
      
      Consider adding an error boundary to your tree to customize error handling behavior.
      Visit https://reactjs.org/link/error-boundaries to learn more about error boundaries.

      595 |   it('list: renders checked checkbox when include_in_post is true', async () => {
      596 |     const store = makeStore(makeShelter(), [makePhoto({ include_in_post: true })]);
    > 597 |     render(<Provider store={store}><PhotosTab /></Provider>);
          |           ^
      598 |     fireEvent.click(screen.getByRole('button', { name: /list/i }));
      599 |     await waitFor(() => expect(screen.getByTestId('list-row-1')).toBeInTheDocument());
      600 |     const cb = within(screen.getByTestId('list-row-1')).getByRole('checkbox', { name: /include in post/i });

      at logCapturedError (node_modules/react-dom/cjs/react-dom.development.js:18704:23)
      at update.callback (node_modules/react-dom/cjs/react-dom.development.js:18737:5)
      at callCallback (node_modules/react-dom/cjs/react-dom.development.js:15036:12)
      at commitUpdateQueue (node_modules/react-dom/cjs/react-dom.development.js:15057:9)
      at commitLayoutEffectOnFiber (node_modules/react-dom/cjs/react-dom.development.js:23430:13)
      at commitLayoutMountEffects_complete (node_modules/react-dom/cjs/react-dom.development.js:24727:9)
      at commitLayoutEffects_begin (node_modules/react-dom/cjs/react-dom.development.js:24713:7)
      at commitLayoutEffects (node_modules/react-dom/cjs/react-dom.development.js:24651:3)
      at commitRootImpl (node_modules/react-dom/cjs/react-dom.development.js:26862:5)
      at commitRoot (node_modules/react-dom/cjs/react-dom.development.js:26721:5)
      at performSyncWorkOnRoot (node_modules/react-dom/cjs/react-dom.development.js:26156:3)
      at flushSyncCallbacks (node_modules/react-dom/cjs/react-dom.development.js:12042:22)
      at commitRootImpl (node_modules/react-dom/cjs/react-dom.development.js:26998:3)
      at commitRoot (node_modules/react-dom/cjs/react-dom.development.js:26721:5)
      at finishConcurrentRender (node_modules/react-dom/cjs/react-dom.development.js:26020:9)
      at performConcurrentWorkOnRoot (node_modules/react-dom/cjs/react-dom.development.js:25848:7)
      at flushActQueue (node_modules/react/cjs/react.development.js:2667:24)
      at act (node_modules/react/cjs/react.development.js:2582:11)
      at node_modules/@testing-library/react/dist/act-compat.js:46:25
      at renderRoot (node_modules/@testing-library/react/dist/pure.js:189:26)
      at render (node_modules/@testing-library/react/dist/pure.js:291:10)
      at Object.<anonymous> (src/renderer/components/MainPane/tabs/PhotosTab.test.tsx:597:11)

    console.error
      Error: Uncaught [TypeError: fieldsRef.current?.scrollTo is not a function]
          at reportException (/Users/johnneed/Projects/gmc-shelters/node_modules/jsdom/lib/jsdom/living/helpers/runtime-script-errors.js:66:24)
          at innerInvokeEventListeners (/Users/johnneed/Projects/gmc-shelters/node_modules/jsdom/lib/jsdom/living/events/EventTarget-impl.js:353:9)
          at invokeEventListeners (/Users/johnneed/Projects/gmc-shelters/node_modules/jsdom/lib/jsdom/living/events/EventTarget-impl.js:286:3)
          at HTMLUnknownElementImpl._dispatch (/Users/johnneed/Projects/gmc-shelters/node_modules/jsdom/lib/jsdom/living/events/EventTarget-impl.js:233:9)
          at HTMLUnknownElementImpl.dispatchEvent (/Users/johnneed/Projects/gmc-shelters/node_modules/jsdom/lib/jsdom/living/events/EventTarget-impl.js:104:17)
          at HTMLUnknownElement.dispatchEvent (/Users/johnneed/Projects/gmc-shelters/node_modules/jsdom/lib/jsdom/living/generated/EventTarget.js:241:34)
          at Object.invokeGuardedCallbackDev (/Users/johnneed/Projects/gmc-shelters/node_modules/react-dom/cjs/react-dom.development.js:4213:16)
          at invokeGuardedCallback (/Users/johnneed/Projects/gmc-shelters/node_modules/react-dom/cjs/react-dom.development.js:4277:31)
          at reportUncaughtErrorInDEV (/Users/johnneed/Projects/gmc-shelters/node_modules/react-dom/cjs/react-dom.development.js:22877:5)
          at captureCommitPhaseError (/Users/johnneed/Projects/gmc-shelters/node_modules/react-dom/cjs/react-dom.development.js:27165:5)
          at commitPassiveMountEffects_complete (/Users/johnneed/Projects/gmc-shelters/node_modules/react-dom/cjs/react-dom.development.js:24932:9)
          at commitPassiveMountEffects_begin (/Users/johnneed/Projects/gmc-shelters/node_modules/react-dom/cjs/react-dom.development.js:24917:7)
          at commitPassiveMountEffects (/Users/johnneed/Projects/gmc-shelters/node_modules/react-dom/cjs/react-dom.development.js:24905:3)
          at flushPassiveEffectsImpl (/Users/johnneed/Projects/gmc-shelters/node_modules/react-dom/cjs/react-dom.development.js:27078:3)
          at flushPassiveEffects (/Users/johnneed/Projects/gmc-shelters/node_modules/react-dom/cjs/react-dom.development.js:27023:14)
          at performSyncWorkOnRoot (/Users/johnneed/Projects/gmc-shelters/node_modules/react-dom/cjs/react-dom.development.js:26115:3)
          at flushSyncCallbacks (/Users/johnneed/Projects/gmc-shelters/node_modules/react-dom/cjs/react-dom.development.js:12042:22)
          at commitRootImpl (/Users/johnneed/Projects/gmc-shelters/node_modules/react-dom/cjs/react-dom.development.js:26998:3)
          at commitRoot (/Users/johnneed/Projects/gmc-shelters/node_modules/react-dom/cjs/react-dom.development.js:26721:5)
          at finishConcurrentRender (/Users/johnneed/Projects/gmc-shelters/node_modules/react-dom/cjs/react-dom.development.js:26020:9)
          at performConcurrentWorkOnRoot (/Users/johnneed/Projects/gmc-shelters/node_modules/react-dom/cjs/react-dom.development.js:25848:7)
          at flushActQueue (/Users/johnneed/Projects/gmc-shelters/node_modules/react/cjs/react.development.js:2667:24)
          at act (/Users/johnneed/Projects/gmc-shelters/node_modules/react/cjs/react.development.js:2582:11)
          at /Users/johnneed/Projects/gmc-shelters/node_modules/@testing-library/react/dist/act-compat.js:46:25
          at renderRoot (/Users/johnneed/Projects/gmc-shelters/node_modules/@testing-library/react/dist/pure.js:189:26)
          at render (/Users/johnneed/Projects/gmc-shelters/node_modules/@testing-library/react/dist/pure.js:291:10)
          at Object.<anonymous> (/Users/johnneed/Projects/gmc-shelters/src/renderer/components/MainPane/tabs/PhotosTab.test.tsx:606:11)
          at Promise.then.completed (/Users/johnneed/Projects/gmc-shelters/node_modules/jest-circus/build/utils.js:298:28)
          at new Promise (<anonymous>)
          at callAsyncCircusFn (/Users/johnneed/Projects/gmc-shelters/node_modules/jest-circus/build/utils.js:231:10)
          at _callCircusTest (/Users/johnneed/Projects/gmc-shelters/node_modules/jest-circus/build/run.js:316:40)
          at _runTest (/Users/johnneed/Projects/gmc-shelters/node_modules/jest-circus/build/run.js:252:3)
          at _runTestsForDescribeBlock (/Users/johnneed/Projects/gmc-shelters/node_modules/jest-circus/build/run.js:126:9)
          at _runTestsForDescribeBlock (/Users/johnneed/Projects/gmc-shelters/node_modules/jest-circus/build/run.js:121:9)
          at run (/Users/johnneed/Projects/gmc-shelters/node_modules/jest-circus/build/run.js:71:3)
          at runAndTransformResultsToJestFormat (/Users/johnneed/Projects/gmc-shelters/node_modules/jest-circus/build/legacy-code-todo-rewrite/jestAdapterInit.js:122:21)
          at jestAdapter (/Users/johnneed/Projects/gmc-shelters/node_modules/jest-circus/build/legacy-code-todo-rewrite/jestAdapter.js:79:19)
          at runTestInternal (/Users/johnneed/Projects/gmc-shelters/node_modules/jest-runner/build/runTest.js:367:16)
          at runTest (/Users/johnneed/Projects/gmc-shelters/node_modules/jest-runner/build/runTest.js:444:34)
          at Object.worker (/Users/johnneed/Projects/gmc-shelters/node_modules/jest-runner/build/testWorker.js:106:12) {
        detail: TypeError: fieldsRef.current?.scrollTo is not a function
            at /Users/johnneed/Projects/gmc-shelters/src/renderer/components/MainPane/tabs/PhotoDetailPane.tsx:49:24
            at commitHookEffectListMount (/Users/johnneed/Projects/gmc-shelters/node_modules/react-dom/cjs/react-dom.development.js:23189:26)
            at commitPassiveMountOnFiber (/Users/johnneed/Projects/gmc-shelters/node_modules/react-dom/cjs/react-dom.development.js:24970:11)
            at commitPassiveMountEffects_complete (/Users/johnneed/Projects/gmc-shelters/node_modules/react-dom/cjs/react-dom.development.js:24930:9)
            at commitPassiveMountEffects_begin (/Users/johnneed/Projects/gmc-shelters/node_modules/react-dom/cjs/react-dom.development.js:24917:7)
            at commitPassiveMountEffects (/Users/johnneed/Projects/gmc-shelters/node_modules/react-dom/cjs/react-dom.development.js:24905:3)
            at flushPassiveEffectsImpl (/Users/johnneed/Projects/gmc-shelters/node_modules/react-dom/cjs/react-dom.development.js:27078:3)
            at flushPassiveEffects (/Users/johnneed/Projects/gmc-shelters/node_modules/react-dom/cjs/react-dom.development.js:27023:14)
            at performSyncWorkOnRoot (/Users/johnneed/Projects/gmc-shelters/node_modules/react-dom/cjs/react-dom.development.js:26115:3)
            at flushSyncCallbacks (/Users/johnneed/Projects/gmc-shelters/node_modules/react-dom/cjs/react-dom.development.js:12042:22)
            at commitRootImpl (/Users/johnneed/Projects/gmc-shelters/node_modules/react-dom/cjs/react-dom.development.js:26998:3)
            at commitRoot (/Users/johnneed/Projects/gmc-shelters/node_modules/react-dom/cjs/react-dom.development.js:26721:5)
            at finishConcurrentRender (/Users/johnneed/Projects/gmc-shelters/node_modules/react-dom/cjs/react-dom.development.js:26020:9)
            at performConcurrentWorkOnRoot (/Users/johnneed/Projects/gmc-shelters/node_modules/react-dom/cjs/react-dom.development.js:25848:7)
            at flushActQueue (/Users/johnneed/Projects/gmc-shelters/node_modules/react/cjs/react.development.js:2667:24)
            at act (/Users/johnneed/Projects/gmc-shelters/node_modules/react/cjs/react.development.js:2582:11)
            at /Users/johnneed/Projects/gmc-shelters/node_modules/@testing-library/react/dist/act-compat.js:46:25
            at renderRoot (/Users/johnneed/Projects/gmc-shelters/node_modules/@testing-library/react/dist/pure.js:189:26)
            at render (/Users/johnneed/Projects/gmc-shelters/node_modules/@testing-library/react/dist/pure.js:291:10)
            at Object.<anonymous> (/Users/johnneed/Projects/gmc-shelters/src/renderer/components/MainPane/tabs/PhotosTab.test.tsx:606:11)
            at Promise.then.completed (/Users/johnneed/Projects/gmc-shelters/node_modules/jest-circus/build/utils.js:298:28)
            at new Promise (<anonymous>)
            at callAsyncCircusFn (/Users/johnneed/Projects/gmc-shelters/node_modules/jest-circus/build/utils.js:231:10)
            at _callCircusTest (/Users/johnneed/Projects/gmc-shelters/node_modules/jest-circus/build/run.js:316:40)
            at _runTest (/Users/johnneed/Projects/gmc-shelters/node_modules/jest-circus/build/run.js:252:3)
            at _runTestsForDescribeBlock (/Users/johnneed/Projects/gmc-shelters/node_modules/jest-circus/build/run.js:126:9)
            at _runTestsForDescribeBlock (/Users/johnneed/Projects/gmc-shelters/node_modules/jest-circus/build/run.js:121:9)
            at run (/Users/johnneed/Projects/gmc-shelters/node_modules/jest-circus/build/run.js:71:3)
            at runAndTransformResultsToJestFormat (/Users/johnneed/Projects/gmc-shelters/node_modules/jest-circus/build/legacy-code-todo-rewrite/jestAdapterInit.js:122:21)
            at jestAdapter (/Users/johnneed/Projects/gmc-shelters/node_modules/jest-circus/build/legacy-code-todo-rewrite/jestAdapter.js:79:19)
            at runTestInternal (/Users/johnneed/Projects/gmc-shelters/node_modules/jest-runner/build/runTest.js:367:16)
            at runTest (/Users/johnneed/Projects/gmc-shelters/node_modules/jest-runner/build/runTest.js:444:34)
            at Object.worker (/Users/johnneed/Projects/gmc-shelters/node_modules/jest-runner/build/testWorker.js:106:12),
        type: 'unhandled exception'
      }

      604 |   it('list: clicking checkbox calls photos.update with toggled include_in_post', async () => {
      605 |     const store = makeStore(makeShelter(), [makePhoto({ include_in_post: false })]);
    > 606 |     render(<Provider store={store}><PhotosTab /></Provider>);
          |           ^
      607 |     fireEvent.click(screen.getByRole('button', { name: /list/i }));
      608 |     await waitFor(() => expect(screen.getByTestId('list-row-1')).toBeInTheDocument());
      609 |     const cb = within(screen.getByTestId('list-row-1')).getByRole('checkbox', { name: /include in post/i });

      at VirtualConsole.<anonymous> (node_modules/jest-environment-jsdom/build/index.js:63:23)
      at reportException (node_modules/jsdom/lib/jsdom/living/helpers/runtime-script-errors.js:70:28)
      at innerInvokeEventListeners (node_modules/jsdom/lib/jsdom/living/events/EventTarget-impl.js:353:9)
      at invokeEventListeners (node_modules/jsdom/lib/jsdom/living/events/EventTarget-impl.js:286:3)
      at HTMLUnknownElementImpl._dispatch (node_modules/jsdom/lib/jsdom/living/events/EventTarget-impl.js:233:9)
      at HTMLUnknownElementImpl.dispatchEvent (node_modules/jsdom/lib/jsdom/living/events/EventTarget-impl.js:104:17)
      at HTMLUnknownElement.dispatchEvent (node_modules/jsdom/lib/jsdom/living/generated/EventTarget.js:241:34)
      at Object.invokeGuardedCallbackDev (node_modules/react-dom/cjs/react-dom.development.js:4213:16)
      at invokeGuardedCallback (node_modules/react-dom/cjs/react-dom.development.js:4277:31)
      at reportUncaughtErrorInDEV (node_modules/react-dom/cjs/react-dom.development.js:22877:5)
      at captureCommitPhaseError (node_modules/react-dom/cjs/react-dom.development.js:27165:5)
      at commitPassiveMountEffects_complete (node_modules/react-dom/cjs/react-dom.development.js:24932:9)
      at commitPassiveMountEffects_begin (node_modules/react-dom/cjs/react-dom.development.js:24917:7)
      at commitPassiveMountEffects (node_modules/react-dom/cjs/react-dom.development.js:24905:3)
      at flushPassiveEffectsImpl (node_modules/react-dom/cjs/react-dom.development.js:27078:3)
      at flushPassiveEffects (node_modules/react-dom/cjs/react-dom.development.js:27023:14)
      at performSyncWorkOnRoot (node_modules/react-dom/cjs/react-dom.development.js:26115:3)
      at flushSyncCallbacks (node_modules/react-dom/cjs/react-dom.development.js:12042:22)
      at commitRootImpl (node_modules/react-dom/cjs/react-dom.development.js:26998:3)
      at commitRoot (node_modules/react-dom/cjs/react-dom.development.js:26721:5)
      at finishConcurrentRender (node_modules/react-dom/cjs/react-dom.development.js:26020:9)
      at performConcurrentWorkOnRoot (node_modules/react-dom/cjs/react-dom.development.js:25848:7)
      at flushActQueue (node_modules/react/cjs/react.development.js:2667:24)
      at act (node_modules/react/cjs/react.development.js:2582:11)
      at node_modules/@testing-library/react/dist/act-compat.js:46:25
      at renderRoot (node_modules/@testing-library/react/dist/pure.js:189:26)
      at render (node_modules/@testing-library/react/dist/pure.js:291:10)
      at Object.<anonymous> (src/renderer/components/MainPane/tabs/PhotosTab.test.tsx:606:11)

    console.error
      The above error occurred in the <PhotoDetailPane> component:
      
          at PhotoDetailPane (/Users/johnneed/Projects/gmc-shelters/src/renderer/components/MainPane/tabs/PhotoDetailPane.tsx:39:3)
          at div
          at PhotosTab (/Users/johnneed/Projects/gmc-shelters/src/renderer/components/MainPane/tabs/PhotosTab.tsx:58:31)
          at Provider (/Users/johnneed/Projects/gmc-shelters/node_modules/react-redux/src/components/Provider.tsx:60:11)
      
      Consider adding an error boundary to your tree to customize error handling behavior.
      Visit https://reactjs.org/link/error-boundaries to learn more about error boundaries.

      604 |   it('list: clicking checkbox calls photos.update with toggled include_in_post', async () => {
      605 |     const store = makeStore(makeShelter(), [makePhoto({ include_in_post: false })]);
    > 606 |     render(<Provider store={store}><PhotosTab /></Provider>);
          |           ^
      607 |     fireEvent.click(screen.getByRole('button', { name: /list/i }));
      608 |     await waitFor(() => expect(screen.getByTestId('list-row-1')).toBeInTheDocument());
      609 |     const cb = within(screen.getByTestId('list-row-1')).getByRole('checkbox', { name: /include in post/i });

      at logCapturedError (node_modules/react-dom/cjs/react-dom.development.js:18704:23)
      at update.callback (node_modules/react-dom/cjs/react-dom.development.js:18737:5)
      at callCallback (node_modules/react-dom/cjs/react-dom.development.js:15036:12)
      at commitUpdateQueue (node_modules/react-dom/cjs/react-dom.development.js:15057:9)
      at commitLayoutEffectOnFiber (node_modules/react-dom/cjs/react-dom.development.js:23430:13)
      at commitLayoutMountEffects_complete (node_modules/react-dom/cjs/react-dom.development.js:24727:9)
      at commitLayoutEffects_begin (node_modules/react-dom/cjs/react-dom.development.js:24713:7)
      at commitLayoutEffects (node_modules/react-dom/cjs/react-dom.development.js:24651:3)
      at commitRootImpl (node_modules/react-dom/cjs/react-dom.development.js:26862:5)
      at commitRoot (node_modules/react-dom/cjs/react-dom.development.js:26721:5)
      at performSyncWorkOnRoot (node_modules/react-dom/cjs/react-dom.development.js:26156:3)
      at flushSyncCallbacks (node_modules/react-dom/cjs/react-dom.development.js:12042:22)
      at commitRootImpl (node_modules/react-dom/cjs/react-dom.development.js:26998:3)
      at commitRoot (node_modules/react-dom/cjs/react-dom.development.js:26721:5)
      at finishConcurrentRender (node_modules/react-dom/cjs/react-dom.development.js:26020:9)
      at performConcurrentWorkOnRoot (node_modules/react-dom/cjs/react-dom.development.js:25848:7)
      at flushActQueue (node_modules/react/cjs/react.development.js:2667:24)
      at act (node_modules/react/cjs/react.development.js:2582:11)
      at node_modules/@testing-library/react/dist/act-compat.js:46:25
      at renderRoot (node_modules/@testing-library/react/dist/pure.js:189:26)
      at render (node_modules/@testing-library/react/dist/pure.js:291:10)
      at Object.<anonymous> (src/renderer/components/MainPane/tabs/PhotosTab.test.tsx:606:11)

    console.error
      Error: Uncaught [TypeError: fieldsRef.current?.scrollTo is not a function]
          at reportException (/Users/johnneed/Projects/gmc-shelters/node_modules/jsdom/lib/jsdom/living/helpers/runtime-script-errors.js:66:24)
          at innerInvokeEventListeners (/Users/johnneed/Projects/gmc-shelters/node_modules/jsdom/lib/jsdom/living/events/EventTarget-impl.js:353:9)
          at invokeEventListeners (/Users/johnneed/Projects/gmc-shelters/node_modules/jsdom/lib/jsdom/living/events/EventTarget-impl.js:286:3)
          at HTMLUnknownElementImpl._dispatch (/Users/johnneed/Projects/gmc-shelters/node_modules/jsdom/lib/jsdom/living/events/EventTarget-impl.js:233:9)
          at HTMLUnknownElementImpl.dispatchEvent (/Users/johnneed/Projects/gmc-shelters/node_modules/jsdom/lib/jsdom/living/events/EventTarget-impl.js:104:17)
          at HTMLUnknownElement.dispatchEvent (/Users/johnneed/Projects/gmc-shelters/node_modules/jsdom/lib/jsdom/living/generated/EventTarget.js:241:34)
          at Object.invokeGuardedCallbackDev (/Users/johnneed/Projects/gmc-shelters/node_modules/react-dom/cjs/react-dom.development.js:4213:16)
          at invokeGuardedCallback (/Users/johnneed/Projects/gmc-shelters/node_modules/react-dom/cjs/react-dom.development.js:4277:31)
          at reportUncaughtErrorInDEV (/Users/johnneed/Projects/gmc-shelters/node_modules/react-dom/cjs/react-dom.development.js:22877:5)
          at captureCommitPhaseError (/Users/johnneed/Projects/gmc-shelters/node_modules/react-dom/cjs/react-dom.development.js:27165:5)
          at commitPassiveMountEffects_complete (/Users/johnneed/Projects/gmc-shelters/node_modules/react-dom/cjs/react-dom.development.js:24932:9)
          at commitPassiveMountEffects_begin (/Users/johnneed/Projects/gmc-shelters/node_modules/react-dom/cjs/react-dom.development.js:24917:7)
          at commitPassiveMountEffects (/Users/johnneed/Projects/gmc-shelters/node_modules/react-dom/cjs/react-dom.development.js:24905:3)
          at flushPassiveEffectsImpl (/Users/johnneed/Projects/gmc-shelters/node_modules/react-dom/cjs/react-dom.development.js:27078:3)
          at flushPassiveEffects (/Users/johnneed/Projects/gmc-shelters/node_modules/react-dom/cjs/react-dom.development.js:27023:14)
          at performSyncWorkOnRoot (/Users/johnneed/Projects/gmc-shelters/node_modules/react-dom/cjs/react-dom.development.js:26115:3)
          at flushSyncCallbacks (/Users/johnneed/Projects/gmc-shelters/node_modules/react-dom/cjs/react-dom.development.js:12042:22)
          at commitRootImpl (/Users/johnneed/Projects/gmc-shelters/node_modules/react-dom/cjs/react-dom.development.js:26998:3)
          at commitRoot (/Users/johnneed/Projects/gmc-shelters/node_modules/react-dom/cjs/react-dom.development.js:26721:5)
          at finishConcurrentRender (/Users/johnneed/Projects/gmc-shelters/node_modules/react-dom/cjs/react-dom.development.js:26020:9)
          at performConcurrentWorkOnRoot (/Users/johnneed/Projects/gmc-shelters/node_modules/react-dom/cjs/react-dom.development.js:25848:7)
          at flushActQueue (/Users/johnneed/Projects/gmc-shelters/node_modules/react/cjs/react.development.js:2667:24)
          at act (/Users/johnneed/Projects/gmc-shelters/node_modules/react/cjs/react.development.js:2582:11)
          at /Users/johnneed/Projects/gmc-shelters/node_modules/@testing-library/react/dist/act-compat.js:46:25
          at renderRoot (/Users/johnneed/Projects/gmc-shelters/node_modules/@testing-library/react/dist/pure.js:189:26)
          at render (/Users/johnneed/Projects/gmc-shelters/node_modules/@testing-library/react/dist/pure.js:291:10)
          at Object.<anonymous> (/Users/johnneed/Projects/gmc-shelters/src/renderer/components/MainPane/tabs/PhotosTab.test.tsx:622:11)
          at Promise.then.completed (/Users/johnneed/Projects/gmc-shelters/node_modules/jest-circus/build/utils.js:298:28)
          at new Promise (<anonymous>)
          at callAsyncCircusFn (/Users/johnneed/Projects/gmc-shelters/node_modules/jest-circus/build/utils.js:231:10)
          at _callCircusTest (/Users/johnneed/Projects/gmc-shelters/node_modules/jest-circus/build/run.js:316:40)
          at _runTest (/Users/johnneed/Projects/gmc-shelters/node_modules/jest-circus/build/run.js:252:3)
          at _runTestsForDescribeBlock (/Users/johnneed/Projects/gmc-shelters/node_modules/jest-circus/build/run.js:126:9)
          at _runTestsForDescribeBlock (/Users/johnneed/Projects/gmc-shelters/node_modules/jest-circus/build/run.js:121:9)
          at run (/Users/johnneed/Projects/gmc-shelters/node_modules/jest-circus/build/run.js:71:3)
          at runAndTransformResultsToJestFormat (/Users/johnneed/Projects/gmc-shelters/node_modules/jest-circus/build/legacy-code-todo-rewrite/jestAdapterInit.js:122:21)
          at jestAdapter (/Users/johnneed/Projects/gmc-shelters/node_modules/jest-circus/build/legacy-code-todo-rewrite/jestAdapter.js:79:19)
          at runTestInternal (/Users/johnneed/Projects/gmc-shelters/node_modules/jest-runner/build/runTest.js:367:16)
          at runTest (/Users/johnneed/Projects/gmc-shelters/node_modules/jest-runner/build/runTest.js:444:34)
          at Object.worker (/Users/johnneed/Projects/gmc-shelters/node_modules/jest-runner/build/testWorker.js:106:12) {
        detail: TypeError: fieldsRef.current?.scrollTo is not a function
            at /Users/johnneed/Projects/gmc-shelters/src/renderer/components/MainPane/tabs/PhotoDetailPane.tsx:49:24
            at commitHookEffectListMount (/Users/johnneed/Projects/gmc-shelters/node_modules/react-dom/cjs/react-dom.development.js:23189:26)
            at commitPassiveMountOnFiber (/Users/johnneed/Projects/gmc-shelters/node_modules/react-dom/cjs/react-dom.development.js:24970:11)
            at commitPassiveMountEffects_complete (/Users/johnneed/Projects/gmc-shelters/node_modules/react-dom/cjs/react-dom.development.js:24930:9)
            at commitPassiveMountEffects_begin (/Users/johnneed/Projects/gmc-shelters/node_modules/react-dom/cjs/react-dom.development.js:24917:7)
            at commitPassiveMountEffects (/Users/johnneed/Projects/gmc-shelters/node_modules/react-dom/cjs/react-dom.development.js:24905:3)
            at flushPassiveEffectsImpl (/Users/johnneed/Projects/gmc-shelters/node_modules/react-dom/cjs/react-dom.development.js:27078:3)
            at flushPassiveEffects (/Users/johnneed/Projects/gmc-shelters/node_modules/react-dom/cjs/react-dom.development.js:27023:14)
            at performSyncWorkOnRoot (/Users/johnneed/Projects/gmc-shelters/node_modules/react-dom/cjs/react-dom.development.js:26115:3)
            at flushSyncCallbacks (/Users/johnneed/Projects/gmc-shelters/node_modules/react-dom/cjs/react-dom.development.js:12042:22)
            at commitRootImpl (/Users/johnneed/Projects/gmc-shelters/node_modules/react-dom/cjs/react-dom.development.js:26998:3)
            at commitRoot (/Users/johnneed/Projects/gmc-shelters/node_modules/react-dom/cjs/react-dom.development.js:26721:5)
            at finishConcurrentRender (/Users/johnneed/Projects/gmc-shelters/node_modules/react-dom/cjs/react-dom.development.js:26020:9)
            at performConcurrentWorkOnRoot (/Users/johnneed/Projects/gmc-shelters/node_modules/react-dom/cjs/react-dom.development.js:25848:7)
            at flushActQueue (/Users/johnneed/Projects/gmc-shelters/node_modules/react/cjs/react.development.js:2667:24)
            at act (/Users/johnneed/Projects/gmc-shelters/node_modules/react/cjs/react.development.js:2582:11)
            at /Users/johnneed/Projects/gmc-shelters/node_modules/@testing-library/react/dist/act-compat.js:46:25
            at renderRoot (/Users/johnneed/Projects/gmc-shelters/node_modules/@testing-library/react/dist/pure.js:189:26)
            at render (/Users/johnneed/Projects/gmc-shelters/node_modules/@testing-library/react/dist/pure.js:291:10)
            at Object.<anonymous> (/Users/johnneed/Projects/gmc-shelters/src/renderer/components/MainPane/tabs/PhotosTab.test.tsx:622:11)
            at Promise.then.completed (/Users/johnneed/Projects/gmc-shelters/node_modules/jest-circus/build/utils.js:298:28)
            at new Promise (<anonymous>)
            at callAsyncCircusFn (/Users/johnneed/Projects/gmc-shelters/node_modules/jest-circus/build/utils.js:231:10)
            at _callCircusTest (/Users/johnneed/Projects/gmc-shelters/node_modules/jest-circus/build/run.js:316:40)
            at _runTest (/Users/johnneed/Projects/gmc-shelters/node_modules/jest-circus/build/run.js:252:3)
            at _runTestsForDescribeBlock (/Users/johnneed/Projects/gmc-shelters/node_modules/jest-circus/build/run.js:126:9)
            at _runTestsForDescribeBlock (/Users/johnneed/Projects/gmc-shelters/node_modules/jest-circus/build/run.js:121:9)
            at run (/Users/johnneed/Projects/gmc-shelters/node_modules/jest-circus/build/run.js:71:3)
            at runAndTransformResultsToJestFormat (/Users/johnneed/Projects/gmc-shelters/node_modules/jest-circus/build/legacy-code-todo-rewrite/jestAdapterInit.js:122:21)
            at jestAdapter (/Users/johnneed/Projects/gmc-shelters/node_modules/jest-circus/build/legacy-code-todo-rewrite/jestAdapter.js:79:19)
            at runTestInternal (/Users/johnneed/Projects/gmc-shelters/node_modules/jest-runner/build/runTest.js:367:16)
            at runTest (/Users/johnneed/Projects/gmc-shelters/node_modules/jest-runner/build/runTest.js:444:34)
            at Object.worker (/Users/johnneed/Projects/gmc-shelters/node_modules/jest-runner/build/testWorker.js:106:12),
        type: 'unhandled exception'
      }

      620 |     const photo = makePhoto();
      621 |     const store = makeStore(shelter, [photo]);
    > 622 |     render(<Provider store={store}><PhotosTab /></Provider>);
          |           ^
      623 |     await waitFor(() => {
      624 |       expect(screen.getByTitle('Copy file metadata values into the editorial record')).toBeInTheDocument();
      625 |     });

      at VirtualConsole.<anonymous> (node_modules/jest-environment-jsdom/build/index.js:63:23)
      at reportException (node_modules/jsdom/lib/jsdom/living/helpers/runtime-script-errors.js:70:28)
      at innerInvokeEventListeners (node_modules/jsdom/lib/jsdom/living/events/EventTarget-impl.js:353:9)
      at invokeEventListeners (node_modules/jsdom/lib/jsdom/living/events/EventTarget-impl.js:286:3)
      at HTMLUnknownElementImpl._dispatch (node_modules/jsdom/lib/jsdom/living/events/EventTarget-impl.js:233:9)
      at HTMLUnknownElementImpl.dispatchEvent (node_modules/jsdom/lib/jsdom/living/events/EventTarget-impl.js:104:17)
      at HTMLUnknownElement.dispatchEvent (node_modules/jsdom/lib/jsdom/living/generated/EventTarget.js:241:34)
      at Object.invokeGuardedCallbackDev (node_modules/react-dom/cjs/react-dom.development.js:4213:16)
      at invokeGuardedCallback (node_modules/react-dom/cjs/react-dom.development.js:4277:31)
      at reportUncaughtErrorInDEV (node_modules/react-dom/cjs/react-dom.development.js:22877:5)
      at captureCommitPhaseError (node_modules/react-dom/cjs/react-dom.development.js:27165:5)
      at commitPassiveMountEffects_complete (node_modules/react-dom/cjs/react-dom.development.js:24932:9)
      at commitPassiveMountEffects_begin (node_modules/react-dom/cjs/react-dom.development.js:24917:7)
      at commitPassiveMountEffects (node_modules/react-dom/cjs/react-dom.development.js:24905:3)
      at flushPassiveEffectsImpl (node_modules/react-dom/cjs/react-dom.development.js:27078:3)
      at flushPassiveEffects (node_modules/react-dom/cjs/react-dom.development.js:27023:14)
      at performSyncWorkOnRoot (node_modules/react-dom/cjs/react-dom.development.js:26115:3)
      at flushSyncCallbacks (node_modules/react-dom/cjs/react-dom.development.js:12042:22)
      at commitRootImpl (node_modules/react-dom/cjs/react-dom.development.js:26998:3)
      at commitRoot (node_modules/react-dom/cjs/react-dom.development.js:26721:5)
      at finishConcurrentRender (node_modules/react-dom/cjs/react-dom.development.js:26020:9)
      at performConcurrentWorkOnRoot (node_modules/react-dom/cjs/react-dom.development.js:25848:7)
      at flushActQueue (node_modules/react/cjs/react.development.js:2667:24)
      at act (node_modules/react/cjs/react.development.js:2582:11)
      at node_modules/@testing-library/react/dist/act-compat.js:46:25
      at renderRoot (node_modules/@testing-library/react/dist/pure.js:189:26)
      at render (node_modules/@testing-library/react/dist/pure.js:291:10)
      at Object.<anonymous> (src/renderer/components/MainPane/tabs/PhotosTab.test.tsx:622:11)

    console.error
      The above error occurred in the <PhotoDetailPane> component:
      
          at PhotoDetailPane (/Users/johnneed/Projects/gmc-shelters/src/renderer/components/MainPane/tabs/PhotoDetailPane.tsx:39:3)
          at div
          at PhotosTab (/Users/johnneed/Projects/gmc-shelters/src/renderer/components/MainPane/tabs/PhotosTab.tsx:58:31)
          at Provider (/Users/johnneed/Projects/gmc-shelters/node_modules/react-redux/src/components/Provider.tsx:60:11)
      
      Consider adding an error boundary to your tree to customize error handling behavior.
      Visit https://reactjs.org/link/error-boundaries to learn more about error boundaries.

      620 |     const photo = makePhoto();
      621 |     const store = makeStore(shelter, [photo]);
    > 622 |     render(<Provider store={store}><PhotosTab /></Provider>);
          |           ^
      623 |     await waitFor(() => {
      624 |       expect(screen.getByTitle('Copy file metadata values into the editorial record')).toBeInTheDocument();
      625 |     });

      at logCapturedError (node_modules/react-dom/cjs/react-dom.development.js:18704:23)
      at update.callback (node_modules/react-dom/cjs/react-dom.development.js:18737:5)
      at callCallback (node_modules/react-dom/cjs/react-dom.development.js:15036:12)
      at commitUpdateQueue (node_modules/react-dom/cjs/react-dom.development.js:15057:9)
      at commitLayoutEffectOnFiber (node_modules/react-dom/cjs/react-dom.development.js:23430:13)
      at commitLayoutMountEffects_complete (node_modules/react-dom/cjs/react-dom.development.js:24727:9)
      at commitLayoutEffects_begin (node_modules/react-dom/cjs/react-dom.development.js:24713:7)
      at commitLayoutEffects (node_modules/react-dom/cjs/react-dom.development.js:24651:3)
      at commitRootImpl (node_modules/react-dom/cjs/react-dom.development.js:26862:5)
      at commitRoot (node_modules/react-dom/cjs/react-dom.development.js:26721:5)
      at performSyncWorkOnRoot (node_modules/react-dom/cjs/react-dom.development.js:26156:3)
      at flushSyncCallbacks (node_modules/react-dom/cjs/react-dom.development.js:12042:22)
      at commitRootImpl (node_modules/react-dom/cjs/react-dom.development.js:26998:3)
      at commitRoot (node_modules/react-dom/cjs/react-dom.development.js:26721:5)
      at finishConcurrentRender (node_modules/react-dom/cjs/react-dom.development.js:26020:9)
      at performConcurrentWorkOnRoot (node_modules/react-dom/cjs/react-dom.development.js:25848:7)
      at flushActQueue (node_modules/react/cjs/react.development.js:2667:24)
      at act (node_modules/react/cjs/react.development.js:2582:11)
      at node_modules/@testing-library/react/dist/act-compat.js:46:25
      at renderRoot (node_modules/@testing-library/react/dist/pure.js:189:26)
      at render (node_modules/@testing-library/react/dist/pure.js:291:10)
      at Object.<anonymous> (src/renderer/components/MainPane/tabs/PhotosTab.test.tsx:622:11)

    console.error
      Error: Uncaught [TypeError: fieldsRef.current?.scrollTo is not a function]
          at reportException (/Users/johnneed/Projects/gmc-shelters/node_modules/jsdom/lib/jsdom/living/helpers/runtime-script-errors.js:66:24)
          at innerInvokeEventListeners (/Users/johnneed/Projects/gmc-shelters/node_modules/jsdom/lib/jsdom/living/events/EventTarget-impl.js:353:9)
          at invokeEventListeners (/Users/johnneed/Projects/gmc-shelters/node_modules/jsdom/lib/jsdom/living/events/EventTarget-impl.js:286:3)
          at HTMLUnknownElementImpl._dispatch (/Users/johnneed/Projects/gmc-shelters/node_modules/jsdom/lib/jsdom/living/events/EventTarget-impl.js:233:9)
          at HTMLUnknownElementImpl.dispatchEvent (/Users/johnneed/Projects/gmc-shelters/node_modules/jsdom/lib/jsdom/living/events/EventTarget-impl.js:104:17)
          at HTMLUnknownElement.dispatchEvent (/Users/johnneed/Projects/gmc-shelters/node_modules/jsdom/lib/jsdom/living/generated/EventTarget.js:241:34)
          at Object.invokeGuardedCallbackDev (/Users/johnneed/Projects/gmc-shelters/node_modules/react-dom/cjs/react-dom.development.js:4213:16)
          at invokeGuardedCallback (/Users/johnneed/Projects/gmc-shelters/node_modules/react-dom/cjs/react-dom.development.js:4277:31)
          at reportUncaughtErrorInDEV (/Users/johnneed/Projects/gmc-shelters/node_modules/react-dom/cjs/react-dom.development.js:22877:5)
          at captureCommitPhaseError (/Users/johnneed/Projects/gmc-shelters/node_modules/react-dom/cjs/react-dom.development.js:27165:5)
          at commitPassiveMountEffects_complete (/Users/johnneed/Projects/gmc-shelters/node_modules/react-dom/cjs/react-dom.development.js:24932:9)
          at commitPassiveMountEffects_begin (/Users/johnneed/Projects/gmc-shelters/node_modules/react-dom/cjs/react-dom.development.js:24917:7)
          at commitPassiveMountEffects (/Users/johnneed/Projects/gmc-shelters/node_modules/react-dom/cjs/react-dom.development.js:24905:3)
          at flushPassiveEffectsImpl (/Users/johnneed/Projects/gmc-shelters/node_modules/react-dom/cjs/react-dom.development.js:27078:3)
          at flushPassiveEffects (/Users/johnneed/Projects/gmc-shelters/node_modules/react-dom/cjs/react-dom.development.js:27023:14)
          at performSyncWorkOnRoot (/Users/johnneed/Projects/gmc-shelters/node_modules/react-dom/cjs/react-dom.development.js:26115:3)
          at flushSyncCallbacks (/Users/johnneed/Projects/gmc-shelters/node_modules/react-dom/cjs/react-dom.development.js:12042:22)
          at commitRootImpl (/Users/johnneed/Projects/gmc-shelters/node_modules/react-dom/cjs/react-dom.development.js:26998:3)
          at commitRoot (/Users/johnneed/Projects/gmc-shelters/node_modules/react-dom/cjs/react-dom.development.js:26721:5)
          at finishConcurrentRender (/Users/johnneed/Projects/gmc-shelters/node_modules/react-dom/cjs/react-dom.development.js:26020:9)
          at performConcurrentWorkOnRoot (/Users/johnneed/Projects/gmc-shelters/node_modules/react-dom/cjs/react-dom.development.js:25848:7)
          at flushActQueue (/Users/johnneed/Projects/gmc-shelters/node_modules/react/cjs/react.development.js:2667:24)
          at act (/Users/johnneed/Projects/gmc-shelters/node_modules/react/cjs/react.development.js:2582:11)
          at /Users/johnneed/Projects/gmc-shelters/node_modules/@testing-library/react/dist/act-compat.js:46:25
          at renderRoot (/Users/johnneed/Projects/gmc-shelters/node_modules/@testing-library/react/dist/pure.js:189:26)
          at render (/Users/johnneed/Projects/gmc-shelters/node_modules/@testing-library/react/dist/pure.js:291:10)
          at Object.<anonymous> (/Users/johnneed/Projects/gmc-shelters/src/renderer/components/MainPane/tabs/PhotosTab.test.tsx:633:13)
          at Promise.then.completed (/Users/johnneed/Projects/gmc-shelters/node_modules/jest-circus/build/utils.js:298:28)
          at new Promise (<anonymous>)
          at callAsyncCircusFn (/Users/johnneed/Projects/gmc-shelters/node_modules/jest-circus/build/utils.js:231:10)
          at _callCircusTest (/Users/johnneed/Projects/gmc-shelters/node_modules/jest-circus/build/run.js:316:40)
          at _runTest (/Users/johnneed/Projects/gmc-shelters/node_modules/jest-circus/build/run.js:252:3)
          at _runTestsForDescribeBlock (/Users/johnneed/Projects/gmc-shelters/node_modules/jest-circus/build/run.js:126:9)
          at _runTestsForDescribeBlock (/Users/johnneed/Projects/gmc-shelters/node_modules/jest-circus/build/run.js:121:9)
          at _runTestsForDescribeBlock (/Users/johnneed/Projects/gmc-shelters/node_modules/jest-circus/build/run.js:121:9)
          at run (/Users/johnneed/Projects/gmc-shelters/node_modules/jest-circus/build/run.js:71:3)
          at runAndTransformResultsToJestFormat (/Users/johnneed/Projects/gmc-shelters/node_modules/jest-circus/build/legacy-code-todo-rewrite/jestAdapterInit.js:122:21)
          at jestAdapter (/Users/johnneed/Projects/gmc-shelters/node_modules/jest-circus/build/legacy-code-todo-rewrite/jestAdapter.js:79:19)
          at runTestInternal (/Users/johnneed/Projects/gmc-shelters/node_modules/jest-runner/build/runTest.js:367:16)
          at runTest (/Users/johnneed/Projects/gmc-shelters/node_modules/jest-runner/build/runTest.js:444:34)
          at Object.worker (/Users/johnneed/Projects/gmc-shelters/node_modules/jest-runner/build/testWorker.js:106:12) {
        detail: TypeError: fieldsRef.current?.scrollTo is not a function
            at /Users/johnneed/Projects/gmc-shelters/src/renderer/components/MainPane/tabs/PhotoDetailPane.tsx:49:24
            at commitHookEffectListMount (/Users/johnneed/Projects/gmc-shelters/node_modules/react-dom/cjs/react-dom.development.js:23189:26)
            at commitPassiveMountOnFiber (/Users/johnneed/Projects/gmc-shelters/node_modules/react-dom/cjs/react-dom.development.js:24970:11)
            at commitPassiveMountEffects_complete (/Users/johnneed/Projects/gmc-shelters/node_modules/react-dom/cjs/react-dom.development.js:24930:9)
            at commitPassiveMountEffects_begin (/Users/johnneed/Projects/gmc-shelters/node_modules/react-dom/cjs/react-dom.development.js:24917:7)
            at commitPassiveMountEffects (/Users/johnneed/Projects/gmc-shelters/node_modules/react-dom/cjs/react-dom.development.js:24905:3)
            at flushPassiveEffectsImpl (/Users/johnneed/Projects/gmc-shelters/node_modules/react-dom/cjs/react-dom.development.js:27078:3)
            at flushPassiveEffects (/Users/johnneed/Projects/gmc-shelters/node_modules/react-dom/cjs/react-dom.development.js:27023:14)
            at performSyncWorkOnRoot (/Users/johnneed/Projects/gmc-shelters/node_modules/react-dom/cjs/react-dom.development.js:26115:3)
            at flushSyncCallbacks (/Users/johnneed/Projects/gmc-shelters/node_modules/react-dom/cjs/react-dom.development.js:12042:22)
            at commitRootImpl (/Users/johnneed/Projects/gmc-shelters/node_modules/react-dom/cjs/react-dom.development.js:26998:3)
            at commitRoot (/Users/johnneed/Projects/gmc-shelters/node_modules/react-dom/cjs/react-dom.development.js:26721:5)
            at finishConcurrentRender (/Users/johnneed/Projects/gmc-shelters/node_modules/react-dom/cjs/react-dom.development.js:26020:9)
            at performConcurrentWorkOnRoot (/Users/johnneed/Projects/gmc-shelters/node_modules/react-dom/cjs/react-dom.development.js:25848:7)
            at flushActQueue (/Users/johnneed/Projects/gmc-shelters/node_modules/react/cjs/react.development.js:2667:24)
            at act (/Users/johnneed/Projects/gmc-shelters/node_modules/react/cjs/react.development.js:2582:11)
            at /Users/johnneed/Projects/gmc-shelters/node_modules/@testing-library/react/dist/act-compat.js:46:25
            at renderRoot (/Users/johnneed/Projects/gmc-shelters/node_modules/@testing-library/react/dist/pure.js:189:26)
            at render (/Users/johnneed/Projects/gmc-shelters/node_modules/@testing-library/react/dist/pure.js:291:10)
            at Object.<anonymous> (/Users/johnneed/Projects/gmc-shelters/src/renderer/components/MainPane/tabs/PhotosTab.test.tsx:633:13)
            at Promise.then.completed (/Users/johnneed/Projects/gmc-shelters/node_modules/jest-circus/build/utils.js:298:28)
            at new Promise (<anonymous>)
            at callAsyncCircusFn (/Users/johnneed/Projects/gmc-shelters/node_modules/jest-circus/build/utils.js:231:10)
            at _callCircusTest (/Users/johnneed/Projects/gmc-shelters/node_modules/jest-circus/build/run.js:316:40)
            at _runTest (/Users/johnneed/Projects/gmc-shelters/node_modules/jest-circus/build/run.js:252:3)
            at _runTestsForDescribeBlock (/Users/johnneed/Projects/gmc-shelters/node_modules/jest-circus/build/run.js:126:9)
            at _runTestsForDescribeBlock (/Users/johnneed/Projects/gmc-shelters/node_modules/jest-circus/build/run.js:121:9)
            at _runTestsForDescribeBlock (/Users/johnneed/Projects/gmc-shelters/node_modules/jest-circus/build/run.js:121:9)
            at run (/Users/johnneed/Projects/gmc-shelters/node_modules/jest-circus/build/run.js:71:3)
            at runAndTransformResultsToJestFormat (/Users/johnneed/Projects/gmc-shelters/node_modules/jest-circus/build/legacy-code-todo-rewrite/jestAdapterInit.js:122:21)
            at jestAdapter (/Users/johnneed/Projects/gmc-shelters/node_modules/jest-circus/build/legacy-code-todo-rewrite/jestAdapter.js:79:19)
            at runTestInternal (/Users/johnneed/Projects/gmc-shelters/node_modules/jest-runner/build/runTest.js:367:16)
            at runTest (/Users/johnneed/Projects/gmc-shelters/node_modules/jest-runner/build/runTest.js:444:34)
            at Object.worker (/Users/johnneed/Projects/gmc-shelters/node_modules/jest-runner/build/testWorker.js:106:12),
        type: 'unhandled exception'
      }

      631 |       const photo = makePhoto();
      632 |       const store = makeStore(shelter, [photo]);
    > 633 |       render(<Provider store={store}><PhotosTab /></Provider>);
          |             ^
      634 |
      635 |       const input = await screen.findByLabelText(/date taken/i);
      636 |       fireEvent.change(input, { target: { value: '1984' } });

      at VirtualConsole.<anonymous> (node_modules/jest-environment-jsdom/build/index.js:63:23)
      at reportException (node_modules/jsdom/lib/jsdom/living/helpers/runtime-script-errors.js:70:28)
      at innerInvokeEventListeners (node_modules/jsdom/lib/jsdom/living/events/EventTarget-impl.js:353:9)
      at invokeEventListeners (node_modules/jsdom/lib/jsdom/living/events/EventTarget-impl.js:286:3)
      at HTMLUnknownElementImpl._dispatch (node_modules/jsdom/lib/jsdom/living/events/EventTarget-impl.js:233:9)
      at HTMLUnknownElementImpl.dispatchEvent (node_modules/jsdom/lib/jsdom/living/events/EventTarget-impl.js:104:17)
      at HTMLUnknownElement.dispatchEvent (node_modules/jsdom/lib/jsdom/living/generated/EventTarget.js:241:34)
      at Object.invokeGuardedCallbackDev (node_modules/react-dom/cjs/react-dom.development.js:4213:16)
      at invokeGuardedCallback (node_modules/react-dom/cjs/react-dom.development.js:4277:31)
      at reportUncaughtErrorInDEV (node_modules/react-dom/cjs/react-dom.development.js:22877:5)
      at captureCommitPhaseError (node_modules/react-dom/cjs/react-dom.development.js:27165:5)
      at commitPassiveMountEffects_complete (node_modules/react-dom/cjs/react-dom.development.js:24932:9)
      at commitPassiveMountEffects_begin (node_modules/react-dom/cjs/react-dom.development.js:24917:7)
      at commitPassiveMountEffects (node_modules/react-dom/cjs/react-dom.development.js:24905:3)
      at flushPassiveEffectsImpl (node_modules/react-dom/cjs/react-dom.development.js:27078:3)
      at flushPassiveEffects (node_modules/react-dom/cjs/react-dom.development.js:27023:14)
      at performSyncWorkOnRoot (node_modules/react-dom/cjs/react-dom.development.js:26115:3)
      at flushSyncCallbacks (node_modules/react-dom/cjs/react-dom.development.js:12042:22)
      at commitRootImpl (node_modules/react-dom/cjs/react-dom.development.js:26998:3)
      at commitRoot (node_modules/react-dom/cjs/react-dom.development.js:26721:5)
      at finishConcurrentRender (node_modules/react-dom/cjs/react-dom.development.js:26020:9)
      at performConcurrentWorkOnRoot (node_modules/react-dom/cjs/react-dom.development.js:25848:7)
      at flushActQueue (node_modules/react/cjs/react.development.js:2667:24)
      at act (node_modules/react/cjs/react.development.js:2582:11)
      at node_modules/@testing-library/react/dist/act-compat.js:46:25
      at renderRoot (node_modules/@testing-library/react/dist/pure.js:189:26)
      at render (node_modules/@testing-library/react/dist/pure.js:291:10)
      at Object.<anonymous> (src/renderer/components/MainPane/tabs/PhotosTab.test.tsx:633:13)

    console.error
      The above error occurred in the <PhotoDetailPane> component:
      
          at PhotoDetailPane (/Users/johnneed/Projects/gmc-shelters/src/renderer/components/MainPane/tabs/PhotoDetailPane.tsx:39:3)
          at div
          at PhotosTab (/Users/johnneed/Projects/gmc-shelters/src/renderer/components/MainPane/tabs/PhotosTab.tsx:58:31)
          at Provider (/Users/johnneed/Projects/gmc-shelters/node_modules/react-redux/src/components/Provider.tsx:60:11)
      
      Consider adding an error boundary to your tree to customize error handling behavior.
      Visit https://reactjs.org/link/error-boundaries to learn more about error boundaries.

      631 |       const photo = makePhoto();
      632 |       const store = makeStore(shelter, [photo]);
    > 633 |       render(<Provider store={store}><PhotosTab /></Provider>);
          |             ^
      634 |
      635 |       const input = await screen.findByLabelText(/date taken/i);
      636 |       fireEvent.change(input, { target: { value: '1984' } });

      at logCapturedError (node_modules/react-dom/cjs/react-dom.development.js:18704:23)
      at update.callback (node_modules/react-dom/cjs/react-dom.development.js:18737:5)
      at callCallback (node_modules/react-dom/cjs/react-dom.development.js:15036:12)
      at commitUpdateQueue (node_modules/react-dom/cjs/react-dom.development.js:15057:9)
      at commitLayoutEffectOnFiber (node_modules/react-dom/cjs/react-dom.development.js:23430:13)
      at commitLayoutMountEffects_complete (node_modules/react-dom/cjs/react-dom.development.js:24727:9)
      at commitLayoutEffects_begin (node_modules/react-dom/cjs/react-dom.development.js:24713:7)
      at commitLayoutEffects (node_modules/react-dom/cjs/react-dom.development.js:24651:3)
      at commitRootImpl (node_modules/react-dom/cjs/react-dom.development.js:26862:5)
      at commitRoot (node_modules/react-dom/cjs/react-dom.development.js:26721:5)
      at performSyncWorkOnRoot (node_modules/react-dom/cjs/react-dom.development.js:26156:3)
      at flushSyncCallbacks (node_modules/react-dom/cjs/react-dom.development.js:12042:22)
      at commitRootImpl (node_modules/react-dom/cjs/react-dom.development.js:26998:3)
      at commitRoot (node_modules/react-dom/cjs/react-dom.development.js:26721:5)
      at finishConcurrentRender (node_modules/react-dom/cjs/react-dom.development.js:26020:9)
      at performConcurrentWorkOnRoot (node_modules/react-dom/cjs/react-dom.development.js:25848:7)
      at flushActQueue (node_modules/react/cjs/react.development.js:2667:24)
      at act (node_modules/react/cjs/react.development.js:2582:11)
      at node_modules/@testing-library/react/dist/act-compat.js:46:25
      at renderRoot (node_modules/@testing-library/react/dist/pure.js:189:26)
      at render (node_modules/@testing-library/react/dist/pure.js:291:10)
      at Object.<anonymous> (src/renderer/components/MainPane/tabs/PhotosTab.test.tsx:633:13)

    console.error
      Error: Uncaught [TypeError: fieldsRef.current?.scrollTo is not a function]
          at reportException (/Users/johnneed/Projects/gmc-shelters/node_modules/jsdom/lib/jsdom/living/helpers/runtime-script-errors.js:66:24)
          at innerInvokeEventListeners (/Users/johnneed/Projects/gmc-shelters/node_modules/jsdom/lib/jsdom/living/events/EventTarget-impl.js:353:9)
          at invokeEventListeners (/Users/johnneed/Projects/gmc-shelters/node_modules/jsdom/lib/jsdom/living/events/EventTarget-impl.js:286:3)
          at HTMLUnknownElementImpl._dispatch (/Users/johnneed/Projects/gmc-shelters/node_modules/jsdom/lib/jsdom/living/events/EventTarget-impl.js:233:9)
          at HTMLUnknownElementImpl.dispatchEvent (/Users/johnneed/Projects/gmc-shelters/node_modules/jsdom/lib/jsdom/living/events/EventTarget-impl.js:104:17)
          at HTMLUnknownElement.dispatchEvent (/Users/johnneed/Projects/gmc-shelters/node_modules/jsdom/lib/jsdom/living/generated/EventTarget.js:241:34)
          at Object.invokeGuardedCallbackDev (/Users/johnneed/Projects/gmc-shelters/node_modules/react-dom/cjs/react-dom.development.js:4213:16)
          at invokeGuardedCallback (/Users/johnneed/Projects/gmc-shelters/node_modules/react-dom/cjs/react-dom.development.js:4277:31)
          at reportUncaughtErrorInDEV (/Users/johnneed/Projects/gmc-shelters/node_modules/react-dom/cjs/react-dom.development.js:22877:5)
          at captureCommitPhaseError (/Users/johnneed/Projects/gmc-shelters/node_modules/react-dom/cjs/react-dom.development.js:27165:5)
          at commitPassiveMountEffects_complete (/Users/johnneed/Projects/gmc-shelters/node_modules/react-dom/cjs/react-dom.development.js:24932:9)
          at commitPassiveMountEffects_begin (/Users/johnneed/Projects/gmc-shelters/node_modules/react-dom/cjs/react-dom.development.js:24917:7)
          at commitPassiveMountEffects (/Users/johnneed/Projects/gmc-shelters/node_modules/react-dom/cjs/react-dom.development.js:24905:3)
          at flushPassiveEffectsImpl (/Users/johnneed/Projects/gmc-shelters/node_modules/react-dom/cjs/react-dom.development.js:27078:3)
          at flushPassiveEffects (/Users/johnneed/Projects/gmc-shelters/node_modules/react-dom/cjs/react-dom.development.js:27023:14)
          at performSyncWorkOnRoot (/Users/johnneed/Projects/gmc-shelters/node_modules/react-dom/cjs/react-dom.development.js:26115:3)
          at flushSyncCallbacks (/Users/johnneed/Projects/gmc-shelters/node_modules/react-dom/cjs/react-dom.development.js:12042:22)
          at commitRootImpl (/Users/johnneed/Projects/gmc-shelters/node_modules/react-dom/cjs/react-dom.development.js:26998:3)
          at commitRoot (/Users/johnneed/Projects/gmc-shelters/node_modules/react-dom/cjs/react-dom.development.js:26721:5)
          at finishConcurrentRender (/Users/johnneed/Projects/gmc-shelters/node_modules/react-dom/cjs/react-dom.development.js:26020:9)
          at performConcurrentWorkOnRoot (/Users/johnneed/Projects/gmc-shelters/node_modules/react-dom/cjs/react-dom.development.js:25848:7)
          at flushActQueue (/Users/johnneed/Projects/gmc-shelters/node_modules/react/cjs/react.development.js:2667:24)
          at act (/Users/johnneed/Projects/gmc-shelters/node_modules/react/cjs/react.development.js:2582:11)
          at /Users/johnneed/Projects/gmc-shelters/node_modules/@testing-library/react/dist/act-compat.js:46:25
          at renderRoot (/Users/johnneed/Projects/gmc-shelters/node_modules/@testing-library/react/dist/pure.js:189:26)
          at render (/Users/johnneed/Projects/gmc-shelters/node_modules/@testing-library/react/dist/pure.js:291:10)
          at Object.<anonymous> (/Users/johnneed/Projects/gmc-shelters/src/renderer/components/MainPane/tabs/PhotosTab.test.tsx:654:11)
          at Promise.then.completed (/Users/johnneed/Projects/gmc-shelters/node_modules/jest-circus/build/utils.js:298:28)
          at new Promise (<anonymous>)
          at callAsyncCircusFn (/Users/johnneed/Projects/gmc-shelters/node_modules/jest-circus/build/utils.js:231:10)
          at _callCircusTest (/Users/johnneed/Projects/gmc-shelters/node_modules/jest-circus/build/run.js:316:40)
          at _runTest (/Users/johnneed/Projects/gmc-shelters/node_modules/jest-circus/build/run.js:252:3)
          at _runTestsForDescribeBlock (/Users/johnneed/Projects/gmc-shelters/node_modules/jest-circus/build/run.js:126:9)
          at _runTestsForDescribeBlock (/Users/johnneed/Projects/gmc-shelters/node_modules/jest-circus/build/run.js:121:9)
          at run (/Users/johnneed/Projects/gmc-shelters/node_modules/jest-circus/build/run.js:71:3)
          at runAndTransformResultsToJestFormat (/Users/johnneed/Projects/gmc-shelters/node_modules/jest-circus/build/legacy-code-todo-rewrite/jestAdapterInit.js:122:21)
          at jestAdapter (/Users/johnneed/Projects/gmc-shelters/node_modules/jest-circus/build/legacy-code-todo-rewrite/jestAdapter.js:79:19)
          at runTestInternal (/Users/johnneed/Projects/gmc-shelters/node_modules/jest-runner/build/runTest.js:367:16)
          at runTest (/Users/johnneed/Projects/gmc-shelters/node_modules/jest-runner/build/runTest.js:444:34)
          at Object.worker (/Users/johnneed/Projects/gmc-shelters/node_modules/jest-runner/build/testWorker.js:106:12) {
        detail: TypeError: fieldsRef.current?.scrollTo is not a function
            at /Users/johnneed/Projects/gmc-shelters/src/renderer/components/MainPane/tabs/PhotoDetailPane.tsx:49:24
            at commitHookEffectListMount (/Users/johnneed/Projects/gmc-shelters/node_modules/react-dom/cjs/react-dom.development.js:23189:26)
            at commitPassiveMountOnFiber (/Users/johnneed/Projects/gmc-shelters/node_modules/react-dom/cjs/react-dom.development.js:24970:11)
            at commitPassiveMountEffects_complete (/Users/johnneed/Projects/gmc-shelters/node_modules/react-dom/cjs/react-dom.development.js:24930:9)
            at commitPassiveMountEffects_begin (/Users/johnneed/Projects/gmc-shelters/node_modules/react-dom/cjs/react-dom.development.js:24917:7)
            at commitPassiveMountEffects (/Users/johnneed/Projects/gmc-shelters/node_modules/react-dom/cjs/react-dom.development.js:24905:3)
            at flushPassiveEffectsImpl (/Users/johnneed/Projects/gmc-shelters/node_modules/react-dom/cjs/react-dom.development.js:27078:3)
            at flushPassiveEffects (/Users/johnneed/Projects/gmc-shelters/node_modules/react-dom/cjs/react-dom.development.js:27023:14)
            at performSyncWorkOnRoot (/Users/johnneed/Projects/gmc-shelters/node_modules/react-dom/cjs/react-dom.development.js:26115:3)
            at flushSyncCallbacks (/Users/johnneed/Projects/gmc-shelters/node_modules/react-dom/cjs/react-dom.development.js:12042:22)
            at commitRootImpl (/Users/johnneed/Projects/gmc-shelters/node_modules/react-dom/cjs/react-dom.development.js:26998:3)
            at commitRoot (/Users/johnneed/Projects/gmc-shelters/node_modules/react-dom/cjs/react-dom.development.js:26721:5)
            at finishConcurrentRender (/Users/johnneed/Projects/gmc-shelters/node_modules/react-dom/cjs/react-dom.development.js:26020:9)
            at performConcurrentWorkOnRoot (/Users/johnneed/Projects/gmc-shelters/node_modules/react-dom/cjs/react-dom.development.js:25848:7)
            at flushActQueue (/Users/johnneed/Projects/gmc-shelters/node_modules/react/cjs/react.development.js:2667:24)
            at act (/Users/johnneed/Projects/gmc-shelters/node_modules/react/cjs/react.development.js:2582:11)
            at /Users/johnneed/Projects/gmc-shelters/node_modules/@testing-library/react/dist/act-compat.js:46:25
            at renderRoot (/Users/johnneed/Projects/gmc-shelters/node_modules/@testing-library/react/dist/pure.js:189:26)
            at render (/Users/johnneed/Projects/gmc-shelters/node_modules/@testing-library/react/dist/pure.js:291:10)
            at Object.<anonymous> (/Users/johnneed/Projects/gmc-shelters/src/renderer/components/MainPane/tabs/PhotosTab.test.tsx:654:11)
            at Promise.then.completed (/Users/johnneed/Projects/gmc-shelters/node_modules/jest-circus/build/utils.js:298:28)
            at new Promise (<anonymous>)
            at callAsyncCircusFn (/Users/johnneed/Projects/gmc-shelters/node_modules/jest-circus/build/utils.js:231:10)
            at _callCircusTest (/Users/johnneed/Projects/gmc-shelters/node_modules/jest-circus/build/run.js:316:40)
            at _runTest (/Users/johnneed/Projects/gmc-shelters/node_modules/jest-circus/build/run.js:252:3)
            at _runTestsForDescribeBlock (/Users/johnneed/Projects/gmc-shelters/node_modules/jest-circus/build/run.js:126:9)
            at _runTestsForDescribeBlock (/Users/johnneed/Projects/gmc-shelters/node_modules/jest-circus/build/run.js:121:9)
            at run (/Users/johnneed/Projects/gmc-shelters/node_modules/jest-circus/build/run.js:71:3)
            at runAndTransformResultsToJestFormat (/Users/johnneed/Projects/gmc-shelters/node_modules/jest-circus/build/legacy-code-todo-rewrite/jestAdapterInit.js:122:21)
            at jestAdapter (/Users/johnneed/Projects/gmc-shelters/node_modules/jest-circus/build/legacy-code-todo-rewrite/jestAdapter.js:79:19)
            at runTestInternal (/Users/johnneed/Projects/gmc-shelters/node_modules/jest-runner/build/runTest.js:367:16)
            at runTest (/Users/johnneed/Projects/gmc-shelters/node_modules/jest-runner/build/runTest.js:444:34)
            at Object.worker (/Users/johnneed/Projects/gmc-shelters/node_modules/jest-runner/build/testWorker.js:106:12),
        type: 'unhandled exception'
      }

      652 |     const photo = makePhoto();
      653 |     const store = makeStore(shelter, [photo]);
    > 654 |     render(<Provider store={store}><PhotosTab /></Provider>);
          |           ^
      655 |     await waitFor(() => {
      656 |       expect(screen.queryByText('Import from File')).not.toBeInTheDocument();
      657 |     });

      at VirtualConsole.<anonymous> (node_modules/jest-environment-jsdom/build/index.js:63:23)
      at reportException (node_modules/jsdom/lib/jsdom/living/helpers/runtime-script-errors.js:70:28)
      at innerInvokeEventListeners (node_modules/jsdom/lib/jsdom/living/events/EventTarget-impl.js:353:9)
      at invokeEventListeners (node_modules/jsdom/lib/jsdom/living/events/EventTarget-impl.js:286:3)
      at HTMLUnknownElementImpl._dispatch (node_modules/jsdom/lib/jsdom/living/events/EventTarget-impl.js:233:9)
      at HTMLUnknownElementImpl.dispatchEvent (node_modules/jsdom/lib/jsdom/living/events/EventTarget-impl.js:104:17)
      at HTMLUnknownElement.dispatchEvent (node_modules/jsdom/lib/jsdom/living/generated/EventTarget.js:241:34)
      at Object.invokeGuardedCallbackDev (node_modules/react-dom/cjs/react-dom.development.js:4213:16)
      at invokeGuardedCallback (node_modules/react-dom/cjs/react-dom.development.js:4277:31)
      at reportUncaughtErrorInDEV (node_modules/react-dom/cjs/react-dom.development.js:22877:5)
      at captureCommitPhaseError (node_modules/react-dom/cjs/react-dom.development.js:27165:5)
      at commitPassiveMountEffects_complete (node_modules/react-dom/cjs/react-dom.development.js:24932:9)
      at commitPassiveMountEffects_begin (node_modules/react-dom/cjs/react-dom.development.js:24917:7)
      at commitPassiveMountEffects (node_modules/react-dom/cjs/react-dom.development.js:24905:3)
      at flushPassiveEffectsImpl (node_modules/react-dom/cjs/react-dom.development.js:27078:3)
      at flushPassiveEffects (node_modules/react-dom/cjs/react-dom.development.js:27023:14)
      at performSyncWorkOnRoot (node_modules/react-dom/cjs/react-dom.development.js:26115:3)
      at flushSyncCallbacks (node_modules/react-dom/cjs/react-dom.development.js:12042:22)
      at commitRootImpl (node_modules/react-dom/cjs/react-dom.development.js:26998:3)
      at commitRoot (node_modules/react-dom/cjs/react-dom.development.js:26721:5)
      at finishConcurrentRender (node_modules/react-dom/cjs/react-dom.development.js:26020:9)
      at performConcurrentWorkOnRoot (node_modules/react-dom/cjs/react-dom.development.js:25848:7)
      at flushActQueue (node_modules/react/cjs/react.development.js:2667:24)
      at act (node_modules/react/cjs/react.development.js:2582:11)
      at node_modules/@testing-library/react/dist/act-compat.js:46:25
      at renderRoot (node_modules/@testing-library/react/dist/pure.js:189:26)
      at render (node_modules/@testing-library/react/dist/pure.js:291:10)
      at Object.<anonymous> (src/renderer/components/MainPane/tabs/PhotosTab.test.tsx:654:11)

    console.error
      The above error occurred in the <PhotoDetailPane> component:
      
          at PhotoDetailPane (/Users/johnneed/Projects/gmc-shelters/src/renderer/components/MainPane/tabs/PhotoDetailPane.tsx:39:3)
          at div
          at PhotosTab (/Users/johnneed/Projects/gmc-shelters/src/renderer/components/MainPane/tabs/PhotosTab.tsx:58:31)
          at Provider (/Users/johnneed/Projects/gmc-shelters/node_modules/react-redux/src/components/Provider.tsx:60:11)
      
      Consider adding an error boundary to your tree to customize error handling behavior.
      Visit https://reactjs.org/link/error-boundaries to learn more about error boundaries.

      652 |     const photo = makePhoto();
      653 |     const store = makeStore(shelter, [photo]);
    > 654 |     render(<Provider store={store}><PhotosTab /></Provider>);
          |           ^
      655 |     await waitFor(() => {
      656 |       expect(screen.queryByText('Import from File')).not.toBeInTheDocument();
      657 |     });

      at logCapturedError (node_modules/react-dom/cjs/react-dom.development.js:18704:23)
      at update.callback (node_modules/react-dom/cjs/react-dom.development.js:18737:5)
      at callCallback (node_modules/react-dom/cjs/react-dom.development.js:15036:12)
      at commitUpdateQueue (node_modules/react-dom/cjs/react-dom.development.js:15057:9)
      at commitLayoutEffectOnFiber (node_modules/react-dom/cjs/react-dom.development.js:23430:13)
      at commitLayoutMountEffects_complete (node_modules/react-dom/cjs/react-dom.development.js:24727:9)
      at commitLayoutEffects_begin (node_modules/react-dom/cjs/react-dom.development.js:24713:7)
      at commitLayoutEffects (node_modules/react-dom/cjs/react-dom.development.js:24651:3)
      at commitRootImpl (node_modules/react-dom/cjs/react-dom.development.js:26862:5)
      at commitRoot (node_modules/react-dom/cjs/react-dom.development.js:26721:5)
      at performSyncWorkOnRoot (node_modules/react-dom/cjs/react-dom.development.js:26156:3)
      at flushSyncCallbacks (node_modules/react-dom/cjs/react-dom.development.js:12042:22)
      at commitRootImpl (node_modules/react-dom/cjs/react-dom.development.js:26998:3)
      at commitRoot (node_modules/react-dom/cjs/react-dom.development.js:26721:5)
      at finishConcurrentRender (node_modules/react-dom/cjs/react-dom.development.js:26020:9)
      at performConcurrentWorkOnRoot (node_modules/react-dom/cjs/react-dom.development.js:25848:7)
      at flushActQueue (node_modules/react/cjs/react.development.js:2667:24)
      at act (node_modules/react/cjs/react.development.js:2582:11)
      at node_modules/@testing-library/react/dist/act-compat.js:46:25
      at renderRoot (node_modules/@testing-library/react/dist/pure.js:189:26)
      at render (node_modules/@testing-library/react/dist/pure.js:291:10)
      at Object.<anonymous> (src/renderer/components/MainPane/tabs/PhotosTab.test.tsx:654:11)

    console.error
      Error: Uncaught [TypeError: fieldsRef.current?.scrollTo is not a function]
          at reportException (/Users/johnneed/Projects/gmc-shelters/node_modules/jsdom/lib/jsdom/living/helpers/runtime-script-errors.js:66:24)
          at innerInvokeEventListeners (/Users/johnneed/Projects/gmc-shelters/node_modules/jsdom/lib/jsdom/living/events/EventTarget-impl.js:353:9)
          at invokeEventListeners (/Users/johnneed/Projects/gmc-shelters/node_modules/jsdom/lib/jsdom/living/events/EventTarget-impl.js:286:3)
          at HTMLUnknownElementImpl._dispatch (/Users/johnneed/Projects/gmc-shelters/node_modules/jsdom/lib/jsdom/living/events/EventTarget-impl.js:233:9)
          at HTMLUnknownElementImpl.dispatchEvent (/Users/johnneed/Projects/gmc-shelters/node_modules/jsdom/lib/jsdom/living/events/EventTarget-impl.js:104:17)
          at HTMLUnknownElement.dispatchEvent (/Users/johnneed/Projects/gmc-shelters/node_modules/jsdom/lib/jsdom/living/generated/EventTarget.js:241:34)
          at Object.invokeGuardedCallbackDev (/Users/johnneed/Projects/gmc-shelters/node_modules/react-dom/cjs/react-dom.development.js:4213:16)
          at invokeGuardedCallback (/Users/johnneed/Projects/gmc-shelters/node_modules/react-dom/cjs/react-dom.development.js:4277:31)
          at reportUncaughtErrorInDEV (/Users/johnneed/Projects/gmc-shelters/node_modules/react-dom/cjs/react-dom.development.js:22877:5)
          at captureCommitPhaseError (/Users/johnneed/Projects/gmc-shelters/node_modules/react-dom/cjs/react-dom.development.js:27165:5)
          at commitPassiveMountEffects_complete (/Users/johnneed/Projects/gmc-shelters/node_modules/react-dom/cjs/react-dom.development.js:24932:9)
          at commitPassiveMountEffects_begin (/Users/johnneed/Projects/gmc-shelters/node_modules/react-dom/cjs/react-dom.development.js:24917:7)
          at commitPassiveMountEffects (/Users/johnneed/Projects/gmc-shelters/node_modules/react-dom/cjs/react-dom.development.js:24905:3)
          at flushPassiveEffectsImpl (/Users/johnneed/Projects/gmc-shelters/node_modules/react-dom/cjs/react-dom.development.js:27078:3)
          at flushPassiveEffects (/Users/johnneed/Projects/gmc-shelters/node_modules/react-dom/cjs/react-dom.development.js:27023:14)
          at performSyncWorkOnRoot (/Users/johnneed/Projects/gmc-shelters/node_modules/react-dom/cjs/react-dom.development.js:26115:3)
          at flushSyncCallbacks (/Users/johnneed/Projects/gmc-shelters/node_modules/react-dom/cjs/react-dom.development.js:12042:22)
          at commitRootImpl (/Users/johnneed/Projects/gmc-shelters/node_modules/react-dom/cjs/react-dom.development.js:26998:3)
          at commitRoot (/Users/johnneed/Projects/gmc-shelters/node_modules/react-dom/cjs/react-dom.development.js:26721:5)
          at finishConcurrentRender (/Users/johnneed/Projects/gmc-shelters/node_modules/react-dom/cjs/react-dom.development.js:26020:9)
          at performConcurrentWorkOnRoot (/Users/johnneed/Projects/gmc-shelters/node_modules/react-dom/cjs/react-dom.development.js:25848:7)
          at flushActQueue (/Users/johnneed/Projects/gmc-shelters/node_modules/react/cjs/react.development.js:2667:24)
          at act (/Users/johnneed/Projects/gmc-shelters/node_modules/react/cjs/react.development.js:2582:11)
          at /Users/johnneed/Projects/gmc-shelters/node_modules/@testing-library/react/dist/act-compat.js:46:25
          at renderRoot (/Users/johnneed/Projects/gmc-shelters/node_modules/@testing-library/react/dist/pure.js:189:26)
          at render (/Users/johnneed/Projects/gmc-shelters/node_modules/@testing-library/react/dist/pure.js:291:10)
          at Object.<anonymous> (/Users/johnneed/Projects/gmc-shelters/src/renderer/components/MainPane/tabs/PhotosTab.test.tsx:665:11)
          at Promise.then.completed (/Users/johnneed/Projects/gmc-shelters/node_modules/jest-circus/build/utils.js:298:28)
          at new Promise (<anonymous>)
          at callAsyncCircusFn (/Users/johnneed/Projects/gmc-shelters/node_modules/jest-circus/build/utils.js:231:10)
          at _callCircusTest (/Users/johnneed/Projects/gmc-shelters/node_modules/jest-circus/build/run.js:316:40)
          at _runTest (/Users/johnneed/Projects/gmc-shelters/node_modules/jest-circus/build/run.js:252:3)
          at _runTestsForDescribeBlock (/Users/johnneed/Projects/gmc-shelters/node_modules/jest-circus/build/run.js:126:9)
          at _runTestsForDescribeBlock (/Users/johnneed/Projects/gmc-shelters/node_modules/jest-circus/build/run.js:121:9)
          at run (/Users/johnneed/Projects/gmc-shelters/node_modules/jest-circus/build/run.js:71:3)
          at runAndTransformResultsToJestFormat (/Users/johnneed/Projects/gmc-shelters/node_modules/jest-circus/build/legacy-code-todo-rewrite/jestAdapterInit.js:122:21)
          at jestAdapter (/Users/johnneed/Projects/gmc-shelters/node_modules/jest-circus/build/legacy-code-todo-rewrite/jestAdapter.js:79:19)
          at runTestInternal (/Users/johnneed/Projects/gmc-shelters/node_modules/jest-runner/build/runTest.js:367:16)
          at runTest (/Users/johnneed/Projects/gmc-shelters/node_modules/jest-runner/build/runTest.js:444:34)
          at Object.worker (/Users/johnneed/Projects/gmc-shelters/node_modules/jest-runner/build/testWorker.js:106:12) {
        detail: TypeError: fieldsRef.current?.scrollTo is not a function
            at /Users/johnneed/Projects/gmc-shelters/src/renderer/components/MainPane/tabs/PhotoDetailPane.tsx:49:24
            at commitHookEffectListMount (/Users/johnneed/Projects/gmc-shelters/node_modules/react-dom/cjs/react-dom.development.js:23189:26)
            at commitPassiveMountOnFiber (/Users/johnneed/Projects/gmc-shelters/node_modules/react-dom/cjs/react-dom.development.js:24970:11)
            at commitPassiveMountEffects_complete (/Users/johnneed/Projects/gmc-shelters/node_modules/react-dom/cjs/react-dom.development.js:24930:9)
            at commitPassiveMountEffects_begin (/Users/johnneed/Projects/gmc-shelters/node_modules/react-dom/cjs/react-dom.development.js:24917:7)
            at commitPassiveMountEffects (/Users/johnneed/Projects/gmc-shelters/node_modules/react-dom/cjs/react-dom.development.js:24905:3)
            at flushPassiveEffectsImpl (/Users/johnneed/Projects/gmc-shelters/node_modules/react-dom/cjs/react-dom.development.js:27078:3)
            at flushPassiveEffects (/Users/johnneed/Projects/gmc-shelters/node_modules/react-dom/cjs/react-dom.development.js:27023:14)
            at performSyncWorkOnRoot (/Users/johnneed/Projects/gmc-shelters/node_modules/react-dom/cjs/react-dom.development.js:26115:3)
            at flushSyncCallbacks (/Users/johnneed/Projects/gmc-shelters/node_modules/react-dom/cjs/react-dom.development.js:12042:22)
            at commitRootImpl (/Users/johnneed/Projects/gmc-shelters/node_modules/react-dom/cjs/react-dom.development.js:26998:3)
            at commitRoot (/Users/johnneed/Projects/gmc-shelters/node_modules/react-dom/cjs/react-dom.development.js:26721:5)
            at finishConcurrentRender (/Users/johnneed/Projects/gmc-shelters/node_modules/react-dom/cjs/react-dom.development.js:26020:9)
            at performConcurrentWorkOnRoot (/Users/johnneed/Projects/gmc-shelters/node_modules/react-dom/cjs/react-dom.development.js:25848:7)
            at flushActQueue (/Users/johnneed/Projects/gmc-shelters/node_modules/react/cjs/react.development.js:2667:24)
            at act (/Users/johnneed/Projects/gmc-shelters/node_modules/react/cjs/react.development.js:2582:11)
            at /Users/johnneed/Projects/gmc-shelters/node_modules/@testing-library/react/dist/act-compat.js:46:25
            at renderRoot (/Users/johnneed/Projects/gmc-shelters/node_modules/@testing-library/react/dist/pure.js:189:26)
            at render (/Users/johnneed/Projects/gmc-shelters/node_modules/@testing-library/react/dist/pure.js:291:10)
            at Object.<anonymous> (/Users/johnneed/Projects/gmc-shelters/src/renderer/components/MainPane/tabs/PhotosTab.test.tsx:665:11)
            at Promise.then.completed (/Users/johnneed/Projects/gmc-shelters/node_modules/jest-circus/build/utils.js:298:28)
            at new Promise (<anonymous>)
            at callAsyncCircusFn (/Users/johnneed/Projects/gmc-shelters/node_modules/jest-circus/build/utils.js:231:10)
            at _callCircusTest (/Users/johnneed/Projects/gmc-shelters/node_modules/jest-circus/build/run.js:316:40)
            at _runTest (/Users/johnneed/Projects/gmc-shelters/node_modules/jest-circus/build/run.js:252:3)
            at _runTestsForDescribeBlock (/Users/johnneed/Projects/gmc-shelters/node_modules/jest-circus/build/run.js:126:9)
            at _runTestsForDescribeBlock (/Users/johnneed/Projects/gmc-shelters/node_modules/jest-circus/build/run.js:121:9)
            at run (/Users/johnneed/Projects/gmc-shelters/node_modules/jest-circus/build/run.js:71:3)
            at runAndTransformResultsToJestFormat (/Users/johnneed/Projects/gmc-shelters/node_modules/jest-circus/build/legacy-code-todo-rewrite/jestAdapterInit.js:122:21)
            at jestAdapter (/Users/johnneed/Projects/gmc-shelters/node_modules/jest-circus/build/legacy-code-todo-rewrite/jestAdapter.js:79:19)
            at runTestInternal (/Users/johnneed/Projects/gmc-shelters/node_modules/jest-runner/build/runTest.js:367:16)
            at runTest (/Users/johnneed/Projects/gmc-shelters/node_modules/jest-runner/build/runTest.js:444:34)
            at Object.worker (/Users/johnneed/Projects/gmc-shelters/node_modules/jest-runner/build/testWorker.js:106:12),
        type: 'unhandled exception'
      }

      663 |     const photo = makePhoto({ id: 1 });
      664 |     const store = makeStore(makeShelter({ default_photo_id: 1 }), [photo]);
    > 665 |     render(<Provider store={store}><PhotosTab /></Provider>);
          |           ^
      666 |     const card = await screen.findByTestId('photo-card-1');
      667 |     const badge = card.querySelector('.photo-thumb .photo-default-badge');
      668 |     expect(badge).toBeInTheDocument();

      at VirtualConsole.<anonymous> (node_modules/jest-environment-jsdom/build/index.js:63:23)
      at reportException (node_modules/jsdom/lib/jsdom/living/helpers/runtime-script-errors.js:70:28)
      at innerInvokeEventListeners (node_modules/jsdom/lib/jsdom/living/events/EventTarget-impl.js:353:9)
      at invokeEventListeners (node_modules/jsdom/lib/jsdom/living/events/EventTarget-impl.js:286:3)
      at HTMLUnknownElementImpl._dispatch (node_modules/jsdom/lib/jsdom/living/events/EventTarget-impl.js:233:9)
      at HTMLUnknownElementImpl.dispatchEvent (node_modules/jsdom/lib/jsdom/living/events/EventTarget-impl.js:104:17)
      at HTMLUnknownElement.dispatchEvent (node_modules/jsdom/lib/jsdom/living/generated/EventTarget.js:241:34)
      at Object.invokeGuardedCallbackDev (node_modules/react-dom/cjs/react-dom.development.js:4213:16)
      at invokeGuardedCallback (node_modules/react-dom/cjs/react-dom.development.js:4277:31)
      at reportUncaughtErrorInDEV (node_modules/react-dom/cjs/react-dom.development.js:22877:5)
      at captureCommitPhaseError (node_modules/react-dom/cjs/react-dom.development.js:27165:5)
      at commitPassiveMountEffects_complete (node_modules/react-dom/cjs/react-dom.development.js:24932:9)
      at commitPassiveMountEffects_begin (node_modules/react-dom/cjs/react-dom.development.js:24917:7)
      at commitPassiveMountEffects (node_modules/react-dom/cjs/react-dom.development.js:24905:3)
      at flushPassiveEffectsImpl (node_modules/react-dom/cjs/react-dom.development.js:27078:3)
      at flushPassiveEffects (node_modules/react-dom/cjs/react-dom.development.js:27023:14)
      at performSyncWorkOnRoot (node_modules/react-dom/cjs/react-dom.development.js:26115:3)
      at flushSyncCallbacks (node_modules/react-dom/cjs/react-dom.development.js:12042:22)
      at commitRootImpl (node_modules/react-dom/cjs/react-dom.development.js:26998:3)
      at commitRoot (node_modules/react-dom/cjs/react-dom.development.js:26721:5)
      at finishConcurrentRender (node_modules/react-dom/cjs/react-dom.development.js:26020:9)
      at performConcurrentWorkOnRoot (node_modules/react-dom/cjs/react-dom.development.js:25848:7)
      at flushActQueue (node_modules/react/cjs/react.development.js:2667:24)
      at act (node_modules/react/cjs/react.development.js:2582:11)
      at node_modules/@testing-library/react/dist/act-compat.js:46:25
      at renderRoot (node_modules/@testing-library/react/dist/pure.js:189:26)
      at render (node_modules/@testing-library/react/dist/pure.js:291:10)
      at Object.<anonymous> (src/renderer/components/MainPane/tabs/PhotosTab.test.tsx:665:11)

    console.error
      The above error occurred in the <PhotoDetailPane> component:
      
          at PhotoDetailPane (/Users/johnneed/Projects/gmc-shelters/src/renderer/components/MainPane/tabs/PhotoDetailPane.tsx:39:3)
          at div
          at PhotosTab (/Users/johnneed/Projects/gmc-shelters/src/renderer/components/MainPane/tabs/PhotosTab.tsx:58:31)
          at Provider (/Users/johnneed/Projects/gmc-shelters/node_modules/react-redux/src/components/Provider.tsx:60:11)
      
      Consider adding an error boundary to your tree to customize error handling behavior.
      Visit https://reactjs.org/link/error-boundaries to learn more about error boundaries.

      663 |     const photo = makePhoto({ id: 1 });
      664 |     const store = makeStore(makeShelter({ default_photo_id: 1 }), [photo]);
    > 665 |     render(<Provider store={store}><PhotosTab /></Provider>);
          |           ^
      666 |     const card = await screen.findByTestId('photo-card-1');
      667 |     const badge = card.querySelector('.photo-thumb .photo-default-badge');
      668 |     expect(badge).toBeInTheDocument();

      at logCapturedError (node_modules/react-dom/cjs/react-dom.development.js:18704:23)
      at update.callback (node_modules/react-dom/cjs/react-dom.development.js:18737:5)
      at callCallback (node_modules/react-dom/cjs/react-dom.development.js:15036:12)
      at commitUpdateQueue (node_modules/react-dom/cjs/react-dom.development.js:15057:9)
      at commitLayoutEffectOnFiber (node_modules/react-dom/cjs/react-dom.development.js:23430:13)
      at commitLayoutMountEffects_complete (node_modules/react-dom/cjs/react-dom.development.js:24727:9)
      at commitLayoutEffects_begin (node_modules/react-dom/cjs/react-dom.development.js:24713:7)
      at commitLayoutEffects (node_modules/react-dom/cjs/react-dom.development.js:24651:3)
      at commitRootImpl (node_modules/react-dom/cjs/react-dom.development.js:26862:5)
      at commitRoot (node_modules/react-dom/cjs/react-dom.development.js:26721:5)
      at performSyncWorkOnRoot (node_modules/react-dom/cjs/react-dom.development.js:26156:3)
      at flushSyncCallbacks (node_modules/react-dom/cjs/react-dom.development.js:12042:22)
      at commitRootImpl (node_modules/react-dom/cjs/react-dom.development.js:26998:3)
      at commitRoot (node_modules/react-dom/cjs/react-dom.development.js:26721:5)
      at finishConcurrentRender (node_modules/react-dom/cjs/react-dom.development.js:26020:9)
      at performConcurrentWorkOnRoot (node_modules/react-dom/cjs/react-dom.development.js:25848:7)
      at flushActQueue (node_modules/react/cjs/react.development.js:2667:24)
      at act (node_modules/react/cjs/react.development.js:2582:11)
      at node_modules/@testing-library/react/dist/act-compat.js:46:25
      at renderRoot (node_modules/@testing-library/react/dist/pure.js:189:26)
      at render (node_modules/@testing-library/react/dist/pure.js:291:10)
      at Object.<anonymous> (src/renderer/components/MainPane/tabs/PhotosTab.test.tsx:665:11)

    console.error
      Error: Uncaught [TypeError: fieldsRef.current?.scrollTo is not a function]
          at reportException (/Users/johnneed/Projects/gmc-shelters/node_modules/jsdom/lib/jsdom/living/helpers/runtime-script-errors.js:66:24)
          at innerInvokeEventListeners (/Users/johnneed/Projects/gmc-shelters/node_modules/jsdom/lib/jsdom/living/events/EventTarget-impl.js:353:9)
          at invokeEventListeners (/Users/johnneed/Projects/gmc-shelters/node_modules/jsdom/lib/jsdom/living/events/EventTarget-impl.js:286:3)
          at HTMLUnknownElementImpl._dispatch (/Users/johnneed/Projects/gmc-shelters/node_modules/jsdom/lib/jsdom/living/events/EventTarget-impl.js:233:9)
          at HTMLUnknownElementImpl.dispatchEvent (/Users/johnneed/Projects/gmc-shelters/node_modules/jsdom/lib/jsdom/living/events/EventTarget-impl.js:104:17)
          at HTMLUnknownElement.dispatchEvent (/Users/johnneed/Projects/gmc-shelters/node_modules/jsdom/lib/jsdom/living/generated/EventTarget.js:241:34)
          at Object.invokeGuardedCallbackDev (/Users/johnneed/Projects/gmc-shelters/node_modules/react-dom/cjs/react-dom.development.js:4213:16)
          at invokeGuardedCallback (/Users/johnneed/Projects/gmc-shelters/node_modules/react-dom/cjs/react-dom.development.js:4277:31)
          at reportUncaughtErrorInDEV (/Users/johnneed/Projects/gmc-shelters/node_modules/react-dom/cjs/react-dom.development.js:22877:5)
          at captureCommitPhaseError (/Users/johnneed/Projects/gmc-shelters/node_modules/react-dom/cjs/react-dom.development.js:27165:5)
          at commitPassiveMountEffects_complete (/Users/johnneed/Projects/gmc-shelters/node_modules/react-dom/cjs/react-dom.development.js:24932:9)
          at commitPassiveMountEffects_begin (/Users/johnneed/Projects/gmc-shelters/node_modules/react-dom/cjs/react-dom.development.js:24917:7)
          at commitPassiveMountEffects (/Users/johnneed/Projects/gmc-shelters/node_modules/react-dom/cjs/react-dom.development.js:24905:3)
          at flushPassiveEffectsImpl (/Users/johnneed/Projects/gmc-shelters/node_modules/react-dom/cjs/react-dom.development.js:27078:3)
          at flushPassiveEffects (/Users/johnneed/Projects/gmc-shelters/node_modules/react-dom/cjs/react-dom.development.js:27023:14)
          at performSyncWorkOnRoot (/Users/johnneed/Projects/gmc-shelters/node_modules/react-dom/cjs/react-dom.development.js:26115:3)
          at flushSyncCallbacks (/Users/johnneed/Projects/gmc-shelters/node_modules/react-dom/cjs/react-dom.development.js:12042:22)
          at commitRootImpl (/Users/johnneed/Projects/gmc-shelters/node_modules/react-dom/cjs/react-dom.development.js:26998:3)
          at commitRoot (/Users/johnneed/Projects/gmc-shelters/node_modules/react-dom/cjs/react-dom.development.js:26721:5)
          at finishConcurrentRender (/Users/johnneed/Projects/gmc-shelters/node_modules/react-dom/cjs/react-dom.development.js:26020:9)
          at performConcurrentWorkOnRoot (/Users/johnneed/Projects/gmc-shelters/node_modules/react-dom/cjs/react-dom.development.js:25848:7)
          at flushActQueue (/Users/johnneed/Projects/gmc-shelters/node_modules/react/cjs/react.development.js:2667:24)
          at act (/Users/johnneed/Projects/gmc-shelters/node_modules/react/cjs/react.development.js:2582:11)
          at /Users/johnneed/Projects/gmc-shelters/node_modules/@testing-library/react/dist/act-compat.js:46:25
          at renderRoot (/Users/johnneed/Projects/gmc-shelters/node_modules/@testing-library/react/dist/pure.js:189:26)
          at render (/Users/johnneed/Projects/gmc-shelters/node_modules/@testing-library/react/dist/pure.js:291:10)
          at Object.<anonymous> (/Users/johnneed/Projects/gmc-shelters/src/renderer/components/MainPane/tabs/PhotosTab.test.tsx:676:11)
          at Promise.then.completed (/Users/johnneed/Projects/gmc-shelters/node_modules/jest-circus/build/utils.js:298:28)
          at new Promise (<anonymous>)
          at callAsyncCircusFn (/Users/johnneed/Projects/gmc-shelters/node_modules/jest-circus/build/utils.js:231:10)
          at _callCircusTest (/Users/johnneed/Projects/gmc-shelters/node_modules/jest-circus/build/run.js:316:40)
          at _runTest (/Users/johnneed/Projects/gmc-shelters/node_modules/jest-circus/build/run.js:252:3)
          at _runTestsForDescribeBlock (/Users/johnneed/Projects/gmc-shelters/node_modules/jest-circus/build/run.js:126:9)
          at _runTestsForDescribeBlock (/Users/johnneed/Projects/gmc-shelters/node_modules/jest-circus/build/run.js:121:9)
          at run (/Users/johnneed/Projects/gmc-shelters/node_modules/jest-circus/build/run.js:71:3)
          at runAndTransformResultsToJestFormat (/Users/johnneed/Projects/gmc-shelters/node_modules/jest-circus/build/legacy-code-todo-rewrite/jestAdapterInit.js:122:21)
          at jestAdapter (/Users/johnneed/Projects/gmc-shelters/node_modules/jest-circus/build/legacy-code-todo-rewrite/jestAdapter.js:79:19)
          at runTestInternal (/Users/johnneed/Projects/gmc-shelters/node_modules/jest-runner/build/runTest.js:367:16)
          at runTest (/Users/johnneed/Projects/gmc-shelters/node_modules/jest-runner/build/runTest.js:444:34)
          at Object.worker (/Users/johnneed/Projects/gmc-shelters/node_modules/jest-runner/build/testWorker.js:106:12) {
        detail: TypeError: fieldsRef.current?.scrollTo is not a function
            at /Users/johnneed/Projects/gmc-shelters/src/renderer/components/MainPane/tabs/PhotoDetailPane.tsx:49:24
            at commitHookEffectListMount (/Users/johnneed/Projects/gmc-shelters/node_modules/react-dom/cjs/react-dom.development.js:23189:26)
            at commitPassiveMountOnFiber (/Users/johnneed/Projects/gmc-shelters/node_modules/react-dom/cjs/react-dom.development.js:24970:11)
            at commitPassiveMountEffects_complete (/Users/johnneed/Projects/gmc-shelters/node_modules/react-dom/cjs/react-dom.development.js:24930:9)
            at commitPassiveMountEffects_begin (/Users/johnneed/Projects/gmc-shelters/node_modules/react-dom/cjs/react-dom.development.js:24917:7)
            at commitPassiveMountEffects (/Users/johnneed/Projects/gmc-shelters/node_modules/react-dom/cjs/react-dom.development.js:24905:3)
            at flushPassiveEffectsImpl (/Users/johnneed/Projects/gmc-shelters/node_modules/react-dom/cjs/react-dom.development.js:27078:3)
            at flushPassiveEffects (/Users/johnneed/Projects/gmc-shelters/node_modules/react-dom/cjs/react-dom.development.js:27023:14)
            at performSyncWorkOnRoot (/Users/johnneed/Projects/gmc-shelters/node_modules/react-dom/cjs/react-dom.development.js:26115:3)
            at flushSyncCallbacks (/Users/johnneed/Projects/gmc-shelters/node_modules/react-dom/cjs/react-dom.development.js:12042:22)
            at commitRootImpl (/Users/johnneed/Projects/gmc-shelters/node_modules/react-dom/cjs/react-dom.development.js:26998:3)
            at commitRoot (/Users/johnneed/Projects/gmc-shelters/node_modules/react-dom/cjs/react-dom.development.js:26721:5)
            at finishConcurrentRender (/Users/johnneed/Projects/gmc-shelters/node_modules/react-dom/cjs/react-dom.development.js:26020:9)
            at performConcurrentWorkOnRoot (/Users/johnneed/Projects/gmc-shelters/node_modules/react-dom/cjs/react-dom.development.js:25848:7)
            at flushActQueue (/Users/johnneed/Projects/gmc-shelters/node_modules/react/cjs/react.development.js:2667:24)
            at act (/Users/johnneed/Projects/gmc-shelters/node_modules/react/cjs/react.development.js:2582:11)
            at /Users/johnneed/Projects/gmc-shelters/node_modules/@testing-library/react/dist/act-compat.js:46:25
            at renderRoot (/Users/johnneed/Projects/gmc-shelters/node_modules/@testing-library/react/dist/pure.js:189:26)
            at render (/Users/johnneed/Projects/gmc-shelters/node_modules/@testing-library/react/dist/pure.js:291:10)
            at Object.<anonymous> (/Users/johnneed/Projects/gmc-shelters/src/renderer/components/MainPane/tabs/PhotosTab.test.tsx:676:11)
            at Promise.then.completed (/Users/johnneed/Projects/gmc-shelters/node_modules/jest-circus/build/utils.js:298:28)
            at new Promise (<anonymous>)
            at callAsyncCircusFn (/Users/johnneed/Projects/gmc-shelters/node_modules/jest-circus/build/utils.js:231:10)
            at _callCircusTest (/Users/johnneed/Projects/gmc-shelters/node_modules/jest-circus/build/run.js:316:40)
            at _runTest (/Users/johnneed/Projects/gmc-shelters/node_modules/jest-circus/build/run.js:252:3)
            at _runTestsForDescribeBlock (/Users/johnneed/Projects/gmc-shelters/node_modules/jest-circus/build/run.js:126:9)
            at _runTestsForDescribeBlock (/Users/johnneed/Projects/gmc-shelters/node_modules/jest-circus/build/run.js:121:9)
            at run (/Users/johnneed/Projects/gmc-shelters/node_modules/jest-circus/build/run.js:71:3)
            at runAndTransformResultsToJestFormat (/Users/johnneed/Projects/gmc-shelters/node_modules/jest-circus/build/legacy-code-todo-rewrite/jestAdapterInit.js:122:21)
            at jestAdapter (/Users/johnneed/Projects/gmc-shelters/node_modules/jest-circus/build/legacy-code-todo-rewrite/jestAdapter.js:79:19)
            at runTestInternal (/Users/johnneed/Projects/gmc-shelters/node_modules/jest-runner/build/runTest.js:367:16)
            at runTest (/Users/johnneed/Projects/gmc-shelters/node_modules/jest-runner/build/runTest.js:444:34)
            at Object.worker (/Users/johnneed/Projects/gmc-shelters/node_modules/jest-runner/build/testWorker.js:106:12),
        type: 'unhandled exception'
      }

      674 |     const photo = makePhoto({ id: 1 });
      675 |     const store = makeStore(makeShelter({ default_photo_id: 1 }), [photo]);
    > 676 |     render(<Provider store={store}><PhotosTab /></Provider>);
          |           ^
      677 |     const card = await screen.findByTestId('photo-card-1');
      678 |     expect(card.querySelector('.photo-meta .photo-default-badge')).toBeNull();
      679 |   });

      at VirtualConsole.<anonymous> (node_modules/jest-environment-jsdom/build/index.js:63:23)
      at reportException (node_modules/jsdom/lib/jsdom/living/helpers/runtime-script-errors.js:70:28)
      at innerInvokeEventListeners (node_modules/jsdom/lib/jsdom/living/events/EventTarget-impl.js:353:9)
      at invokeEventListeners (node_modules/jsdom/lib/jsdom/living/events/EventTarget-impl.js:286:3)
      at HTMLUnknownElementImpl._dispatch (node_modules/jsdom/lib/jsdom/living/events/EventTarget-impl.js:233:9)
      at HTMLUnknownElementImpl.dispatchEvent (node_modules/jsdom/lib/jsdom/living/events/EventTarget-impl.js:104:17)
      at HTMLUnknownElement.dispatchEvent (node_modules/jsdom/lib/jsdom/living/generated/EventTarget.js:241:34)
      at Object.invokeGuardedCallbackDev (node_modules/react-dom/cjs/react-dom.development.js:4213:16)
      at invokeGuardedCallback (node_modules/react-dom/cjs/react-dom.development.js:4277:31)
      at reportUncaughtErrorInDEV (node_modules/react-dom/cjs/react-dom.development.js:22877:5)
      at captureCommitPhaseError (node_modules/react-dom/cjs/react-dom.development.js:27165:5)
      at commitPassiveMountEffects_complete (node_modules/react-dom/cjs/react-dom.development.js:24932:9)
      at commitPassiveMountEffects_begin (node_modules/react-dom/cjs/react-dom.development.js:24917:7)
      at commitPassiveMountEffects (node_modules/react-dom/cjs/react-dom.development.js:24905:3)
      at flushPassiveEffectsImpl (node_modules/react-dom/cjs/react-dom.development.js:27078:3)
      at flushPassiveEffects (node_modules/react-dom/cjs/react-dom.development.js:27023:14)
      at performSyncWorkOnRoot (node_modules/react-dom/cjs/react-dom.development.js:26115:3)
      at flushSyncCallbacks (node_modules/react-dom/cjs/react-dom.development.js:12042:22)
      at commitRootImpl (node_modules/react-dom/cjs/react-dom.development.js:26998:3)
      at commitRoot (node_modules/react-dom/cjs/react-dom.development.js:26721:5)
      at finishConcurrentRender (node_modules/react-dom/cjs/react-dom.development.js:26020:9)
      at performConcurrentWorkOnRoot (node_modules/react-dom/cjs/react-dom.development.js:25848:7)
      at flushActQueue (node_modules/react/cjs/react.development.js:2667:24)
      at act (node_modules/react/cjs/react.development.js:2582:11)
      at node_modules/@testing-library/react/dist/act-compat.js:46:25
      at renderRoot (node_modules/@testing-library/react/dist/pure.js:189:26)
      at render (node_modules/@testing-library/react/dist/pure.js:291:10)
      at Object.<anonymous> (src/renderer/components/MainPane/tabs/PhotosTab.test.tsx:676:11)

    console.error
      The above error occurred in the <PhotoDetailPane> component:
      
          at PhotoDetailPane (/Users/johnneed/Projects/gmc-shelters/src/renderer/components/MainPane/tabs/PhotoDetailPane.tsx:39:3)
          at div
          at PhotosTab (/Users/johnneed/Projects/gmc-shelters/src/renderer/components/MainPane/tabs/PhotosTab.tsx:58:31)
          at Provider (/Users/johnneed/Projects/gmc-shelters/node_modules/react-redux/src/components/Provider.tsx:60:11)
      
      Consider adding an error boundary to your tree to customize error handling behavior.
      Visit https://reactjs.org/link/error-boundaries to learn more about error boundaries.

      674 |     const photo = makePhoto({ id: 1 });
      675 |     const store = makeStore(makeShelter({ default_photo_id: 1 }), [photo]);
    > 676 |     render(<Provider store={store}><PhotosTab /></Provider>);
          |           ^
      677 |     const card = await screen.findByTestId('photo-card-1');
      678 |     expect(card.querySelector('.photo-meta .photo-default-badge')).toBeNull();
      679 |   });

      at logCapturedError (node_modules/react-dom/cjs/react-dom.development.js:18704:23)
      at update.callback (node_modules/react-dom/cjs/react-dom.development.js:18737:5)
      at callCallback (node_modules/react-dom/cjs/react-dom.development.js:15036:12)
      at commitUpdateQueue (node_modules/react-dom/cjs/react-dom.development.js:15057:9)
      at commitLayoutEffectOnFiber (node_modules/react-dom/cjs/react-dom.development.js:23430:13)
      at commitLayoutMountEffects_complete (node_modules/react-dom/cjs/react-dom.development.js:24727:9)
      at commitLayoutEffects_begin (node_modules/react-dom/cjs/react-dom.development.js:24713:7)
      at commitLayoutEffects (node_modules/react-dom/cjs/react-dom.development.js:24651:3)
      at commitRootImpl (node_modules/react-dom/cjs/react-dom.development.js:26862:5)
      at commitRoot (node_modules/react-dom/cjs/react-dom.development.js:26721:5)
      at performSyncWorkOnRoot (node_modules/react-dom/cjs/react-dom.development.js:26156:3)
      at flushSyncCallbacks (node_modules/react-dom/cjs/react-dom.development.js:12042:22)
      at commitRootImpl (node_modules/react-dom/cjs/react-dom.development.js:26998:3)
      at commitRoot (node_modules/react-dom/cjs/react-dom.development.js:26721:5)
      at finishConcurrentRender (node_modules/react-dom/cjs/react-dom.development.js:26020:9)
      at performConcurrentWorkOnRoot (node_modules/react-dom/cjs/react-dom.development.js:25848:7)
      at flushActQueue (node_modules/react/cjs/react.development.js:2667:24)
      at act (node_modules/react/cjs/react.development.js:2582:11)
      at node_modules/@testing-library/react/dist/act-compat.js:46:25
      at renderRoot (node_modules/@testing-library/react/dist/pure.js:189:26)
      at render (node_modules/@testing-library/react/dist/pure.js:291:10)
      at Object.<anonymous> (src/renderer/components/MainPane/tabs/PhotosTab.test.tsx:676:11)

    console.error
      Error: Uncaught [TypeError: fieldsRef.current?.scrollTo is not a function]
          at reportException (/Users/johnneed/Projects/gmc-shelters/node_modules/jsdom/lib/jsdom/living/helpers/runtime-script-errors.js:66:24)
          at innerInvokeEventListeners (/Users/johnneed/Projects/gmc-shelters/node_modules/jsdom/lib/jsdom/living/events/EventTarget-impl.js:353:9)
          at invokeEventListeners (/Users/johnneed/Projects/gmc-shelters/node_modules/jsdom/lib/jsdom/living/events/EventTarget-impl.js:286:3)
          at HTMLUnknownElementImpl._dispatch (/Users/johnneed/Projects/gmc-shelters/node_modules/jsdom/lib/jsdom/living/events/EventTarget-impl.js:233:9)
          at HTMLUnknownElementImpl.dispatchEvent (/Users/johnneed/Projects/gmc-shelters/node_modules/jsdom/lib/jsdom/living/events/EventTarget-impl.js:104:17)
          at HTMLUnknownElement.dispatchEvent (/Users/johnneed/Projects/gmc-shelters/node_modules/jsdom/lib/jsdom/living/generated/EventTarget.js:241:34)
          at Object.invokeGuardedCallbackDev (/Users/johnneed/Projects/gmc-shelters/node_modules/react-dom/cjs/react-dom.development.js:4213:16)
          at invokeGuardedCallback (/Users/johnneed/Projects/gmc-shelters/node_modules/react-dom/cjs/react-dom.development.js:4277:31)
          at reportUncaughtErrorInDEV (/Users/johnneed/Projects/gmc-shelters/node_modules/react-dom/cjs/react-dom.development.js:22877:5)
          at captureCommitPhaseError (/Users/johnneed/Projects/gmc-shelters/node_modules/react-dom/cjs/react-dom.development.js:27165:5)
          at commitPassiveMountEffects_complete (/Users/johnneed/Projects/gmc-shelters/node_modules/react-dom/cjs/react-dom.development.js:24932:9)
          at commitPassiveMountEffects_begin (/Users/johnneed/Projects/gmc-shelters/node_modules/react-dom/cjs/react-dom.development.js:24917:7)
          at commitPassiveMountEffects (/Users/johnneed/Projects/gmc-shelters/node_modules/react-dom/cjs/react-dom.development.js:24905:3)
          at flushPassiveEffectsImpl (/Users/johnneed/Projects/gmc-shelters/node_modules/react-dom/cjs/react-dom.development.js:27078:3)
          at flushPassiveEffects (/Users/johnneed/Projects/gmc-shelters/node_modules/react-dom/cjs/react-dom.development.js:27023:14)
          at performSyncWorkOnRoot (/Users/johnneed/Projects/gmc-shelters/node_modules/react-dom/cjs/react-dom.development.js:26115:3)
          at flushSyncCallbacks (/Users/johnneed/Projects/gmc-shelters/node_modules/react-dom/cjs/react-dom.development.js:12042:22)
          at commitRootImpl (/Users/johnneed/Projects/gmc-shelters/node_modules/react-dom/cjs/react-dom.development.js:26998:3)
          at commitRoot (/Users/johnneed/Projects/gmc-shelters/node_modules/react-dom/cjs/react-dom.development.js:26721:5)
          at finishConcurrentRender (/Users/johnneed/Projects/gmc-shelters/node_modules/react-dom/cjs/react-dom.development.js:26020:9)
          at performConcurrentWorkOnRoot (/Users/johnneed/Projects/gmc-shelters/node_modules/react-dom/cjs/react-dom.development.js:25848:7)
          at flushActQueue (/Users/johnneed/Projects/gmc-shelters/node_modules/react/cjs/react.development.js:2667:24)
          at act (/Users/johnneed/Projects/gmc-shelters/node_modules/react/cjs/react.development.js:2582:11)
          at /Users/johnneed/Projects/gmc-shelters/node_modules/@testing-library/react/dist/act-compat.js:46:25
          at renderRoot (/Users/johnneed/Projects/gmc-shelters/node_modules/@testing-library/react/dist/pure.js:189:26)
          at render (/Users/johnneed/Projects/gmc-shelters/node_modules/@testing-library/react/dist/pure.js:291:10)
          at Object.<anonymous> (/Users/johnneed/Projects/gmc-shelters/src/renderer/components/MainPane/tabs/PhotosTab.test.tsx:684:11)
          at Promise.then.completed (/Users/johnneed/Projects/gmc-shelters/node_modules/jest-circus/build/utils.js:298:28)
          at new Promise (<anonymous>)
          at callAsyncCircusFn (/Users/johnneed/Projects/gmc-shelters/node_modules/jest-circus/build/utils.js:231:10)
          at _callCircusTest (/Users/johnneed/Projects/gmc-shelters/node_modules/jest-circus/build/run.js:316:40)
          at _runTest (/Users/johnneed/Projects/gmc-shelters/node_modules/jest-circus/build/run.js:252:3)
          at _runTestsForDescribeBlock (/Users/johnneed/Projects/gmc-shelters/node_modules/jest-circus/build/run.js:126:9)
          at _runTestsForDescribeBlock (/Users/johnneed/Projects/gmc-shelters/node_modules/jest-circus/build/run.js:121:9)
          at run (/Users/johnneed/Projects/gmc-shelters/node_modules/jest-circus/build/run.js:71:3)
          at runAndTransformResultsToJestFormat (/Users/johnneed/Projects/gmc-shelters/node_modules/jest-circus/build/legacy-code-todo-rewrite/jestAdapterInit.js:122:21)
          at jestAdapter (/Users/johnneed/Projects/gmc-shelters/node_modules/jest-circus/build/legacy-code-todo-rewrite/jestAdapter.js:79:19)
          at runTestInternal (/Users/johnneed/Projects/gmc-shelters/node_modules/jest-runner/build/runTest.js:367:16)
          at runTest (/Users/johnneed/Projects/gmc-shelters/node_modules/jest-runner/build/runTest.js:444:34)
          at Object.worker (/Users/johnneed/Projects/gmc-shelters/node_modules/jest-runner/build/testWorker.js:106:12) {
        detail: TypeError: fieldsRef.current?.scrollTo is not a function
            at /Users/johnneed/Projects/gmc-shelters/src/renderer/components/MainPane/tabs/PhotoDetailPane.tsx:49:24
            at commitHookEffectListMount (/Users/johnneed/Projects/gmc-shelters/node_modules/react-dom/cjs/react-dom.development.js:23189:26)
            at commitPassiveMountOnFiber (/Users/johnneed/Projects/gmc-shelters/node_modules/react-dom/cjs/react-dom.development.js:24970:11)
            at commitPassiveMountEffects_complete (/Users/johnneed/Projects/gmc-shelters/node_modules/react-dom/cjs/react-dom.development.js:24930:9)
            at commitPassiveMountEffects_begin (/Users/johnneed/Projects/gmc-shelters/node_modules/react-dom/cjs/react-dom.development.js:24917:7)
            at commitPassiveMountEffects (/Users/johnneed/Projects/gmc-shelters/node_modules/react-dom/cjs/react-dom.development.js:24905:3)
            at flushPassiveEffectsImpl (/Users/johnneed/Projects/gmc-shelters/node_modules/react-dom/cjs/react-dom.development.js:27078:3)
            at flushPassiveEffects (/Users/johnneed/Projects/gmc-shelters/node_modules/react-dom/cjs/react-dom.development.js:27023:14)
            at performSyncWorkOnRoot (/Users/johnneed/Projects/gmc-shelters/node_modules/react-dom/cjs/react-dom.development.js:26115:3)
            at flushSyncCallbacks (/Users/johnneed/Projects/gmc-shelters/node_modules/react-dom/cjs/react-dom.development.js:12042:22)
            at commitRootImpl (/Users/johnneed/Projects/gmc-shelters/node_modules/react-dom/cjs/react-dom.development.js:26998:3)
            at commitRoot (/Users/johnneed/Projects/gmc-shelters/node_modules/react-dom/cjs/react-dom.development.js:26721:5)
            at finishConcurrentRender (/Users/johnneed/Projects/gmc-shelters/node_modules/react-dom/cjs/react-dom.development.js:26020:9)
            at performConcurrentWorkOnRoot (/Users/johnneed/Projects/gmc-shelters/node_modules/react-dom/cjs/react-dom.development.js:25848:7)
            at flushActQueue (/Users/johnneed/Projects/gmc-shelters/node_modules/react/cjs/react.development.js:2667:24)
            at act (/Users/johnneed/Projects/gmc-shelters/node_modules/react/cjs/react.development.js:2582:11)
            at /Users/johnneed/Projects/gmc-shelters/node_modules/@testing-library/react/dist/act-compat.js:46:25
            at renderRoot (/Users/johnneed/Projects/gmc-shelters/node_modules/@testing-library/react/dist/pure.js:189:26)
            at render (/Users/johnneed/Projects/gmc-shelters/node_modules/@testing-library/react/dist/pure.js:291:10)
            at Object.<anonymous> (/Users/johnneed/Projects/gmc-shelters/src/renderer/components/MainPane/tabs/PhotosTab.test.tsx:684:11)
            at Promise.then.completed (/Users/johnneed/Projects/gmc-shelters/node_modules/jest-circus/build/utils.js:298:28)
            at new Promise (<anonymous>)
            at callAsyncCircusFn (/Users/johnneed/Projects/gmc-shelters/node_modules/jest-circus/build/utils.js:231:10)
            at _callCircusTest (/Users/johnneed/Projects/gmc-shelters/node_modules/jest-circus/build/run.js:316:40)
            at _runTest (/Users/johnneed/Projects/gmc-shelters/node_modules/jest-circus/build/run.js:252:3)
            at _runTestsForDescribeBlock (/Users/johnneed/Projects/gmc-shelters/node_modules/jest-circus/build/run.js:126:9)
            at _runTestsForDescribeBlock (/Users/johnneed/Projects/gmc-shelters/node_modules/jest-circus/build/run.js:121:9)
            at run (/Users/johnneed/Projects/gmc-shelters/node_modules/jest-circus/build/run.js:71:3)
            at runAndTransformResultsToJestFormat (/Users/johnneed/Projects/gmc-shelters/node_modules/jest-circus/build/legacy-code-todo-rewrite/jestAdapterInit.js:122:21)
            at jestAdapter (/Users/johnneed/Projects/gmc-shelters/node_modules/jest-circus/build/legacy-code-todo-rewrite/jestAdapter.js:79:19)
            at runTestInternal (/Users/johnneed/Projects/gmc-shelters/node_modules/jest-runner/build/runTest.js:367:16)
            at runTest (/Users/johnneed/Projects/gmc-shelters/node_modules/jest-runner/build/runTest.js:444:34)
            at Object.worker (/Users/johnneed/Projects/gmc-shelters/node_modules/jest-runner/build/testWorker.js:106:12),
        type: 'unhandled exception'
      }

      682 |     const photo = makePhoto({ id: 1 });
      683 |     const store = makeStore(makeShelter({ default_photo_id: null }), [photo]);
    > 684 |     render(<Provider store={store}><PhotosTab /></Provider>);
          |           ^
      685 |     const card = await screen.findByTestId('photo-card-1');
      686 |     expect(card.querySelector('.photo-default-badge')).toBeNull();
      687 |   });

      at VirtualConsole.<anonymous> (node_modules/jest-environment-jsdom/build/index.js:63:23)
      at reportException (node_modules/jsdom/lib/jsdom/living/helpers/runtime-script-errors.js:70:28)
      at innerInvokeEventListeners (node_modules/jsdom/lib/jsdom/living/events/EventTarget-impl.js:353:9)
      at invokeEventListeners (node_modules/jsdom/lib/jsdom/living/events/EventTarget-impl.js:286:3)
      at HTMLUnknownElementImpl._dispatch (node_modules/jsdom/lib/jsdom/living/events/EventTarget-impl.js:233:9)
      at HTMLUnknownElementImpl.dispatchEvent (node_modules/jsdom/lib/jsdom/living/events/EventTarget-impl.js:104:17)
      at HTMLUnknownElement.dispatchEvent (node_modules/jsdom/lib/jsdom/living/generated/EventTarget.js:241:34)
      at Object.invokeGuardedCallbackDev (node_modules/react-dom/cjs/react-dom.development.js:4213:16)
      at invokeGuardedCallback (node_modules/react-dom/cjs/react-dom.development.js:4277:31)
      at reportUncaughtErrorInDEV (node_modules/react-dom/cjs/react-dom.development.js:22877:5)
      at captureCommitPhaseError (node_modules/react-dom/cjs/react-dom.development.js:27165:5)
      at commitPassiveMountEffects_complete (node_modules/react-dom/cjs/react-dom.development.js:24932:9)
      at commitPassiveMountEffects_begin (node_modules/react-dom/cjs/react-dom.development.js:24917:7)
      at commitPassiveMountEffects (node_modules/react-dom/cjs/react-dom.development.js:24905:3)
      at flushPassiveEffectsImpl (node_modules/react-dom/cjs/react-dom.development.js:27078:3)
      at flushPassiveEffects (node_modules/react-dom/cjs/react-dom.development.js:27023:14)
      at performSyncWorkOnRoot (node_modules/react-dom/cjs/react-dom.development.js:26115:3)
      at flushSyncCallbacks (node_modules/react-dom/cjs/react-dom.development.js:12042:22)
      at commitRootImpl (node_modules/react-dom/cjs/react-dom.development.js:26998:3)
      at commitRoot (node_modules/react-dom/cjs/react-dom.development.js:26721:5)
      at finishConcurrentRender (node_modules/react-dom/cjs/react-dom.development.js:26020:9)
      at performConcurrentWorkOnRoot (node_modules/react-dom/cjs/react-dom.development.js:25848:7)
      at flushActQueue (node_modules/react/cjs/react.development.js:2667:24)
      at act (node_modules/react/cjs/react.development.js:2582:11)
      at node_modules/@testing-library/react/dist/act-compat.js:46:25
      at renderRoot (node_modules/@testing-library/react/dist/pure.js:189:26)
      at render (node_modules/@testing-library/react/dist/pure.js:291:10)
      at Object.<anonymous> (src/renderer/components/MainPane/tabs/PhotosTab.test.tsx:684:11)

    console.error
      The above error occurred in the <PhotoDetailPane> component:
      
          at PhotoDetailPane (/Users/johnneed/Projects/gmc-shelters/src/renderer/components/MainPane/tabs/PhotoDetailPane.tsx:39:3)
          at div
          at PhotosTab (/Users/johnneed/Projects/gmc-shelters/src/renderer/components/MainPane/tabs/PhotosTab.tsx:58:31)
          at Provider (/Users/johnneed/Projects/gmc-shelters/node_modules/react-redux/src/components/Provider.tsx:60:11)
      
      Consider adding an error boundary to your tree to customize error handling behavior.
      Visit https://reactjs.org/link/error-boundaries to learn more about error boundaries.

      682 |     const photo = makePhoto({ id: 1 });
      683 |     const store = makeStore(makeShelter({ default_photo_id: null }), [photo]);
    > 684 |     render(<Provider store={store}><PhotosTab /></Provider>);
          |           ^
      685 |     const card = await screen.findByTestId('photo-card-1');
      686 |     expect(card.querySelector('.photo-default-badge')).toBeNull();
      687 |   });

      at logCapturedError (node_modules/react-dom/cjs/react-dom.development.js:18704:23)
      at update.callback (node_modules/react-dom/cjs/react-dom.development.js:18737:5)
      at callCallback (node_modules/react-dom/cjs/react-dom.development.js:15036:12)
      at commitUpdateQueue (node_modules/react-dom/cjs/react-dom.development.js:15057:9)
      at commitLayoutEffectOnFiber (node_modules/react-dom/cjs/react-dom.development.js:23430:13)
      at commitLayoutMountEffects_complete (node_modules/react-dom/cjs/react-dom.development.js:24727:9)
      at commitLayoutEffects_begin (node_modules/react-dom/cjs/react-dom.development.js:24713:7)
      at commitLayoutEffects (node_modules/react-dom/cjs/react-dom.development.js:24651:3)
      at commitRootImpl (node_modules/react-dom/cjs/react-dom.development.js:26862:5)
      at commitRoot (node_modules/react-dom/cjs/react-dom.development.js:26721:5)
      at performSyncWorkOnRoot (node_modules/react-dom/cjs/react-dom.development.js:26156:3)
      at flushSyncCallbacks (node_modules/react-dom/cjs/react-dom.development.js:12042:22)
      at commitRootImpl (node_modules/react-dom/cjs/react-dom.development.js:26998:3)
      at commitRoot (node_modules/react-dom/cjs/react-dom.development.js:26721:5)
      at finishConcurrentRender (node_modules/react-dom/cjs/react-dom.development.js:26020:9)
      at performConcurrentWorkOnRoot (node_modules/react-dom/cjs/react-dom.development.js:25848:7)
      at flushActQueue (node_modules/react/cjs/react.development.js:2667:24)
      at act (node_modules/react/cjs/react.development.js:2582:11)
      at node_modules/@testing-library/react/dist/act-compat.js:46:25
      at renderRoot (node_modules/@testing-library/react/dist/pure.js:189:26)
      at render (node_modules/@testing-library/react/dist/pure.js:291:10)
      at Object.<anonymous> (src/renderer/components/MainPane/tabs/PhotosTab.test.tsx:684:11)

    console.error
      Error: Uncaught [TypeError: fieldsRef.current?.scrollTo is not a function]
          at reportException (/Users/johnneed/Projects/gmc-shelters/node_modules/jsdom/lib/jsdom/living/helpers/runtime-script-errors.js:66:24)
          at innerInvokeEventListeners (/Users/johnneed/Projects/gmc-shelters/node_modules/jsdom/lib/jsdom/living/events/EventTarget-impl.js:353:9)
          at invokeEventListeners (/Users/johnneed/Projects/gmc-shelters/node_modules/jsdom/lib/jsdom/living/events/EventTarget-impl.js:286:3)
          at HTMLUnknownElementImpl._dispatch (/Users/johnneed/Projects/gmc-shelters/node_modules/jsdom/lib/jsdom/living/events/EventTarget-impl.js:233:9)
          at HTMLUnknownElementImpl.dispatchEvent (/Users/johnneed/Projects/gmc-shelters/node_modules/jsdom/lib/jsdom/living/events/EventTarget-impl.js:104:17)
          at HTMLUnknownElement.dispatchEvent (/Users/johnneed/Projects/gmc-shelters/node_modules/jsdom/lib/jsdom/living/generated/EventTarget.js:241:34)
          at Object.invokeGuardedCallbackDev (/Users/johnneed/Projects/gmc-shelters/node_modules/react-dom/cjs/react-dom.development.js:4213:16)
          at invokeGuardedCallback (/Users/johnneed/Projects/gmc-shelters/node_modules/react-dom/cjs/react-dom.development.js:4277:31)
          at reportUncaughtErrorInDEV (/Users/johnneed/Projects/gmc-shelters/node_modules/react-dom/cjs/react-dom.development.js:22877:5)
          at captureCommitPhaseError (/Users/johnneed/Projects/gmc-shelters/node_modules/react-dom/cjs/react-dom.development.js:27165:5)
          at commitPassiveMountEffects_complete (/Users/johnneed/Projects/gmc-shelters/node_modules/react-dom/cjs/react-dom.development.js:24932:9)
          at commitPassiveMountEffects_begin (/Users/johnneed/Projects/gmc-shelters/node_modules/react-dom/cjs/react-dom.development.js:24917:7)
          at commitPassiveMountEffects (/Users/johnneed/Projects/gmc-shelters/node_modules/react-dom/cjs/react-dom.development.js:24905:3)
          at flushPassiveEffectsImpl (/Users/johnneed/Projects/gmc-shelters/node_modules/react-dom/cjs/react-dom.development.js:27078:3)
          at flushPassiveEffects (/Users/johnneed/Projects/gmc-shelters/node_modules/react-dom/cjs/react-dom.development.js:27023:14)
          at performSyncWorkOnRoot (/Users/johnneed/Projects/gmc-shelters/node_modules/react-dom/cjs/react-dom.development.js:26115:3)
          at flushSyncCallbacks (/Users/johnneed/Projects/gmc-shelters/node_modules/react-dom/cjs/react-dom.development.js:12042:22)
          at commitRootImpl (/Users/johnneed/Projects/gmc-shelters/node_modules/react-dom/cjs/react-dom.development.js:26998:3)
          at commitRoot (/Users/johnneed/Projects/gmc-shelters/node_modules/react-dom/cjs/react-dom.development.js:26721:5)
          at finishConcurrentRender (/Users/johnneed/Projects/gmc-shelters/node_modules/react-dom/cjs/react-dom.development.js:26020:9)
          at performConcurrentWorkOnRoot (/Users/johnneed/Projects/gmc-shelters/node_modules/react-dom/cjs/react-dom.development.js:25848:7)
          at flushActQueue (/Users/johnneed/Projects/gmc-shelters/node_modules/react/cjs/react.development.js:2667:24)
          at act (/Users/johnneed/Projects/gmc-shelters/node_modules/react/cjs/react.development.js:2582:11)
          at /Users/johnneed/Projects/gmc-shelters/node_modules/@testing-library/react/dist/act-compat.js:46:25
          at renderRoot (/Users/johnneed/Projects/gmc-shelters/node_modules/@testing-library/react/dist/pure.js:189:26)
          at render (/Users/johnneed/Projects/gmc-shelters/node_modules/@testing-library/react/dist/pure.js:291:10)
          at Object.<anonymous> (/Users/johnneed/Projects/gmc-shelters/src/renderer/components/MainPane/tabs/PhotosTab.test.tsx:691:11)
          at Promise.then.completed (/Users/johnneed/Projects/gmc-shelters/node_modules/jest-circus/build/utils.js:298:28)
          at new Promise (<anonymous>)
          at callAsyncCircusFn (/Users/johnneed/Projects/gmc-shelters/node_modules/jest-circus/build/utils.js:231:10)
          at _callCircusTest (/Users/johnneed/Projects/gmc-shelters/node_modules/jest-circus/build/run.js:316:40)
          at _runTest (/Users/johnneed/Projects/gmc-shelters/node_modules/jest-circus/build/run.js:252:3)
          at _runTestsForDescribeBlock (/Users/johnneed/Projects/gmc-shelters/node_modules/jest-circus/build/run.js:126:9)
          at _runTestsForDescribeBlock (/Users/johnneed/Projects/gmc-shelters/node_modules/jest-circus/build/run.js:121:9)
          at run (/Users/johnneed/Projects/gmc-shelters/node_modules/jest-circus/build/run.js:71:3)
          at runAndTransformResultsToJestFormat (/Users/johnneed/Projects/gmc-shelters/node_modules/jest-circus/build/legacy-code-todo-rewrite/jestAdapterInit.js:122:21)
          at jestAdapter (/Users/johnneed/Projects/gmc-shelters/node_modules/jest-circus/build/legacy-code-todo-rewrite/jestAdapter.js:79:19)
          at runTestInternal (/Users/johnneed/Projects/gmc-shelters/node_modules/jest-runner/build/runTest.js:367:16)
          at runTest (/Users/johnneed/Projects/gmc-shelters/node_modules/jest-runner/build/runTest.js:444:34)
          at Object.worker (/Users/johnneed/Projects/gmc-shelters/node_modules/jest-runner/build/testWorker.js:106:12) {
        detail: TypeError: fieldsRef.current?.scrollTo is not a function
            at /Users/johnneed/Projects/gmc-shelters/src/renderer/components/MainPane/tabs/PhotoDetailPane.tsx:49:24
            at commitHookEffectListMount (/Users/johnneed/Projects/gmc-shelters/node_modules/react-dom/cjs/react-dom.development.js:23189:26)
            at commitPassiveMountOnFiber (/Users/johnneed/Projects/gmc-shelters/node_modules/react-dom/cjs/react-dom.development.js:24970:11)
            at commitPassiveMountEffects_complete (/Users/johnneed/Projects/gmc-shelters/node_modules/react-dom/cjs/react-dom.development.js:24930:9)
            at commitPassiveMountEffects_begin (/Users/johnneed/Projects/gmc-shelters/node_modules/react-dom/cjs/react-dom.development.js:24917:7)
            at commitPassiveMountEffects (/Users/johnneed/Projects/gmc-shelters/node_modules/react-dom/cjs/react-dom.development.js:24905:3)
            at flushPassiveEffectsImpl (/Users/johnneed/Projects/gmc-shelters/node_modules/react-dom/cjs/react-dom.development.js:27078:3)
            at flushPassiveEffects (/Users/johnneed/Projects/gmc-shelters/node_modules/react-dom/cjs/react-dom.development.js:27023:14)
            at performSyncWorkOnRoot (/Users/johnneed/Projects/gmc-shelters/node_modules/react-dom/cjs/react-dom.development.js:26115:3)
            at flushSyncCallbacks (/Users/johnneed/Projects/gmc-shelters/node_modules/react-dom/cjs/react-dom.development.js:12042:22)
            at commitRootImpl (/Users/johnneed/Projects/gmc-shelters/node_modules/react-dom/cjs/react-dom.development.js:26998:3)
            at commitRoot (/Users/johnneed/Projects/gmc-shelters/node_modules/react-dom/cjs/react-dom.development.js:26721:5)
            at finishConcurrentRender (/Users/johnneed/Projects/gmc-shelters/node_modules/react-dom/cjs/react-dom.development.js:26020:9)
            at performConcurrentWorkOnRoot (/Users/johnneed/Projects/gmc-shelters/node_modules/react-dom/cjs/react-dom.development.js:25848:7)
            at flushActQueue (/Users/johnneed/Projects/gmc-shelters/node_modules/react/cjs/react.development.js:2667:24)
            at act (/Users/johnneed/Projects/gmc-shelters/node_modules/react/cjs/react.development.js:2582:11)
            at /Users/johnneed/Projects/gmc-shelters/node_modules/@testing-library/react/dist/act-compat.js:46:25
            at renderRoot (/Users/johnneed/Projects/gmc-shelters/node_modules/@testing-library/react/dist/pure.js:189:26)
            at render (/Users/johnneed/Projects/gmc-shelters/node_modules/@testing-library/react/dist/pure.js:291:10)
            at Object.<anonymous> (/Users/johnneed/Projects/gmc-shelters/src/renderer/components/MainPane/tabs/PhotosTab.test.tsx:691:11)
            at Promise.then.completed (/Users/johnneed/Projects/gmc-shelters/node_modules/jest-circus/build/utils.js:298:28)
            at new Promise (<anonymous>)
            at callAsyncCircusFn (/Users/johnneed/Projects/gmc-shelters/node_modules/jest-circus/build/utils.js:231:10)
            at _callCircusTest (/Users/johnneed/Projects/gmc-shelters/node_modules/jest-circus/build/run.js:316:40)
            at _runTest (/Users/johnneed/Projects/gmc-shelters/node_modules/jest-circus/build/run.js:252:3)
            at _runTestsForDescribeBlock (/Users/johnneed/Projects/gmc-shelters/node_modules/jest-circus/build/run.js:126:9)
            at _runTestsForDescribeBlock (/Users/johnneed/Projects/gmc-shelters/node_modules/jest-circus/build/run.js:121:9)
            at run (/Users/johnneed/Projects/gmc-shelters/node_modules/jest-circus/build/run.js:71:3)
            at runAndTransformResultsToJestFormat (/Users/johnneed/Projects/gmc-shelters/node_modules/jest-circus/build/legacy-code-todo-rewrite/jestAdapterInit.js:122:21)
            at jestAdapter (/Users/johnneed/Projects/gmc-shelters/node_modules/jest-circus/build/legacy-code-todo-rewrite/jestAdapter.js:79:19)
            at runTestInternal (/Users/johnneed/Projects/gmc-shelters/node_modules/jest-runner/build/runTest.js:367:16)
            at runTest (/Users/johnneed/Projects/gmc-shelters/node_modules/jest-runner/build/runTest.js:444:34)
            at Object.worker (/Users/johnneed/Projects/gmc-shelters/node_modules/jest-runner/build/testWorker.js:106:12),
        type: 'unhandled exception'
      }

      689 |   it('labels the include-in-post toggle "Post on web"', async () => {
      690 |     const store = makeStore(makeShelter(), [makePhoto({ id: 1 })]);
    > 691 |     render(<Provider store={store}><PhotosTab /></Provider>);
          |           ^
      692 |     const card = await screen.findByTestId('photo-card-1');
      693 |     expect(within(card).getByText('Post on web')).toBeInTheDocument();
      694 |     expect(within(card).queryByText('pub')).toBeNull();

      at VirtualConsole.<anonymous> (node_modules/jest-environment-jsdom/build/index.js:63:23)
      at reportException (node_modules/jsdom/lib/jsdom/living/helpers/runtime-script-errors.js:70:28)
      at innerInvokeEventListeners (node_modules/jsdom/lib/jsdom/living/events/EventTarget-impl.js:353:9)
      at invokeEventListeners (node_modules/jsdom/lib/jsdom/living/events/EventTarget-impl.js:286:3)
      at HTMLUnknownElementImpl._dispatch (node_modules/jsdom/lib/jsdom/living/events/EventTarget-impl.js:233:9)
      at HTMLUnknownElementImpl.dispatchEvent (node_modules/jsdom/lib/jsdom/living/events/EventTarget-impl.js:104:17)
      at HTMLUnknownElement.dispatchEvent (node_modules/jsdom/lib/jsdom/living/generated/EventTarget.js:241:34)
      at Object.invokeGuardedCallbackDev (node_modules/react-dom/cjs/react-dom.development.js:4213:16)
      at invokeGuardedCallback (node_modules/react-dom/cjs/react-dom.development.js:4277:31)
      at reportUncaughtErrorInDEV (node_modules/react-dom/cjs/react-dom.development.js:22877:5)
      at captureCommitPhaseError (node_modules/react-dom/cjs/react-dom.development.js:27165:5)
      at commitPassiveMountEffects_complete (node_modules/react-dom/cjs/react-dom.development.js:24932:9)
      at commitPassiveMountEffects_begin (node_modules/react-dom/cjs/react-dom.development.js:24917:7)
      at commitPassiveMountEffects (node_modules/react-dom/cjs/react-dom.development.js:24905:3)
      at flushPassiveEffectsImpl (node_modules/react-dom/cjs/react-dom.development.js:27078:3)
      at flushPassiveEffects (node_modules/react-dom/cjs/react-dom.development.js:27023:14)
      at performSyncWorkOnRoot (node_modules/react-dom/cjs/react-dom.development.js:26115:3)
      at flushSyncCallbacks (node_modules/react-dom/cjs/react-dom.development.js:12042:22)
      at commitRootImpl (node_modules/react-dom/cjs/react-dom.development.js:26998:3)
      at commitRoot (node_modules/react-dom/cjs/react-dom.development.js:26721:5)
      at finishConcurrentRender (node_modules/react-dom/cjs/react-dom.development.js:26020:9)
      at performConcurrentWorkOnRoot (node_modules/react-dom/cjs/react-dom.development.js:25848:7)
      at flushActQueue (node_modules/react/cjs/react.development.js:2667:24)
      at act (node_modules/react/cjs/react.development.js:2582:11)
      at node_modules/@testing-library/react/dist/act-compat.js:46:25
      at renderRoot (node_modules/@testing-library/react/dist/pure.js:189:26)
      at render (node_modules/@testing-library/react/dist/pure.js:291:10)
      at Object.<anonymous> (src/renderer/components/MainPane/tabs/PhotosTab.test.tsx:691:11)

    console.error
      The above error occurred in the <PhotoDetailPane> component:
      
          at PhotoDetailPane (/Users/johnneed/Projects/gmc-shelters/src/renderer/components/MainPane/tabs/PhotoDetailPane.tsx:39:3)
          at div
          at PhotosTab (/Users/johnneed/Projects/gmc-shelters/src/renderer/components/MainPane/tabs/PhotosTab.tsx:58:31)
          at Provider (/Users/johnneed/Projects/gmc-shelters/node_modules/react-redux/src/components/Provider.tsx:60:11)
      
      Consider adding an error boundary to your tree to customize error handling behavior.
      Visit https://reactjs.org/link/error-boundaries to learn more about error boundaries.

      689 |   it('labels the include-in-post toggle "Post on web"', async () => {
      690 |     const store = makeStore(makeShelter(), [makePhoto({ id: 1 })]);
    > 691 |     render(<Provider store={store}><PhotosTab /></Provider>);
          |           ^
      692 |     const card = await screen.findByTestId('photo-card-1');
      693 |     expect(within(card).getByText('Post on web')).toBeInTheDocument();
      694 |     expect(within(card).queryByText('pub')).toBeNull();

      at logCapturedError (node_modules/react-dom/cjs/react-dom.development.js:18704:23)
      at update.callback (node_modules/react-dom/cjs/react-dom.development.js:18737:5)
      at callCallback (node_modules/react-dom/cjs/react-dom.development.js:15036:12)
      at commitUpdateQueue (node_modules/react-dom/cjs/react-dom.development.js:15057:9)
      at commitLayoutEffectOnFiber (node_modules/react-dom/cjs/react-dom.development.js:23430:13)
      at commitLayoutMountEffects_complete (node_modules/react-dom/cjs/react-dom.development.js:24727:9)
      at commitLayoutEffects_begin (node_modules/react-dom/cjs/react-dom.development.js:24713:7)
      at commitLayoutEffects (node_modules/react-dom/cjs/react-dom.development.js:24651:3)
      at commitRootImpl (node_modules/react-dom/cjs/react-dom.development.js:26862:5)
      at commitRoot (node_modules/react-dom/cjs/react-dom.development.js:26721:5)
      at performSyncWorkOnRoot (node_modules/react-dom/cjs/react-dom.development.js:26156:3)
      at flushSyncCallbacks (node_modules/react-dom/cjs/react-dom.development.js:12042:22)
      at commitRootImpl (node_modules/react-dom/cjs/react-dom.development.js:26998:3)
      at commitRoot (node_modules/react-dom/cjs/react-dom.development.js:26721:5)
      at finishConcurrentRender (node_modules/react-dom/cjs/react-dom.development.js:26020:9)
      at performConcurrentWorkOnRoot (node_modules/react-dom/cjs/react-dom.development.js:25848:7)
      at flushActQueue (node_modules/react/cjs/react.development.js:2667:24)
      at act (node_modules/react/cjs/react.development.js:2582:11)
      at node_modules/@testing-library/react/dist/act-compat.js:46:25
      at renderRoot (node_modules/@testing-library/react/dist/pure.js:189:26)
      at render (node_modules/@testing-library/react/dist/pure.js:291:10)
      at Object.<anonymous> (src/renderer/components/MainPane/tabs/PhotosTab.test.tsx:691:11)

    console.error
      Error: Uncaught [TypeError: fieldsRef.current?.scrollTo is not a function]
          at reportException (/Users/johnneed/Projects/gmc-shelters/node_modules/jsdom/lib/jsdom/living/helpers/runtime-script-errors.js:66:24)
          at innerInvokeEventListeners (/Users/johnneed/Projects/gmc-shelters/node_modules/jsdom/lib/jsdom/living/events/EventTarget-impl.js:353:9)
          at invokeEventListeners (/Users/johnneed/Projects/gmc-shelters/node_modules/jsdom/lib/jsdom/living/events/EventTarget-impl.js:286:3)
          at HTMLUnknownElementImpl._dispatch (/Users/johnneed/Projects/gmc-shelters/node_modules/jsdom/lib/jsdom/living/events/EventTarget-impl.js:233:9)
          at HTMLUnknownElementImpl.dispatchEvent (/Users/johnneed/Projects/gmc-shelters/node_modules/jsdom/lib/jsdom/living/events/EventTarget-impl.js:104:17)
          at HTMLUnknownElement.dispatchEvent (/Users/johnneed/Projects/gmc-shelters/node_modules/jsdom/lib/jsdom/living/generated/EventTarget.js:241:34)
          at Object.invokeGuardedCallbackDev (/Users/johnneed/Projects/gmc-shelters/node_modules/react-dom/cjs/react-dom.development.js:4213:16)
          at invokeGuardedCallback (/Users/johnneed/Projects/gmc-shelters/node_modules/react-dom/cjs/react-dom.development.js:4277:31)
          at reportUncaughtErrorInDEV (/Users/johnneed/Projects/gmc-shelters/node_modules/react-dom/cjs/react-dom.development.js:22877:5)
          at captureCommitPhaseError (/Users/johnneed/Projects/gmc-shelters/node_modules/react-dom/cjs/react-dom.development.js:27165:5)
          at commitPassiveMountEffects_complete (/Users/johnneed/Projects/gmc-shelters/node_modules/react-dom/cjs/react-dom.development.js:24932:9)
          at commitPassiveMountEffects_begin (/Users/johnneed/Projects/gmc-shelters/node_modules/react-dom/cjs/react-dom.development.js:24917:7)
          at commitPassiveMountEffects (/Users/johnneed/Projects/gmc-shelters/node_modules/react-dom/cjs/react-dom.development.js:24905:3)
          at flushPassiveEffectsImpl (/Users/johnneed/Projects/gmc-shelters/node_modules/react-dom/cjs/react-dom.development.js:27078:3)
          at flushPassiveEffects (/Users/johnneed/Projects/gmc-shelters/node_modules/react-dom/cjs/react-dom.development.js:27023:14)
          at performSyncWorkOnRoot (/Users/johnneed/Projects/gmc-shelters/node_modules/react-dom/cjs/react-dom.development.js:26115:3)
          at flushSyncCallbacks (/Users/johnneed/Projects/gmc-shelters/node_modules/react-dom/cjs/react-dom.development.js:12042:22)
          at commitRootImpl (/Users/johnneed/Projects/gmc-shelters/node_modules/react-dom/cjs/react-dom.development.js:26998:3)
          at commitRoot (/Users/johnneed/Projects/gmc-shelters/node_modules/react-dom/cjs/react-dom.development.js:26721:5)
          at finishConcurrentRender (/Users/johnneed/Projects/gmc-shelters/node_modules/react-dom/cjs/react-dom.development.js:26020:9)
          at performConcurrentWorkOnRoot (/Users/johnneed/Projects/gmc-shelters/node_modules/react-dom/cjs/react-dom.development.js:25848:7)
          at flushActQueue (/Users/johnneed/Projects/gmc-shelters/node_modules/react/cjs/react.development.js:2667:24)
          at act (/Users/johnneed/Projects/gmc-shelters/node_modules/react/cjs/react.development.js:2582:11)
          at /Users/johnneed/Projects/gmc-shelters/node_modules/@testing-library/react/dist/act-compat.js:46:25
          at renderRoot (/Users/johnneed/Projects/gmc-shelters/node_modules/@testing-library/react/dist/pure.js:189:26)
          at render (/Users/johnneed/Projects/gmc-shelters/node_modules/@testing-library/react/dist/pure.js:291:10)
          at Object.<anonymous> (/Users/johnneed/Projects/gmc-shelters/src/renderer/components/MainPane/tabs/PhotosTab.test.tsx:701:11)
          at Promise.then.completed (/Users/johnneed/Projects/gmc-shelters/node_modules/jest-circus/build/utils.js:298:28)
          at new Promise (<anonymous>)
          at callAsyncCircusFn (/Users/johnneed/Projects/gmc-shelters/node_modules/jest-circus/build/utils.js:231:10)
          at _callCircusTest (/Users/johnneed/Projects/gmc-shelters/node_modules/jest-circus/build/run.js:316:40)
          at _runTest (/Users/johnneed/Projects/gmc-shelters/node_modules/jest-circus/build/run.js:252:3)
          at _runTestsForDescribeBlock (/Users/johnneed/Projects/gmc-shelters/node_modules/jest-circus/build/run.js:126:9)
          at _runTestsForDescribeBlock (/Users/johnneed/Projects/gmc-shelters/node_modules/jest-circus/build/run.js:121:9)
          at run (/Users/johnneed/Projects/gmc-shelters/node_modules/jest-circus/build/run.js:71:3)
          at runAndTransformResultsToJestFormat (/Users/johnneed/Projects/gmc-shelters/node_modules/jest-circus/build/legacy-code-todo-rewrite/jestAdapterInit.js:122:21)
          at jestAdapter (/Users/johnneed/Projects/gmc-shelters/node_modules/jest-circus/build/legacy-code-todo-rewrite/jestAdapter.js:79:19)
          at runTestInternal (/Users/johnneed/Projects/gmc-shelters/node_modules/jest-runner/build/runTest.js:367:16)
          at runTest (/Users/johnneed/Projects/gmc-shelters/node_modules/jest-runner/build/runTest.js:444:34)
          at Object.worker (/Users/johnneed/Projects/gmc-shelters/node_modules/jest-runner/build/testWorker.js:106:12) {
        detail: TypeError: fieldsRef.current?.scrollTo is not a function
            at /Users/johnneed/Projects/gmc-shelters/src/renderer/components/MainPane/tabs/PhotoDetailPane.tsx:49:24
            at commitHookEffectListMount (/Users/johnneed/Projects/gmc-shelters/node_modules/react-dom/cjs/react-dom.development.js:23189:26)
            at commitPassiveMountOnFiber (/Users/johnneed/Projects/gmc-shelters/node_modules/react-dom/cjs/react-dom.development.js:24970:11)
            at commitPassiveMountEffects_complete (/Users/johnneed/Projects/gmc-shelters/node_modules/react-dom/cjs/react-dom.development.js:24930:9)
            at commitPassiveMountEffects_begin (/Users/johnneed/Projects/gmc-shelters/node_modules/react-dom/cjs/react-dom.development.js:24917:7)
            at commitPassiveMountEffects (/Users/johnneed/Projects/gmc-shelters/node_modules/react-dom/cjs/react-dom.development.js:24905:3)
            at flushPassiveEffectsImpl (/Users/johnneed/Projects/gmc-shelters/node_modules/react-dom/cjs/react-dom.development.js:27078:3)
            at flushPassiveEffects (/Users/johnneed/Projects/gmc-shelters/node_modules/react-dom/cjs/react-dom.development.js:27023:14)
            at performSyncWorkOnRoot (/Users/johnneed/Projects/gmc-shelters/node_modules/react-dom/cjs/react-dom.development.js:26115:3)
            at flushSyncCallbacks (/Users/johnneed/Projects/gmc-shelters/node_modules/react-dom/cjs/react-dom.development.js:12042:22)
            at commitRootImpl (/Users/johnneed/Projects/gmc-shelters/node_modules/react-dom/cjs/react-dom.development.js:26998:3)
            at commitRoot (/Users/johnneed/Projects/gmc-shelters/node_modules/react-dom/cjs/react-dom.development.js:26721:5)
            at finishConcurrentRender (/Users/johnneed/Projects/gmc-shelters/node_modules/react-dom/cjs/react-dom.development.js:26020:9)
            at performConcurrentWorkOnRoot (/Users/johnneed/Projects/gmc-shelters/node_modules/react-dom/cjs/react-dom.development.js:25848:7)
            at flushActQueue (/Users/johnneed/Projects/gmc-shelters/node_modules/react/cjs/react.development.js:2667:24)
            at act (/Users/johnneed/Projects/gmc-shelters/node_modules/react/cjs/react.development.js:2582:11)
            at /Users/johnneed/Projects/gmc-shelters/node_modules/@testing-library/react/dist/act-compat.js:46:25
            at renderRoot (/Users/johnneed/Projects/gmc-shelters/node_modules/@testing-library/react/dist/pure.js:189:26)
            at render (/Users/johnneed/Projects/gmc-shelters/node_modules/@testing-library/react/dist/pure.js:291:10)
            at Object.<anonymous> (/Users/johnneed/Projects/gmc-shelters/src/renderer/components/MainPane/tabs/PhotosTab.test.tsx:701:11)
            at Promise.then.completed (/Users/johnneed/Projects/gmc-shelters/node_modules/jest-circus/build/utils.js:298:28)
            at new Promise (<anonymous>)
            at callAsyncCircusFn (/Users/johnneed/Projects/gmc-shelters/node_modules/jest-circus/build/utils.js:231:10)
            at _callCircusTest (/Users/johnneed/Projects/gmc-shelters/node_modules/jest-circus/build/run.js:316:40)
            at _runTest (/Users/johnneed/Projects/gmc-shelters/node_modules/jest-circus/build/run.js:252:3)
            at _runTestsForDescribeBlock (/Users/johnneed/Projects/gmc-shelters/node_modules/jest-circus/build/run.js:126:9)
            at _runTestsForDescribeBlock (/Users/johnneed/Projects/gmc-shelters/node_modules/jest-circus/build/run.js:121:9)
            at run (/Users/johnneed/Projects/gmc-shelters/node_modules/jest-circus/build/run.js:71:3)
            at runAndTransformResultsToJestFormat (/Users/johnneed/Projects/gmc-shelters/node_modules/jest-circus/build/legacy-code-todo-rewrite/jestAdapterInit.js:122:21)
            at jestAdapter (/Users/johnneed/Projects/gmc-shelters/node_modules/jest-circus/build/legacy-code-todo-rewrite/jestAdapter.js:79:19)
            at runTestInternal (/Users/johnneed/Projects/gmc-shelters/node_modules/jest-runner/build/runTest.js:367:16)
            at runTest (/Users/johnneed/Projects/gmc-shelters/node_modules/jest-runner/build/runTest.js:444:34)
            at Object.worker (/Users/johnneed/Projects/gmc-shelters/node_modules/jest-runner/build/testWorker.js:106:12),
        type: 'unhandled exception'
      }

      699 |   it('renders a dedicated drag handle as the first cell of each row', async () => {
      700 |     const store = makeStore(makeShelter(), [makePhoto({ id: 1 })]);
    > 701 |     render(<Provider store={store}><PhotosTab /></Provider>);
          |           ^
      702 |     fireEvent.click(screen.getByRole('button', { name: /list/i }));
      703 |     const row = await screen.findByTestId('list-row-1');
      704 |     const handle = row.querySelector('.list-drag-handle');

      at VirtualConsole.<anonymous> (node_modules/jest-environment-jsdom/build/index.js:63:23)
      at reportException (node_modules/jsdom/lib/jsdom/living/helpers/runtime-script-errors.js:70:28)
      at innerInvokeEventListeners (node_modules/jsdom/lib/jsdom/living/events/EventTarget-impl.js:353:9)
      at invokeEventListeners (node_modules/jsdom/lib/jsdom/living/events/EventTarget-impl.js:286:3)
      at HTMLUnknownElementImpl._dispatch (node_modules/jsdom/lib/jsdom/living/events/EventTarget-impl.js:233:9)
      at HTMLUnknownElementImpl.dispatchEvent (node_modules/jsdom/lib/jsdom/living/events/EventTarget-impl.js:104:17)
      at HTMLUnknownElement.dispatchEvent (node_modules/jsdom/lib/jsdom/living/generated/EventTarget.js:241:34)
      at Object.invokeGuardedCallbackDev (node_modules/react-dom/cjs/react-dom.development.js:4213:16)
      at invokeGuardedCallback (node_modules/react-dom/cjs/react-dom.development.js:4277:31)
      at reportUncaughtErrorInDEV (node_modules/react-dom/cjs/react-dom.development.js:22877:5)
      at captureCommitPhaseError (node_modules/react-dom/cjs/react-dom.development.js:27165:5)
      at commitPassiveMountEffects_complete (node_modules/react-dom/cjs/react-dom.development.js:24932:9)
      at commitPassiveMountEffects_begin (node_modules/react-dom/cjs/react-dom.development.js:24917:7)
      at commitPassiveMountEffects (node_modules/react-dom/cjs/react-dom.development.js:24905:3)
      at flushPassiveEffectsImpl (node_modules/react-dom/cjs/react-dom.development.js:27078:3)
      at flushPassiveEffects (node_modules/react-dom/cjs/react-dom.development.js:27023:14)
      at performSyncWorkOnRoot (node_modules/react-dom/cjs/react-dom.development.js:26115:3)
      at flushSyncCallbacks (node_modules/react-dom/cjs/react-dom.development.js:12042:22)
      at commitRootImpl (node_modules/react-dom/cjs/react-dom.development.js:26998:3)
      at commitRoot (node_modules/react-dom/cjs/react-dom.development.js:26721:5)
      at finishConcurrentRender (node_modules/react-dom/cjs/react-dom.development.js:26020:9)
      at performConcurrentWorkOnRoot (node_modules/react-dom/cjs/react-dom.development.js:25848:7)
      at flushActQueue (node_modules/react/cjs/react.development.js:2667:24)
      at act (node_modules/react/cjs/react.development.js:2582:11)
      at node_modules/@testing-library/react/dist/act-compat.js:46:25
      at renderRoot (node_modules/@testing-library/react/dist/pure.js:189:26)
      at render (node_modules/@testing-library/react/dist/pure.js:291:10)
      at Object.<anonymous> (src/renderer/components/MainPane/tabs/PhotosTab.test.tsx:701:11)

    console.error
      The above error occurred in the <PhotoDetailPane> component:
      
          at PhotoDetailPane (/Users/johnneed/Projects/gmc-shelters/src/renderer/components/MainPane/tabs/PhotoDetailPane.tsx:39:3)
          at div
          at PhotosTab (/Users/johnneed/Projects/gmc-shelters/src/renderer/components/MainPane/tabs/PhotosTab.tsx:58:31)
          at Provider (/Users/johnneed/Projects/gmc-shelters/node_modules/react-redux/src/components/Provider.tsx:60:11)
      
      Consider adding an error boundary to your tree to customize error handling behavior.
      Visit https://reactjs.org/link/error-boundaries to learn more about error boundaries.

      699 |   it('renders a dedicated drag handle as the first cell of each row', async () => {
      700 |     const store = makeStore(makeShelter(), [makePhoto({ id: 1 })]);
    > 701 |     render(<Provider store={store}><PhotosTab /></Provider>);
          |           ^
      702 |     fireEvent.click(screen.getByRole('button', { name: /list/i }));
      703 |     const row = await screen.findByTestId('list-row-1');
      704 |     const handle = row.querySelector('.list-drag-handle');

      at logCapturedError (node_modules/react-dom/cjs/react-dom.development.js:18704:23)
      at update.callback (node_modules/react-dom/cjs/react-dom.development.js:18737:5)
      at callCallback (node_modules/react-dom/cjs/react-dom.development.js:15036:12)
      at commitUpdateQueue (node_modules/react-dom/cjs/react-dom.development.js:15057:9)
      at commitLayoutEffectOnFiber (node_modules/react-dom/cjs/react-dom.development.js:23430:13)
      at commitLayoutMountEffects_complete (node_modules/react-dom/cjs/react-dom.development.js:24727:9)
      at commitLayoutEffects_begin (node_modules/react-dom/cjs/react-dom.development.js:24713:7)
      at commitLayoutEffects (node_modules/react-dom/cjs/react-dom.development.js:24651:3)
      at commitRootImpl (node_modules/react-dom/cjs/react-dom.development.js:26862:5)
      at commitRoot (node_modules/react-dom/cjs/react-dom.development.js:26721:5)
      at performSyncWorkOnRoot (node_modules/react-dom/cjs/react-dom.development.js:26156:3)
      at flushSyncCallbacks (node_modules/react-dom/cjs/react-dom.development.js:12042:22)
      at commitRootImpl (node_modules/react-dom/cjs/react-dom.development.js:26998:3)
      at commitRoot (node_modules/react-dom/cjs/react-dom.development.js:26721:5)
      at finishConcurrentRender (node_modules/react-dom/cjs/react-dom.development.js:26020:9)
      at performConcurrentWorkOnRoot (node_modules/react-dom/cjs/react-dom.development.js:25848:7)
      at flushActQueue (node_modules/react/cjs/react.development.js:2667:24)
      at act (node_modules/react/cjs/react.development.js:2582:11)
      at node_modules/@testing-library/react/dist/act-compat.js:46:25
      at renderRoot (node_modules/@testing-library/react/dist/pure.js:189:26)
      at render (node_modules/@testing-library/react/dist/pure.js:291:10)
      at Object.<anonymous> (src/renderer/components/MainPane/tabs/PhotosTab.test.tsx:701:11)

    console.error
      Error: Uncaught [TypeError: fieldsRef.current?.scrollTo is not a function]
          at reportException (/Users/johnneed/Projects/gmc-shelters/node_modules/jsdom/lib/jsdom/living/helpers/runtime-script-errors.js:66:24)
          at innerInvokeEventListeners (/Users/johnneed/Projects/gmc-shelters/node_modules/jsdom/lib/jsdom/living/events/EventTarget-impl.js:353:9)
          at invokeEventListeners (/Users/johnneed/Projects/gmc-shelters/node_modules/jsdom/lib/jsdom/living/events/EventTarget-impl.js:286:3)
          at HTMLUnknownElementImpl._dispatch (/Users/johnneed/Projects/gmc-shelters/node_modules/jsdom/lib/jsdom/living/events/EventTarget-impl.js:233:9)
          at HTMLUnknownElementImpl.dispatchEvent (/Users/johnneed/Projects/gmc-shelters/node_modules/jsdom/lib/jsdom/living/events/EventTarget-impl.js:104:17)
          at HTMLUnknownElement.dispatchEvent (/Users/johnneed/Projects/gmc-shelters/node_modules/jsdom/lib/jsdom/living/generated/EventTarget.js:241:34)
          at Object.invokeGuardedCallbackDev (/Users/johnneed/Projects/gmc-shelters/node_modules/react-dom/cjs/react-dom.development.js:4213:16)
          at invokeGuardedCallback (/Users/johnneed/Projects/gmc-shelters/node_modules/react-dom/cjs/react-dom.development.js:4277:31)
          at reportUncaughtErrorInDEV (/Users/johnneed/Projects/gmc-shelters/node_modules/react-dom/cjs/react-dom.development.js:22877:5)
          at captureCommitPhaseError (/Users/johnneed/Projects/gmc-shelters/node_modules/react-dom/cjs/react-dom.development.js:27165:5)
          at commitPassiveMountEffects_complete (/Users/johnneed/Projects/gmc-shelters/node_modules/react-dom/cjs/react-dom.development.js:24932:9)
          at commitPassiveMountEffects_begin (/Users/johnneed/Projects/gmc-shelters/node_modules/react-dom/cjs/react-dom.development.js:24917:7)
          at commitPassiveMountEffects (/Users/johnneed/Projects/gmc-shelters/node_modules/react-dom/cjs/react-dom.development.js:24905:3)
          at flushPassiveEffectsImpl (/Users/johnneed/Projects/gmc-shelters/node_modules/react-dom/cjs/react-dom.development.js:27078:3)
          at flushPassiveEffects (/Users/johnneed/Projects/gmc-shelters/node_modules/react-dom/cjs/react-dom.development.js:27023:14)
          at performSyncWorkOnRoot (/Users/johnneed/Projects/gmc-shelters/node_modules/react-dom/cjs/react-dom.development.js:26115:3)
          at flushSyncCallbacks (/Users/johnneed/Projects/gmc-shelters/node_modules/react-dom/cjs/react-dom.development.js:12042:22)
          at commitRootImpl (/Users/johnneed/Projects/gmc-shelters/node_modules/react-dom/cjs/react-dom.development.js:26998:3)
          at commitRoot (/Users/johnneed/Projects/gmc-shelters/node_modules/react-dom/cjs/react-dom.development.js:26721:5)
          at finishConcurrentRender (/Users/johnneed/Projects/gmc-shelters/node_modules/react-dom/cjs/react-dom.development.js:26020:9)
          at performConcurrentWorkOnRoot (/Users/johnneed/Projects/gmc-shelters/node_modules/react-dom/cjs/react-dom.development.js:25848:7)
          at flushActQueue (/Users/johnneed/Projects/gmc-shelters/node_modules/react/cjs/react.development.js:2667:24)
          at act (/Users/johnneed/Projects/gmc-shelters/node_modules/react/cjs/react.development.js:2582:11)
          at /Users/johnneed/Projects/gmc-shelters/node_modules/@testing-library/react/dist/act-compat.js:46:25
          at renderRoot (/Users/johnneed/Projects/gmc-shelters/node_modules/@testing-library/react/dist/pure.js:189:26)
          at render (/Users/johnneed/Projects/gmc-shelters/node_modules/@testing-library/react/dist/pure.js:291:10)
          at Object.<anonymous> (/Users/johnneed/Projects/gmc-shelters/src/renderer/components/MainPane/tabs/PhotosTab.test.tsx:711:11)
          at Promise.then.completed (/Users/johnneed/Projects/gmc-shelters/node_modules/jest-circus/build/utils.js:298:28)
          at new Promise (<anonymous>)
          at callAsyncCircusFn (/Users/johnneed/Projects/gmc-shelters/node_modules/jest-circus/build/utils.js:231:10)
          at _callCircusTest (/Users/johnneed/Projects/gmc-shelters/node_modules/jest-circus/build/run.js:316:40)
          at _runTest (/Users/johnneed/Projects/gmc-shelters/node_modules/jest-circus/build/run.js:252:3)
          at _runTestsForDescribeBlock (/Users/johnneed/Projects/gmc-shelters/node_modules/jest-circus/build/run.js:126:9)
          at _runTestsForDescribeBlock (/Users/johnneed/Projects/gmc-shelters/node_modules/jest-circus/build/run.js:121:9)
          at run (/Users/johnneed/Projects/gmc-shelters/node_modules/jest-circus/build/run.js:71:3)
          at runAndTransformResultsToJestFormat (/Users/johnneed/Projects/gmc-shelters/node_modules/jest-circus/build/legacy-code-todo-rewrite/jestAdapterInit.js:122:21)
          at jestAdapter (/Users/johnneed/Projects/gmc-shelters/node_modules/jest-circus/build/legacy-code-todo-rewrite/jestAdapter.js:79:19)
          at runTestInternal (/Users/johnneed/Projects/gmc-shelters/node_modules/jest-runner/build/runTest.js:367:16)
          at runTest (/Users/johnneed/Projects/gmc-shelters/node_modules/jest-runner/build/runTest.js:444:34)
          at Object.worker (/Users/johnneed/Projects/gmc-shelters/node_modules/jest-runner/build/testWorker.js:106:12) {
        detail: TypeError: fieldsRef.current?.scrollTo is not a function
            at /Users/johnneed/Projects/gmc-shelters/src/renderer/components/MainPane/tabs/PhotoDetailPane.tsx:49:24
            at commitHookEffectListMount (/Users/johnneed/Projects/gmc-shelters/node_modules/react-dom/cjs/react-dom.development.js:23189:26)
            at commitPassiveMountOnFiber (/Users/johnneed/Projects/gmc-shelters/node_modules/react-dom/cjs/react-dom.development.js:24970:11)
            at commitPassiveMountEffects_complete (/Users/johnneed/Projects/gmc-shelters/node_modules/react-dom/cjs/react-dom.development.js:24930:9)
            at commitPassiveMountEffects_begin (/Users/johnneed/Projects/gmc-shelters/node_modules/react-dom/cjs/react-dom.development.js:24917:7)
            at commitPassiveMountEffects (/Users/johnneed/Projects/gmc-shelters/node_modules/react-dom/cjs/react-dom.development.js:24905:3)
            at flushPassiveEffectsImpl (/Users/johnneed/Projects/gmc-shelters/node_modules/react-dom/cjs/react-dom.development.js:27078:3)
            at flushPassiveEffects (/Users/johnneed/Projects/gmc-shelters/node_modules/react-dom/cjs/react-dom.development.js:27023:14)
            at performSyncWorkOnRoot (/Users/johnneed/Projects/gmc-shelters/node_modules/react-dom/cjs/react-dom.development.js:26115:3)
            at flushSyncCallbacks (/Users/johnneed/Projects/gmc-shelters/node_modules/react-dom/cjs/react-dom.development.js:12042:22)
            at commitRootImpl (/Users/johnneed/Projects/gmc-shelters/node_modules/react-dom/cjs/react-dom.development.js:26998:3)
            at commitRoot (/Users/johnneed/Projects/gmc-shelters/node_modules/react-dom/cjs/react-dom.development.js:26721:5)
            at finishConcurrentRender (/Users/johnneed/Projects/gmc-shelters/node_modules/react-dom/cjs/react-dom.development.js:26020:9)
            at performConcurrentWorkOnRoot (/Users/johnneed/Projects/gmc-shelters/node_modules/react-dom/cjs/react-dom.development.js:25848:7)
            at flushActQueue (/Users/johnneed/Projects/gmc-shelters/node_modules/react/cjs/react.development.js:2667:24)
            at act (/Users/johnneed/Projects/gmc-shelters/node_modules/react/cjs/react.development.js:2582:11)
            at /Users/johnneed/Projects/gmc-shelters/node_modules/@testing-library/react/dist/act-compat.js:46:25
            at renderRoot (/Users/johnneed/Projects/gmc-shelters/node_modules/@testing-library/react/dist/pure.js:189:26)
            at render (/Users/johnneed/Projects/gmc-shelters/node_modules/@testing-library/react/dist/pure.js:291:10)
            at Object.<anonymous> (/Users/johnneed/Projects/gmc-shelters/src/renderer/components/MainPane/tabs/PhotosTab.test.tsx:711:11)
            at Promise.then.completed (/Users/johnneed/Projects/gmc-shelters/node_modules/jest-circus/build/utils.js:298:28)
            at new Promise (<anonymous>)
            at callAsyncCircusFn (/Users/johnneed/Projects/gmc-shelters/node_modules/jest-circus/build/utils.js:231:10)
            at _callCircusTest (/Users/johnneed/Projects/gmc-shelters/node_modules/jest-circus/build/run.js:316:40)
            at _runTest (/Users/johnneed/Projects/gmc-shelters/node_modules/jest-circus/build/run.js:252:3)
            at _runTestsForDescribeBlock (/Users/johnneed/Projects/gmc-shelters/node_modules/jest-circus/build/run.js:126:9)
            at _runTestsForDescribeBlock (/Users/johnneed/Projects/gmc-shelters/node_modules/jest-circus/build/run.js:121:9)
            at run (/Users/johnneed/Projects/gmc-shelters/node_modules/jest-circus/build/run.js:71:3)
            at runAndTransformResultsToJestFormat (/Users/johnneed/Projects/gmc-shelters/node_modules/jest-circus/build/legacy-code-todo-rewrite/jestAdapterInit.js:122:21)
            at jestAdapter (/Users/johnneed/Projects/gmc-shelters/node_modules/jest-circus/build/legacy-code-todo-rewrite/jestAdapter.js:79:19)
            at runTestInternal (/Users/johnneed/Projects/gmc-shelters/node_modules/jest-runner/build/runTest.js:367:16)
            at runTest (/Users/johnneed/Projects/gmc-shelters/node_modules/jest-runner/build/runTest.js:444:34)
            at Object.worker (/Users/johnneed/Projects/gmc-shelters/node_modules/jest-runner/build/testWorker.js:106:12),
        type: 'unhandled exception'
      }

      709 |   it('does not set a grab cursor on the whole row', async () => {
      710 |     const store = makeStore(makeShelter(), [makePhoto({ id: 1 })]);
    > 711 |     render(<Provider store={store}><PhotosTab /></Provider>);
          |           ^
      712 |     fireEvent.click(screen.getByRole('button', { name: /list/i }));
      713 |     const row = await screen.findByTestId('list-row-1');
      714 |     expect(row.style.cursor).not.toBe('grab');

      at VirtualConsole.<anonymous> (node_modules/jest-environment-jsdom/build/index.js:63:23)
      at reportException (node_modules/jsdom/lib/jsdom/living/helpers/runtime-script-errors.js:70:28)
      at innerInvokeEventListeners (node_modules/jsdom/lib/jsdom/living/events/EventTarget-impl.js:353:9)
      at invokeEventListeners (node_modules/jsdom/lib/jsdom/living/events/EventTarget-impl.js:286:3)
      at HTMLUnknownElementImpl._dispatch (node_modules/jsdom/lib/jsdom/living/events/EventTarget-impl.js:233:9)
      at HTMLUnknownElementImpl.dispatchEvent (node_modules/jsdom/lib/jsdom/living/events/EventTarget-impl.js:104:17)
      at HTMLUnknownElement.dispatchEvent (node_modules/jsdom/lib/jsdom/living/generated/EventTarget.js:241:34)
      at Object.invokeGuardedCallbackDev (node_modules/react-dom/cjs/react-dom.development.js:4213:16)
      at invokeGuardedCallback (node_modules/react-dom/cjs/react-dom.development.js:4277:31)
      at reportUncaughtErrorInDEV (node_modules/react-dom/cjs/react-dom.development.js:22877:5)
      at captureCommitPhaseError (node_modules/react-dom/cjs/react-dom.development.js:27165:5)
      at commitPassiveMountEffects_complete (node_modules/react-dom/cjs/react-dom.development.js:24932:9)
      at commitPassiveMountEffects_begin (node_modules/react-dom/cjs/react-dom.development.js:24917:7)
      at commitPassiveMountEffects (node_modules/react-dom/cjs/react-dom.development.js:24905:3)
      at flushPassiveEffectsImpl (node_modules/react-dom/cjs/react-dom.development.js:27078:3)
      at flushPassiveEffects (node_modules/react-dom/cjs/react-dom.development.js:27023:14)
      at performSyncWorkOnRoot (node_modules/react-dom/cjs/react-dom.development.js:26115:3)
      at flushSyncCallbacks (node_modules/react-dom/cjs/react-dom.development.js:12042:22)
      at commitRootImpl (node_modules/react-dom/cjs/react-dom.development.js:26998:3)
      at commitRoot (node_modules/react-dom/cjs/react-dom.development.js:26721:5)
      at finishConcurrentRender (node_modules/react-dom/cjs/react-dom.development.js:26020:9)
      at performConcurrentWorkOnRoot (node_modules/react-dom/cjs/react-dom.development.js:25848:7)
      at flushActQueue (node_modules/react/cjs/react.development.js:2667:24)
      at act (node_modules/react/cjs/react.development.js:2582:11)
      at node_modules/@testing-library/react/dist/act-compat.js:46:25
      at renderRoot (node_modules/@testing-library/react/dist/pure.js:189:26)
      at render (node_modules/@testing-library/react/dist/pure.js:291:10)
      at Object.<anonymous> (src/renderer/components/MainPane/tabs/PhotosTab.test.tsx:711:11)

    console.error
      The above error occurred in the <PhotoDetailPane> component:
      
          at PhotoDetailPane (/Users/johnneed/Projects/gmc-shelters/src/renderer/components/MainPane/tabs/PhotoDetailPane.tsx:39:3)
          at div
          at PhotosTab (/Users/johnneed/Projects/gmc-shelters/src/renderer/components/MainPane/tabs/PhotosTab.tsx:58:31)
          at Provider (/Users/johnneed/Projects/gmc-shelters/node_modules/react-redux/src/components/Provider.tsx:60:11)
      
      Consider adding an error boundary to your tree to customize error handling behavior.
      Visit https://reactjs.org/link/error-boundaries to learn more about error boundaries.

      709 |   it('does not set a grab cursor on the whole row', async () => {
      710 |     const store = makeStore(makeShelter(), [makePhoto({ id: 1 })]);
    > 711 |     render(<Provider store={store}><PhotosTab /></Provider>);
          |           ^
      712 |     fireEvent.click(screen.getByRole('button', { name: /list/i }));
      713 |     const row = await screen.findByTestId('list-row-1');
      714 |     expect(row.style.cursor).not.toBe('grab');

      at logCapturedError (node_modules/react-dom/cjs/react-dom.development.js:18704:23)
      at update.callback (node_modules/react-dom/cjs/react-dom.development.js:18737:5)
      at callCallback (node_modules/react-dom/cjs/react-dom.development.js:15036:12)
      at commitUpdateQueue (node_modules/react-dom/cjs/react-dom.development.js:15057:9)
      at commitLayoutEffectOnFiber (node_modules/react-dom/cjs/react-dom.development.js:23430:13)
      at commitLayoutMountEffects_complete (node_modules/react-dom/cjs/react-dom.development.js:24727:9)
      at commitLayoutEffects_begin (node_modules/react-dom/cjs/react-dom.development.js:24713:7)
      at commitLayoutEffects (node_modules/react-dom/cjs/react-dom.development.js:24651:3)
      at commitRootImpl (node_modules/react-dom/cjs/react-dom.development.js:26862:5)
      at commitRoot (node_modules/react-dom/cjs/react-dom.development.js:26721:5)
      at performSyncWorkOnRoot (node_modules/react-dom/cjs/react-dom.development.js:26156:3)
      at flushSyncCallbacks (node_modules/react-dom/cjs/react-dom.development.js:12042:22)
      at commitRootImpl (node_modules/react-dom/cjs/react-dom.development.js:26998:3)
      at commitRoot (node_modules/react-dom/cjs/react-dom.development.js:26721:5)
      at finishConcurrentRender (node_modules/react-dom/cjs/react-dom.development.js:26020:9)
      at performConcurrentWorkOnRoot (node_modules/react-dom/cjs/react-dom.development.js:25848:7)
      at flushActQueue (node_modules/react/cjs/react.development.js:2667:24)
      at act (node_modules/react/cjs/react.development.js:2582:11)
      at node_modules/@testing-library/react/dist/act-compat.js:46:25
      at renderRoot (node_modules/@testing-library/react/dist/pure.js:189:26)
      at render (node_modules/@testing-library/react/dist/pure.js:291:10)
      at Object.<anonymous> (src/renderer/components/MainPane/tabs/PhotosTab.test.tsx:711:11)

    console.error
      Error: Uncaught [TypeError: fieldsRef.current?.scrollTo is not a function]
          at reportException (/Users/johnneed/Projects/gmc-shelters/node_modules/jsdom/lib/jsdom/living/helpers/runtime-script-errors.js:66:24)
          at innerInvokeEventListeners (/Users/johnneed/Projects/gmc-shelters/node_modules/jsdom/lib/jsdom/living/events/EventTarget-impl.js:353:9)
          at invokeEventListeners (/Users/johnneed/Projects/gmc-shelters/node_modules/jsdom/lib/jsdom/living/events/EventTarget-impl.js:286:3)
          at HTMLUnknownElementImpl._dispatch (/Users/johnneed/Projects/gmc-shelters/node_modules/jsdom/lib/jsdom/living/events/EventTarget-impl.js:233:9)
          at HTMLUnknownElementImpl.dispatchEvent (/Users/johnneed/Projects/gmc-shelters/node_modules/jsdom/lib/jsdom/living/events/EventTarget-impl.js:104:17)
          at HTMLUnknownElement.dispatchEvent (/Users/johnneed/Projects/gmc-shelters/node_modules/jsdom/lib/jsdom/living/generated/EventTarget.js:241:34)
          at Object.invokeGuardedCallbackDev (/Users/johnneed/Projects/gmc-shelters/node_modules/react-dom/cjs/react-dom.development.js:4213:16)
          at invokeGuardedCallback (/Users/johnneed/Projects/gmc-shelters/node_modules/react-dom/cjs/react-dom.development.js:4277:31)
          at reportUncaughtErrorInDEV (/Users/johnneed/Projects/gmc-shelters/node_modules/react-dom/cjs/react-dom.development.js:22877:5)
          at captureCommitPhaseError (/Users/johnneed/Projects/gmc-shelters/node_modules/react-dom/cjs/react-dom.development.js:27165:5)
          at commitPassiveMountEffects_complete (/Users/johnneed/Projects/gmc-shelters/node_modules/react-dom/cjs/react-dom.development.js:24932:9)
          at commitPassiveMountEffects_begin (/Users/johnneed/Projects/gmc-shelters/node_modules/react-dom/cjs/react-dom.development.js:24917:7)
          at commitPassiveMountEffects (/Users/johnneed/Projects/gmc-shelters/node_modules/react-dom/cjs/react-dom.development.js:24905:3)
          at flushPassiveEffectsImpl (/Users/johnneed/Projects/gmc-shelters/node_modules/react-dom/cjs/react-dom.development.js:27078:3)
          at flushPassiveEffects (/Users/johnneed/Projects/gmc-shelters/node_modules/react-dom/cjs/react-dom.development.js:27023:14)
          at performSyncWorkOnRoot (/Users/johnneed/Projects/gmc-shelters/node_modules/react-dom/cjs/react-dom.development.js:26115:3)
          at flushSyncCallbacks (/Users/johnneed/Projects/gmc-shelters/node_modules/react-dom/cjs/react-dom.development.js:12042:22)
          at commitRootImpl (/Users/johnneed/Projects/gmc-shelters/node_modules/react-dom/cjs/react-dom.development.js:26998:3)
          at commitRoot (/Users/johnneed/Projects/gmc-shelters/node_modules/react-dom/cjs/react-dom.development.js:26721:5)
          at finishConcurrentRender (/Users/johnneed/Projects/gmc-shelters/node_modules/react-dom/cjs/react-dom.development.js:26020:9)
          at performConcurrentWorkOnRoot (/Users/johnneed/Projects/gmc-shelters/node_modules/react-dom/cjs/react-dom.development.js:25848:7)
          at flushActQueue (/Users/johnneed/Projects/gmc-shelters/node_modules/react/cjs/react.development.js:2667:24)
          at act (/Users/johnneed/Projects/gmc-shelters/node_modules/react/cjs/react.development.js:2582:11)
          at /Users/johnneed/Projects/gmc-shelters/node_modules/@testing-library/react/dist/act-compat.js:46:25
          at renderRoot (/Users/johnneed/Projects/gmc-shelters/node_modules/@testing-library/react/dist/pure.js:189:26)
          at render (/Users/johnneed/Projects/gmc-shelters/node_modules/@testing-library/react/dist/pure.js:291:10)
          at Object.<anonymous> (/Users/johnneed/Projects/gmc-shelters/src/renderer/components/MainPane/tabs/PhotosTab.test.tsx:721:11)
          at Promise.then.completed (/Users/johnneed/Projects/gmc-shelters/node_modules/jest-circus/build/utils.js:298:28)
          at new Promise (<anonymous>)
          at callAsyncCircusFn (/Users/johnneed/Projects/gmc-shelters/node_modules/jest-circus/build/utils.js:231:10)
          at _callCircusTest (/Users/johnneed/Projects/gmc-shelters/node_modules/jest-circus/build/run.js:316:40)
          at _runTest (/Users/johnneed/Projects/gmc-shelters/node_modules/jest-circus/build/run.js:252:3)
          at _runTestsForDescribeBlock (/Users/johnneed/Projects/gmc-shelters/node_modules/jest-circus/build/run.js:126:9)
          at _runTestsForDescribeBlock (/Users/johnneed/Projects/gmc-shelters/node_modules/jest-circus/build/run.js:121:9)
          at run (/Users/johnneed/Projects/gmc-shelters/node_modules/jest-circus/build/run.js:71:3)
          at runAndTransformResultsToJestFormat (/Users/johnneed/Projects/gmc-shelters/node_modules/jest-circus/build/legacy-code-todo-rewrite/jestAdapterInit.js:122:21)
          at jestAdapter (/Users/johnneed/Projects/gmc-shelters/node_modules/jest-circus/build/legacy-code-todo-rewrite/jestAdapter.js:79:19)
          at runTestInternal (/Users/johnneed/Projects/gmc-shelters/node_modules/jest-runner/build/runTest.js:367:16)
          at runTest (/Users/johnneed/Projects/gmc-shelters/node_modules/jest-runner/build/runTest.js:444:34)
          at Object.worker (/Users/johnneed/Projects/gmc-shelters/node_modules/jest-runner/build/testWorker.js:106:12) {
        detail: TypeError: fieldsRef.current?.scrollTo is not a function
            at /Users/johnneed/Projects/gmc-shelters/src/renderer/components/MainPane/tabs/PhotoDetailPane.tsx:49:24
            at commitHookEffectListMount (/Users/johnneed/Projects/gmc-shelters/node_modules/react-dom/cjs/react-dom.development.js:23189:26)
            at commitPassiveMountOnFiber (/Users/johnneed/Projects/gmc-shelters/node_modules/react-dom/cjs/react-dom.development.js:24970:11)
            at commitPassiveMountEffects_complete (/Users/johnneed/Projects/gmc-shelters/node_modules/react-dom/cjs/react-dom.development.js:24930:9)
            at commitPassiveMountEffects_begin (/Users/johnneed/Projects/gmc-shelters/node_modules/react-dom/cjs/react-dom.development.js:24917:7)
            at commitPassiveMountEffects (/Users/johnneed/Projects/gmc-shelters/node_modules/react-dom/cjs/react-dom.development.js:24905:3)
            at flushPassiveEffectsImpl (/Users/johnneed/Projects/gmc-shelters/node_modules/react-dom/cjs/react-dom.development.js:27078:3)
            at flushPassiveEffects (/Users/johnneed/Projects/gmc-shelters/node_modules/react-dom/cjs/react-dom.development.js:27023:14)
            at performSyncWorkOnRoot (/Users/johnneed/Projects/gmc-shelters/node_modules/react-dom/cjs/react-dom.development.js:26115:3)
            at flushSyncCallbacks (/Users/johnneed/Projects/gmc-shelters/node_modules/react-dom/cjs/react-dom.development.js:12042:22)
            at commitRootImpl (/Users/johnneed/Projects/gmc-shelters/node_modules/react-dom/cjs/react-dom.development.js:26998:3)
            at commitRoot (/Users/johnneed/Projects/gmc-shelters/node_modules/react-dom/cjs/react-dom.development.js:26721:5)
            at finishConcurrentRender (/Users/johnneed/Projects/gmc-shelters/node_modules/react-dom/cjs/react-dom.development.js:26020:9)
            at performConcurrentWorkOnRoot (/Users/johnneed/Projects/gmc-shelters/node_modules/react-dom/cjs/react-dom.development.js:25848:7)
            at flushActQueue (/Users/johnneed/Projects/gmc-shelters/node_modules/react/cjs/react.development.js:2667:24)
            at act (/Users/johnneed/Projects/gmc-shelters/node_modules/react/cjs/react.development.js:2582:11)
            at /Users/johnneed/Projects/gmc-shelters/node_modules/@testing-library/react/dist/act-compat.js:46:25
            at renderRoot (/Users/johnneed/Projects/gmc-shelters/node_modules/@testing-library/react/dist/pure.js:189:26)
            at render (/Users/johnneed/Projects/gmc-shelters/node_modules/@testing-library/react/dist/pure.js:291:10)
            at Object.<anonymous> (/Users/johnneed/Projects/gmc-shelters/src/renderer/components/MainPane/tabs/PhotosTab.test.tsx:721:11)
            at Promise.then.completed (/Users/johnneed/Projects/gmc-shelters/node_modules/jest-circus/build/utils.js:298:28)
            at new Promise (<anonymous>)
            at callAsyncCircusFn (/Users/johnneed/Projects/gmc-shelters/node_modules/jest-circus/build/utils.js:231:10)
            at _callCircusTest (/Users/johnneed/Projects/gmc-shelters/node_modules/jest-circus/build/run.js:316:40)
            at _runTest (/Users/johnneed/Projects/gmc-shelters/node_modules/jest-circus/build/run.js:252:3)
            at _runTestsForDescribeBlock (/Users/johnneed/Projects/gmc-shelters/node_modules/jest-circus/build/run.js:126:9)
            at _runTestsForDescribeBlock (/Users/johnneed/Projects/gmc-shelters/node_modules/jest-circus/build/run.js:121:9)
            at run (/Users/johnneed/Projects/gmc-shelters/node_modules/jest-circus/build/run.js:71:3)
            at runAndTransformResultsToJestFormat (/Users/johnneed/Projects/gmc-shelters/node_modules/jest-circus/build/legacy-code-todo-rewrite/jestAdapterInit.js:122:21)
            at jestAdapter (/Users/johnneed/Projects/gmc-shelters/node_modules/jest-circus/build/legacy-code-todo-rewrite/jestAdapter.js:79:19)
            at runTestInternal (/Users/johnneed/Projects/gmc-shelters/node_modules/jest-runner/build/runTest.js:367:16)
            at runTest (/Users/johnneed/Projects/gmc-shelters/node_modules/jest-runner/build/runTest.js:444:34)
            at Object.worker (/Users/johnneed/Projects/gmc-shelters/node_modules/jest-runner/build/testWorker.js:106:12),
        type: 'unhandled exception'
      }

      719 |   it('grid: photo card image src includes ?size=grid', async () => {
      720 |     const store = makeStore(makeShelter(), [makePhoto({ id: 1, file_name: 'hut.jpg' })]);
    > 721 |     render(<Provider store={store}><PhotosTab /></Provider>);
          |           ^
      722 |     const card = await screen.findByTestId('photo-card-1');
      723 |     const img = await waitFor(() => card.querySelector('img'));
      724 |     expect(img).not.toBeNull();

      at VirtualConsole.<anonymous> (node_modules/jest-environment-jsdom/build/index.js:63:23)
      at reportException (node_modules/jsdom/lib/jsdom/living/helpers/runtime-script-errors.js:70:28)
      at innerInvokeEventListeners (node_modules/jsdom/lib/jsdom/living/events/EventTarget-impl.js:353:9)
      at invokeEventListeners (node_modules/jsdom/lib/jsdom/living/events/EventTarget-impl.js:286:3)
      at HTMLUnknownElementImpl._dispatch (node_modules/jsdom/lib/jsdom/living/events/EventTarget-impl.js:233:9)
      at HTMLUnknownElementImpl.dispatchEvent (node_modules/jsdom/lib/jsdom/living/events/EventTarget-impl.js:104:17)
      at HTMLUnknownElement.dispatchEvent (node_modules/jsdom/lib/jsdom/living/generated/EventTarget.js:241:34)
      at Object.invokeGuardedCallbackDev (node_modules/react-dom/cjs/react-dom.development.js:4213:16)
      at invokeGuardedCallback (node_modules/react-dom/cjs/react-dom.development.js:4277:31)
      at reportUncaughtErrorInDEV (node_modules/react-dom/cjs/react-dom.development.js:22877:5)
      at captureCommitPhaseError (node_modules/react-dom/cjs/react-dom.development.js:27165:5)
      at commitPassiveMountEffects_complete (node_modules/react-dom/cjs/react-dom.development.js:24932:9)
      at commitPassiveMountEffects_begin (node_modules/react-dom/cjs/react-dom.development.js:24917:7)
      at commitPassiveMountEffects (node_modules/react-dom/cjs/react-dom.development.js:24905:3)
      at flushPassiveEffectsImpl (node_modules/react-dom/cjs/react-dom.development.js:27078:3)
      at flushPassiveEffects (node_modules/react-dom/cjs/react-dom.development.js:27023:14)
      at performSyncWorkOnRoot (node_modules/react-dom/cjs/react-dom.development.js:26115:3)
      at flushSyncCallbacks (node_modules/react-dom/cjs/react-dom.development.js:12042:22)
      at commitRootImpl (node_modules/react-dom/cjs/react-dom.development.js:26998:3)
      at commitRoot (node_modules/react-dom/cjs/react-dom.development.js:26721:5)
      at finishConcurrentRender (node_modules/react-dom/cjs/react-dom.development.js:26020:9)
      at performConcurrentWorkOnRoot (node_modules/react-dom/cjs/react-dom.development.js:25848:7)
      at flushActQueue (node_modules/react/cjs/react.development.js:2667:24)
      at act (node_modules/react/cjs/react.development.js:2582:11)
      at node_modules/@testing-library/react/dist/act-compat.js:46:25
      at renderRoot (node_modules/@testing-library/react/dist/pure.js:189:26)
      at render (node_modules/@testing-library/react/dist/pure.js:291:10)
      at Object.<anonymous> (src/renderer/components/MainPane/tabs/PhotosTab.test.tsx:721:11)

    console.error
      The above error occurred in the <PhotoDetailPane> component:
      
          at PhotoDetailPane (/Users/johnneed/Projects/gmc-shelters/src/renderer/components/MainPane/tabs/PhotoDetailPane.tsx:39:3)
          at div
          at PhotosTab (/Users/johnneed/Projects/gmc-shelters/src/renderer/components/MainPane/tabs/PhotosTab.tsx:58:31)
          at Provider (/Users/johnneed/Projects/gmc-shelters/node_modules/react-redux/src/components/Provider.tsx:60:11)
      
      Consider adding an error boundary to your tree to customize error handling behavior.
      Visit https://reactjs.org/link/error-boundaries to learn more about error boundaries.

      719 |   it('grid: photo card image src includes ?size=grid', async () => {
      720 |     const store = makeStore(makeShelter(), [makePhoto({ id: 1, file_name: 'hut.jpg' })]);
    > 721 |     render(<Provider store={store}><PhotosTab /></Provider>);
          |           ^
      722 |     const card = await screen.findByTestId('photo-card-1');
      723 |     const img = await waitFor(() => card.querySelector('img'));
      724 |     expect(img).not.toBeNull();

      at logCapturedError (node_modules/react-dom/cjs/react-dom.development.js:18704:23)
      at update.callback (node_modules/react-dom/cjs/react-dom.development.js:18737:5)
      at callCallback (node_modules/react-dom/cjs/react-dom.development.js:15036:12)
      at commitUpdateQueue (node_modules/react-dom/cjs/react-dom.development.js:15057:9)
      at commitLayoutEffectOnFiber (node_modules/react-dom/cjs/react-dom.development.js:23430:13)
      at commitLayoutMountEffects_complete (node_modules/react-dom/cjs/react-dom.development.js:24727:9)
      at commitLayoutEffects_begin (node_modules/react-dom/cjs/react-dom.development.js:24713:7)
      at commitLayoutEffects (node_modules/react-dom/cjs/react-dom.development.js:24651:3)
      at commitRootImpl (node_modules/react-dom/cjs/react-dom.development.js:26862:5)
      at commitRoot (node_modules/react-dom/cjs/react-dom.development.js:26721:5)
      at performSyncWorkOnRoot (node_modules/react-dom/cjs/react-dom.development.js:26156:3)
      at flushSyncCallbacks (node_modules/react-dom/cjs/react-dom.development.js:12042:22)
      at commitRootImpl (node_modules/react-dom/cjs/react-dom.development.js:26998:3)
      at commitRoot (node_modules/react-dom/cjs/react-dom.development.js:26721:5)
      at finishConcurrentRender (node_modules/react-dom/cjs/react-dom.development.js:26020:9)
      at performConcurrentWorkOnRoot (node_modules/react-dom/cjs/react-dom.development.js:25848:7)
      at flushActQueue (node_modules/react/cjs/react.development.js:2667:24)
      at act (node_modules/react/cjs/react.development.js:2582:11)
      at node_modules/@testing-library/react/dist/act-compat.js:46:25
      at renderRoot (node_modules/@testing-library/react/dist/pure.js:189:26)
      at render (node_modules/@testing-library/react/dist/pure.js:291:10)
      at Object.<anonymous> (src/renderer/components/MainPane/tabs/PhotosTab.test.tsx:721:11)

    console.error
      Error: Uncaught [TypeError: fieldsRef.current?.scrollTo is not a function]
          at reportException (/Users/johnneed/Projects/gmc-shelters/node_modules/jsdom/lib/jsdom/living/helpers/runtime-script-errors.js:66:24)
          at innerInvokeEventListeners (/Users/johnneed/Projects/gmc-shelters/node_modules/jsdom/lib/jsdom/living/events/EventTarget-impl.js:353:9)
          at invokeEventListeners (/Users/johnneed/Projects/gmc-shelters/node_modules/jsdom/lib/jsdom/living/events/EventTarget-impl.js:286:3)
          at HTMLUnknownElementImpl._dispatch (/Users/johnneed/Projects/gmc-shelters/node_modules/jsdom/lib/jsdom/living/events/EventTarget-impl.js:233:9)
          at HTMLUnknownElementImpl.dispatchEvent (/Users/johnneed/Projects/gmc-shelters/node_modules/jsdom/lib/jsdom/living/events/EventTarget-impl.js:104:17)
          at HTMLUnknownElement.dispatchEvent (/Users/johnneed/Projects/gmc-shelters/node_modules/jsdom/lib/jsdom/living/generated/EventTarget.js:241:34)
          at Object.invokeGuardedCallbackDev (/Users/johnneed/Projects/gmc-shelters/node_modules/react-dom/cjs/react-dom.development.js:4213:16)
          at invokeGuardedCallback (/Users/johnneed/Projects/gmc-shelters/node_modules/react-dom/cjs/react-dom.development.js:4277:31)
          at reportUncaughtErrorInDEV (/Users/johnneed/Projects/gmc-shelters/node_modules/react-dom/cjs/react-dom.development.js:22877:5)
          at captureCommitPhaseError (/Users/johnneed/Projects/gmc-shelters/node_modules/react-dom/cjs/react-dom.development.js:27165:5)
          at commitPassiveMountEffects_complete (/Users/johnneed/Projects/gmc-shelters/node_modules/react-dom/cjs/react-dom.development.js:24932:9)
          at commitPassiveMountEffects_begin (/Users/johnneed/Projects/gmc-shelters/node_modules/react-dom/cjs/react-dom.development.js:24917:7)
          at commitPassiveMountEffects (/Users/johnneed/Projects/gmc-shelters/node_modules/react-dom/cjs/react-dom.development.js:24905:3)
          at flushPassiveEffectsImpl (/Users/johnneed/Projects/gmc-shelters/node_modules/react-dom/cjs/react-dom.development.js:27078:3)
          at flushPassiveEffects (/Users/johnneed/Projects/gmc-shelters/node_modules/react-dom/cjs/react-dom.development.js:27023:14)
          at performSyncWorkOnRoot (/Users/johnneed/Projects/gmc-shelters/node_modules/react-dom/cjs/react-dom.development.js:26115:3)
          at flushSyncCallbacks (/Users/johnneed/Projects/gmc-shelters/node_modules/react-dom/cjs/react-dom.development.js:12042:22)
          at commitRootImpl (/Users/johnneed/Projects/gmc-shelters/node_modules/react-dom/cjs/react-dom.development.js:26998:3)
          at commitRoot (/Users/johnneed/Projects/gmc-shelters/node_modules/react-dom/cjs/react-dom.development.js:26721:5)
          at finishConcurrentRender (/Users/johnneed/Projects/gmc-shelters/node_modules/react-dom/cjs/react-dom.development.js:26020:9)
          at performConcurrentWorkOnRoot (/Users/johnneed/Projects/gmc-shelters/node_modules/react-dom/cjs/react-dom.development.js:25848:7)
          at flushActQueue (/Users/johnneed/Projects/gmc-shelters/node_modules/react/cjs/react.development.js:2667:24)
          at act (/Users/johnneed/Projects/gmc-shelters/node_modules/react/cjs/react.development.js:2582:11)
          at /Users/johnneed/Projects/gmc-shelters/node_modules/@testing-library/react/dist/act-compat.js:46:25
          at renderRoot (/Users/johnneed/Projects/gmc-shelters/node_modules/@testing-library/react/dist/pure.js:189:26)
          at render (/Users/johnneed/Projects/gmc-shelters/node_modules/@testing-library/react/dist/pure.js:291:10)
          at Object.<anonymous> (/Users/johnneed/Projects/gmc-shelters/src/renderer/components/MainPane/tabs/PhotosTab.test.tsx:730:11)
          at Promise.then.completed (/Users/johnneed/Projects/gmc-shelters/node_modules/jest-circus/build/utils.js:298:28)
          at new Promise (<anonymous>)
          at callAsyncCircusFn (/Users/johnneed/Projects/gmc-shelters/node_modules/jest-circus/build/utils.js:231:10)
          at _callCircusTest (/Users/johnneed/Projects/gmc-shelters/node_modules/jest-circus/build/run.js:316:40)
          at _runTest (/Users/johnneed/Projects/gmc-shelters/node_modules/jest-circus/build/run.js:252:3)
          at _runTestsForDescribeBlock (/Users/johnneed/Projects/gmc-shelters/node_modules/jest-circus/build/run.js:126:9)
          at _runTestsForDescribeBlock (/Users/johnneed/Projects/gmc-shelters/node_modules/jest-circus/build/run.js:121:9)
          at run (/Users/johnneed/Projects/gmc-shelters/node_modules/jest-circus/build/run.js:71:3)
          at runAndTransformResultsToJestFormat (/Users/johnneed/Projects/gmc-shelters/node_modules/jest-circus/build/legacy-code-todo-rewrite/jestAdapterInit.js:122:21)
          at jestAdapter (/Users/johnneed/Projects/gmc-shelters/node_modules/jest-circus/build/legacy-code-todo-rewrite/jestAdapter.js:79:19)
          at runTestInternal (/Users/johnneed/Projects/gmc-shelters/node_modules/jest-runner/build/runTest.js:367:16)
          at runTest (/Users/johnneed/Projects/gmc-shelters/node_modules/jest-runner/build/runTest.js:444:34)
          at Object.worker (/Users/johnneed/Projects/gmc-shelters/node_modules/jest-runner/build/testWorker.js:106:12) {
        detail: TypeError: fieldsRef.current?.scrollTo is not a function
            at /Users/johnneed/Projects/gmc-shelters/src/renderer/components/MainPane/tabs/PhotoDetailPane.tsx:49:24
            at commitHookEffectListMount (/Users/johnneed/Projects/gmc-shelters/node_modules/react-dom/cjs/react-dom.development.js:23189:26)
            at commitPassiveMountOnFiber (/Users/johnneed/Projects/gmc-shelters/node_modules/react-dom/cjs/react-dom.development.js:24970:11)
            at commitPassiveMountEffects_complete (/Users/johnneed/Projects/gmc-shelters/node_modules/react-dom/cjs/react-dom.development.js:24930:9)
            at commitPassiveMountEffects_begin (/Users/johnneed/Projects/gmc-shelters/node_modules/react-dom/cjs/react-dom.development.js:24917:7)
            at commitPassiveMountEffects (/Users/johnneed/Projects/gmc-shelters/node_modules/react-dom/cjs/react-dom.development.js:24905:3)
            at flushPassiveEffectsImpl (/Users/johnneed/Projects/gmc-shelters/node_modules/react-dom/cjs/react-dom.development.js:27078:3)
            at flushPassiveEffects (/Users/johnneed/Projects/gmc-shelters/node_modules/react-dom/cjs/react-dom.development.js:27023:14)
            at performSyncWorkOnRoot (/Users/johnneed/Projects/gmc-shelters/node_modules/react-dom/cjs/react-dom.development.js:26115:3)
            at flushSyncCallbacks (/Users/johnneed/Projects/gmc-shelters/node_modules/react-dom/cjs/react-dom.development.js:12042:22)
            at commitRootImpl (/Users/johnneed/Projects/gmc-shelters/node_modules/react-dom/cjs/react-dom.development.js:26998:3)
            at commitRoot (/Users/johnneed/Projects/gmc-shelters/node_modules/react-dom/cjs/react-dom.development.js:26721:5)
            at finishConcurrentRender (/Users/johnneed/Projects/gmc-shelters/node_modules/react-dom/cjs/react-dom.development.js:26020:9)
            at performConcurrentWorkOnRoot (/Users/johnneed/Projects/gmc-shelters/node_modules/react-dom/cjs/react-dom.development.js:25848:7)
            at flushActQueue (/Users/johnneed/Projects/gmc-shelters/node_modules/react/cjs/react.development.js:2667:24)
            at act (/Users/johnneed/Projects/gmc-shelters/node_modules/react/cjs/react.development.js:2582:11)
            at /Users/johnneed/Projects/gmc-shelters/node_modules/@testing-library/react/dist/act-compat.js:46:25
            at renderRoot (/Users/johnneed/Projects/gmc-shelters/node_modules/@testing-library/react/dist/pure.js:189:26)
            at render (/Users/johnneed/Projects/gmc-shelters/node_modules/@testing-library/react/dist/pure.js:291:10)
            at Object.<anonymous> (/Users/johnneed/Projects/gmc-shelters/src/renderer/components/MainPane/tabs/PhotosTab.test.tsx:730:11)
            at Promise.then.completed (/Users/johnneed/Projects/gmc-shelters/node_modules/jest-circus/build/utils.js:298:28)
            at new Promise (<anonymous>)
            at callAsyncCircusFn (/Users/johnneed/Projects/gmc-shelters/node_modules/jest-circus/build/utils.js:231:10)
            at _callCircusTest (/Users/johnneed/Projects/gmc-shelters/node_modules/jest-circus/build/run.js:316:40)
            at _runTest (/Users/johnneed/Projects/gmc-shelters/node_modules/jest-circus/build/run.js:252:3)
            at _runTestsForDescribeBlock (/Users/johnneed/Projects/gmc-shelters/node_modules/jest-circus/build/run.js:126:9)
            at _runTestsForDescribeBlock (/Users/johnneed/Projects/gmc-shelters/node_modules/jest-circus/build/run.js:121:9)
            at run (/Users/johnneed/Projects/gmc-shelters/node_modules/jest-circus/build/run.js:71:3)
            at runAndTransformResultsToJestFormat (/Users/johnneed/Projects/gmc-shelters/node_modules/jest-circus/build/legacy-code-todo-rewrite/jestAdapterInit.js:122:21)
            at jestAdapter (/Users/johnneed/Projects/gmc-shelters/node_modules/jest-circus/build/legacy-code-todo-rewrite/jestAdapter.js:79:19)
            at runTestInternal (/Users/johnneed/Projects/gmc-shelters/node_modules/jest-runner/build/runTest.js:367:16)
            at runTest (/Users/johnneed/Projects/gmc-shelters/node_modules/jest-runner/build/runTest.js:444:34)
            at Object.worker (/Users/johnneed/Projects/gmc-shelters/node_modules/jest-runner/build/testWorker.js:106:12),
        type: 'unhandled exception'
      }

      728 |   it('list: row image src includes ?size=grid', async () => {
      729 |     const store = makeStore(makeShelter(), [makePhoto({ id: 1, file_name: 'hut.jpg' })]);
    > 730 |     render(<Provider store={store}><PhotosTab /></Provider>);
          |           ^
      731 |     fireEvent.click(screen.getByRole('button', { name: /list/i }));
      732 |     const row = await screen.findByTestId('list-row-1');
      733 |     const img = await waitFor(() => row.querySelector('img'));

      at VirtualConsole.<anonymous> (node_modules/jest-environment-jsdom/build/index.js:63:23)
      at reportException (node_modules/jsdom/lib/jsdom/living/helpers/runtime-script-errors.js:70:28)
      at innerInvokeEventListeners (node_modules/jsdom/lib/jsdom/living/events/EventTarget-impl.js:353:9)
      at invokeEventListeners (node_modules/jsdom/lib/jsdom/living/events/EventTarget-impl.js:286:3)
      at HTMLUnknownElementImpl._dispatch (node_modules/jsdom/lib/jsdom/living/events/EventTarget-impl.js:233:9)
      at HTMLUnknownElementImpl.dispatchEvent (node_modules/jsdom/lib/jsdom/living/events/EventTarget-impl.js:104:17)
      at HTMLUnknownElement.dispatchEvent (node_modules/jsdom/lib/jsdom/living/generated/EventTarget.js:241:34)
      at Object.invokeGuardedCallbackDev (node_modules/react-dom/cjs/react-dom.development.js:4213:16)
      at invokeGuardedCallback (node_modules/react-dom/cjs/react-dom.development.js:4277:31)
      at reportUncaughtErrorInDEV (node_modules/react-dom/cjs/react-dom.development.js:22877:5)
      at captureCommitPhaseError (node_modules/react-dom/cjs/react-dom.development.js:27165:5)
      at commitPassiveMountEffects_complete (node_modules/react-dom/cjs/react-dom.development.js:24932:9)
      at commitPassiveMountEffects_begin (node_modules/react-dom/cjs/react-dom.development.js:24917:7)
      at commitPassiveMountEffects (node_modules/react-dom/cjs/react-dom.development.js:24905:3)
      at flushPassiveEffectsImpl (node_modules/react-dom/cjs/react-dom.development.js:27078:3)
      at flushPassiveEffects (node_modules/react-dom/cjs/react-dom.development.js:27023:14)
      at performSyncWorkOnRoot (node_modules/react-dom/cjs/react-dom.development.js:26115:3)
      at flushSyncCallbacks (node_modules/react-dom/cjs/react-dom.development.js:12042:22)
      at commitRootImpl (node_modules/react-dom/cjs/react-dom.development.js:26998:3)
      at commitRoot (node_modules/react-dom/cjs/react-dom.development.js:26721:5)
      at finishConcurrentRender (node_modules/react-dom/cjs/react-dom.development.js:26020:9)
      at performConcurrentWorkOnRoot (node_modules/react-dom/cjs/react-dom.development.js:25848:7)
      at flushActQueue (node_modules/react/cjs/react.development.js:2667:24)
      at act (node_modules/react/cjs/react.development.js:2582:11)
      at node_modules/@testing-library/react/dist/act-compat.js:46:25
      at renderRoot (node_modules/@testing-library/react/dist/pure.js:189:26)
      at render (node_modules/@testing-library/react/dist/pure.js:291:10)
      at Object.<anonymous> (src/renderer/components/MainPane/tabs/PhotosTab.test.tsx:730:11)

    console.error
      The above error occurred in the <PhotoDetailPane> component:
      
          at PhotoDetailPane (/Users/johnneed/Projects/gmc-shelters/src/renderer/components/MainPane/tabs/PhotoDetailPane.tsx:39:3)
          at div
          at PhotosTab (/Users/johnneed/Projects/gmc-shelters/src/renderer/components/MainPane/tabs/PhotosTab.tsx:58:31)
          at Provider (/Users/johnneed/Projects/gmc-shelters/node_modules/react-redux/src/components/Provider.tsx:60:11)
      
      Consider adding an error boundary to your tree to customize error handling behavior.
      Visit https://reactjs.org/link/error-boundaries to learn more about error boundaries.

      728 |   it('list: row image src includes ?size=grid', async () => {
      729 |     const store = makeStore(makeShelter(), [makePhoto({ id: 1, file_name: 'hut.jpg' })]);
    > 730 |     render(<Provider store={store}><PhotosTab /></Provider>);
          |           ^
      731 |     fireEvent.click(screen.getByRole('button', { name: /list/i }));
      732 |     const row = await screen.findByTestId('list-row-1');
      733 |     const img = await waitFor(() => row.querySelector('img'));

      at logCapturedError (node_modules/react-dom/cjs/react-dom.development.js:18704:23)
      at update.callback (node_modules/react-dom/cjs/react-dom.development.js:18737:5)
      at callCallback (node_modules/react-dom/cjs/react-dom.development.js:15036:12)
      at commitUpdateQueue (node_modules/react-dom/cjs/react-dom.development.js:15057:9)
      at commitLayoutEffectOnFiber (node_modules/react-dom/cjs/react-dom.development.js:23430:13)
      at commitLayoutMountEffects_complete (node_modules/react-dom/cjs/react-dom.development.js:24727:9)
      at commitLayoutEffects_begin (node_modules/react-dom/cjs/react-dom.development.js:24713:7)
      at commitLayoutEffects (node_modules/react-dom/cjs/react-dom.development.js:24651:3)
      at commitRootImpl (node_modules/react-dom/cjs/react-dom.development.js:26862:5)
      at commitRoot (node_modules/react-dom/cjs/react-dom.development.js:26721:5)
      at performSyncWorkOnRoot (node_modules/react-dom/cjs/react-dom.development.js:26156:3)
      at flushSyncCallbacks (node_modules/react-dom/cjs/react-dom.development.js:12042:22)
      at commitRootImpl (node_modules/react-dom/cjs/react-dom.development.js:26998:3)
      at commitRoot (node_modules/react-dom/cjs/react-dom.development.js:26721:5)
      at finishConcurrentRender (node_modules/react-dom/cjs/react-dom.development.js:26020:9)
      at performConcurrentWorkOnRoot (node_modules/react-dom/cjs/react-dom.development.js:25848:7)
      at flushActQueue (node_modules/react/cjs/react.development.js:2667:24)
      at act (node_modules/react/cjs/react.development.js:2582:11)
      at node_modules/@testing-library/react/dist/act-compat.js:46:25
      at renderRoot (node_modules/@testing-library/react/dist/pure.js:189:26)
      at render (node_modules/@testing-library/react/dist/pure.js:291:10)
      at Object.<anonymous> (src/renderer/components/MainPane/tabs/PhotosTab.test.tsx:730:11)

    console.error
      Error: Uncaught [TypeError: fieldsRef.current?.scrollTo is not a function]
          at reportException (/Users/johnneed/Projects/gmc-shelters/node_modules/jsdom/lib/jsdom/living/helpers/runtime-script-errors.js:66:24)
          at innerInvokeEventListeners (/Users/johnneed/Projects/gmc-shelters/node_modules/jsdom/lib/jsdom/living/events/EventTarget-impl.js:353:9)
          at invokeEventListeners (/Users/johnneed/Projects/gmc-shelters/node_modules/jsdom/lib/jsdom/living/events/EventTarget-impl.js:286:3)
          at HTMLUnknownElementImpl._dispatch (/Users/johnneed/Projects/gmc-shelters/node_modules/jsdom/lib/jsdom/living/events/EventTarget-impl.js:233:9)
          at HTMLUnknownElementImpl.dispatchEvent (/Users/johnneed/Projects/gmc-shelters/node_modules/jsdom/lib/jsdom/living/events/EventTarget-impl.js:104:17)
          at HTMLUnknownElement.dispatchEvent (/Users/johnneed/Projects/gmc-shelters/node_modules/jsdom/lib/jsdom/living/generated/EventTarget.js:241:34)
          at Object.invokeGuardedCallbackDev (/Users/johnneed/Projects/gmc-shelters/node_modules/react-dom/cjs/react-dom.development.js:4213:16)
          at invokeGuardedCallback (/Users/johnneed/Projects/gmc-shelters/node_modules/react-dom/cjs/react-dom.development.js:4277:31)
          at reportUncaughtErrorInDEV (/Users/johnneed/Projects/gmc-shelters/node_modules/react-dom/cjs/react-dom.development.js:22877:5)
          at captureCommitPhaseError (/Users/johnneed/Projects/gmc-shelters/node_modules/react-dom/cjs/react-dom.development.js:27165:5)
          at commitPassiveMountEffects_complete (/Users/johnneed/Projects/gmc-shelters/node_modules/react-dom/cjs/react-dom.development.js:24932:9)
          at commitPassiveMountEffects_begin (/Users/johnneed/Projects/gmc-shelters/node_modules/react-dom/cjs/react-dom.development.js:24917:7)
          at commitPassiveMountEffects (/Users/johnneed/Projects/gmc-shelters/node_modules/react-dom/cjs/react-dom.development.js:24905:3)
          at flushPassiveEffectsImpl (/Users/johnneed/Projects/gmc-shelters/node_modules/react-dom/cjs/react-dom.development.js:27078:3)
          at flushPassiveEffects (/Users/johnneed/Projects/gmc-shelters/node_modules/react-dom/cjs/react-dom.development.js:27023:14)
          at performSyncWorkOnRoot (/Users/johnneed/Projects/gmc-shelters/node_modules/react-dom/cjs/react-dom.development.js:26115:3)
          at flushSyncCallbacks (/Users/johnneed/Projects/gmc-shelters/node_modules/react-dom/cjs/react-dom.development.js:12042:22)
          at commitRootImpl (/Users/johnneed/Projects/gmc-shelters/node_modules/react-dom/cjs/react-dom.development.js:26998:3)
          at commitRoot (/Users/johnneed/Projects/gmc-shelters/node_modules/react-dom/cjs/react-dom.development.js:26721:5)
          at finishConcurrentRender (/Users/johnneed/Projects/gmc-shelters/node_modules/react-dom/cjs/react-dom.development.js:26020:9)
          at performConcurrentWorkOnRoot (/Users/johnneed/Projects/gmc-shelters/node_modules/react-dom/cjs/react-dom.development.js:25848:7)
          at flushActQueue (/Users/johnneed/Projects/gmc-shelters/node_modules/react/cjs/react.development.js:2667:24)
          at act (/Users/johnneed/Projects/gmc-shelters/node_modules/react/cjs/react.development.js:2582:11)
          at /Users/johnneed/Projects/gmc-shelters/node_modules/@testing-library/react/dist/act-compat.js:46:25
          at renderRoot (/Users/johnneed/Projects/gmc-shelters/node_modules/@testing-library/react/dist/pure.js:189:26)
          at render (/Users/johnneed/Projects/gmc-shelters/node_modules/@testing-library/react/dist/pure.js:291:10)
          at Object.<anonymous> (/Users/johnneed/Projects/gmc-shelters/src/renderer/components/MainPane/tabs/PhotosTab.test.tsx:740:11)
          at Promise.then.completed (/Users/johnneed/Projects/gmc-shelters/node_modules/jest-circus/build/utils.js:298:28)
          at new Promise (<anonymous>)
          at callAsyncCircusFn (/Users/johnneed/Projects/gmc-shelters/node_modules/jest-circus/build/utils.js:231:10)
          at _callCircusTest (/Users/johnneed/Projects/gmc-shelters/node_modules/jest-circus/build/run.js:316:40)
          at _runTest (/Users/johnneed/Projects/gmc-shelters/node_modules/jest-circus/build/run.js:252:3)
          at _runTestsForDescribeBlock (/Users/johnneed/Projects/gmc-shelters/node_modules/jest-circus/build/run.js:126:9)
          at _runTestsForDescribeBlock (/Users/johnneed/Projects/gmc-shelters/node_modules/jest-circus/build/run.js:121:9)
          at run (/Users/johnneed/Projects/gmc-shelters/node_modules/jest-circus/build/run.js:71:3)
          at runAndTransformResultsToJestFormat (/Users/johnneed/Projects/gmc-shelters/node_modules/jest-circus/build/legacy-code-todo-rewrite/jestAdapterInit.js:122:21)
          at jestAdapter (/Users/johnneed/Projects/gmc-shelters/node_modules/jest-circus/build/legacy-code-todo-rewrite/jestAdapter.js:79:19)
          at runTestInternal (/Users/johnneed/Projects/gmc-shelters/node_modules/jest-runner/build/runTest.js:367:16)
          at runTest (/Users/johnneed/Projects/gmc-shelters/node_modules/jest-runner/build/runTest.js:444:34)
          at Object.worker (/Users/johnneed/Projects/gmc-shelters/node_modules/jest-runner/build/testWorker.js:106:12) {
        detail: TypeError: fieldsRef.current?.scrollTo is not a function
            at /Users/johnneed/Projects/gmc-shelters/src/renderer/components/MainPane/tabs/PhotoDetailPane.tsx:49:24
            at commitHookEffectListMount (/Users/johnneed/Projects/gmc-shelters/node_modules/react-dom/cjs/react-dom.development.js:23189:26)
            at commitPassiveMountOnFiber (/Users/johnneed/Projects/gmc-shelters/node_modules/react-dom/cjs/react-dom.development.js:24970:11)
            at commitPassiveMountEffects_complete (/Users/johnneed/Projects/gmc-shelters/node_modules/react-dom/cjs/react-dom.development.js:24930:9)
            at commitPassiveMountEffects_begin (/Users/johnneed/Projects/gmc-shelters/node_modules/react-dom/cjs/react-dom.development.js:24917:7)
            at commitPassiveMountEffects (/Users/johnneed/Projects/gmc-shelters/node_modules/react-dom/cjs/react-dom.development.js:24905:3)
            at flushPassiveEffectsImpl (/Users/johnneed/Projects/gmc-shelters/node_modules/react-dom/cjs/react-dom.development.js:27078:3)
            at flushPassiveEffects (/Users/johnneed/Projects/gmc-shelters/node_modules/react-dom/cjs/react-dom.development.js:27023:14)
            at performSyncWorkOnRoot (/Users/johnneed/Projects/gmc-shelters/node_modules/react-dom/cjs/react-dom.development.js:26115:3)
            at flushSyncCallbacks (/Users/johnneed/Projects/gmc-shelters/node_modules/react-dom/cjs/react-dom.development.js:12042:22)
            at commitRootImpl (/Users/johnneed/Projects/gmc-shelters/node_modules/react-dom/cjs/react-dom.development.js:26998:3)
            at commitRoot (/Users/johnneed/Projects/gmc-shelters/node_modules/react-dom/cjs/react-dom.development.js:26721:5)
            at finishConcurrentRender (/Users/johnneed/Projects/gmc-shelters/node_modules/react-dom/cjs/react-dom.development.js:26020:9)
            at performConcurrentWorkOnRoot (/Users/johnneed/Projects/gmc-shelters/node_modules/react-dom/cjs/react-dom.development.js:25848:7)
            at flushActQueue (/Users/johnneed/Projects/gmc-shelters/node_modules/react/cjs/react.development.js:2667:24)
            at act (/Users/johnneed/Projects/gmc-shelters/node_modules/react/cjs/react.development.js:2582:11)
            at /Users/johnneed/Projects/gmc-shelters/node_modules/@testing-library/react/dist/act-compat.js:46:25
            at renderRoot (/Users/johnneed/Projects/gmc-shelters/node_modules/@testing-library/react/dist/pure.js:189:26)
            at render (/Users/johnneed/Projects/gmc-shelters/node_modules/@testing-library/react/dist/pure.js:291:10)
            at Object.<anonymous> (/Users/johnneed/Projects/gmc-shelters/src/renderer/components/MainPane/tabs/PhotosTab.test.tsx:740:11)
            at Promise.then.completed (/Users/johnneed/Projects/gmc-shelters/node_modules/jest-circus/build/utils.js:298:28)
            at new Promise (<anonymous>)
            at callAsyncCircusFn (/Users/johnneed/Projects/gmc-shelters/node_modules/jest-circus/build/utils.js:231:10)
            at _callCircusTest (/Users/johnneed/Projects/gmc-shelters/node_modules/jest-circus/build/run.js:316:40)
            at _runTest (/Users/johnneed/Projects/gmc-shelters/node_modules/jest-circus/build/run.js:252:3)
            at _runTestsForDescribeBlock (/Users/johnneed/Projects/gmc-shelters/node_modules/jest-circus/build/run.js:126:9)
            at _runTestsForDescribeBlock (/Users/johnneed/Projects/gmc-shelters/node_modules/jest-circus/build/run.js:121:9)
            at run (/Users/johnneed/Projects/gmc-shelters/node_modules/jest-circus/build/run.js:71:3)
            at runAndTransformResultsToJestFormat (/Users/johnneed/Projects/gmc-shelters/node_modules/jest-circus/build/legacy-code-todo-rewrite/jestAdapterInit.js:122:21)
            at jestAdapter (/Users/johnneed/Projects/gmc-shelters/node_modules/jest-circus/build/legacy-code-todo-rewrite/jestAdapter.js:79:19)
            at runTestInternal (/Users/johnneed/Projects/gmc-shelters/node_modules/jest-runner/build/runTest.js:367:16)
            at runTest (/Users/johnneed/Projects/gmc-shelters/node_modules/jest-runner/build/runTest.js:444:34)
            at Object.worker (/Users/johnneed/Projects/gmc-shelters/node_modules/jest-runner/build/testWorker.js:106:12),
        type: 'unhandled exception'
      }

      738 |   it('selected-photo preview pane uses ?size=preview', async () => {
      739 |     const store = makeStore(makeShelter(), [makePhoto({ id: 1, file_name: 'hut.jpg' })]);
    > 740 |     render(<Provider store={store}><PhotosTab /></Provider>);
          |           ^
      741 |     const preview = await screen.findByTestId('photo-preview');
      742 |     const img = await waitFor(() => preview.querySelector('img'));
      743 |     expect(img).not.toBeNull();

      at VirtualConsole.<anonymous> (node_modules/jest-environment-jsdom/build/index.js:63:23)
      at reportException (node_modules/jsdom/lib/jsdom/living/helpers/runtime-script-errors.js:70:28)
      at innerInvokeEventListeners (node_modules/jsdom/lib/jsdom/living/events/EventTarget-impl.js:353:9)
      at invokeEventListeners (node_modules/jsdom/lib/jsdom/living/events/EventTarget-impl.js:286:3)
      at HTMLUnknownElementImpl._dispatch (node_modules/jsdom/lib/jsdom/living/events/EventTarget-impl.js:233:9)
      at HTMLUnknownElementImpl.dispatchEvent (node_modules/jsdom/lib/jsdom/living/events/EventTarget-impl.js:104:17)
      at HTMLUnknownElement.dispatchEvent (node_modules/jsdom/lib/jsdom/living/generated/EventTarget.js:241:34)
      at Object.invokeGuardedCallbackDev (node_modules/react-dom/cjs/react-dom.development.js:4213:16)
      at invokeGuardedCallback (node_modules/react-dom/cjs/react-dom.development.js:4277:31)
      at reportUncaughtErrorInDEV (node_modules/react-dom/cjs/react-dom.development.js:22877:5)
      at captureCommitPhaseError (node_modules/react-dom/cjs/react-dom.development.js:27165:5)
      at commitPassiveMountEffects_complete (node_modules/react-dom/cjs/react-dom.development.js:24932:9)
      at commitPassiveMountEffects_begin (node_modules/react-dom/cjs/react-dom.development.js:24917:7)
      at commitPassiveMountEffects (node_modules/react-dom/cjs/react-dom.development.js:24905:3)
      at flushPassiveEffectsImpl (node_modules/react-dom/cjs/react-dom.development.js:27078:3)
      at flushPassiveEffects (node_modules/react-dom/cjs/react-dom.development.js:27023:14)
      at performSyncWorkOnRoot (node_modules/react-dom/cjs/react-dom.development.js:26115:3)
      at flushSyncCallbacks (node_modules/react-dom/cjs/react-dom.development.js:12042:22)
      at commitRootImpl (node_modules/react-dom/cjs/react-dom.development.js:26998:3)
      at commitRoot (node_modules/react-dom/cjs/react-dom.development.js:26721:5)
      at finishConcurrentRender (node_modules/react-dom/cjs/react-dom.development.js:26020:9)
      at performConcurrentWorkOnRoot (node_modules/react-dom/cjs/react-dom.development.js:25848:7)
      at flushActQueue (node_modules/react/cjs/react.development.js:2667:24)
      at act (node_modules/react/cjs/react.development.js:2582:11)
      at node_modules/@testing-library/react/dist/act-compat.js:46:25
      at renderRoot (node_modules/@testing-library/react/dist/pure.js:189:26)
      at render (node_modules/@testing-library/react/dist/pure.js:291:10)
      at Object.<anonymous> (src/renderer/components/MainPane/tabs/PhotosTab.test.tsx:740:11)

    console.error
      The above error occurred in the <PhotoDetailPane> component:
      
          at PhotoDetailPane (/Users/johnneed/Projects/gmc-shelters/src/renderer/components/MainPane/tabs/PhotoDetailPane.tsx:39:3)
          at div
          at PhotosTab (/Users/johnneed/Projects/gmc-shelters/src/renderer/components/MainPane/tabs/PhotosTab.tsx:58:31)
          at Provider (/Users/johnneed/Projects/gmc-shelters/node_modules/react-redux/src/components/Provider.tsx:60:11)
      
      Consider adding an error boundary to your tree to customize error handling behavior.
      Visit https://reactjs.org/link/error-boundaries to learn more about error boundaries.

      738 |   it('selected-photo preview pane uses ?size=preview', async () => {
      739 |     const store = makeStore(makeShelter(), [makePhoto({ id: 1, file_name: 'hut.jpg' })]);
    > 740 |     render(<Provider store={store}><PhotosTab /></Provider>);
          |           ^
      741 |     const preview = await screen.findByTestId('photo-preview');
      742 |     const img = await waitFor(() => preview.querySelector('img'));
      743 |     expect(img).not.toBeNull();

      at logCapturedError (node_modules/react-dom/cjs/react-dom.development.js:18704:23)
      at update.callback (node_modules/react-dom/cjs/react-dom.development.js:18737:5)
      at callCallback (node_modules/react-dom/cjs/react-dom.development.js:15036:12)
      at commitUpdateQueue (node_modules/react-dom/cjs/react-dom.development.js:15057:9)
      at commitLayoutEffectOnFiber (node_modules/react-dom/cjs/react-dom.development.js:23430:13)
      at commitLayoutMountEffects_complete (node_modules/react-dom/cjs/react-dom.development.js:24727:9)
      at commitLayoutEffects_begin (node_modules/react-dom/cjs/react-dom.development.js:24713:7)
      at commitLayoutEffects (node_modules/react-dom/cjs/react-dom.development.js:24651:3)
      at commitRootImpl (node_modules/react-dom/cjs/react-dom.development.js:26862:5)
      at commitRoot (node_modules/react-dom/cjs/react-dom.development.js:26721:5)
      at performSyncWorkOnRoot (node_modules/react-dom/cjs/react-dom.development.js:26156:3)
      at flushSyncCallbacks (node_modules/react-dom/cjs/react-dom.development.js:12042:22)
      at commitRootImpl (node_modules/react-dom/cjs/react-dom.development.js:26998:3)
      at commitRoot (node_modules/react-dom/cjs/react-dom.development.js:26721:5)
      at finishConcurrentRender (node_modules/react-dom/cjs/react-dom.development.js:26020:9)
      at performConcurrentWorkOnRoot (node_modules/react-dom/cjs/react-dom.development.js:25848:7)
      at flushActQueue (node_modules/react/cjs/react.development.js:2667:24)
      at act (node_modules/react/cjs/react.development.js:2582:11)
      at node_modules/@testing-library/react/dist/act-compat.js:46:25
      at renderRoot (node_modules/@testing-library/react/dist/pure.js:189:26)
      at render (node_modules/@testing-library/react/dist/pure.js:291:10)
      at Object.<anonymous> (src/renderer/components/MainPane/tabs/PhotosTab.test.tsx:740:11)

    console.error
      Error: Uncaught [TypeError: fieldsRef.current?.scrollTo is not a function]
          at reportException (/Users/johnneed/Projects/gmc-shelters/node_modules/jsdom/lib/jsdom/living/helpers/runtime-script-errors.js:66:24)
          at innerInvokeEventListeners (/Users/johnneed/Projects/gmc-shelters/node_modules/jsdom/lib/jsdom/living/events/EventTarget-impl.js:353:9)
          at invokeEventListeners (/Users/johnneed/Projects/gmc-shelters/node_modules/jsdom/lib/jsdom/living/events/EventTarget-impl.js:286:3)
          at HTMLUnknownElementImpl._dispatch (/Users/johnneed/Projects/gmc-shelters/node_modules/jsdom/lib/jsdom/living/events/EventTarget-impl.js:233:9)
          at HTMLUnknownElementImpl.dispatchEvent (/Users/johnneed/Projects/gmc-shelters/node_modules/jsdom/lib/jsdom/living/events/EventTarget-impl.js:104:17)
          at HTMLUnknownElement.dispatchEvent (/Users/johnneed/Projects/gmc-shelters/node_modules/jsdom/lib/jsdom/living/generated/EventTarget.js:241:34)
          at Object.invokeGuardedCallbackDev (/Users/johnneed/Projects/gmc-shelters/node_modules/react-dom/cjs/react-dom.development.js:4213:16)
          at invokeGuardedCallback (/Users/johnneed/Projects/gmc-shelters/node_modules/react-dom/cjs/react-dom.development.js:4277:31)
          at reportUncaughtErrorInDEV (/Users/johnneed/Projects/gmc-shelters/node_modules/react-dom/cjs/react-dom.development.js:22877:5)
          at captureCommitPhaseError (/Users/johnneed/Projects/gmc-shelters/node_modules/react-dom/cjs/react-dom.development.js:27165:5)
          at commitPassiveMountEffects_complete (/Users/johnneed/Projects/gmc-shelters/node_modules/react-dom/cjs/react-dom.development.js:24932:9)
          at commitPassiveMountEffects_begin (/Users/johnneed/Projects/gmc-shelters/node_modules/react-dom/cjs/react-dom.development.js:24917:7)
          at commitPassiveMountEffects (/Users/johnneed/Projects/gmc-shelters/node_modules/react-dom/cjs/react-dom.development.js:24905:3)
          at flushPassiveEffectsImpl (/Users/johnneed/Projects/gmc-shelters/node_modules/react-dom/cjs/react-dom.development.js:27078:3)
          at flushPassiveEffects (/Users/johnneed/Projects/gmc-shelters/node_modules/react-dom/cjs/react-dom.development.js:27023:14)
          at performSyncWorkOnRoot (/Users/johnneed/Projects/gmc-shelters/node_modules/react-dom/cjs/react-dom.development.js:26115:3)
          at flushSyncCallbacks (/Users/johnneed/Projects/gmc-shelters/node_modules/react-dom/cjs/react-dom.development.js:12042:22)
          at commitRootImpl (/Users/johnneed/Projects/gmc-shelters/node_modules/react-dom/cjs/react-dom.development.js:26998:3)
          at commitRoot (/Users/johnneed/Projects/gmc-shelters/node_modules/react-dom/cjs/react-dom.development.js:26721:5)
          at finishConcurrentRender (/Users/johnneed/Projects/gmc-shelters/node_modules/react-dom/cjs/react-dom.development.js:26020:9)
          at performConcurrentWorkOnRoot (/Users/johnneed/Projects/gmc-shelters/node_modules/react-dom/cjs/react-dom.development.js:25848:7)
          at flushActQueue (/Users/johnneed/Projects/gmc-shelters/node_modules/react/cjs/react.development.js:2667:24)
          at act (/Users/johnneed/Projects/gmc-shelters/node_modules/react/cjs/react.development.js:2582:11)
          at /Users/johnneed/Projects/gmc-shelters/node_modules/@testing-library/react/dist/act-compat.js:46:25
          at renderRoot (/Users/johnneed/Projects/gmc-shelters/node_modules/@testing-library/react/dist/pure.js:189:26)
          at render (/Users/johnneed/Projects/gmc-shelters/node_modules/@testing-library/react/dist/pure.js:291:10)
          at Object.<anonymous> (/Users/johnneed/Projects/gmc-shelters/src/renderer/components/MainPane/tabs/PhotosTab.test.tsx:749:11)
          at Promise.then.completed (/Users/johnneed/Projects/gmc-shelters/node_modules/jest-circus/build/utils.js:298:28)
          at new Promise (<anonymous>)
          at callAsyncCircusFn (/Users/johnneed/Projects/gmc-shelters/node_modules/jest-circus/build/utils.js:231:10)
          at _callCircusTest (/Users/johnneed/Projects/gmc-shelters/node_modules/jest-circus/build/run.js:316:40)
          at _runTest (/Users/johnneed/Projects/gmc-shelters/node_modules/jest-circus/build/run.js:252:3)
          at _runTestsForDescribeBlock (/Users/johnneed/Projects/gmc-shelters/node_modules/jest-circus/build/run.js:126:9)
          at _runTestsForDescribeBlock (/Users/johnneed/Projects/gmc-shelters/node_modules/jest-circus/build/run.js:121:9)
          at run (/Users/johnneed/Projects/gmc-shelters/node_modules/jest-circus/build/run.js:71:3)
          at runAndTransformResultsToJestFormat (/Users/johnneed/Projects/gmc-shelters/node_modules/jest-circus/build/legacy-code-todo-rewrite/jestAdapterInit.js:122:21)
          at jestAdapter (/Users/johnneed/Projects/gmc-shelters/node_modules/jest-circus/build/legacy-code-todo-rewrite/jestAdapter.js:79:19)
          at runTestInternal (/Users/johnneed/Projects/gmc-shelters/node_modules/jest-runner/build/runTest.js:367:16)
          at runTest (/Users/johnneed/Projects/gmc-shelters/node_modules/jest-runner/build/runTest.js:444:34)
          at Object.worker (/Users/johnneed/Projects/gmc-shelters/node_modules/jest-runner/build/testWorker.js:106:12) {
        detail: TypeError: fieldsRef.current?.scrollTo is not a function
            at /Users/johnneed/Projects/gmc-shelters/src/renderer/components/MainPane/tabs/PhotoDetailPane.tsx:49:24
            at commitHookEffectListMount (/Users/johnneed/Projects/gmc-shelters/node_modules/react-dom/cjs/react-dom.development.js:23189:26)
            at commitPassiveMountOnFiber (/Users/johnneed/Projects/gmc-shelters/node_modules/react-dom/cjs/react-dom.development.js:24970:11)
            at commitPassiveMountEffects_complete (/Users/johnneed/Projects/gmc-shelters/node_modules/react-dom/cjs/react-dom.development.js:24930:9)
            at commitPassiveMountEffects_begin (/Users/johnneed/Projects/gmc-shelters/node_modules/react-dom/cjs/react-dom.development.js:24917:7)
            at commitPassiveMountEffects (/Users/johnneed/Projects/gmc-shelters/node_modules/react-dom/cjs/react-dom.development.js:24905:3)
            at flushPassiveEffectsImpl (/Users/johnneed/Projects/gmc-shelters/node_modules/react-dom/cjs/react-dom.development.js:27078:3)
            at flushPassiveEffects (/Users/johnneed/Projects/gmc-shelters/node_modules/react-dom/cjs/react-dom.development.js:27023:14)
            at performSyncWorkOnRoot (/Users/johnneed/Projects/gmc-shelters/node_modules/react-dom/cjs/react-dom.development.js:26115:3)
            at flushSyncCallbacks (/Users/johnneed/Projects/gmc-shelters/node_modules/react-dom/cjs/react-dom.development.js:12042:22)
            at commitRootImpl (/Users/johnneed/Projects/gmc-shelters/node_modules/react-dom/cjs/react-dom.development.js:26998:3)
            at commitRoot (/Users/johnneed/Projects/gmc-shelters/node_modules/react-dom/cjs/react-dom.development.js:26721:5)
            at finishConcurrentRender (/Users/johnneed/Projects/gmc-shelters/node_modules/react-dom/cjs/react-dom.development.js:26020:9)
            at performConcurrentWorkOnRoot (/Users/johnneed/Projects/gmc-shelters/node_modules/react-dom/cjs/react-dom.development.js:25848:7)
            at flushActQueue (/Users/johnneed/Projects/gmc-shelters/node_modules/react/cjs/react.development.js:2667:24)
            at act (/Users/johnneed/Projects/gmc-shelters/node_modules/react/cjs/react.development.js:2582:11)
            at /Users/johnneed/Projects/gmc-shelters/node_modules/@testing-library/react/dist/act-compat.js:46:25
            at renderRoot (/Users/johnneed/Projects/gmc-shelters/node_modules/@testing-library/react/dist/pure.js:189:26)
            at render (/Users/johnneed/Projects/gmc-shelters/node_modules/@testing-library/react/dist/pure.js:291:10)
            at Object.<anonymous> (/Users/johnneed/Projects/gmc-shelters/src/renderer/components/MainPane/tabs/PhotosTab.test.tsx:749:11)
            at Promise.then.completed (/Users/johnneed/Projects/gmc-shelters/node_modules/jest-circus/build/utils.js:298:28)
            at new Promise (<anonymous>)
            at callAsyncCircusFn (/Users/johnneed/Projects/gmc-shelters/node_modules/jest-circus/build/utils.js:231:10)
            at _callCircusTest (/Users/johnneed/Projects/gmc-shelters/node_modules/jest-circus/build/run.js:316:40)
            at _runTest (/Users/johnneed/Projects/gmc-shelters/node_modules/jest-circus/build/run.js:252:3)
            at _runTestsForDescribeBlock (/Users/johnneed/Projects/gmc-shelters/node_modules/jest-circus/build/run.js:126:9)
            at _runTestsForDescribeBlock (/Users/johnneed/Projects/gmc-shelters/node_modules/jest-circus/build/run.js:121:9)
            at run (/Users/johnneed/Projects/gmc-shelters/node_modules/jest-circus/build/run.js:71:3)
            at runAndTransformResultsToJestFormat (/Users/johnneed/Projects/gmc-shelters/node_modules/jest-circus/build/legacy-code-todo-rewrite/jestAdapterInit.js:122:21)
            at jestAdapter (/Users/johnneed/Projects/gmc-shelters/node_modules/jest-circus/build/legacy-code-todo-rewrite/jestAdapter.js:79:19)
            at runTestInternal (/Users/johnneed/Projects/gmc-shelters/node_modules/jest-runner/build/runTest.js:367:16)
            at runTest (/Users/johnneed/Projects/gmc-shelters/node_modules/jest-runner/build/runTest.js:444:34)
            at Object.worker (/Users/johnneed/Projects/gmc-shelters/node_modules/jest-runner/build/testWorker.js:106:12),
        type: 'unhandled exception'
      }

      747 |   it('opening the photo editor loads the full-resolution image (no size param)', async () => {
      748 |     const store = makeStore(makeShelter(), [makePhoto({ id: 1, file_name: 'hut.jpg' })]);
    > 749 |     render(<Provider store={store}><PhotosTab /></Provider>);
          |           ^
      750 |     const preview = await screen.findByTestId('photo-preview');
      751 |     await waitFor(() => expect(preview.querySelector('img')).not.toBeNull());
      752 |     fireEvent.click(preview);

      at VirtualConsole.<anonymous> (node_modules/jest-environment-jsdom/build/index.js:63:23)
      at reportException (node_modules/jsdom/lib/jsdom/living/helpers/runtime-script-errors.js:70:28)
      at innerInvokeEventListeners (node_modules/jsdom/lib/jsdom/living/events/EventTarget-impl.js:353:9)
      at invokeEventListeners (node_modules/jsdom/lib/jsdom/living/events/EventTarget-impl.js:286:3)
      at HTMLUnknownElementImpl._dispatch (node_modules/jsdom/lib/jsdom/living/events/EventTarget-impl.js:233:9)
      at HTMLUnknownElementImpl.dispatchEvent (node_modules/jsdom/lib/jsdom/living/events/EventTarget-impl.js:104:17)
      at HTMLUnknownElement.dispatchEvent (node_modules/jsdom/lib/jsdom/living/generated/EventTarget.js:241:34)
      at Object.invokeGuardedCallbackDev (node_modules/react-dom/cjs/react-dom.development.js:4213:16)
      at invokeGuardedCallback (node_modules/react-dom/cjs/react-dom.development.js:4277:31)
      at reportUncaughtErrorInDEV (node_modules/react-dom/cjs/react-dom.development.js:22877:5)
      at captureCommitPhaseError (node_modules/react-dom/cjs/react-dom.development.js:27165:5)
      at commitPassiveMountEffects_complete (node_modules/react-dom/cjs/react-dom.development.js:24932:9)
      at commitPassiveMountEffects_begin (node_modules/react-dom/cjs/react-dom.development.js:24917:7)
      at commitPassiveMountEffects (node_modules/react-dom/cjs/react-dom.development.js:24905:3)
      at flushPassiveEffectsImpl (node_modules/react-dom/cjs/react-dom.development.js:27078:3)
      at flushPassiveEffects (node_modules/react-dom/cjs/react-dom.development.js:27023:14)
      at performSyncWorkOnRoot (node_modules/react-dom/cjs/react-dom.development.js:26115:3)
      at flushSyncCallbacks (node_modules/react-dom/cjs/react-dom.development.js:12042:22)
      at commitRootImpl (node_modules/react-dom/cjs/react-dom.development.js:26998:3)
      at commitRoot (node_modules/react-dom/cjs/react-dom.development.js:26721:5)
      at finishConcurrentRender (node_modules/react-dom/cjs/react-dom.development.js:26020:9)
      at performConcurrentWorkOnRoot (node_modules/react-dom/cjs/react-dom.development.js:25848:7)
      at flushActQueue (node_modules/react/cjs/react.development.js:2667:24)
      at act (node_modules/react/cjs/react.development.js:2582:11)
      at node_modules/@testing-library/react/dist/act-compat.js:46:25
      at renderRoot (node_modules/@testing-library/react/dist/pure.js:189:26)
      at render (node_modules/@testing-library/react/dist/pure.js:291:10)
      at Object.<anonymous> (src/renderer/components/MainPane/tabs/PhotosTab.test.tsx:749:11)

    console.error
      The above error occurred in the <PhotoDetailPane> component:
      
          at PhotoDetailPane (/Users/johnneed/Projects/gmc-shelters/src/renderer/components/MainPane/tabs/PhotoDetailPane.tsx:39:3)
          at div
          at PhotosTab (/Users/johnneed/Projects/gmc-shelters/src/renderer/components/MainPane/tabs/PhotosTab.tsx:58:31)
          at Provider (/Users/johnneed/Projects/gmc-shelters/node_modules/react-redux/src/components/Provider.tsx:60:11)
      
      Consider adding an error boundary to your tree to customize error handling behavior.
      Visit https://reactjs.org/link/error-boundaries to learn more about error boundaries.

      747 |   it('opening the photo editor loads the full-resolution image (no size param)', async () => {
      748 |     const store = makeStore(makeShelter(), [makePhoto({ id: 1, file_name: 'hut.jpg' })]);
    > 749 |     render(<Provider store={store}><PhotosTab /></Provider>);
          |           ^
      750 |     const preview = await screen.findByTestId('photo-preview');
      751 |     await waitFor(() => expect(preview.querySelector('img')).not.toBeNull());
      752 |     fireEvent.click(preview);

      at logCapturedError (node_modules/react-dom/cjs/react-dom.development.js:18704:23)
      at update.callback (node_modules/react-dom/cjs/react-dom.development.js:18737:5)
      at callCallback (node_modules/react-dom/cjs/react-dom.development.js:15036:12)
      at commitUpdateQueue (node_modules/react-dom/cjs/react-dom.development.js:15057:9)
      at commitLayoutEffectOnFiber (node_modules/react-dom/cjs/react-dom.development.js:23430:13)
      at commitLayoutMountEffects_complete (node_modules/react-dom/cjs/react-dom.development.js:24727:9)
      at commitLayoutEffects_begin (node_modules/react-dom/cjs/react-dom.development.js:24713:7)
      at commitLayoutEffects (node_modules/react-dom/cjs/react-dom.development.js:24651:3)
      at commitRootImpl (node_modules/react-dom/cjs/react-dom.development.js:26862:5)
      at commitRoot (node_modules/react-dom/cjs/react-dom.development.js:26721:5)
      at performSyncWorkOnRoot (node_modules/react-dom/cjs/react-dom.development.js:26156:3)
      at flushSyncCallbacks (node_modules/react-dom/cjs/react-dom.development.js:12042:22)
      at commitRootImpl (node_modules/react-dom/cjs/react-dom.development.js:26998:3)
      at commitRoot (node_modules/react-dom/cjs/react-dom.development.js:26721:5)
      at finishConcurrentRender (node_modules/react-dom/cjs/react-dom.development.js:26020:9)
      at performConcurrentWorkOnRoot (node_modules/react-dom/cjs/react-dom.development.js:25848:7)
      at flushActQueue (node_modules/react/cjs/react.development.js:2667:24)
      at act (node_modules/react/cjs/react.development.js:2582:11)
      at node_modules/@testing-library/react/dist/act-compat.js:46:25
      at renderRoot (node_modules/@testing-library/react/dist/pure.js:189:26)
      at render (node_modules/@testing-library/react/dist/pure.js:291:10)
      at Object.<anonymous> (src/renderer/components/MainPane/tabs/PhotosTab.test.tsx:749:11)

  ● US1 — Photo editor dialog triggers › T005: clicking the right-aside photo preview opens the editor dialog

    TypeError: fieldsRef.current?.scrollTo is not a function

      47 |
      48 |   useEffect(() => {
    > 49 |     fieldsRef.current?.scrollTo({ top: 0, behavior: 'smooth' });
         |                        ^
      50 |   }, [selected.id]);
      51 |
      52 |   return (

      at src/renderer/components/MainPane/tabs/PhotoDetailPane.tsx:49:24
      at commitHookEffectListMount (node_modules/react-dom/cjs/react-dom.development.js:23189:26)
      at commitPassiveMountOnFiber (node_modules/react-dom/cjs/react-dom.development.js:24970:11)
      at commitPassiveMountEffects_complete (node_modules/react-dom/cjs/react-dom.development.js:24930:9)
      at commitPassiveMountEffects_begin (node_modules/react-dom/cjs/react-dom.development.js:24917:7)
      at commitPassiveMountEffects (node_modules/react-dom/cjs/react-dom.development.js:24905:3)
      at flushPassiveEffectsImpl (node_modules/react-dom/cjs/react-dom.development.js:27078:3)
      at flushPassiveEffects (node_modules/react-dom/cjs/react-dom.development.js:27023:14)
      at performSyncWorkOnRoot (node_modules/react-dom/cjs/react-dom.development.js:26115:3)
      at flushSyncCallbacks (node_modules/react-dom/cjs/react-dom.development.js:12042:22)
      at commitRootImpl (node_modules/react-dom/cjs/react-dom.development.js:26998:3)
      at commitRoot (node_modules/react-dom/cjs/react-dom.development.js:26721:5)
      at finishConcurrentRender (node_modules/react-dom/cjs/react-dom.development.js:26020:9)
      at performConcurrentWorkOnRoot (node_modules/react-dom/cjs/react-dom.development.js:25848:7)
      at flushActQueue (node_modules/react/cjs/react.development.js:2667:24)
      at act (node_modules/react/cjs/react.development.js:2582:11)
      at node_modules/@testing-library/react/dist/act-compat.js:46:25
      at renderRoot (node_modules/@testing-library/react/dist/pure.js:189:26)
      at render (node_modules/@testing-library/react/dist/pure.js:291:10)
      at Object.<anonymous> (src/renderer/components/MainPane/tabs/PhotosTab.test.tsx:249:11)

  ● US1 — Photo editor dialog triggers › T006: double-clicking a PhotoCard in grid view opens the editor dialog

    TypeError: fieldsRef.current?.scrollTo is not a function

      47 |
      48 |   useEffect(() => {
    > 49 |     fieldsRef.current?.scrollTo({ top: 0, behavior: 'smooth' });
         |                        ^
      50 |   }, [selected.id]);
      51 |
      52 |   return (

      at src/renderer/components/MainPane/tabs/PhotoDetailPane.tsx:49:24
      at commitHookEffectListMount (node_modules/react-dom/cjs/react-dom.development.js:23189:26)
      at commitPassiveMountOnFiber (node_modules/react-dom/cjs/react-dom.development.js:24970:11)
      at commitPassiveMountEffects_complete (node_modules/react-dom/cjs/react-dom.development.js:24930:9)
      at commitPassiveMountEffects_begin (node_modules/react-dom/cjs/react-dom.development.js:24917:7)
      at commitPassiveMountEffects (node_modules/react-dom/cjs/react-dom.development.js:24905:3)
      at flushPassiveEffectsImpl (node_modules/react-dom/cjs/react-dom.development.js:27078:3)
      at flushPassiveEffects (node_modules/react-dom/cjs/react-dom.development.js:27023:14)
      at performSyncWorkOnRoot (node_modules/react-dom/cjs/react-dom.development.js:26115:3)
      at flushSyncCallbacks (node_modules/react-dom/cjs/react-dom.development.js:12042:22)
      at commitRootImpl (node_modules/react-dom/cjs/react-dom.development.js:26998:3)
      at commitRoot (node_modules/react-dom/cjs/react-dom.development.js:26721:5)
      at finishConcurrentRender (node_modules/react-dom/cjs/react-dom.development.js:26020:9)
      at performConcurrentWorkOnRoot (node_modules/react-dom/cjs/react-dom.development.js:25848:7)
      at flushActQueue (node_modules/react/cjs/react.development.js:2667:24)
      at act (node_modules/react/cjs/react.development.js:2582:11)
      at node_modules/@testing-library/react/dist/act-compat.js:46:25
      at renderRoot (node_modules/@testing-library/react/dist/pure.js:189:26)
      at render (node_modules/@testing-library/react/dist/pure.js:291:10)
      at Object.<anonymous> (src/renderer/components/MainPane/tabs/PhotosTab.test.tsx:267:11)

  ● US1 — Photo editor dialog triggers › T007: double-clicking a ListRow in list view opens the editor dialog

    TypeError: fieldsRef.current?.scrollTo is not a function

      47 |
      48 |   useEffect(() => {
    > 49 |     fieldsRef.current?.scrollTo({ top: 0, behavior: 'smooth' });
         |                        ^
      50 |   }, [selected.id]);
      51 |
      52 |   return (

      at src/renderer/components/MainPane/tabs/PhotoDetailPane.tsx:49:24
      at commitHookEffectListMount (node_modules/react-dom/cjs/react-dom.development.js:23189:26)
      at commitPassiveMountOnFiber (node_modules/react-dom/cjs/react-dom.development.js:24970:11)
      at commitPassiveMountEffects_complete (node_modules/react-dom/cjs/react-dom.development.js:24930:9)
      at commitPassiveMountEffects_begin (node_modules/react-dom/cjs/react-dom.development.js:24917:7)
      at commitPassiveMountEffects (node_modules/react-dom/cjs/react-dom.development.js:24905:3)
      at flushPassiveEffectsImpl (node_modules/react-dom/cjs/react-dom.development.js:27078:3)
      at flushPassiveEffects (node_modules/react-dom/cjs/react-dom.development.js:27023:14)
      at performSyncWorkOnRoot (node_modules/react-dom/cjs/react-dom.development.js:26115:3)
      at flushSyncCallbacks (node_modules/react-dom/cjs/react-dom.development.js:12042:22)
      at commitRootImpl (node_modules/react-dom/cjs/react-dom.development.js:26998:3)
      at commitRoot (node_modules/react-dom/cjs/react-dom.development.js:26721:5)
      at finishConcurrentRender (node_modules/react-dom/cjs/react-dom.development.js:26020:9)
      at performConcurrentWorkOnRoot (node_modules/react-dom/cjs/react-dom.development.js:25848:7)
      at flushActQueue (node_modules/react/cjs/react.development.js:2667:24)
      at act (node_modules/react/cjs/react.development.js:2582:11)
      at node_modules/@testing-library/react/dist/act-compat.js:46:25
      at renderRoot (node_modules/@testing-library/react/dist/pure.js:189:26)
      at render (node_modules/@testing-library/react/dist/pure.js:291:10)
      at Object.<anonymous> (src/renderer/components/MainPane/tabs/PhotosTab.test.tsx:286:11)

  ● US4 — Editing tools removed from right-aside panel › T019: right-aside panel does not contain crop, rotate, or flip controls

    TypeError: fieldsRef.current?.scrollTo is not a function

      47 |
      48 |   useEffect(() => {
    > 49 |     fieldsRef.current?.scrollTo({ top: 0, behavior: 'smooth' });
         |                        ^
      50 |   }, [selected.id]);
      51 |
      52 |   return (

      at src/renderer/components/MainPane/tabs/PhotoDetailPane.tsx:49:24
      at commitHookEffectListMount (node_modules/react-dom/cjs/react-dom.development.js:23189:26)
      at commitPassiveMountOnFiber (node_modules/react-dom/cjs/react-dom.development.js:24970:11)
      at commitPassiveMountEffects_complete (node_modules/react-dom/cjs/react-dom.development.js:24930:9)
      at commitPassiveMountEffects_begin (node_modules/react-dom/cjs/react-dom.development.js:24917:7)
      at commitPassiveMountEffects (node_modules/react-dom/cjs/react-dom.development.js:24905:3)
      at flushPassiveEffectsImpl (node_modules/react-dom/cjs/react-dom.development.js:27078:3)
      at flushPassiveEffects (node_modules/react-dom/cjs/react-dom.development.js:27023:14)
      at performSyncWorkOnRoot (node_modules/react-dom/cjs/react-dom.development.js:26115:3)
      at flushSyncCallbacks (node_modules/react-dom/cjs/react-dom.development.js:12042:22)
      at commitRootImpl (node_modules/react-dom/cjs/react-dom.development.js:26998:3)
      at commitRoot (node_modules/react-dom/cjs/react-dom.development.js:26721:5)
      at finishConcurrentRender (node_modules/react-dom/cjs/react-dom.development.js:26020:9)
      at performConcurrentWorkOnRoot (node_modules/react-dom/cjs/react-dom.development.js:25848:7)
      at flushActQueue (node_modules/react/cjs/react.development.js:2667:24)
      at act (node_modules/react/cjs/react.development.js:2582:11)
      at node_modules/@testing-library/react/dist/act-compat.js:46:25
      at renderRoot (node_modules/@testing-library/react/dist/pure.js:189:26)
      at render (node_modules/@testing-library/react/dist/pure.js:291:10)
      at Object.<anonymous> (src/renderer/components/MainPane/tabs/PhotosTab.test.tsx:310:11)

  ● US4 — Editing tools removed from right-aside panel › T020: the right-aside photo preview has the photo-preview-clickable class

    TypeError: fieldsRef.current?.scrollTo is not a function

      47 |
      48 |   useEffect(() => {
    > 49 |     fieldsRef.current?.scrollTo({ top: 0, behavior: 'smooth' });
         |                        ^
      50 |   }, [selected.id]);
      51 |
      52 |   return (

      at src/renderer/components/MainPane/tabs/PhotoDetailPane.tsx:49:24
      at commitHookEffectListMount (node_modules/react-dom/cjs/react-dom.development.js:23189:26)
      at commitPassiveMountOnFiber (node_modules/react-dom/cjs/react-dom.development.js:24970:11)
      at commitPassiveMountEffects_complete (node_modules/react-dom/cjs/react-dom.development.js:24930:9)
      at commitPassiveMountEffects_begin (node_modules/react-dom/cjs/react-dom.development.js:24917:7)
      at commitPassiveMountEffects (node_modules/react-dom/cjs/react-dom.development.js:24905:3)
      at flushPassiveEffectsImpl (node_modules/react-dom/cjs/react-dom.development.js:27078:3)
      at flushPassiveEffects (node_modules/react-dom/cjs/react-dom.development.js:27023:14)
      at performSyncWorkOnRoot (node_modules/react-dom/cjs/react-dom.development.js:26115:3)
      at flushSyncCallbacks (node_modules/react-dom/cjs/react-dom.development.js:12042:22)
      at commitRootImpl (node_modules/react-dom/cjs/react-dom.development.js:26998:3)
      at commitRoot (node_modules/react-dom/cjs/react-dom.development.js:26721:5)
      at finishConcurrentRender (node_modules/react-dom/cjs/react-dom.development.js:26020:9)
      at performConcurrentWorkOnRoot (node_modules/react-dom/cjs/react-dom.development.js:25848:7)
      at flushActQueue (node_modules/react/cjs/react.development.js:2667:24)
      at act (node_modules/react/cjs/react.development.js:2582:11)
      at node_modules/@testing-library/react/dist/act-compat.js:46:25
      at renderRoot (node_modules/@testing-library/react/dist/pure.js:189:26)
      at render (node_modules/@testing-library/react/dist/pure.js:291:10)
      at Object.<anonymous> (src/renderer/components/MainPane/tabs/PhotosTab.test.tsx:327:11)

  ● US1 — Metadata icon button › T003b: metadata icon button is present in photo-detail-head when a photo is selected

    TypeError: fieldsRef.current?.scrollTo is not a function

      47 |
      48 |   useEffect(() => {
    > 49 |     fieldsRef.current?.scrollTo({ top: 0, behavior: 'smooth' });
         |                        ^
      50 |   }, [selected.id]);
      51 |
      52 |   return (

      at src/renderer/components/MainPane/tabs/PhotoDetailPane.tsx:49:24
      at commitHookEffectListMount (node_modules/react-dom/cjs/react-dom.development.js:23189:26)
      at commitPassiveMountOnFiber (node_modules/react-dom/cjs/react-dom.development.js:24970:11)
      at commitPassiveMountEffects_complete (node_modules/react-dom/cjs/react-dom.development.js:24930:9)
      at commitPassiveMountEffects_begin (node_modules/react-dom/cjs/react-dom.development.js:24917:7)
      at commitPassiveMountEffects (node_modules/react-dom/cjs/react-dom.development.js:24905:3)
      at flushPassiveEffectsImpl (node_modules/react-dom/cjs/react-dom.development.js:27078:3)
      at flushPassiveEffects (node_modules/react-dom/cjs/react-dom.development.js:27023:14)
      at performSyncWorkOnRoot (node_modules/react-dom/cjs/react-dom.development.js:26115:3)
      at flushSyncCallbacks (node_modules/react-dom/cjs/react-dom.development.js:12042:22)
      at commitRootImpl (node_modules/react-dom/cjs/react-dom.development.js:26998:3)
      at commitRoot (node_modules/react-dom/cjs/react-dom.development.js:26721:5)
      at finishConcurrentRender (node_modules/react-dom/cjs/react-dom.development.js:26020:9)
      at performConcurrentWorkOnRoot (node_modules/react-dom/cjs/react-dom.development.js:25848:7)
      at flushActQueue (node_modules/react/cjs/react.development.js:2667:24)
      at act (node_modules/react/cjs/react.development.js:2582:11)
      at node_modules/@testing-library/react/dist/act-compat.js:46:25
      at renderRoot (node_modules/@testing-library/react/dist/pure.js:189:26)
      at render (node_modules/@testing-library/react/dist/pure.js:291:10)
      at Object.<anonymous> (src/renderer/components/MainPane/tabs/PhotosTab.test.tsx:350:11)

  ● US1 — Metadata icon button › T003c: clicking the metadata icon button opens the metadata dialog

    TypeError: fieldsRef.current?.scrollTo is not a function

      47 |
      48 |   useEffect(() => {
    > 49 |     fieldsRef.current?.scrollTo({ top: 0, behavior: 'smooth' });
         |                        ^
      50 |   }, [selected.id]);
      51 |
      52 |   return (

      at src/renderer/components/MainPane/tabs/PhotoDetailPane.tsx:49:24
      at commitHookEffectListMount (node_modules/react-dom/cjs/react-dom.development.js:23189:26)
      at commitPassiveMountOnFiber (node_modules/react-dom/cjs/react-dom.development.js:24970:11)
      at commitPassiveMountEffects_complete (node_modules/react-dom/cjs/react-dom.development.js:24930:9)
      at commitPassiveMountEffects_begin (node_modules/react-dom/cjs/react-dom.development.js:24917:7)
      at commitPassiveMountEffects (node_modules/react-dom/cjs/react-dom.development.js:24905:3)
      at flushPassiveEffectsImpl (node_modules/react-dom/cjs/react-dom.development.js:27078:3)
      at flushPassiveEffects (node_modules/react-dom/cjs/react-dom.development.js:27023:14)
      at performSyncWorkOnRoot (node_modules/react-dom/cjs/react-dom.development.js:26115:3)
      at flushSyncCallbacks (node_modules/react-dom/cjs/react-dom.development.js:12042:22)
      at commitRootImpl (node_modules/react-dom/cjs/react-dom.development.js:26998:3)
      at commitRoot (node_modules/react-dom/cjs/react-dom.development.js:26721:5)
      at finishConcurrentRender (node_modules/react-dom/cjs/react-dom.development.js:26020:9)
      at performConcurrentWorkOnRoot (node_modules/react-dom/cjs/react-dom.development.js:25848:7)
      at flushActQueue (node_modules/react/cjs/react.development.js:2667:24)
      at act (node_modules/react/cjs/react.development.js:2582:11)
      at node_modules/@testing-library/react/dist/act-compat.js:46:25
      at renderRoot (node_modules/@testing-library/react/dist/pure.js:189:26)
      at render (node_modules/@testing-library/react/dist/pure.js:291:10)
      at Object.<anonymous> (src/renderer/components/MainPane/tabs/PhotosTab.test.tsx:360:11)

  ● US1 — Metadata icon button › T010d: clicking the button calls readFileMetadata with the shelter slug

    TypeError: fieldsRef.current?.scrollTo is not a function

      47 |
      48 |   useEffect(() => {
    > 49 |     fieldsRef.current?.scrollTo({ top: 0, behavior: 'smooth' });
         |                        ^
      50 |   }, [selected.id]);
      51 |
      52 |   return (

      at src/renderer/components/MainPane/tabs/PhotoDetailPane.tsx:49:24
      at commitHookEffectListMount (node_modules/react-dom/cjs/react-dom.development.js:23189:26)
      at commitPassiveMountOnFiber (node_modules/react-dom/cjs/react-dom.development.js:24970:11)
      at commitPassiveMountEffects_complete (node_modules/react-dom/cjs/react-dom.development.js:24930:9)
      at commitPassiveMountEffects_begin (node_modules/react-dom/cjs/react-dom.development.js:24917:7)
      at commitPassiveMountEffects (node_modules/react-dom/cjs/react-dom.development.js:24905:3)
      at flushPassiveEffectsImpl (node_modules/react-dom/cjs/react-dom.development.js:27078:3)
      at flushPassiveEffects (node_modules/react-dom/cjs/react-dom.development.js:27023:14)
      at performSyncWorkOnRoot (node_modules/react-dom/cjs/react-dom.development.js:26115:3)
      at flushSyncCallbacks (node_modules/react-dom/cjs/react-dom.development.js:12042:22)
      at commitRootImpl (node_modules/react-dom/cjs/react-dom.development.js:26998:3)
      at commitRoot (node_modules/react-dom/cjs/react-dom.development.js:26721:5)
      at finishConcurrentRender (node_modules/react-dom/cjs/react-dom.development.js:26020:9)
      at performConcurrentWorkOnRoot (node_modules/react-dom/cjs/react-dom.development.js:25848:7)
      at flushActQueue (node_modules/react/cjs/react.development.js:2667:24)
      at act (node_modules/react/cjs/react.development.js:2582:11)
      at node_modules/@testing-library/react/dist/act-compat.js:46:25
      at renderRoot (node_modules/@testing-library/react/dist/pure.js:189:26)
      at render (node_modules/@testing-library/react/dist/pure.js:291:10)
      at Object.<anonymous> (src/renderer/components/MainPane/tabs/PhotosTab.test.tsx:372:11)

  ● US1 — Metadata icon button › export icon button is present in photo-detail-head when a photo is selected

    TypeError: fieldsRef.current?.scrollTo is not a function

      47 |
      48 |   useEffect(() => {
    > 49 |     fieldsRef.current?.scrollTo({ top: 0, behavior: 'smooth' });
         |                        ^
      50 |   }, [selected.id]);
      51 |
      52 |   return (

      at src/renderer/components/MainPane/tabs/PhotoDetailPane.tsx:49:24
      at commitHookEffectListMount (node_modules/react-dom/cjs/react-dom.development.js:23189:26)
      at commitPassiveMountOnFiber (node_modules/react-dom/cjs/react-dom.development.js:24970:11)
      at commitPassiveMountEffects_complete (node_modules/react-dom/cjs/react-dom.development.js:24930:9)
      at commitPassiveMountEffects_begin (node_modules/react-dom/cjs/react-dom.development.js:24917:7)
      at commitPassiveMountEffects (node_modules/react-dom/cjs/react-dom.development.js:24905:3)
      at flushPassiveEffectsImpl (node_modules/react-dom/cjs/react-dom.development.js:27078:3)
      at flushPassiveEffects (node_modules/react-dom/cjs/react-dom.development.js:27023:14)
      at performSyncWorkOnRoot (node_modules/react-dom/cjs/react-dom.development.js:26115:3)
      at flushSyncCallbacks (node_modules/react-dom/cjs/react-dom.development.js:12042:22)
      at commitRootImpl (node_modules/react-dom/cjs/react-dom.development.js:26998:3)
      at commitRoot (node_modules/react-dom/cjs/react-dom.development.js:26721:5)
      at finishConcurrentRender (node_modules/react-dom/cjs/react-dom.development.js:26020:9)
      at performConcurrentWorkOnRoot (node_modules/react-dom/cjs/react-dom.development.js:25848:7)
      at flushActQueue (node_modules/react/cjs/react.development.js:2667:24)
      at act (node_modules/react/cjs/react.development.js:2582:11)
      at node_modules/@testing-library/react/dist/act-compat.js:46:25
      at renderRoot (node_modules/@testing-library/react/dist/pure.js:189:26)
      at render (node_modules/@testing-library/react/dist/pure.js:291:10)
      at Object.<anonymous> (src/renderer/components/MainPane/tabs/PhotosTab.test.tsx:382:11)

  ● US1 — Metadata icon button › clicking the export button calls photos.export with the slug, file name and title

    TypeError: fieldsRef.current?.scrollTo is not a function

      47 |
      48 |   useEffect(() => {
    > 49 |     fieldsRef.current?.scrollTo({ top: 0, behavior: 'smooth' });
         |                        ^
      50 |   }, [selected.id]);
      51 |
      52 |   return (

      at src/renderer/components/MainPane/tabs/PhotoDetailPane.tsx:49:24
      at commitHookEffectListMount (node_modules/react-dom/cjs/react-dom.development.js:23189:26)
      at commitPassiveMountOnFiber (node_modules/react-dom/cjs/react-dom.development.js:24970:11)
      at commitPassiveMountEffects_complete (node_modules/react-dom/cjs/react-dom.development.js:24930:9)
      at commitPassiveMountEffects_begin (node_modules/react-dom/cjs/react-dom.development.js:24917:7)
      at commitPassiveMountEffects (node_modules/react-dom/cjs/react-dom.development.js:24905:3)
      at flushPassiveEffectsImpl (node_modules/react-dom/cjs/react-dom.development.js:27078:3)
      at flushPassiveEffects (node_modules/react-dom/cjs/react-dom.development.js:27023:14)
      at performSyncWorkOnRoot (node_modules/react-dom/cjs/react-dom.development.js:26115:3)
      at flushSyncCallbacks (node_modules/react-dom/cjs/react-dom.development.js:12042:22)
      at commitRootImpl (node_modules/react-dom/cjs/react-dom.development.js:26998:3)
      at commitRoot (node_modules/react-dom/cjs/react-dom.development.js:26721:5)
      at finishConcurrentRender (node_modules/react-dom/cjs/react-dom.development.js:26020:9)
      at performConcurrentWorkOnRoot (node_modules/react-dom/cjs/react-dom.development.js:25848:7)
      at flushActQueue (node_modules/react/cjs/react.development.js:2667:24)
      at act (node_modules/react/cjs/react.development.js:2582:11)
      at node_modules/@testing-library/react/dist/act-compat.js:46:25
      at renderRoot (node_modules/@testing-library/react/dist/pure.js:189:26)
      at render (node_modules/@testing-library/react/dist/pure.js:291:10)
      at Object.<anonymous> (src/renderer/components/MainPane/tabs/PhotosTab.test.tsx:392:11)

  ● US1 — Metadata icon button › clicking delete opens a confirm dialog without deleting immediately

    TypeError: fieldsRef.current?.scrollTo is not a function

      47 |
      48 |   useEffect(() => {
    > 49 |     fieldsRef.current?.scrollTo({ top: 0, behavior: 'smooth' });
         |                        ^
      50 |   }, [selected.id]);
      51 |
      52 |   return (

      at src/renderer/components/MainPane/tabs/PhotoDetailPane.tsx:49:24
      at commitHookEffectListMount (node_modules/react-dom/cjs/react-dom.development.js:23189:26)
      at commitPassiveMountOnFiber (node_modules/react-dom/cjs/react-dom.development.js:24970:11)
      at commitPassiveMountEffects_complete (node_modules/react-dom/cjs/react-dom.development.js:24930:9)
      at commitPassiveMountEffects_begin (node_modules/react-dom/cjs/react-dom.development.js:24917:7)
      at commitPassiveMountEffects (node_modules/react-dom/cjs/react-dom.development.js:24905:3)
      at flushPassiveEffectsImpl (node_modules/react-dom/cjs/react-dom.development.js:27078:3)
      at flushPassiveEffects (node_modules/react-dom/cjs/react-dom.development.js:27023:14)
      at performSyncWorkOnRoot (node_modules/react-dom/cjs/react-dom.development.js:26115:3)
      at flushSyncCallbacks (node_modules/react-dom/cjs/react-dom.development.js:12042:22)
      at commitRootImpl (node_modules/react-dom/cjs/react-dom.development.js:26998:3)
      at commitRoot (node_modules/react-dom/cjs/react-dom.development.js:26721:5)
      at finishConcurrentRender (node_modules/react-dom/cjs/react-dom.development.js:26020:9)
      at performConcurrentWorkOnRoot (node_modules/react-dom/cjs/react-dom.development.js:25848:7)
      at flushActQueue (node_modules/react/cjs/react.development.js:2667:24)
      at act (node_modules/react/cjs/react.development.js:2582:11)
      at node_modules/@testing-library/react/dist/act-compat.js:46:25
      at renderRoot (node_modules/@testing-library/react/dist/pure.js:189:26)
      at render (node_modules/@testing-library/react/dist/pure.js:291:10)
      at Object.<anonymous> (src/renderer/components/MainPane/tabs/PhotosTab.test.tsx:404:11)

  ● US1 — Metadata icon button › confirming the delete dialog calls photos.delete

    TypeError: fieldsRef.current?.scrollTo is not a function

      47 |
      48 |   useEffect(() => {
    > 49 |     fieldsRef.current?.scrollTo({ top: 0, behavior: 'smooth' });
         |                        ^
      50 |   }, [selected.id]);
      51 |
      52 |   return (

      at src/renderer/components/MainPane/tabs/PhotoDetailPane.tsx:49:24
      at commitHookEffectListMount (node_modules/react-dom/cjs/react-dom.development.js:23189:26)
      at commitPassiveMountOnFiber (node_modules/react-dom/cjs/react-dom.development.js:24970:11)
      at commitPassiveMountEffects_complete (node_modules/react-dom/cjs/react-dom.development.js:24930:9)
      at commitPassiveMountEffects_begin (node_modules/react-dom/cjs/react-dom.development.js:24917:7)
      at commitPassiveMountEffects (node_modules/react-dom/cjs/react-dom.development.js:24905:3)
      at flushPassiveEffectsImpl (node_modules/react-dom/cjs/react-dom.development.js:27078:3)
      at flushPassiveEffects (node_modules/react-dom/cjs/react-dom.development.js:27023:14)
      at performSyncWorkOnRoot (node_modules/react-dom/cjs/react-dom.development.js:26115:3)
      at flushSyncCallbacks (node_modules/react-dom/cjs/react-dom.development.js:12042:22)
      at commitRootImpl (node_modules/react-dom/cjs/react-dom.development.js:26998:3)
      at commitRoot (node_modules/react-dom/cjs/react-dom.development.js:26721:5)
      at finishConcurrentRender (node_modules/react-dom/cjs/react-dom.development.js:26020:9)
      at performConcurrentWorkOnRoot (node_modules/react-dom/cjs/react-dom.development.js:25848:7)
      at flushActQueue (node_modules/react/cjs/react.development.js:2667:24)
      at act (node_modules/react/cjs/react.development.js:2582:11)
      at node_modules/@testing-library/react/dist/act-compat.js:46:25
      at renderRoot (node_modules/@testing-library/react/dist/pure.js:189:26)
      at render (node_modules/@testing-library/react/dist/pure.js:291:10)
      at Object.<anonymous> (src/renderer/components/MainPane/tabs/PhotosTab.test.tsx:415:11)

  ● US1 — Metadata icon button › cancelling the delete dialog does not call photos.delete

    TypeError: fieldsRef.current?.scrollTo is not a function

      47 |
      48 |   useEffect(() => {
    > 49 |     fieldsRef.current?.scrollTo({ top: 0, behavior: 'smooth' });
         |                        ^
      50 |   }, [selected.id]);
      51 |
      52 |   return (

      at src/renderer/components/MainPane/tabs/PhotoDetailPane.tsx:49:24
      at commitHookEffectListMount (node_modules/react-dom/cjs/react-dom.development.js:23189:26)
      at commitPassiveMountOnFiber (node_modules/react-dom/cjs/react-dom.development.js:24970:11)
      at commitPassiveMountEffects_complete (node_modules/react-dom/cjs/react-dom.development.js:24930:9)
      at commitPassiveMountEffects_begin (node_modules/react-dom/cjs/react-dom.development.js:24917:7)
      at commitPassiveMountEffects (node_modules/react-dom/cjs/react-dom.development.js:24905:3)
      at flushPassiveEffectsImpl (node_modules/react-dom/cjs/react-dom.development.js:27078:3)
      at flushPassiveEffects (node_modules/react-dom/cjs/react-dom.development.js:27023:14)
      at performSyncWorkOnRoot (node_modules/react-dom/cjs/react-dom.development.js:26115:3)
      at flushSyncCallbacks (node_modules/react-dom/cjs/react-dom.development.js:12042:22)
      at commitRootImpl (node_modules/react-dom/cjs/react-dom.development.js:26998:3)
      at commitRoot (node_modules/react-dom/cjs/react-dom.development.js:26721:5)
      at finishConcurrentRender (node_modules/react-dom/cjs/react-dom.development.js:26020:9)
      at performConcurrentWorkOnRoot (node_modules/react-dom/cjs/react-dom.development.js:25848:7)
      at flushActQueue (node_modules/react/cjs/react.development.js:2667:24)
      at act (node_modules/react/cjs/react.development.js:2582:11)
      at node_modules/@testing-library/react/dist/act-compat.js:46:25
      at renderRoot (node_modules/@testing-library/react/dist/pure.js:189:26)
      at render (node_modules/@testing-library/react/dist/pure.js:291:10)
      at Object.<anonymous> (src/renderer/components/MainPane/tabs/PhotosTab.test.tsx:428:11)

  ● US1 — Move to shelter › clicking move opens the move dialog without moving immediately

    TypeError: fieldsRef.current?.scrollTo is not a function

      47 |
      48 |   useEffect(() => {
    > 49 |     fieldsRef.current?.scrollTo({ top: 0, behavior: 'smooth' });
         |                        ^
      50 |   }, [selected.id]);
      51 |
      52 |   return (

      at src/renderer/components/MainPane/tabs/PhotoDetailPane.tsx:49:24
      at commitHookEffectListMount (node_modules/react-dom/cjs/react-dom.development.js:23189:26)
      at commitPassiveMountOnFiber (node_modules/react-dom/cjs/react-dom.development.js:24970:11)
      at commitPassiveMountEffects_complete (node_modules/react-dom/cjs/react-dom.development.js:24930:9)
      at commitPassiveMountEffects_begin (node_modules/react-dom/cjs/react-dom.development.js:24917:7)
      at commitPassiveMountEffects (node_modules/react-dom/cjs/react-dom.development.js:24905:3)
      at flushPassiveEffectsImpl (node_modules/react-dom/cjs/react-dom.development.js:27078:3)
      at flushPassiveEffects (node_modules/react-dom/cjs/react-dom.development.js:27023:14)
      at performSyncWorkOnRoot (node_modules/react-dom/cjs/react-dom.development.js:26115:3)
      at flushSyncCallbacks (node_modules/react-dom/cjs/react-dom.development.js:12042:22)
      at commitRootImpl (node_modules/react-dom/cjs/react-dom.development.js:26998:3)
      at commitRoot (node_modules/react-dom/cjs/react-dom.development.js:26721:5)
      at finishConcurrentRender (node_modules/react-dom/cjs/react-dom.development.js:26020:9)
      at performConcurrentWorkOnRoot (node_modules/react-dom/cjs/react-dom.development.js:25848:7)
      at flushActQueue (node_modules/react/cjs/react.development.js:2667:24)
      at act (node_modules/react/cjs/react.development.js:2582:11)
      at node_modules/@testing-library/react/dist/act-compat.js:46:25
      at renderRoot (node_modules/@testing-library/react/dist/pure.js:189:26)
      at render (node_modules/@testing-library/react/dist/pure.js:291:10)
      at Object.<anonymous> (src/renderer/components/MainPane/tabs/PhotosTab.test.tsx:443:11)

  ● US1 — Move to shelter › confirming the move dialog calls photos.move and removes the photo from the current shelter list

    TypeError: fieldsRef.current?.scrollTo is not a function

      47 |
      48 |   useEffect(() => {
    > 49 |     fieldsRef.current?.scrollTo({ top: 0, behavior: 'smooth' });
         |                        ^
      50 |   }, [selected.id]);
      51 |
      52 |   return (

      at src/renderer/components/MainPane/tabs/PhotoDetailPane.tsx:49:24
      at commitHookEffectListMount (node_modules/react-dom/cjs/react-dom.development.js:23189:26)
      at commitPassiveMountOnFiber (node_modules/react-dom/cjs/react-dom.development.js:24970:11)
      at commitPassiveMountEffects_complete (node_modules/react-dom/cjs/react-dom.development.js:24930:9)
      at commitPassiveMountEffects_begin (node_modules/react-dom/cjs/react-dom.development.js:24917:7)
      at commitPassiveMountEffects (node_modules/react-dom/cjs/react-dom.development.js:24905:3)
      at flushPassiveEffectsImpl (node_modules/react-dom/cjs/react-dom.development.js:27078:3)
      at flushPassiveEffects (node_modules/react-dom/cjs/react-dom.development.js:27023:14)
      at performSyncWorkOnRoot (node_modules/react-dom/cjs/react-dom.development.js:26115:3)
      at flushSyncCallbacks (node_modules/react-dom/cjs/react-dom.development.js:12042:22)
      at commitRootImpl (node_modules/react-dom/cjs/react-dom.development.js:26998:3)
      at commitRoot (node_modules/react-dom/cjs/react-dom.development.js:26721:5)
      at finishConcurrentRender (node_modules/react-dom/cjs/react-dom.development.js:26020:9)
      at performConcurrentWorkOnRoot (node_modules/react-dom/cjs/react-dom.development.js:25848:7)
      at flushActQueue (node_modules/react/cjs/react.development.js:2667:24)
      at act (node_modules/react/cjs/react.development.js:2582:11)
      at node_modules/@testing-library/react/dist/act-compat.js:46:25
      at renderRoot (node_modules/@testing-library/react/dist/pure.js:189:26)
      at render (node_modules/@testing-library/react/dist/pure.js:291:10)
      at Object.<anonymous> (src/renderer/components/MainPane/tabs/PhotosTab.test.tsx:455:11)

  ● US1 — Move to shelter › cancelling the move dialog does not call photos.move

    TypeError: fieldsRef.current?.scrollTo is not a function

      47 |
      48 |   useEffect(() => {
    > 49 |     fieldsRef.current?.scrollTo({ top: 0, behavior: 'smooth' });
         |                        ^
      50 |   }, [selected.id]);
      51 |
      52 |   return (

      at src/renderer/components/MainPane/tabs/PhotoDetailPane.tsx:49:24
      at commitHookEffectListMount (node_modules/react-dom/cjs/react-dom.development.js:23189:26)
      at commitPassiveMountOnFiber (node_modules/react-dom/cjs/react-dom.development.js:24970:11)
      at commitPassiveMountEffects_complete (node_modules/react-dom/cjs/react-dom.development.js:24930:9)
      at commitPassiveMountEffects_begin (node_modules/react-dom/cjs/react-dom.development.js:24917:7)
      at commitPassiveMountEffects (node_modules/react-dom/cjs/react-dom.development.js:24905:3)
      at flushPassiveEffectsImpl (node_modules/react-dom/cjs/react-dom.development.js:27078:3)
      at flushPassiveEffects (node_modules/react-dom/cjs/react-dom.development.js:27023:14)
      at performSyncWorkOnRoot (node_modules/react-dom/cjs/react-dom.development.js:26115:3)
      at flushSyncCallbacks (node_modules/react-dom/cjs/react-dom.development.js:12042:22)
      at commitRootImpl (node_modules/react-dom/cjs/react-dom.development.js:26998:3)
      at commitRoot (node_modules/react-dom/cjs/react-dom.development.js:26721:5)
      at finishConcurrentRender (node_modules/react-dom/cjs/react-dom.development.js:26020:9)
      at performConcurrentWorkOnRoot (node_modules/react-dom/cjs/react-dom.development.js:25848:7)
      at flushActQueue (node_modules/react/cjs/react.development.js:2667:24)
      at act (node_modules/react/cjs/react.development.js:2582:11)
      at node_modules/@testing-library/react/dist/act-compat.js:46:25
      at renderRoot (node_modules/@testing-library/react/dist/pure.js:189:26)
      at render (node_modules/@testing-library/react/dist/pure.js:291:10)
      at Object.<anonymous> (src/renderer/components/MainPane/tabs/PhotosTab.test.tsx:471:11)

  ● US1 — Move to shelter › shows a failure toast and makes no state change when photos.move rejects

    TypeError: fieldsRef.current?.scrollTo is not a function

      47 |
      48 |   useEffect(() => {
    > 49 |     fieldsRef.current?.scrollTo({ top: 0, behavior: 'smooth' });
         |                        ^
      50 |   }, [selected.id]);
      51 |
      52 |   return (

      at src/renderer/components/MainPane/tabs/PhotoDetailPane.tsx:49:24
      at commitHookEffectListMount (node_modules/react-dom/cjs/react-dom.development.js:23189:26)
      at commitPassiveMountOnFiber (node_modules/react-dom/cjs/react-dom.development.js:24970:11)
      at commitPassiveMountEffects_complete (node_modules/react-dom/cjs/react-dom.development.js:24930:9)
      at commitPassiveMountEffects_begin (node_modules/react-dom/cjs/react-dom.development.js:24917:7)
      at commitPassiveMountEffects (node_modules/react-dom/cjs/react-dom.development.js:24905:3)
      at flushPassiveEffectsImpl (node_modules/react-dom/cjs/react-dom.development.js:27078:3)
      at flushPassiveEffects (node_modules/react-dom/cjs/react-dom.development.js:27023:14)
      at performSyncWorkOnRoot (node_modules/react-dom/cjs/react-dom.development.js:26115:3)
      at flushSyncCallbacks (node_modules/react-dom/cjs/react-dom.development.js:12042:22)
      at commitRootImpl (node_modules/react-dom/cjs/react-dom.development.js:26998:3)
      at commitRoot (node_modules/react-dom/cjs/react-dom.development.js:26721:5)
      at finishConcurrentRender (node_modules/react-dom/cjs/react-dom.development.js:26020:9)
      at performConcurrentWorkOnRoot (node_modules/react-dom/cjs/react-dom.development.js:25848:7)
      at flushActQueue (node_modules/react/cjs/react.development.js:2667:24)
      at act (node_modules/react/cjs/react.development.js:2582:11)
      at node_modules/@testing-library/react/dist/act-compat.js:46:25
      at renderRoot (node_modules/@testing-library/react/dist/pure.js:189:26)
      at render (node_modules/@testing-library/react/dist/pure.js:291:10)
      at Object.<anonymous> (src/renderer/components/MainPane/tabs/PhotosTab.test.tsx:485:11)

  ● US1 — Move to shelter › clears the source shelter default_photo_id when the moved photo was the default (FR-008)

    TypeError: fieldsRef.current?.scrollTo is not a function

      47 |
      48 |   useEffect(() => {
    > 49 |     fieldsRef.current?.scrollTo({ top: 0, behavior: 'smooth' });
         |                        ^
      50 |   }, [selected.id]);
      51 |
      52 |   return (

      at src/renderer/components/MainPane/tabs/PhotoDetailPane.tsx:49:24
      at commitHookEffectListMount (node_modules/react-dom/cjs/react-dom.development.js:23189:26)
      at commitPassiveMountOnFiber (node_modules/react-dom/cjs/react-dom.development.js:24970:11)
      at commitPassiveMountEffects_complete (node_modules/react-dom/cjs/react-dom.development.js:24930:9)
      at commitPassiveMountEffects_begin (node_modules/react-dom/cjs/react-dom.development.js:24917:7)
      at commitPassiveMountEffects (node_modules/react-dom/cjs/react-dom.development.js:24905:3)
      at flushPassiveEffectsImpl (node_modules/react-dom/cjs/react-dom.development.js:27078:3)
      at flushPassiveEffects (node_modules/react-dom/cjs/react-dom.development.js:27023:14)
      at performSyncWorkOnRoot (node_modules/react-dom/cjs/react-dom.development.js:26115:3)
      at flushSyncCallbacks (node_modules/react-dom/cjs/react-dom.development.js:12042:22)
      at commitRootImpl (node_modules/react-dom/cjs/react-dom.development.js:26998:3)
      at commitRoot (node_modules/react-dom/cjs/react-dom.development.js:26721:5)
      at finishConcurrentRender (node_modules/react-dom/cjs/react-dom.development.js:26020:9)
      at performConcurrentWorkOnRoot (node_modules/react-dom/cjs/react-dom.development.js:25848:7)
      at flushActQueue (node_modules/react/cjs/react.development.js:2667:24)
      at act (node_modules/react/cjs/react.development.js:2582:11)
      at node_modules/@testing-library/react/dist/act-compat.js:46:25
      at renderRoot (node_modules/@testing-library/react/dist/pure.js:189:26)
      at render (node_modules/@testing-library/react/dist/pure.js:291:10)
      at Object.<anonymous> (src/renderer/components/MainPane/tabs/PhotosTab.test.tsx:500:11)

  ● US1 — Move to shelter › disables the move button when no other shelter exists

    TypeError: fieldsRef.current?.scrollTo is not a function

      47 |
      48 |   useEffect(() => {
    > 49 |     fieldsRef.current?.scrollTo({ top: 0, behavior: 'smooth' });
         |                        ^
      50 |   }, [selected.id]);
      51 |
      52 |   return (

      at src/renderer/components/MainPane/tabs/PhotoDetailPane.tsx:49:24
      at commitHookEffectListMount (node_modules/react-dom/cjs/react-dom.development.js:23189:26)
      at commitPassiveMountOnFiber (node_modules/react-dom/cjs/react-dom.development.js:24970:11)
      at commitPassiveMountEffects_complete (node_modules/react-dom/cjs/react-dom.development.js:24930:9)
      at commitPassiveMountEffects_begin (node_modules/react-dom/cjs/react-dom.development.js:24917:7)
      at commitPassiveMountEffects (node_modules/react-dom/cjs/react-dom.development.js:24905:3)
      at flushPassiveEffectsImpl (node_modules/react-dom/cjs/react-dom.development.js:27078:3)
      at flushPassiveEffects (node_modules/react-dom/cjs/react-dom.development.js:27023:14)
      at performSyncWorkOnRoot (node_modules/react-dom/cjs/react-dom.development.js:26115:3)
      at flushSyncCallbacks (node_modules/react-dom/cjs/react-dom.development.js:12042:22)
      at commitRootImpl (node_modules/react-dom/cjs/react-dom.development.js:26998:3)
      at commitRoot (node_modules/react-dom/cjs/react-dom.development.js:26721:5)
      at finishConcurrentRender (node_modules/react-dom/cjs/react-dom.development.js:26020:9)
      at performConcurrentWorkOnRoot (node_modules/react-dom/cjs/react-dom.development.js:25848:7)
      at flushActQueue (node_modules/react/cjs/react.development.js:2667:24)
      at act (node_modules/react/cjs/react.development.js:2582:11)
      at node_modules/@testing-library/react/dist/act-compat.js:46:25
      at renderRoot (node_modules/@testing-library/react/dist/pure.js:189:26)
      at render (node_modules/@testing-library/react/dist/pure.js:291:10)
      at Object.<anonymous> (src/renderer/components/MainPane/tabs/PhotosTab.test.tsx:514:11)

  ● include_in_post quick-toggle checkbox › grid: renders unchecked checkbox when include_in_post is false

    TypeError: fieldsRef.current?.scrollTo is not a function

      47 |
      48 |   useEffect(() => {
    > 49 |     fieldsRef.current?.scrollTo({ top: 0, behavior: 'smooth' });
         |                        ^
      50 |   }, [selected.id]);
      51 |
      52 |   return (

      at src/renderer/components/MainPane/tabs/PhotoDetailPane.tsx:49:24
      at commitHookEffectListMount (node_modules/react-dom/cjs/react-dom.development.js:23189:26)
      at commitPassiveMountOnFiber (node_modules/react-dom/cjs/react-dom.development.js:24970:11)
      at commitPassiveMountEffects_complete (node_modules/react-dom/cjs/react-dom.development.js:24930:9)
      at commitPassiveMountEffects_begin (node_modules/react-dom/cjs/react-dom.development.js:24917:7)
      at commitPassiveMountEffects (node_modules/react-dom/cjs/react-dom.development.js:24905:3)
      at flushPassiveEffectsImpl (node_modules/react-dom/cjs/react-dom.development.js:27078:3)
      at flushPassiveEffects (node_modules/react-dom/cjs/react-dom.development.js:27023:14)
      at performSyncWorkOnRoot (node_modules/react-dom/cjs/react-dom.development.js:26115:3)
      at flushSyncCallbacks (node_modules/react-dom/cjs/react-dom.development.js:12042:22)
      at commitRootImpl (node_modules/react-dom/cjs/react-dom.development.js:26998:3)
      at commitRoot (node_modules/react-dom/cjs/react-dom.development.js:26721:5)
      at finishConcurrentRender (node_modules/react-dom/cjs/react-dom.development.js:26020:9)
      at performConcurrentWorkOnRoot (node_modules/react-dom/cjs/react-dom.development.js:25848:7)
      at flushActQueue (node_modules/react/cjs/react.development.js:2667:24)
      at act (node_modules/react/cjs/react.development.js:2582:11)
      at node_modules/@testing-library/react/dist/act-compat.js:46:25
      at renderRoot (node_modules/@testing-library/react/dist/pure.js:189:26)
      at render (node_modules/@testing-library/react/dist/pure.js:291:10)
      at Object.<anonymous> (src/renderer/components/MainPane/tabs/PhotosTab.test.tsx:525:11)

  ● include_in_post quick-toggle checkbox › photo drag reordering › grid: renders photos as sortable cards in order

    TypeError: fieldsRef.current?.scrollTo is not a function

      47 |
      48 |   useEffect(() => {
    > 49 |     fieldsRef.current?.scrollTo({ top: 0, behavior: 'smooth' });
         |                        ^
      50 |   }, [selected.id]);
      51 |
      52 |   return (

      at src/renderer/components/MainPane/tabs/PhotoDetailPane.tsx:49:24
      at commitHookEffectListMount (node_modules/react-dom/cjs/react-dom.development.js:23189:26)
      at commitPassiveMountOnFiber (node_modules/react-dom/cjs/react-dom.development.js:24970:11)
      at commitPassiveMountEffects_complete (node_modules/react-dom/cjs/react-dom.development.js:24930:9)
      at commitPassiveMountEffects_begin (node_modules/react-dom/cjs/react-dom.development.js:24917:7)
      at commitPassiveMountEffects (node_modules/react-dom/cjs/react-dom.development.js:24905:3)
      at flushPassiveEffectsImpl (node_modules/react-dom/cjs/react-dom.development.js:27078:3)
      at flushPassiveEffects (node_modules/react-dom/cjs/react-dom.development.js:27023:14)
      at performSyncWorkOnRoot (node_modules/react-dom/cjs/react-dom.development.js:26115:3)
      at flushSyncCallbacks (node_modules/react-dom/cjs/react-dom.development.js:12042:22)
      at commitRootImpl (node_modules/react-dom/cjs/react-dom.development.js:26998:3)
      at commitRoot (node_modules/react-dom/cjs/react-dom.development.js:26721:5)
      at finishConcurrentRender (node_modules/react-dom/cjs/react-dom.development.js:26020:9)
      at performConcurrentWorkOnRoot (node_modules/react-dom/cjs/react-dom.development.js:25848:7)
      at flushActQueue (node_modules/react/cjs/react.development.js:2667:24)
      at act (node_modules/react/cjs/react.development.js:2582:11)
      at node_modules/@testing-library/react/dist/act-compat.js:46:25
      at renderRoot (node_modules/@testing-library/react/dist/pure.js:189:26)
      at render (node_modules/@testing-library/react/dist/pure.js:291:10)
      at Object.<anonymous> (src/renderer/components/MainPane/tabs/PhotosTab.test.tsx:544:13)

  ● include_in_post quick-toggle checkbox › photo drag reordering › list: renders rows as sortable items in order

    TypeError: fieldsRef.current?.scrollTo is not a function

      47 |
      48 |   useEffect(() => {
    > 49 |     fieldsRef.current?.scrollTo({ top: 0, behavior: 'smooth' });
         |                        ^
      50 |   }, [selected.id]);
      51 |
      52 |   return (

      at src/renderer/components/MainPane/tabs/PhotoDetailPane.tsx:49:24
      at commitHookEffectListMount (node_modules/react-dom/cjs/react-dom.development.js:23189:26)
      at commitPassiveMountOnFiber (node_modules/react-dom/cjs/react-dom.development.js:24970:11)
      at commitPassiveMountEffects_complete (node_modules/react-dom/cjs/react-dom.development.js:24930:9)
      at commitPassiveMountEffects_begin (node_modules/react-dom/cjs/react-dom.development.js:24917:7)
      at commitPassiveMountEffects (node_modules/react-dom/cjs/react-dom.development.js:24905:3)
      at flushPassiveEffectsImpl (node_modules/react-dom/cjs/react-dom.development.js:27078:3)
      at flushPassiveEffects (node_modules/react-dom/cjs/react-dom.development.js:27023:14)
      at performSyncWorkOnRoot (node_modules/react-dom/cjs/react-dom.development.js:26115:3)
      at flushSyncCallbacks (node_modules/react-dom/cjs/react-dom.development.js:12042:22)
      at commitRootImpl (node_modules/react-dom/cjs/react-dom.development.js:26998:3)
      at commitRoot (node_modules/react-dom/cjs/react-dom.development.js:26721:5)
      at finishConcurrentRender (node_modules/react-dom/cjs/react-dom.development.js:26020:9)
      at performConcurrentWorkOnRoot (node_modules/react-dom/cjs/react-dom.development.js:25848:7)
      at flushActQueue (node_modules/react/cjs/react.development.js:2667:24)
      at act (node_modules/react/cjs/react.development.js:2582:11)
      at node_modules/@testing-library/react/dist/act-compat.js:46:25
      at renderRoot (node_modules/@testing-library/react/dist/pure.js:189:26)
      at render (node_modules/@testing-library/react/dist/pure.js:291:10)
      at Object.<anonymous> (src/renderer/components/MainPane/tabs/PhotosTab.test.tsx:555:13)

  ● include_in_post quick-toggle checkbox › grid: renders checked checkbox when include_in_post is true

    TypeError: fieldsRef.current?.scrollTo is not a function

      47 |
      48 |   useEffect(() => {
    > 49 |     fieldsRef.current?.scrollTo({ top: 0, behavior: 'smooth' });
         |                        ^
      50 |   }, [selected.id]);
      51 |
      52 |   return (

      at src/renderer/components/MainPane/tabs/PhotoDetailPane.tsx:49:24
      at commitHookEffectListMount (node_modules/react-dom/cjs/react-dom.development.js:23189:26)
      at commitPassiveMountOnFiber (node_modules/react-dom/cjs/react-dom.development.js:24970:11)
      at commitPassiveMountEffects_complete (node_modules/react-dom/cjs/react-dom.development.js:24930:9)
      at commitPassiveMountEffects_begin (node_modules/react-dom/cjs/react-dom.development.js:24917:7)
      at commitPassiveMountEffects (node_modules/react-dom/cjs/react-dom.development.js:24905:3)
      at flushPassiveEffectsImpl (node_modules/react-dom/cjs/react-dom.development.js:27078:3)
      at flushPassiveEffects (node_modules/react-dom/cjs/react-dom.development.js:27023:14)
      at performSyncWorkOnRoot (node_modules/react-dom/cjs/react-dom.development.js:26115:3)
      at flushSyncCallbacks (node_modules/react-dom/cjs/react-dom.development.js:12042:22)
      at commitRootImpl (node_modules/react-dom/cjs/react-dom.development.js:26998:3)
      at commitRoot (node_modules/react-dom/cjs/react-dom.development.js:26721:5)
      at finishConcurrentRender (node_modules/react-dom/cjs/react-dom.development.js:26020:9)
      at performConcurrentWorkOnRoot (node_modules/react-dom/cjs/react-dom.development.js:25848:7)
      at flushActQueue (node_modules/react/cjs/react.development.js:2667:24)
      at act (node_modules/react/cjs/react.development.js:2582:11)
      at node_modules/@testing-library/react/dist/act-compat.js:46:25
      at renderRoot (node_modules/@testing-library/react/dist/pure.js:189:26)
      at render (node_modules/@testing-library/react/dist/pure.js:291:10)
      at Object.<anonymous> (src/renderer/components/MainPane/tabs/PhotosTab.test.tsx:569:11)

  ● include_in_post quick-toggle checkbox › grid: clicking checkbox calls photos.update with toggled include_in_post

    TypeError: fieldsRef.current?.scrollTo is not a function

      47 |
      48 |   useEffect(() => {
    > 49 |     fieldsRef.current?.scrollTo({ top: 0, behavior: 'smooth' });
         |                        ^
      50 |   }, [selected.id]);
      51 |
      52 |   return (

      at src/renderer/components/MainPane/tabs/PhotoDetailPane.tsx:49:24
      at commitHookEffectListMount (node_modules/react-dom/cjs/react-dom.development.js:23189:26)
      at commitPassiveMountOnFiber (node_modules/react-dom/cjs/react-dom.development.js:24970:11)
      at commitPassiveMountEffects_complete (node_modules/react-dom/cjs/react-dom.development.js:24930:9)
      at commitPassiveMountEffects_begin (node_modules/react-dom/cjs/react-dom.development.js:24917:7)
      at commitPassiveMountEffects (node_modules/react-dom/cjs/react-dom.development.js:24905:3)
      at flushPassiveEffectsImpl (node_modules/react-dom/cjs/react-dom.development.js:27078:3)
      at flushPassiveEffects (node_modules/react-dom/cjs/react-dom.development.js:27023:14)
      at performSyncWorkOnRoot (node_modules/react-dom/cjs/react-dom.development.js:26115:3)
      at flushSyncCallbacks (node_modules/react-dom/cjs/react-dom.development.js:12042:22)
      at commitRootImpl (node_modules/react-dom/cjs/react-dom.development.js:26998:3)
      at commitRoot (node_modules/react-dom/cjs/react-dom.development.js:26721:5)
      at finishConcurrentRender (node_modules/react-dom/cjs/react-dom.development.js:26020:9)
      at performConcurrentWorkOnRoot (node_modules/react-dom/cjs/react-dom.development.js:25848:7)
      at flushActQueue (node_modules/react/cjs/react.development.js:2667:24)
      at act (node_modules/react/cjs/react.development.js:2582:11)
      at node_modules/@testing-library/react/dist/act-compat.js:46:25
      at renderRoot (node_modules/@testing-library/react/dist/pure.js:189:26)
      at render (node_modules/@testing-library/react/dist/pure.js:291:10)
      at Object.<anonymous> (src/renderer/components/MainPane/tabs/PhotosTab.test.tsx:577:11)

  ● include_in_post quick-toggle checkbox › list: renders unchecked checkbox when include_in_post is false

    TypeError: fieldsRef.current?.scrollTo is not a function

      47 |
      48 |   useEffect(() => {
    > 49 |     fieldsRef.current?.scrollTo({ top: 0, behavior: 'smooth' });
         |                        ^
      50 |   }, [selected.id]);
      51 |
      52 |   return (

      at src/renderer/components/MainPane/tabs/PhotoDetailPane.tsx:49:24
      at commitHookEffectListMount (node_modules/react-dom/cjs/react-dom.development.js:23189:26)
      at commitPassiveMountOnFiber (node_modules/react-dom/cjs/react-dom.development.js:24970:11)
      at commitPassiveMountEffects_complete (node_modules/react-dom/cjs/react-dom.development.js:24930:9)
      at commitPassiveMountEffects_begin (node_modules/react-dom/cjs/react-dom.development.js:24917:7)
      at commitPassiveMountEffects (node_modules/react-dom/cjs/react-dom.development.js:24905:3)
      at flushPassiveEffectsImpl (node_modules/react-dom/cjs/react-dom.development.js:27078:3)
      at flushPassiveEffects (node_modules/react-dom/cjs/react-dom.development.js:27023:14)
      at performSyncWorkOnRoot (node_modules/react-dom/cjs/react-dom.development.js:26115:3)
      at flushSyncCallbacks (node_modules/react-dom/cjs/react-dom.development.js:12042:22)
      at commitRootImpl (node_modules/react-dom/cjs/react-dom.development.js:26998:3)
      at commitRoot (node_modules/react-dom/cjs/react-dom.development.js:26721:5)
      at finishConcurrentRender (node_modules/react-dom/cjs/react-dom.development.js:26020:9)
      at performConcurrentWorkOnRoot (node_modules/react-dom/cjs/react-dom.development.js:25848:7)
      at flushActQueue (node_modules/react/cjs/react.development.js:2667:24)
      at act (node_modules/react/cjs/react.development.js:2582:11)
      at node_modules/@testing-library/react/dist/act-compat.js:46:25
      at renderRoot (node_modules/@testing-library/react/dist/pure.js:189:26)
      at render (node_modules/@testing-library/react/dist/pure.js:291:10)
      at Object.<anonymous> (src/renderer/components/MainPane/tabs/PhotosTab.test.tsx:588:11)

  ● include_in_post quick-toggle checkbox › list: renders checked checkbox when include_in_post is true

    TypeError: fieldsRef.current?.scrollTo is not a function

      47 |
      48 |   useEffect(() => {
    > 49 |     fieldsRef.current?.scrollTo({ top: 0, behavior: 'smooth' });
         |                        ^
      50 |   }, [selected.id]);
      51 |
      52 |   return (

      at src/renderer/components/MainPane/tabs/PhotoDetailPane.tsx:49:24
      at commitHookEffectListMount (node_modules/react-dom/cjs/react-dom.development.js:23189:26)
      at commitPassiveMountOnFiber (node_modules/react-dom/cjs/react-dom.development.js:24970:11)
      at commitPassiveMountEffects_complete (node_modules/react-dom/cjs/react-dom.development.js:24930:9)
      at commitPassiveMountEffects_begin (node_modules/react-dom/cjs/react-dom.development.js:24917:7)
      at commitPassiveMountEffects (node_modules/react-dom/cjs/react-dom.development.js:24905:3)
      at flushPassiveEffectsImpl (node_modules/react-dom/cjs/react-dom.development.js:27078:3)
      at flushPassiveEffects (node_modules/react-dom/cjs/react-dom.development.js:27023:14)
      at performSyncWorkOnRoot (node_modules/react-dom/cjs/react-dom.development.js:26115:3)
      at flushSyncCallbacks (node_modules/react-dom/cjs/react-dom.development.js:12042:22)
      at commitRootImpl (node_modules/react-dom/cjs/react-dom.development.js:26998:3)
      at commitRoot (node_modules/react-dom/cjs/react-dom.development.js:26721:5)
      at finishConcurrentRender (node_modules/react-dom/cjs/react-dom.development.js:26020:9)
      at performConcurrentWorkOnRoot (node_modules/react-dom/cjs/react-dom.development.js:25848:7)
      at flushActQueue (node_modules/react/cjs/react.development.js:2667:24)
      at act (node_modules/react/cjs/react.development.js:2582:11)
      at node_modules/@testing-library/react/dist/act-compat.js:46:25
      at renderRoot (node_modules/@testing-library/react/dist/pure.js:189:26)
      at render (node_modules/@testing-library/react/dist/pure.js:291:10)
      at Object.<anonymous> (src/renderer/components/MainPane/tabs/PhotosTab.test.tsx:597:11)

  ● include_in_post quick-toggle checkbox › list: clicking checkbox calls photos.update with toggled include_in_post

    TypeError: fieldsRef.current?.scrollTo is not a function

      47 |
      48 |   useEffect(() => {
    > 49 |     fieldsRef.current?.scrollTo({ top: 0, behavior: 'smooth' });
         |                        ^
      50 |   }, [selected.id]);
      51 |
      52 |   return (

      at src/renderer/components/MainPane/tabs/PhotoDetailPane.tsx:49:24
      at commitHookEffectListMount (node_modules/react-dom/cjs/react-dom.development.js:23189:26)
      at commitPassiveMountOnFiber (node_modules/react-dom/cjs/react-dom.development.js:24970:11)
      at commitPassiveMountEffects_complete (node_modules/react-dom/cjs/react-dom.development.js:24930:9)
      at commitPassiveMountEffects_begin (node_modules/react-dom/cjs/react-dom.development.js:24917:7)
      at commitPassiveMountEffects (node_modules/react-dom/cjs/react-dom.development.js:24905:3)
      at flushPassiveEffectsImpl (node_modules/react-dom/cjs/react-dom.development.js:27078:3)
      at flushPassiveEffects (node_modules/react-dom/cjs/react-dom.development.js:27023:14)
      at performSyncWorkOnRoot (node_modules/react-dom/cjs/react-dom.development.js:26115:3)
      at flushSyncCallbacks (node_modules/react-dom/cjs/react-dom.development.js:12042:22)
      at commitRootImpl (node_modules/react-dom/cjs/react-dom.development.js:26998:3)
      at commitRoot (node_modules/react-dom/cjs/react-dom.development.js:26721:5)
      at finishConcurrentRender (node_modules/react-dom/cjs/react-dom.development.js:26020:9)
      at performConcurrentWorkOnRoot (node_modules/react-dom/cjs/react-dom.development.js:25848:7)
      at flushActQueue (node_modules/react/cjs/react.development.js:2667:24)
      at act (node_modules/react/cjs/react.development.js:2582:11)
      at node_modules/@testing-library/react/dist/act-compat.js:46:25
      at renderRoot (node_modules/@testing-library/react/dist/pure.js:189:26)
      at render (node_modules/@testing-library/react/dist/pure.js:291:10)
      at Object.<anonymous> (src/renderer/components/MainPane/tabs/PhotosTab.test.tsx:606:11)

  ● US1 — Sync from File button › T014a: "Sync from File" button is present when a photo is selected

    TypeError: fieldsRef.current?.scrollTo is not a function

      47 |
      48 |   useEffect(() => {
    > 49 |     fieldsRef.current?.scrollTo({ top: 0, behavior: 'smooth' });
         |                        ^
      50 |   }, [selected.id]);
      51 |
      52 |   return (

      at src/renderer/components/MainPane/tabs/PhotoDetailPane.tsx:49:24
      at commitHookEffectListMount (node_modules/react-dom/cjs/react-dom.development.js:23189:26)
      at commitPassiveMountOnFiber (node_modules/react-dom/cjs/react-dom.development.js:24970:11)
      at commitPassiveMountEffects_complete (node_modules/react-dom/cjs/react-dom.development.js:24930:9)
      at commitPassiveMountEffects_begin (node_modules/react-dom/cjs/react-dom.development.js:24917:7)
      at commitPassiveMountEffects (node_modules/react-dom/cjs/react-dom.development.js:24905:3)
      at flushPassiveEffectsImpl (node_modules/react-dom/cjs/react-dom.development.js:27078:3)
      at flushPassiveEffects (node_modules/react-dom/cjs/react-dom.development.js:27023:14)
      at performSyncWorkOnRoot (node_modules/react-dom/cjs/react-dom.development.js:26115:3)
      at flushSyncCallbacks (node_modules/react-dom/cjs/react-dom.development.js:12042:22)
      at commitRootImpl (node_modules/react-dom/cjs/react-dom.development.js:26998:3)
      at commitRoot (node_modules/react-dom/cjs/react-dom.development.js:26721:5)
      at finishConcurrentRender (node_modules/react-dom/cjs/react-dom.development.js:26020:9)
      at performConcurrentWorkOnRoot (node_modules/react-dom/cjs/react-dom.development.js:25848:7)
      at flushActQueue (node_modules/react/cjs/react.development.js:2667:24)
      at act (node_modules/react/cjs/react.development.js:2582:11)
      at node_modules/@testing-library/react/dist/act-compat.js:46:25
      at renderRoot (node_modules/@testing-library/react/dist/pure.js:189:26)
      at render (node_modules/@testing-library/react/dist/pure.js:291:10)
      at Object.<anonymous> (src/renderer/components/MainPane/tabs/PhotosTab.test.tsx:622:11)

  ● US1 — Sync from File button › photo date taken field › accepts a year-only value and saves it

    TypeError: fieldsRef.current?.scrollTo is not a function

      47 |
      48 |   useEffect(() => {
    > 49 |     fieldsRef.current?.scrollTo({ top: 0, behavior: 'smooth' });
         |                        ^
      50 |   }, [selected.id]);
      51 |
      52 |   return (

      at src/renderer/components/MainPane/tabs/PhotoDetailPane.tsx:49:24
      at commitHookEffectListMount (node_modules/react-dom/cjs/react-dom.development.js:23189:26)
      at commitPassiveMountOnFiber (node_modules/react-dom/cjs/react-dom.development.js:24970:11)
      at commitPassiveMountEffects_complete (node_modules/react-dom/cjs/react-dom.development.js:24930:9)
      at commitPassiveMountEffects_begin (node_modules/react-dom/cjs/react-dom.development.js:24917:7)
      at commitPassiveMountEffects (node_modules/react-dom/cjs/react-dom.development.js:24905:3)
      at flushPassiveEffectsImpl (node_modules/react-dom/cjs/react-dom.development.js:27078:3)
      at flushPassiveEffects (node_modules/react-dom/cjs/react-dom.development.js:27023:14)
      at performSyncWorkOnRoot (node_modules/react-dom/cjs/react-dom.development.js:26115:3)
      at flushSyncCallbacks (node_modules/react-dom/cjs/react-dom.development.js:12042:22)
      at commitRootImpl (node_modules/react-dom/cjs/react-dom.development.js:26998:3)
      at commitRoot (node_modules/react-dom/cjs/react-dom.development.js:26721:5)
      at finishConcurrentRender (node_modules/react-dom/cjs/react-dom.development.js:26020:9)
      at performConcurrentWorkOnRoot (node_modules/react-dom/cjs/react-dom.development.js:25848:7)
      at flushActQueue (node_modules/react/cjs/react.development.js:2667:24)
      at act (node_modules/react/cjs/react.development.js:2582:11)
      at node_modules/@testing-library/react/dist/act-compat.js:46:25
      at renderRoot (node_modules/@testing-library/react/dist/pure.js:189:26)
      at render (node_modules/@testing-library/react/dist/pure.js:291:10)
      at Object.<anonymous> (src/renderer/components/MainPane/tabs/PhotosTab.test.tsx:633:13)

  ● US1 — Sync from File button › T014b: "Import from File" label is absent

    TypeError: fieldsRef.current?.scrollTo is not a function

      47 |
      48 |   useEffect(() => {
    > 49 |     fieldsRef.current?.scrollTo({ top: 0, behavior: 'smooth' });
         |                        ^
      50 |   }, [selected.id]);
      51 |
      52 |   return (

      at src/renderer/components/MainPane/tabs/PhotoDetailPane.tsx:49:24
      at commitHookEffectListMount (node_modules/react-dom/cjs/react-dom.development.js:23189:26)
      at commitPassiveMountOnFiber (node_modules/react-dom/cjs/react-dom.development.js:24970:11)
      at commitPassiveMountEffects_complete (node_modules/react-dom/cjs/react-dom.development.js:24930:9)
      at commitPassiveMountEffects_begin (node_modules/react-dom/cjs/react-dom.development.js:24917:7)
      at commitPassiveMountEffects (node_modules/react-dom/cjs/react-dom.development.js:24905:3)
      at flushPassiveEffectsImpl (node_modules/react-dom/cjs/react-dom.development.js:27078:3)
      at flushPassiveEffects (node_modules/react-dom/cjs/react-dom.development.js:27023:14)
      at performSyncWorkOnRoot (node_modules/react-dom/cjs/react-dom.development.js:26115:3)
      at flushSyncCallbacks (node_modules/react-dom/cjs/react-dom.development.js:12042:22)
      at commitRootImpl (node_modules/react-dom/cjs/react-dom.development.js:26998:3)
      at commitRoot (node_modules/react-dom/cjs/react-dom.development.js:26721:5)
      at finishConcurrentRender (node_modules/react-dom/cjs/react-dom.development.js:26020:9)
      at performConcurrentWorkOnRoot (node_modules/react-dom/cjs/react-dom.development.js:25848:7)
      at flushActQueue (node_modules/react/cjs/react.development.js:2667:24)
      at act (node_modules/react/cjs/react.development.js:2582:11)
      at node_modules/@testing-library/react/dist/act-compat.js:46:25
      at renderRoot (node_modules/@testing-library/react/dist/pure.js:189:26)
      at render (node_modules/@testing-library/react/dist/pure.js:291:10)
      at Object.<anonymous> (src/renderer/components/MainPane/tabs/PhotosTab.test.tsx:654:11)

  ● default photo badge (grid view) › renders the default badge as an overlay inside the photo thumb

    TypeError: fieldsRef.current?.scrollTo is not a function

      47 |
      48 |   useEffect(() => {
    > 49 |     fieldsRef.current?.scrollTo({ top: 0, behavior: 'smooth' });
         |                        ^
      50 |   }, [selected.id]);
      51 |
      52 |   return (

      at src/renderer/components/MainPane/tabs/PhotoDetailPane.tsx:49:24
      at commitHookEffectListMount (node_modules/react-dom/cjs/react-dom.development.js:23189:26)
      at commitPassiveMountOnFiber (node_modules/react-dom/cjs/react-dom.development.js:24970:11)
      at commitPassiveMountEffects_complete (node_modules/react-dom/cjs/react-dom.development.js:24930:9)
      at commitPassiveMountEffects_begin (node_modules/react-dom/cjs/react-dom.development.js:24917:7)
      at commitPassiveMountEffects (node_modules/react-dom/cjs/react-dom.development.js:24905:3)
      at flushPassiveEffectsImpl (node_modules/react-dom/cjs/react-dom.development.js:27078:3)
      at flushPassiveEffects (node_modules/react-dom/cjs/react-dom.development.js:27023:14)
      at performSyncWorkOnRoot (node_modules/react-dom/cjs/react-dom.development.js:26115:3)
      at flushSyncCallbacks (node_modules/react-dom/cjs/react-dom.development.js:12042:22)
      at commitRootImpl (node_modules/react-dom/cjs/react-dom.development.js:26998:3)
      at commitRoot (node_modules/react-dom/cjs/react-dom.development.js:26721:5)
      at finishConcurrentRender (node_modules/react-dom/cjs/react-dom.development.js:26020:9)
      at performConcurrentWorkOnRoot (node_modules/react-dom/cjs/react-dom.development.js:25848:7)
      at flushActQueue (node_modules/react/cjs/react.development.js:2667:24)
      at act (node_modules/react/cjs/react.development.js:2582:11)
      at node_modules/@testing-library/react/dist/act-compat.js:46:25
      at renderRoot (node_modules/@testing-library/react/dist/pure.js:189:26)
      at render (node_modules/@testing-library/react/dist/pure.js:291:10)
      at Object.<anonymous> (src/renderer/components/MainPane/tabs/PhotosTab.test.tsx:665:11)

  ● default photo badge (grid view) › does not render the badge in the meta row below the thumb

    TypeError: fieldsRef.current?.scrollTo is not a function

      47 |
      48 |   useEffect(() => {
    > 49 |     fieldsRef.current?.scrollTo({ top: 0, behavior: 'smooth' });
         |                        ^
      50 |   }, [selected.id]);
      51 |
      52 |   return (

      at src/renderer/components/MainPane/tabs/PhotoDetailPane.tsx:49:24
      at commitHookEffectListMount (node_modules/react-dom/cjs/react-dom.development.js:23189:26)
      at commitPassiveMountOnFiber (node_modules/react-dom/cjs/react-dom.development.js:24970:11)
      at commitPassiveMountEffects_complete (node_modules/react-dom/cjs/react-dom.development.js:24930:9)
      at commitPassiveMountEffects_begin (node_modules/react-dom/cjs/react-dom.development.js:24917:7)
      at commitPassiveMountEffects (node_modules/react-dom/cjs/react-dom.development.js:24905:3)
      at flushPassiveEffectsImpl (node_modules/react-dom/cjs/react-dom.development.js:27078:3)
      at flushPassiveEffects (node_modules/react-dom/cjs/react-dom.development.js:27023:14)
      at performSyncWorkOnRoot (node_modules/react-dom/cjs/react-dom.development.js:26115:3)
      at flushSyncCallbacks (node_modules/react-dom/cjs/react-dom.development.js:12042:22)
      at commitRootImpl (node_modules/react-dom/cjs/react-dom.development.js:26998:3)
      at commitRoot (node_modules/react-dom/cjs/react-dom.development.js:26721:5)
      at finishConcurrentRender (node_modules/react-dom/cjs/react-dom.development.js:26020:9)
      at performConcurrentWorkOnRoot (node_modules/react-dom/cjs/react-dom.development.js:25848:7)
      at flushActQueue (node_modules/react/cjs/react.development.js:2667:24)
      at act (node_modules/react/cjs/react.development.js:2582:11)
      at node_modules/@testing-library/react/dist/act-compat.js:46:25
      at renderRoot (node_modules/@testing-library/react/dist/pure.js:189:26)
      at render (node_modules/@testing-library/react/dist/pure.js:291:10)
      at Object.<anonymous> (src/renderer/components/MainPane/tabs/PhotosTab.test.tsx:676:11)

  ● default photo badge (grid view) › renders no badge when the photo is not the default

    TypeError: fieldsRef.current?.scrollTo is not a function

      47 |
      48 |   useEffect(() => {
    > 49 |     fieldsRef.current?.scrollTo({ top: 0, behavior: 'smooth' });
         |                        ^
      50 |   }, [selected.id]);
      51 |
      52 |   return (

      at src/renderer/components/MainPane/tabs/PhotoDetailPane.tsx:49:24
      at commitHookEffectListMount (node_modules/react-dom/cjs/react-dom.development.js:23189:26)
      at commitPassiveMountOnFiber (node_modules/react-dom/cjs/react-dom.development.js:24970:11)
      at commitPassiveMountEffects_complete (node_modules/react-dom/cjs/react-dom.development.js:24930:9)
      at commitPassiveMountEffects_begin (node_modules/react-dom/cjs/react-dom.development.js:24917:7)
      at commitPassiveMountEffects (node_modules/react-dom/cjs/react-dom.development.js:24905:3)
      at flushPassiveEffectsImpl (node_modules/react-dom/cjs/react-dom.development.js:27078:3)
      at flushPassiveEffects (node_modules/react-dom/cjs/react-dom.development.js:27023:14)
      at performSyncWorkOnRoot (node_modules/react-dom/cjs/react-dom.development.js:26115:3)
      at flushSyncCallbacks (node_modules/react-dom/cjs/react-dom.development.js:12042:22)
      at commitRootImpl (node_modules/react-dom/cjs/react-dom.development.js:26998:3)
      at commitRoot (node_modules/react-dom/cjs/react-dom.development.js:26721:5)
      at finishConcurrentRender (node_modules/react-dom/cjs/react-dom.development.js:26020:9)
      at performConcurrentWorkOnRoot (node_modules/react-dom/cjs/react-dom.development.js:25848:7)
      at flushActQueue (node_modules/react/cjs/react.development.js:2667:24)
      at act (node_modules/react/cjs/react.development.js:2582:11)
      at node_modules/@testing-library/react/dist/act-compat.js:46:25
      at renderRoot (node_modules/@testing-library/react/dist/pure.js:189:26)
      at render (node_modules/@testing-library/react/dist/pure.js:291:10)
      at Object.<anonymous> (src/renderer/components/MainPane/tabs/PhotosTab.test.tsx:684:11)

  ● default photo badge (grid view) › labels the include-in-post toggle "Post on web"

    TypeError: fieldsRef.current?.scrollTo is not a function

      47 |
      48 |   useEffect(() => {
    > 49 |     fieldsRef.current?.scrollTo({ top: 0, behavior: 'smooth' });
         |                        ^
      50 |   }, [selected.id]);
      51 |
      52 |   return (

      at src/renderer/components/MainPane/tabs/PhotoDetailPane.tsx:49:24
      at commitHookEffectListMount (node_modules/react-dom/cjs/react-dom.development.js:23189:26)
      at commitPassiveMountOnFiber (node_modules/react-dom/cjs/react-dom.development.js:24970:11)
      at commitPassiveMountEffects_complete (node_modules/react-dom/cjs/react-dom.development.js:24930:9)
      at commitPassiveMountEffects_begin (node_modules/react-dom/cjs/react-dom.development.js:24917:7)
      at commitPassiveMountEffects (node_modules/react-dom/cjs/react-dom.development.js:24905:3)
      at flushPassiveEffectsImpl (node_modules/react-dom/cjs/react-dom.development.js:27078:3)
      at flushPassiveEffects (node_modules/react-dom/cjs/react-dom.development.js:27023:14)
      at performSyncWorkOnRoot (node_modules/react-dom/cjs/react-dom.development.js:26115:3)
      at flushSyncCallbacks (node_modules/react-dom/cjs/react-dom.development.js:12042:22)
      at commitRootImpl (node_modules/react-dom/cjs/react-dom.development.js:26998:3)
      at commitRoot (node_modules/react-dom/cjs/react-dom.development.js:26721:5)
      at finishConcurrentRender (node_modules/react-dom/cjs/react-dom.development.js:26020:9)
      at performConcurrentWorkOnRoot (node_modules/react-dom/cjs/react-dom.development.js:25848:7)
      at flushActQueue (node_modules/react/cjs/react.development.js:2667:24)
      at act (node_modules/react/cjs/react.development.js:2582:11)
      at node_modules/@testing-library/react/dist/act-compat.js:46:25
      at renderRoot (node_modules/@testing-library/react/dist/pure.js:189:26)
      at render (node_modules/@testing-library/react/dist/pure.js:291:10)
      at Object.<anonymous> (src/renderer/components/MainPane/tabs/PhotosTab.test.tsx:691:11)

  ● list view drag handle › renders a dedicated drag handle as the first cell of each row

    TypeError: fieldsRef.current?.scrollTo is not a function

      47 |
      48 |   useEffect(() => {
    > 49 |     fieldsRef.current?.scrollTo({ top: 0, behavior: 'smooth' });
         |                        ^
      50 |   }, [selected.id]);
      51 |
      52 |   return (

      at src/renderer/components/MainPane/tabs/PhotoDetailPane.tsx:49:24
      at commitHookEffectListMount (node_modules/react-dom/cjs/react-dom.development.js:23189:26)
      at commitPassiveMountOnFiber (node_modules/react-dom/cjs/react-dom.development.js:24970:11)
      at commitPassiveMountEffects_complete (node_modules/react-dom/cjs/react-dom.development.js:24930:9)
      at commitPassiveMountEffects_begin (node_modules/react-dom/cjs/react-dom.development.js:24917:7)
      at commitPassiveMountEffects (node_modules/react-dom/cjs/react-dom.development.js:24905:3)
      at flushPassiveEffectsImpl (node_modules/react-dom/cjs/react-dom.development.js:27078:3)
      at flushPassiveEffects (node_modules/react-dom/cjs/react-dom.development.js:27023:14)
      at performSyncWorkOnRoot (node_modules/react-dom/cjs/react-dom.development.js:26115:3)
      at flushSyncCallbacks (node_modules/react-dom/cjs/react-dom.development.js:12042:22)
      at commitRootImpl (node_modules/react-dom/cjs/react-dom.development.js:26998:3)
      at commitRoot (node_modules/react-dom/cjs/react-dom.development.js:26721:5)
      at finishConcurrentRender (node_modules/react-dom/cjs/react-dom.development.js:26020:9)
      at performConcurrentWorkOnRoot (node_modules/react-dom/cjs/react-dom.development.js:25848:7)
      at flushActQueue (node_modules/react/cjs/react.development.js:2667:24)
      at act (node_modules/react/cjs/react.development.js:2582:11)
      at node_modules/@testing-library/react/dist/act-compat.js:46:25
      at renderRoot (node_modules/@testing-library/react/dist/pure.js:189:26)
      at render (node_modules/@testing-library/react/dist/pure.js:291:10)
      at Object.<anonymous> (src/renderer/components/MainPane/tabs/PhotosTab.test.tsx:701:11)

  ● list view drag handle › does not set a grab cursor on the whole row

    TypeError: fieldsRef.current?.scrollTo is not a function

      47 |
      48 |   useEffect(() => {
    > 49 |     fieldsRef.current?.scrollTo({ top: 0, behavior: 'smooth' });
         |                        ^
      50 |   }, [selected.id]);
      51 |
      52 |   return (

      at src/renderer/components/MainPane/tabs/PhotoDetailPane.tsx:49:24
      at commitHookEffectListMount (node_modules/react-dom/cjs/react-dom.development.js:23189:26)
      at commitPassiveMountOnFiber (node_modules/react-dom/cjs/react-dom.development.js:24970:11)
      at commitPassiveMountEffects_complete (node_modules/react-dom/cjs/react-dom.development.js:24930:9)
      at commitPassiveMountEffects_begin (node_modules/react-dom/cjs/react-dom.development.js:24917:7)
      at commitPassiveMountEffects (node_modules/react-dom/cjs/react-dom.development.js:24905:3)
      at flushPassiveEffectsImpl (node_modules/react-dom/cjs/react-dom.development.js:27078:3)
      at flushPassiveEffects (node_modules/react-dom/cjs/react-dom.development.js:27023:14)
      at performSyncWorkOnRoot (node_modules/react-dom/cjs/react-dom.development.js:26115:3)
      at flushSyncCallbacks (node_modules/react-dom/cjs/react-dom.development.js:12042:22)
      at commitRootImpl (node_modules/react-dom/cjs/react-dom.development.js:26998:3)
      at commitRoot (node_modules/react-dom/cjs/react-dom.development.js:26721:5)
      at finishConcurrentRender (node_modules/react-dom/cjs/react-dom.development.js:26020:9)
      at performConcurrentWorkOnRoot (node_modules/react-dom/cjs/react-dom.development.js:25848:7)
      at flushActQueue (node_modules/react/cjs/react.development.js:2667:24)
      at act (node_modules/react/cjs/react.development.js:2582:11)
      at node_modules/@testing-library/react/dist/act-compat.js:46:25
      at renderRoot (node_modules/@testing-library/react/dist/pure.js:189:26)
      at render (node_modules/@testing-library/react/dist/pure.js:291:10)
      at Object.<anonymous> (src/renderer/components/MainPane/tabs/PhotosTab.test.tsx:711:11)

  ● thumbnail size routing (US1/US2) › grid: photo card image src includes ?size=grid

    TypeError: fieldsRef.current?.scrollTo is not a function

      47 |
      48 |   useEffect(() => {
    > 49 |     fieldsRef.current?.scrollTo({ top: 0, behavior: 'smooth' });
         |                        ^
      50 |   }, [selected.id]);
      51 |
      52 |   return (

      at src/renderer/components/MainPane/tabs/PhotoDetailPane.tsx:49:24
      at commitHookEffectListMount (node_modules/react-dom/cjs/react-dom.development.js:23189:26)
      at commitPassiveMountOnFiber (node_modules/react-dom/cjs/react-dom.development.js:24970:11)
      at commitPassiveMountEffects_complete (node_modules/react-dom/cjs/react-dom.development.js:24930:9)
      at commitPassiveMountEffects_begin (node_modules/react-dom/cjs/react-dom.development.js:24917:7)
      at commitPassiveMountEffects (node_modules/react-dom/cjs/react-dom.development.js:24905:3)
      at flushPassiveEffectsImpl (node_modules/react-dom/cjs/react-dom.development.js:27078:3)
      at flushPassiveEffects (node_modules/react-dom/cjs/react-dom.development.js:27023:14)
      at performSyncWorkOnRoot (node_modules/react-dom/cjs/react-dom.development.js:26115:3)
      at flushSyncCallbacks (node_modules/react-dom/cjs/react-dom.development.js:12042:22)
      at commitRootImpl (node_modules/react-dom/cjs/react-dom.development.js:26998:3)
      at commitRoot (node_modules/react-dom/cjs/react-dom.development.js:26721:5)
      at finishConcurrentRender (node_modules/react-dom/cjs/react-dom.development.js:26020:9)
      at performConcurrentWorkOnRoot (node_modules/react-dom/cjs/react-dom.development.js:25848:7)
      at flushActQueue (node_modules/react/cjs/react.development.js:2667:24)
      at act (node_modules/react/cjs/react.development.js:2582:11)
      at node_modules/@testing-library/react/dist/act-compat.js:46:25
      at renderRoot (node_modules/@testing-library/react/dist/pure.js:189:26)
      at render (node_modules/@testing-library/react/dist/pure.js:291:10)
      at Object.<anonymous> (src/renderer/components/MainPane/tabs/PhotosTab.test.tsx:721:11)

  ● thumbnail size routing (US1/US2) › list: row image src includes ?size=grid

    TypeError: fieldsRef.current?.scrollTo is not a function

      47 |
      48 |   useEffect(() => {
    > 49 |     fieldsRef.current?.scrollTo({ top: 0, behavior: 'smooth' });
         |                        ^
      50 |   }, [selected.id]);
      51 |
      52 |   return (

      at src/renderer/components/MainPane/tabs/PhotoDetailPane.tsx:49:24
      at commitHookEffectListMount (node_modules/react-dom/cjs/react-dom.development.js:23189:26)
      at commitPassiveMountOnFiber (node_modules/react-dom/cjs/react-dom.development.js:24970:11)
      at commitPassiveMountEffects_complete (node_modules/react-dom/cjs/react-dom.development.js:24930:9)
      at commitPassiveMountEffects_begin (node_modules/react-dom/cjs/react-dom.development.js:24917:7)
      at commitPassiveMountEffects (node_modules/react-dom/cjs/react-dom.development.js:24905:3)
      at flushPassiveEffectsImpl (node_modules/react-dom/cjs/react-dom.development.js:27078:3)
      at flushPassiveEffects (node_modules/react-dom/cjs/react-dom.development.js:27023:14)
      at performSyncWorkOnRoot (node_modules/react-dom/cjs/react-dom.development.js:26115:3)
      at flushSyncCallbacks (node_modules/react-dom/cjs/react-dom.development.js:12042:22)
      at commitRootImpl (node_modules/react-dom/cjs/react-dom.development.js:26998:3)
      at commitRoot (node_modules/react-dom/cjs/react-dom.development.js:26721:5)
      at finishConcurrentRender (node_modules/react-dom/cjs/react-dom.development.js:26020:9)
      at performConcurrentWorkOnRoot (node_modules/react-dom/cjs/react-dom.development.js:25848:7)
      at flushActQueue (node_modules/react/cjs/react.development.js:2667:24)
      at act (node_modules/react/cjs/react.development.js:2582:11)
      at node_modules/@testing-library/react/dist/act-compat.js:46:25
      at renderRoot (node_modules/@testing-library/react/dist/pure.js:189:26)
      at render (node_modules/@testing-library/react/dist/pure.js:291:10)
      at Object.<anonymous> (src/renderer/components/MainPane/tabs/PhotosTab.test.tsx:730:11)

  ● thumbnail size routing (US1/US2) › selected-photo preview pane uses ?size=preview

    TypeError: fieldsRef.current?.scrollTo is not a function

      47 |
      48 |   useEffect(() => {
    > 49 |     fieldsRef.current?.scrollTo({ top: 0, behavior: 'smooth' });
         |                        ^
      50 |   }, [selected.id]);
      51 |
      52 |   return (

      at src/renderer/components/MainPane/tabs/PhotoDetailPane.tsx:49:24
      at commitHookEffectListMount (node_modules/react-dom/cjs/react-dom.development.js:23189:26)
      at commitPassiveMountOnFiber (node_modules/react-dom/cjs/react-dom.development.js:24970:11)
      at commitPassiveMountEffects_complete (node_modules/react-dom/cjs/react-dom.development.js:24930:9)
      at commitPassiveMountEffects_begin (node_modules/react-dom/cjs/react-dom.development.js:24917:7)
      at commitPassiveMountEffects (node_modules/react-dom/cjs/react-dom.development.js:24905:3)
      at flushPassiveEffectsImpl (node_modules/react-dom/cjs/react-dom.development.js:27078:3)
      at flushPassiveEffects (node_modules/react-dom/cjs/react-dom.development.js:27023:14)
      at performSyncWorkOnRoot (node_modules/react-dom/cjs/react-dom.development.js:26115:3)
      at flushSyncCallbacks (node_modules/react-dom/cjs/react-dom.development.js:12042:22)
      at commitRootImpl (node_modules/react-dom/cjs/react-dom.development.js:26998:3)
      at commitRoot (node_modules/react-dom/cjs/react-dom.development.js:26721:5)
      at finishConcurrentRender (node_modules/react-dom/cjs/react-dom.development.js:26020:9)
      at performConcurrentWorkOnRoot (node_modules/react-dom/cjs/react-dom.development.js:25848:7)
      at flushActQueue (node_modules/react/cjs/react.development.js:2667:24)
      at act (node_modules/react/cjs/react.development.js:2582:11)
      at node_modules/@testing-library/react/dist/act-compat.js:46:25
      at renderRoot (node_modules/@testing-library/react/dist/pure.js:189:26)
      at render (node_modules/@testing-library/react/dist/pure.js:291:10)
      at Object.<anonymous> (src/renderer/components/MainPane/tabs/PhotosTab.test.tsx:740:11)

  ● thumbnail size routing (US1/US2) › opening the photo editor loads the full-resolution image (no size param)

    TypeError: fieldsRef.current?.scrollTo is not a function

      47 |
      48 |   useEffect(() => {
    > 49 |     fieldsRef.current?.scrollTo({ top: 0, behavior: 'smooth' });
         |                        ^
      50 |   }, [selected.id]);
      51 |
      52 |   return (

      at src/renderer/components/MainPane/tabs/PhotoDetailPane.tsx:49:24
      at commitHookEffectListMount (node_modules/react-dom/cjs/react-dom.development.js:23189:26)
      at commitPassiveMountOnFiber (node_modules/react-dom/cjs/react-dom.development.js:24970:11)
      at commitPassiveMountEffects_complete (node_modules/react-dom/cjs/react-dom.development.js:24930:9)
      at commitPassiveMountEffects_begin (node_modules/react-dom/cjs/react-dom.development.js:24917:7)
      at commitPassiveMountEffects (node_modules/react-dom/cjs/react-dom.development.js:24905:3)
      at flushPassiveEffectsImpl (node_modules/react-dom/cjs/react-dom.development.js:27078:3)
      at flushPassiveEffects (node_modules/react-dom/cjs/react-dom.development.js:27023:14)
      at performSyncWorkOnRoot (node_modules/react-dom/cjs/react-dom.development.js:26115:3)
      at flushSyncCallbacks (node_modules/react-dom/cjs/react-dom.development.js:12042:22)
      at commitRootImpl (node_modules/react-dom/cjs/react-dom.development.js:26998:3)
      at commitRoot (node_modules/react-dom/cjs/react-dom.development.js:26721:5)
      at finishConcurrentRender (node_modules/react-dom/cjs/react-dom.development.js:26020:9)
      at performConcurrentWorkOnRoot (node_modules/react-dom/cjs/react-dom.development.js:25848:7)
      at flushActQueue (node_modules/react/cjs/react.development.js:2667:24)
      at act (node_modules/react/cjs/react.development.js:2582:11)
      at node_modules/@testing-library/react/dist/act-compat.js:46:25
      at renderRoot (node_modules/@testing-library/react/dist/pure.js:189:26)
      at render (node_modules/@testing-library/react/dist/pure.js:291:10)
      at Object.<anonymous> (src/renderer/components/MainPane/tabs/PhotosTab.test.tsx:749:11)

(node:79210) MaxListenersExceededWarning: Possible EventEmitter memory leak detected. 11 beforeExit listeners added to [process]. MaxListeners is 10. Use emitter.setMaxListeners() to increase limit
(Use `node --trace-warnings ...` to show where the warning was created)
(node:79210) MaxListenersExceededWarning: Possible EventEmitter memory leak detected. 11 exit listeners added to [process]. MaxListeners is 10. Use emitter.setMaxListeners() to increase limit
PASS main src/main/index.test.ts (6.337 s)
  ● Console

    console.info
      21:28:29.940 › Window created

      at Function.writeFn (node_modules/electron-log/src/node/transports/console.js:60:7)

    console.error
      Unhandled electron-log error Error: electron-log can't determine the app name. It tried these methods:
      1. Use `electron.app.name`
      2. Use productName or name from the nearest package.json`
      You can also set it through log.transports.file.setAppName()
          at NodeExternalApi.getAppName (/Users/johnneed/Projects/gmc-shelters/node_modules/electron-log/src/node/NodeExternalApi.js:26:13)
          at NodeExternalApi.getPathVariables (/Users/johnneed/Projects/gmc-shelters/node_modules/electron-log/src/node/NodeExternalApi.js:92:26)
          at initializeOnFirstAccess (/Users/johnneed/Projects/gmc-shelters/node_modules/electron-log/src/node/transports/file/index.js:91:23)
          at getFile (/Users/johnneed/Projects/gmc-shelters/node_modules/electron-log/src/node/transports/file/index.js:124:5)
          at transport (/Users/johnneed/Projects/gmc-shelters/node_modules/electron-log/src/node/transports/file/index.js:67:18)
          at Logger.processMessage (/Users/johnneed/Projects/gmc-shelters/node_modules/electron-log/src/core/Logger.js:182:11)
          at Logger.logData (/Users/johnneed/Projects/gmc-shelters/node_modules/electron-log/src/core/Logger.js:136:12)
          at Logger.<computed> (/Users/johnneed/Projects/gmc-shelters/node_modules/electron-log/src/core/Logger.js:86:37)
          at createWindow (/Users/johnneed/Projects/gmc-shelters/src/main/index.ts:94:7)
          at Array.<anonymous> (/Users/johnneed/Projects/gmc-shelters/src/main/index.ts:163:5)
          at Object.<anonymous> (/Users/johnneed/Projects/gmc-shelters/src/main/index.test.ts:51:38)
          at processTicksAndRejections (node:internal/process/task_queues:105:5)

      92 |
      93 |   Menu.setApplicationMenu(buildMenu());
    > 94 |   log.info('Window created');
         |       ^
      95 | }
      96 |
      97 | if (!app.requestSingleInstanceLock()) {

      at Function.writeFn (node_modules/electron-log/src/node/transports/console.js:60:7)
      at Logger.defaultLogger.processInternalErrorFn (node_modules/electron-log/src/node/createDefaultLogger.js:36:38)
      at Logger.processMessage (node_modules/electron-log/src/core/Logger.js:185:14)
      at Logger.logData (node_modules/electron-log/src/core/Logger.js:136:12)
      at Logger.<computed> (node_modules/electron-log/src/core/Logger.js:86:37)
      at createWindow (src/main/index.ts:94:7)
      at Array.<anonymous> (src/main/index.ts:163:5)
      at Object.<anonymous> (src/main/index.test.ts:51:38)

    console.info
      21:28:30.392 › Window created

      at Function.writeFn (node_modules/electron-log/src/node/transports/console.js:60:7)

    console.error
      Unhandled electron-log error Error: electron-log can't determine the app name. It tried these methods:
      1. Use `electron.app.name`
      2. Use productName or name from the nearest package.json`
      You can also set it through log.transports.file.setAppName()
          at NodeExternalApi.getAppName (/Users/johnneed/Projects/gmc-shelters/node_modules/electron-log/src/node/NodeExternalApi.js:26:13)
          at NodeExternalApi.getPathVariables (/Users/johnneed/Projects/gmc-shelters/node_modules/electron-log/src/node/NodeExternalApi.js:92:26)
          at initializeOnFirstAccess (/Users/johnneed/Projects/gmc-shelters/node_modules/electron-log/src/node/transports/file/index.js:91:23)
          at getFile (/Users/johnneed/Projects/gmc-shelters/node_modules/electron-log/src/node/transports/file/index.js:124:5)
          at transport (/Users/johnneed/Projects/gmc-shelters/node_modules/electron-log/src/node/transports/file/index.js:67:18)
          at Logger.processMessage (/Users/johnneed/Projects/gmc-shelters/node_modules/electron-log/src/core/Logger.js:182:11)
          at Logger.logData (/Users/johnneed/Projects/gmc-shelters/node_modules/electron-log/src/core/Logger.js:136:12)
          at Logger.<computed> (/Users/johnneed/Projects/gmc-shelters/node_modules/electron-log/src/core/Logger.js:86:37)
          at createWindow (/Users/johnneed/Projects/gmc-shelters/src/main/index.ts:94:7)
          at Array.<anonymous> (/Users/johnneed/Projects/gmc-shelters/src/main/index.ts:163:5)
          at Object.<anonymous> (/Users/johnneed/Projects/gmc-shelters/src/main/index.test.ts:60:38)
          at processTicksAndRejections (node:internal/process/task_queues:105:5)

      92 |
      93 |   Menu.setApplicationMenu(buildMenu());
    > 94 |   log.info('Window created');
         |       ^
      95 | }
      96 |
      97 | if (!app.requestSingleInstanceLock()) {

      at Function.writeFn (node_modules/electron-log/src/node/transports/console.js:60:7)
      at Logger.defaultLogger.processInternalErrorFn (node_modules/electron-log/src/node/createDefaultLogger.js:36:38)
      at Logger.processMessage (node_modules/electron-log/src/core/Logger.js:185:14)
      at Logger.logData (node_modules/electron-log/src/core/Logger.js:136:12)
      at Logger.<computed> (node_modules/electron-log/src/core/Logger.js:86:37)
      at createWindow (src/main/index.ts:94:7)
      at Array.<anonymous> (src/main/index.ts:163:5)
      at Object.<anonymous> (src/main/index.test.ts:60:38)

    console.info
      21:28:30.943 › Window created

      at Function.writeFn (node_modules/electron-log/src/node/transports/console.js:60:7)

    console.error
      Unhandled electron-log error Error: electron-log can't determine the app name. It tried these methods:
      1. Use `electron.app.name`
      2. Use productName or name from the nearest package.json`
      You can also set it through log.transports.file.setAppName()
          at NodeExternalApi.getAppName (/Users/johnneed/Projects/gmc-shelters/node_modules/electron-log/src/node/NodeExternalApi.js:26:13)
          at NodeExternalApi.getPathVariables (/Users/johnneed/Projects/gmc-shelters/node_modules/electron-log/src/node/NodeExternalApi.js:92:26)
          at initializeOnFirstAccess (/Users/johnneed/Projects/gmc-shelters/node_modules/electron-log/src/node/transports/file/index.js:91:23)
          at getFile (/Users/johnneed/Projects/gmc-shelters/node_modules/electron-log/src/node/transports/file/index.js:124:5)
          at transport (/Users/johnneed/Projects/gmc-shelters/node_modules/electron-log/src/node/transports/file/index.js:67:18)
          at Logger.processMessage (/Users/johnneed/Projects/gmc-shelters/node_modules/electron-log/src/core/Logger.js:182:11)
          at Logger.logData (/Users/johnneed/Projects/gmc-shelters/node_modules/electron-log/src/core/Logger.js:136:12)
          at Logger.<computed> (/Users/johnneed/Projects/gmc-shelters/node_modules/electron-log/src/core/Logger.js:86:37)
          at createWindow (/Users/johnneed/Projects/gmc-shelters/src/main/index.ts:94:7)
          at Array.<anonymous> (/Users/johnneed/Projects/gmc-shelters/src/main/index.ts:163:5)
          at Object.<anonymous> (/Users/johnneed/Projects/gmc-shelters/src/main/index.test.ts:80:38)
          at processTicksAndRejections (node:internal/process/task_queues:105:5)

      92 |
      93 |   Menu.setApplicationMenu(buildMenu());
    > 94 |   log.info('Window created');
         |       ^
      95 | }
      96 |
      97 | if (!app.requestSingleInstanceLock()) {

      at Function.writeFn (node_modules/electron-log/src/node/transports/console.js:60:7)
      at Logger.defaultLogger.processInternalErrorFn (node_modules/electron-log/src/node/createDefaultLogger.js:36:38)
      at Logger.processMessage (node_modules/electron-log/src/core/Logger.js:185:14)
      at Logger.logData (node_modules/electron-log/src/core/Logger.js:136:12)
      at Logger.<computed> (node_modules/electron-log/src/core/Logger.js:86:37)
      at createWindow (src/main/index.ts:94:7)
      at Array.<anonymous> (src/main/index.ts:163:5)
      at Object.<anonymous> (src/main/index.test.ts:80:38)

    console.info
      21:28:31.467 › Window created

      at Function.writeFn (node_modules/electron-log/src/node/transports/console.js:60:7)

    console.error
      Unhandled electron-log error Error: electron-log can't determine the app name. It tried these methods:
      1. Use `electron.app.name`
      2. Use productName or name from the nearest package.json`
      You can also set it through log.transports.file.setAppName()
          at NodeExternalApi.getAppName (/Users/johnneed/Projects/gmc-shelters/node_modules/electron-log/src/node/NodeExternalApi.js:26:13)
          at NodeExternalApi.getPathVariables (/Users/johnneed/Projects/gmc-shelters/node_modules/electron-log/src/node/NodeExternalApi.js:92:26)
          at initializeOnFirstAccess (/Users/johnneed/Projects/gmc-shelters/node_modules/electron-log/src/node/transports/file/index.js:91:23)
          at getFile (/Users/johnneed/Projects/gmc-shelters/node_modules/electron-log/src/node/transports/file/index.js:124:5)
          at transport (/Users/johnneed/Projects/gmc-shelters/node_modules/electron-log/src/node/transports/file/index.js:67:18)
          at Logger.processMessage (/Users/johnneed/Projects/gmc-shelters/node_modules/electron-log/src/core/Logger.js:182:11)
          at Logger.logData (/Users/johnneed/Projects/gmc-shelters/node_modules/electron-log/src/core/Logger.js:136:12)
          at Logger.<computed> (/Users/johnneed/Projects/gmc-shelters/node_modules/electron-log/src/core/Logger.js:86:37)
          at createWindow (/Users/johnneed/Projects/gmc-shelters/src/main/index.ts:94:7)
          at Array.<anonymous> (/Users/johnneed/Projects/gmc-shelters/src/main/index.ts:163:5)
          at getHandler (/Users/johnneed/Projects/gmc-shelters/src/main/index.test.ts:102:38)
          at processTicksAndRejections (node:internal/process/task_queues:105:5)
          at Object.<anonymous> (/Users/johnneed/Projects/gmc-shelters/src/main/index.test.ts:115:21)

      92 |
      93 |   Menu.setApplicationMenu(buildMenu());
    > 94 |   log.info('Window created');
         |       ^
      95 | }
      96 |
      97 | if (!app.requestSingleInstanceLock()) {

      at Function.writeFn (node_modules/electron-log/src/node/transports/console.js:60:7)
      at Logger.defaultLogger.processInternalErrorFn (node_modules/electron-log/src/node/createDefaultLogger.js:36:38)
      at Logger.processMessage (node_modules/electron-log/src/core/Logger.js:185:14)
      at Logger.logData (node_modules/electron-log/src/core/Logger.js:136:12)
      at Logger.<computed> (node_modules/electron-log/src/core/Logger.js:86:37)
      at createWindow (src/main/index.ts:94:7)
      at Array.<anonymous> (src/main/index.ts:163:5)
      at getHandler (src/main/index.test.ts:102:38)
      at Object.<anonymous> (src/main/index.test.ts:115:21)

    console.info
      21:28:31.488 › [shelter] url=shelter:///shelters/foo/photos/bar.jpg → path=/shelters/foo/photos/bar.jpg

      at Function.writeFn (node_modules/electron-log/src/node/transports/console.js:60:7)

    console.error
      Unhandled electron-log error Error: electron-log can't determine the app name. It tried these methods:
      1. Use `electron.app.name`
      2. Use productName or name from the nearest package.json`
      You can also set it through log.transports.file.setAppName()
          at NodeExternalApi.getAppName (/Users/johnneed/Projects/gmc-shelters/node_modules/electron-log/src/node/NodeExternalApi.js:26:13)
          at NodeExternalApi.getPathVariables (/Users/johnneed/Projects/gmc-shelters/node_modules/electron-log/src/node/NodeExternalApi.js:92:26)
          at initializeOnFirstAccess (/Users/johnneed/Projects/gmc-shelters/node_modules/electron-log/src/node/transports/file/index.js:91:23)
          at getFile (/Users/johnneed/Projects/gmc-shelters/node_modules/electron-log/src/node/transports/file/index.js:124:5)
          at transport (/Users/johnneed/Projects/gmc-shelters/node_modules/electron-log/src/node/transports/file/index.js:67:18)
          at Logger.processMessage (/Users/johnneed/Projects/gmc-shelters/node_modules/electron-log/src/core/Logger.js:182:11)
          at Logger.logData (/Users/johnneed/Projects/gmc-shelters/node_modules/electron-log/src/core/Logger.js:136:12)
          at Logger.<computed> (/Users/johnneed/Projects/gmc-shelters/node_modules/electron-log/src/core/Logger.js:86:37)
          at /Users/johnneed/Projects/gmc-shelters/src/main/index.ts:142:11
          at Object.<anonymous> (/Users/johnneed/Projects/gmc-shelters/src/main/index.test.ts:116:28)
          at processTicksAndRejections (node:internal/process/task_queues:105:5)

      140 |       }
      141 |
    > 142 |       log.info(`[shelter] url=${request.url} → path=${servedPath}`);
          |           ^
      143 |       try {
      144 |         const data = fs.readFileSync(servedPath);
      145 |         const contentType = MIME[path.extname(filePath).toLowerCase()] ?? 'application/octet-stream';

      at Function.writeFn (node_modules/electron-log/src/node/transports/console.js:60:7)
      at Logger.defaultLogger.processInternalErrorFn (node_modules/electron-log/src/node/createDefaultLogger.js:36:38)
      at Logger.processMessage (node_modules/electron-log/src/core/Logger.js:185:14)
      at Logger.logData (node_modules/electron-log/src/core/Logger.js:136:12)
      at Logger.<computed> (node_modules/electron-log/src/core/Logger.js:86:37)
      at src/main/index.ts:142:11
      at Object.<anonymous> (src/main/index.test.ts:116:28)

    console.info
      21:28:32.189 › Window created

      at Function.writeFn (node_modules/electron-log/src/node/transports/console.js:60:7)

    console.error
      Unhandled electron-log error Error: electron-log can't determine the app name. It tried these methods:
      1. Use `electron.app.name`
      2. Use productName or name from the nearest package.json`
      You can also set it through log.transports.file.setAppName()
          at NodeExternalApi.getAppName (/Users/johnneed/Projects/gmc-shelters/node_modules/electron-log/src/node/NodeExternalApi.js:26:13)
          at NodeExternalApi.getPathVariables (/Users/johnneed/Projects/gmc-shelters/node_modules/electron-log/src/node/NodeExternalApi.js:92:26)
          at initializeOnFirstAccess (/Users/johnneed/Projects/gmc-shelters/node_modules/electron-log/src/node/transports/file/index.js:91:23)
          at getFile (/Users/johnneed/Projects/gmc-shelters/node_modules/electron-log/src/node/transports/file/index.js:124:5)
          at transport (/Users/johnneed/Projects/gmc-shelters/node_modules/electron-log/src/node/transports/file/index.js:67:18)
          at Logger.processMessage (/Users/johnneed/Projects/gmc-shelters/node_modules/electron-log/src/core/Logger.js:182:11)
          at Logger.logData (/Users/johnneed/Projects/gmc-shelters/node_modules/electron-log/src/core/Logger.js:136:12)
          at Logger.<computed> (/Users/johnneed/Projects/gmc-shelters/node_modules/electron-log/src/core/Logger.js:86:37)
          at createWindow (/Users/johnneed/Projects/gmc-shelters/src/main/index.ts:94:7)
          at Array.<anonymous> (/Users/johnneed/Projects/gmc-shelters/src/main/index.ts:163:5)
          at getHandler (/Users/johnneed/Projects/gmc-shelters/src/main/index.test.ts:102:38)
          at processTicksAndRejections (node:internal/process/task_queues:105:5)
          at Object.<anonymous> (/Users/johnneed/Projects/gmc-shelters/src/main/index.test.ts:129:21)

      92 |
      93 |   Menu.setApplicationMenu(buildMenu());
    > 94 |   log.info('Window created');
         |       ^
      95 | }
      96 |
      97 | if (!app.requestSingleInstanceLock()) {

      at Function.writeFn (node_modules/electron-log/src/node/transports/console.js:60:7)
      at Logger.defaultLogger.processInternalErrorFn (node_modules/electron-log/src/node/createDefaultLogger.js:36:38)
      at Logger.processMessage (node_modules/electron-log/src/core/Logger.js:185:14)
      at Logger.logData (node_modules/electron-log/src/core/Logger.js:136:12)
      at Logger.<computed> (node_modules/electron-log/src/core/Logger.js:86:37)
      at createWindow (src/main/index.ts:94:7)
      at Array.<anonymous> (src/main/index.ts:163:5)
      at getHandler (src/main/index.test.ts:102:38)
      at Object.<anonymous> (src/main/index.test.ts:129:21)

    console.info
      21:28:32.196 › [shelter] url=shelter:///shelters/foo/photos/bar.jpg?size=grid → path=/userdata/photo-thumbnails/grid/bar-1.png

      at Function.writeFn (node_modules/electron-log/src/node/transports/console.js:60:7)

    console.error
      Unhandled electron-log error Error: electron-log can't determine the app name. It tried these methods:
      1. Use `electron.app.name`
      2. Use productName or name from the nearest package.json`
      You can also set it through log.transports.file.setAppName()
          at NodeExternalApi.getAppName (/Users/johnneed/Projects/gmc-shelters/node_modules/electron-log/src/node/NodeExternalApi.js:26:13)
          at NodeExternalApi.getPathVariables (/Users/johnneed/Projects/gmc-shelters/node_modules/electron-log/src/node/NodeExternalApi.js:92:26)
          at initializeOnFirstAccess (/Users/johnneed/Projects/gmc-shelters/node_modules/electron-log/src/node/transports/file/index.js:91:23)
          at getFile (/Users/johnneed/Projects/gmc-shelters/node_modules/electron-log/src/node/transports/file/index.js:124:5)
          at transport (/Users/johnneed/Projects/gmc-shelters/node_modules/electron-log/src/node/transports/file/index.js:67:18)
          at Logger.processMessage (/Users/johnneed/Projects/gmc-shelters/node_modules/electron-log/src/core/Logger.js:182:11)
          at Logger.logData (/Users/johnneed/Projects/gmc-shelters/node_modules/electron-log/src/core/Logger.js:136:12)
          at Logger.<computed> (/Users/johnneed/Projects/gmc-shelters/node_modules/electron-log/src/core/Logger.js:86:37)
          at /Users/johnneed/Projects/gmc-shelters/src/main/index.ts:142:11
          at processTicksAndRejections (node:internal/process/task_queues:105:5)
          at Object.<anonymous> (/Users/johnneed/Projects/gmc-shelters/src/main/index.test.ts:130:22)

      140 |       }
      141 |
    > 142 |       log.info(`[shelter] url=${request.url} → path=${servedPath}`);
          |           ^
      143 |       try {
      144 |         const data = fs.readFileSync(servedPath);
      145 |         const contentType = MIME[path.extname(filePath).toLowerCase()] ?? 'application/octet-stream';

      at Function.writeFn (node_modules/electron-log/src/node/transports/console.js:60:7)
      at Logger.defaultLogger.processInternalErrorFn (node_modules/electron-log/src/node/createDefaultLogger.js:36:38)
      at Logger.processMessage (node_modules/electron-log/src/core/Logger.js:185:14)
      at Logger.logData (node_modules/electron-log/src/core/Logger.js:136:12)
      at Logger.<computed> (node_modules/electron-log/src/core/Logger.js:86:37)
      at src/main/index.ts:142:11
      at Object.<anonymous> (src/main/index.test.ts:130:22)

    console.info
      21:28:32.568 › Window created

      at Function.writeFn (node_modules/electron-log/src/node/transports/console.js:60:7)

    console.error
      Unhandled electron-log error Error: electron-log can't determine the app name. It tried these methods:
      1. Use `electron.app.name`
      2. Use productName or name from the nearest package.json`
      You can also set it through log.transports.file.setAppName()
          at NodeExternalApi.getAppName (/Users/johnneed/Projects/gmc-shelters/node_modules/electron-log/src/node/NodeExternalApi.js:26:13)
          at NodeExternalApi.getPathVariables (/Users/johnneed/Projects/gmc-shelters/node_modules/electron-log/src/node/NodeExternalApi.js:92:26)
          at initializeOnFirstAccess (/Users/johnneed/Projects/gmc-shelters/node_modules/electron-log/src/node/transports/file/index.js:91:23)
          at getFile (/Users/johnneed/Projects/gmc-shelters/node_modules/electron-log/src/node/transports/file/index.js:124:5)
          at transport (/Users/johnneed/Projects/gmc-shelters/node_modules/electron-log/src/node/transports/file/index.js:67:18)
          at Logger.processMessage (/Users/johnneed/Projects/gmc-shelters/node_modules/electron-log/src/core/Logger.js:182:11)
          at Logger.logData (/Users/johnneed/Projects/gmc-shelters/node_modules/electron-log/src/core/Logger.js:136:12)
          at Logger.<computed> (/Users/johnneed/Projects/gmc-shelters/node_modules/electron-log/src/core/Logger.js:86:37)
          at createWindow (/Users/johnneed/Projects/gmc-shelters/src/main/index.ts:94:7)
          at Array.<anonymous> (/Users/johnneed/Projects/gmc-shelters/src/main/index.ts:163:5)
          at getHandler (/Users/johnneed/Projects/gmc-shelters/src/main/index.test.ts:102:38)
          at processTicksAndRejections (node:internal/process/task_queues:105:5)
          at Object.<anonymous> (/Users/johnneed/Projects/gmc-shelters/src/main/index.test.ts:143:21)

      92 |
      93 |   Menu.setApplicationMenu(buildMenu());
    > 94 |   log.info('Window created');
         |       ^
      95 | }
      96 |
      97 | if (!app.requestSingleInstanceLock()) {

      at Function.writeFn (node_modules/electron-log/src/node/transports/console.js:60:7)
      at Logger.defaultLogger.processInternalErrorFn (node_modules/electron-log/src/node/createDefaultLogger.js:36:38)
      at Logger.processMessage (node_modules/electron-log/src/core/Logger.js:185:14)
      at Logger.logData (node_modules/electron-log/src/core/Logger.js:136:12)
      at Logger.<computed> (node_modules/electron-log/src/core/Logger.js:86:37)
      at createWindow (src/main/index.ts:94:7)
      at Array.<anonymous> (src/main/index.ts:163:5)
      at getHandler (src/main/index.test.ts:102:38)
      at Object.<anonymous> (src/main/index.test.ts:143:21)

    console.info
      21:28:32.569 › [shelter] url=shelter:///shelters/foo/photos/bar.jpg?size=preview → path=/shelters/foo/photos/bar.jpg

      at Function.writeFn (node_modules/electron-log/src/node/transports/console.js:60:7)

    console.error
      Unhandled electron-log error Error: electron-log can't determine the app name. It tried these methods:
      1. Use `electron.app.name`
      2. Use productName or name from the nearest package.json`
      You can also set it through log.transports.file.setAppName()
          at NodeExternalApi.getAppName (/Users/johnneed/Projects/gmc-shelters/node_modules/electron-log/src/node/NodeExternalApi.js:26:13)
          at NodeExternalApi.getPathVariables (/Users/johnneed/Projects/gmc-shelters/node_modules/electron-log/src/node/NodeExternalApi.js:92:26)
          at initializeOnFirstAccess (/Users/johnneed/Projects/gmc-shelters/node_modules/electron-log/src/node/transports/file/index.js:91:23)
          at getFile (/Users/johnneed/Projects/gmc-shelters/node_modules/electron-log/src/node/transports/file/index.js:124:5)
          at transport (/Users/johnneed/Projects/gmc-shelters/node_modules/electron-log/src/node/transports/file/index.js:67:18)
          at Logger.processMessage (/Users/johnneed/Projects/gmc-shelters/node_modules/electron-log/src/core/Logger.js:182:11)
          at Logger.logData (/Users/johnneed/Projects/gmc-shelters/node_modules/electron-log/src/core/Logger.js:136:12)
          at Logger.<computed> (/Users/johnneed/Projects/gmc-shelters/node_modules/electron-log/src/core/Logger.js:86:37)
          at /Users/johnneed/Projects/gmc-shelters/src/main/index.ts:142:11
          at processTicksAndRejections (node:internal/process/task_queues:105:5)
          at Object.<anonymous> (/Users/johnneed/Projects/gmc-shelters/src/main/index.test.ts:144:22)

      140 |       }
      141 |
    > 142 |       log.info(`[shelter] url=${request.url} → path=${servedPath}`);
          |           ^
      143 |       try {
      144 |         const data = fs.readFileSync(servedPath);
      145 |         const contentType = MIME[path.extname(filePath).toLowerCase()] ?? 'application/octet-stream';

      at Function.writeFn (node_modules/electron-log/src/node/transports/console.js:60:7)
      at Logger.defaultLogger.processInternalErrorFn (node_modules/electron-log/src/node/createDefaultLogger.js:36:38)
      at Logger.processMessage (node_modules/electron-log/src/core/Logger.js:185:14)
      at Logger.logData (node_modules/electron-log/src/core/Logger.js:136:12)
      at Logger.<computed> (node_modules/electron-log/src/core/Logger.js:86:37)
      at src/main/index.ts:142:11
      at Object.<anonymous> (src/main/index.test.ts:144:22)

    console.info
      21:28:33.197 › Window created

      at Function.writeFn (node_modules/electron-log/src/node/transports/console.js:60:7)

    console.error
      Unhandled electron-log error Error: electron-log can't determine the app name. It tried these methods:
      1. Use `electron.app.name`
      2. Use productName or name from the nearest package.json`
      You can also set it through log.transports.file.setAppName()
          at NodeExternalApi.getAppName (/Users/johnneed/Projects/gmc-shelters/node_modules/electron-log/src/node/NodeExternalApi.js:26:13)
          at NodeExternalApi.getPathVariables (/Users/johnneed/Projects/gmc-shelters/node_modules/electron-log/src/node/NodeExternalApi.js:92:26)
          at initializeOnFirstAccess (/Users/johnneed/Projects/gmc-shelters/node_modules/electron-log/src/node/transports/file/index.js:91:23)
          at getFile (/Users/johnneed/Projects/gmc-shelters/node_modules/electron-log/src/node/transports/file/index.js:124:5)
          at transport (/Users/johnneed/Projects/gmc-shelters/node_modules/electron-log/src/node/transports/file/index.js:67:18)
          at Logger.processMessage (/Users/johnneed/Projects/gmc-shelters/node_modules/electron-log/src/core/Logger.js:182:11)
          at Logger.logData (/Users/johnneed/Projects/gmc-shelters/node_modules/electron-log/src/core/Logger.js:136:12)
          at Logger.<computed> (/Users/johnneed/Projects/gmc-shelters/node_modules/electron-log/src/core/Logger.js:86:37)
          at createWindow (/Users/johnneed/Projects/gmc-shelters/src/main/index.ts:94:7)
          at Array.<anonymous> (/Users/johnneed/Projects/gmc-shelters/src/main/index.ts:163:5)
          at Object.<anonymous> (/Users/johnneed/Projects/gmc-shelters/src/main/index.test.ts:165:38)
          at processTicksAndRejections (node:internal/process/task_queues:105:5)

      92 |
      93 |   Menu.setApplicationMenu(buildMenu());
    > 94 |   log.info('Window created');
         |       ^
      95 | }
      96 |
      97 | if (!app.requestSingleInstanceLock()) {

      at Function.writeFn (node_modules/electron-log/src/node/transports/console.js:60:7)
      at Logger.defaultLogger.processInternalErrorFn (node_modules/electron-log/src/node/createDefaultLogger.js:36:38)
      at Logger.processMessage (node_modules/electron-log/src/core/Logger.js:185:14)
      at Logger.logData (node_modules/electron-log/src/core/Logger.js:136:12)
      at Logger.<computed> (node_modules/electron-log/src/core/Logger.js:86:37)
      at createWindow (src/main/index.ts:94:7)
      at Array.<anonymous> (src/main/index.ts:163:5)
      at Object.<anonymous> (src/main/index.test.ts:165:38)

PASS renderer src/renderer/components/MainPane/tabs/PhotoMetadataDialog.test.tsx
PASS renderer src/renderer/components/MainPane/tabs/PhotoEditorDialog.test.tsx
(node:79208) [DEP0040] DeprecationWarning: The `punycode` module is deprecated. Please use a userland alternative instead.
(Use `node --trace-deprecation ...` to show where the warning was created)
PASS renderer src/renderer/store/photosSlice.test.ts (20.775 s)
PASS renderer src/renderer/components/MainPane/tabs/HistoryTab.test.tsx
PASS renderer src/renderer/components/MainPane/tabs/ShelterTab.test.tsx
PASS renderer src/renderer/App.test.tsx
  ● Console

    console.log
      [renderer] loadShelters called, window.api = object

      at src/renderer/store/sheltersSlice.ts:32:11

    console.error
      Warning: An update to Sidebar inside a test was not wrapped in act(...).
      
      When testing, code that causes React state updates should be wrapped into act(...):
      
      act(() => {
        /* fire events that update state */
      });
      /* assert on the output */
      
      This ensures that you're testing the behavior the user would see in the browser. Learn more at https://reactjs.org/link/wrap-tests-with-act
          at Sidebar (/Users/johnneed/Projects/gmc-shelters/src/renderer/components/Sidebar/Sidebar.tsx:112:31)
          at div
          at AppBody
          at div
          at NavigationGuardProvider (/Users/johnneed/Projects/gmc-shelters/src/renderer/components/NavigationGuard/NavigationGuardProvider.tsx:16:43)
          at ShelterBrowser (/Users/johnneed/Projects/gmc-shelters/src/renderer/routes/ShelterBrowser.tsx:16:31)
          at routeContext (/Users/johnneed/Projects/gmc-shelters/node_modules/react-router/lib/hooks.tsx:658:26)
          at RenderErrorBoundary (/Users/johnneed/Projects/gmc-shelters/node_modules/react-router/lib/hooks.tsx:584:5)
          at routes (/Users/johnneed/Projects/gmc-shelters/node_modules/react-router-dom/index.tsx:767:3)
          at basenameProp (/Users/johnneed/Projects/gmc-shelters/node_modules/react-router/lib/components.tsx:421:13)
          at fallbackElement (/Users/johnneed/Projects/gmc-shelters/node_modules/react-router-dom/index.tsx:489:3)
          at App
          at Provider (/Users/johnneed/Projects/gmc-shelters/node_modules/react-redux/src/components/Provider.tsx:60:11)

      at printWarning (node_modules/react-dom/cjs/react-dom.development.js:86:30)
      at error (node_modules/react-dom/cjs/react-dom.development.js:60:7)
      at warnIfUpdatesNotWrappedWithActDEV (node_modules/react-dom/cjs/react-dom.development.js:27628:9)
      at scheduleUpdateOnFiber (node_modules/react-dom/cjs/react-dom.development.js:25547:5)
      at dispatchSetState (node_modules/react-dom/cjs/react-dom.development.js:16708:7)

    console.log
      [renderer] shelters.getAll returned 0 rows

      at src/renderer/store/sheltersSlice.ts:36:15

    console.error
      Warning: An update to Sidebar inside a test was not wrapped in act(...).
      
      When testing, code that causes React state updates should be wrapped into act(...):
      
      act(() => {
        /* fire events that update state */
      });
      /* assert on the output */
      
      This ensures that you're testing the behavior the user would see in the browser. Learn more at https://reactjs.org/link/wrap-tests-with-act
          at Sidebar (/Users/johnneed/Projects/gmc-shelters/src/renderer/components/Sidebar/Sidebar.tsx:112:31)
          at div
          at AppBody
          at div
          at NavigationGuardProvider (/Users/johnneed/Projects/gmc-shelters/src/renderer/components/NavigationGuard/NavigationGuardProvider.tsx:16:43)
          at ShelterBrowser (/Users/johnneed/Projects/gmc-shelters/src/renderer/routes/ShelterBrowser.tsx:16:31)
          at routeContext (/Users/johnneed/Projects/gmc-shelters/node_modules/react-router/lib/hooks.tsx:658:26)
          at RenderErrorBoundary (/Users/johnneed/Projects/gmc-shelters/node_modules/react-router/lib/hooks.tsx:584:5)
          at routes (/Users/johnneed/Projects/gmc-shelters/node_modules/react-router-dom/index.tsx:767:3)
          at basenameProp (/Users/johnneed/Projects/gmc-shelters/node_modules/react-router/lib/components.tsx:421:13)
          at fallbackElement (/Users/johnneed/Projects/gmc-shelters/node_modules/react-router-dom/index.tsx:489:3)
          at App
          at Provider (/Users/johnneed/Projects/gmc-shelters/node_modules/react-redux/src/components/Provider.tsx:60:11)

      21 |     }
      22 |   }
    > 23 |   return next(action);
         |          ^
      24 | };
      25 |
      26 | export const store = configureStore({

      at printWarning (node_modules/react-dom/cjs/react-dom.development.js:86:30)
      at error (node_modules/react-dom/cjs/react-dom.development.js:60:7)
      at warnIfUpdatesNotWrappedWithActDEV (node_modules/react-dom/cjs/react-dom.development.js:27628:9)
      at scheduleUpdateOnFiber (node_modules/react-dom/cjs/react-dom.development.js:25547:5)
      at forceStoreRerender (node_modules/react-dom/cjs/react-dom.development.js:16158:5)
      at Object.handleStoreChange [as callback] (node_modules/react-dom/cjs/react-dom.development.js:16134:7)
      at node_modules/react-redux/src/utils/Subscription.ts:29:20
      at defaultNoopBatch (node_modules/react-redux/src/utils/batch.ts:3:3)
      at Object.notify (node_modules/react-redux/src/utils/Subscription.ts:26:7)
      at Object.notifyNestedSubs (node_modules/react-redux/src/utils/Subscription.ts:124:15)
      at handleChangeWrapper (node_modules/react-redux/src/utils/Subscription.ts:129:20)
      at listener (node_modules/@reduxjs/toolkit/src/autoBatchEnhancer.ts:93:67)
      at node_modules/redux/src/createStore.ts:220:7
          at Map.forEach (<anonymous>)
      at Object.dispatch (node_modules/redux/src/createStore.ts:219:15)
      at dispatch (node_modules/@reduxjs/toolkit/src/autoBatchEnhancer.ts:126:22)
      at src/renderer/store/index.ts:23:10
      at node_modules/@reduxjs/toolkit/src/serializableStateInvariantMiddleware.ts:169:22
      at node_modules/redux-thunk/dist/cjs/redux-thunk.cjs:32:12
      at node_modules/@reduxjs/toolkit/src/immutableStateInvariantMiddleware.ts:183:34
      at node_modules/@reduxjs/toolkit/src/actionCreatorInvariantMiddleware.ts:29:12
      at dispatch (node_modules/redux/src/applyMiddleware.ts:52:38)
      at node_modules/@reduxjs/toolkit/src/createAsyncThunk.ts:399:13

    console.log
      [renderer] loadShelters called, window.api = object

      at src/renderer/store/sheltersSlice.ts:32:11

    console.error
      Warning: An update to Sidebar inside a test was not wrapped in act(...).
      
      When testing, code that causes React state updates should be wrapped into act(...):
      
      act(() => {
        /* fire events that update state */
      });
      /* assert on the output */
      
      This ensures that you're testing the behavior the user would see in the browser. Learn more at https://reactjs.org/link/wrap-tests-with-act
          at Sidebar (/Users/johnneed/Projects/gmc-shelters/src/renderer/components/Sidebar/Sidebar.tsx:112:31)
          at div
          at AppBody
          at div
          at NavigationGuardProvider (/Users/johnneed/Projects/gmc-shelters/src/renderer/components/NavigationGuard/NavigationGuardProvider.tsx:16:43)
          at ShelterBrowser (/Users/johnneed/Projects/gmc-shelters/src/renderer/routes/ShelterBrowser.tsx:16:31)
          at routeContext (/Users/johnneed/Projects/gmc-shelters/node_modules/react-router/lib/hooks.tsx:658:26)
          at RenderErrorBoundary (/Users/johnneed/Projects/gmc-shelters/node_modules/react-router/lib/hooks.tsx:584:5)
          at routes (/Users/johnneed/Projects/gmc-shelters/node_modules/react-router-dom/index.tsx:767:3)
          at basenameProp (/Users/johnneed/Projects/gmc-shelters/node_modules/react-router/lib/components.tsx:421:13)
          at fallbackElement (/Users/johnneed/Projects/gmc-shelters/node_modules/react-router-dom/index.tsx:489:3)
          at App
          at Provider (/Users/johnneed/Projects/gmc-shelters/node_modules/react-redux/src/components/Provider.tsx:60:11)

      at printWarning (node_modules/react-dom/cjs/react-dom.development.js:86:30)
      at error (node_modules/react-dom/cjs/react-dom.development.js:60:7)
      at warnIfUpdatesNotWrappedWithActDEV (node_modules/react-dom/cjs/react-dom.development.js:27628:9)
      at scheduleUpdateOnFiber (node_modules/react-dom/cjs/react-dom.development.js:25547:5)
      at dispatchSetState (node_modules/react-dom/cjs/react-dom.development.js:16708:7)

    console.log
      [renderer] shelters.getAll returned 0 rows

      at src/renderer/store/sheltersSlice.ts:36:15

    console.log
      [renderer] loadShelters called, window.api = object

      at src/renderer/store/sheltersSlice.ts:32:11

    console.error
      Warning: An update to Sidebar inside a test was not wrapped in act(...).
      
      When testing, code that causes React state updates should be wrapped into act(...):
      
      act(() => {
        /* fire events that update state */
      });
      /* assert on the output */
      
      This ensures that you're testing the behavior the user would see in the browser. Learn more at https://reactjs.org/link/wrap-tests-with-act
          at Sidebar (/Users/johnneed/Projects/gmc-shelters/src/renderer/components/Sidebar/Sidebar.tsx:112:31)
          at div
          at AppBody
          at div
          at NavigationGuardProvider (/Users/johnneed/Projects/gmc-shelters/src/renderer/components/NavigationGuard/NavigationGuardProvider.tsx:16:43)
          at ShelterBrowser (/Users/johnneed/Projects/gmc-shelters/src/renderer/routes/ShelterBrowser.tsx:16:31)
          at routeContext (/Users/johnneed/Projects/gmc-shelters/node_modules/react-router/lib/hooks.tsx:658:26)
          at RenderErrorBoundary (/Users/johnneed/Projects/gmc-shelters/node_modules/react-router/lib/hooks.tsx:584:5)
          at routes (/Users/johnneed/Projects/gmc-shelters/node_modules/react-router-dom/index.tsx:767:3)
          at basenameProp (/Users/johnneed/Projects/gmc-shelters/node_modules/react-router/lib/components.tsx:421:13)
          at fallbackElement (/Users/johnneed/Projects/gmc-shelters/node_modules/react-router-dom/index.tsx:489:3)
          at App
          at Provider (/Users/johnneed/Projects/gmc-shelters/node_modules/react-redux/src/components/Provider.tsx:60:11)

      at printWarning (node_modules/react-dom/cjs/react-dom.development.js:86:30)
      at error (node_modules/react-dom/cjs/react-dom.development.js:60:7)
      at warnIfUpdatesNotWrappedWithActDEV (node_modules/react-dom/cjs/react-dom.development.js:27628:9)
      at scheduleUpdateOnFiber (node_modules/react-dom/cjs/react-dom.development.js:25547:5)
      at dispatchSetState (node_modules/react-dom/cjs/react-dom.development.js:16708:7)

    console.log
      [renderer] shelters.getAll returned 0 rows

      at src/renderer/store/sheltersSlice.ts:36:15

    console.log
      [renderer] loadShelters called, window.api = object

      at src/renderer/store/sheltersSlice.ts:32:11

    console.error
      Warning: An update to Sidebar inside a test was not wrapped in act(...).
      
      When testing, code that causes React state updates should be wrapped into act(...):
      
      act(() => {
        /* fire events that update state */
      });
      /* assert on the output */
      
      This ensures that you're testing the behavior the user would see in the browser. Learn more at https://reactjs.org/link/wrap-tests-with-act
          at Sidebar (/Users/johnneed/Projects/gmc-shelters/src/renderer/components/Sidebar/Sidebar.tsx:112:31)
          at div
          at AppBody
          at div
          at NavigationGuardProvider (/Users/johnneed/Projects/gmc-shelters/src/renderer/components/NavigationGuard/NavigationGuardProvider.tsx:16:43)
          at ShelterBrowser (/Users/johnneed/Projects/gmc-shelters/src/renderer/routes/ShelterBrowser.tsx:16:31)
          at routeContext (/Users/johnneed/Projects/gmc-shelters/node_modules/react-router/lib/hooks.tsx:658:26)
          at RenderErrorBoundary (/Users/johnneed/Projects/gmc-shelters/node_modules/react-router/lib/hooks.tsx:584:5)
          at routes (/Users/johnneed/Projects/gmc-shelters/node_modules/react-router-dom/index.tsx:767:3)
          at basenameProp (/Users/johnneed/Projects/gmc-shelters/node_modules/react-router/lib/components.tsx:421:13)
          at fallbackElement (/Users/johnneed/Projects/gmc-shelters/node_modules/react-router-dom/index.tsx:489:3)
          at App
          at Provider (/Users/johnneed/Projects/gmc-shelters/node_modules/react-redux/src/components/Provider.tsx:60:11)

      at printWarning (node_modules/react-dom/cjs/react-dom.development.js:86:30)
      at error (node_modules/react-dom/cjs/react-dom.development.js:60:7)
      at warnIfUpdatesNotWrappedWithActDEV (node_modules/react-dom/cjs/react-dom.development.js:27628:9)
      at scheduleUpdateOnFiber (node_modules/react-dom/cjs/react-dom.development.js:25547:5)
      at dispatchSetState (node_modules/react-dom/cjs/react-dom.development.js:16708:7)

    console.log
      [renderer] shelters.getAll returned 0 rows

      at src/renderer/store/sheltersSlice.ts:36:15

PASS renderer src/renderer/theme/index.test.ts
PASS renderer src/renderer/components/MainPane/tabs/PhotoCard.test.tsx
PASS renderer src/renderer/components/NavigationGuard/NavigationGuardProvider.test.tsx
PASS main src/main/ipc/publish.test.ts (25.692 s)
PASS renderer src/renderer/components/Settings/PathsPage.test.tsx
PASS renderer src/renderer/components/AppShell/AppHeader.test.tsx
PASS renderer src/renderer/components/MainPane/tabs/MarkerFormPanel.test.tsx
PASS renderer src/renderer/components/MainPane/tabs/SourceCard.test.tsx
PASS renderer src/renderer/components/MainPane/tabs/MarkerRow.test.tsx
PASS renderer src/renderer/components/MainPane/tabs/SourcePicker.test.tsx
PASS renderer src/renderer/components/MainPane/tabs/MarkerDetailPanel.test.tsx
(node:79211) [DEP0040] DeprecationWarning: The `punycode` module is deprecated. Please use a userland alternative instead.
(Use `node --trace-deprecation ...` to show where the warning was created)
PASS renderer src/renderer/components/modals/NewShelterModal.test.tsx (25.889 s)
PASS renderer src/renderer/components/AppShell/Titlebar.test.tsx
PASS main src/main/ipc/shelters.test.ts
PASS main src/main/export/index.test.ts
PASS renderer src/renderer/components/MainPane/tabs/SourceModal.test.tsx (6.173 s)
PASS main src/main/db/connection.test.ts
  ● Console

    console.info
      21:28:57.632 › [db] opening: /tmp/app/database/gmc_shelters.sqlite

      at Function.writeFn (node_modules/electron-log/src/node/transports/console.js:60:7)

    console.error
      Unhandled electron-log error Error: electron-log can't determine the app name. It tried these methods:
      1. Use `electron.app.name`
      2. Use productName or name from the nearest package.json`
      You can also set it through log.transports.file.setAppName()
          at NodeExternalApi.getAppName (/Users/johnneed/Projects/gmc-shelters/node_modules/electron-log/src/node/NodeExternalApi.js:26:13)
          at NodeExternalApi.getPathVariables (/Users/johnneed/Projects/gmc-shelters/node_modules/electron-log/src/node/NodeExternalApi.js:92:26)
          at initializeOnFirstAccess (/Users/johnneed/Projects/gmc-shelters/node_modules/electron-log/src/node/transports/file/index.js:91:23)
          at getFile (/Users/johnneed/Projects/gmc-shelters/node_modules/electron-log/src/node/transports/file/index.js:124:5)
          at transport (/Users/johnneed/Projects/gmc-shelters/node_modules/electron-log/src/node/transports/file/index.js:67:18)
          at Logger.processMessage (/Users/johnneed/Projects/gmc-shelters/node_modules/electron-log/src/core/Logger.js:182:11)
          at Logger.logData (/Users/johnneed/Projects/gmc-shelters/node_modules/electron-log/src/core/Logger.js:136:12)
          at Logger.<computed> (/Users/johnneed/Projects/gmc-shelters/node_modules/electron-log/src/core/Logger.js:86:37)
          at getDb (/Users/johnneed/Projects/gmc-shelters/src/main/db/connection.ts:15:7)
          at Object.<anonymous> (/Users/johnneed/Projects/gmc-shelters/src/main/db/connection.test.ts:24:5)
          at processTicksAndRejections (node:internal/process/task_queues:105:5)

      13 |   const dbPath = path.join(repoRoot, 'database', 'gmc_shelters.sqlite');
      14 |
    > 15 |   log.info(`[db] opening: ${dbPath}`);
         |       ^
      16 |
      17 |   try {
      18 |     db = new Database(dbPath);

      at Function.writeFn (node_modules/electron-log/src/node/transports/console.js:60:7)
      at Logger.defaultLogger.processInternalErrorFn (node_modules/electron-log/src/node/createDefaultLogger.js:36:38)
      at Logger.processMessage (node_modules/electron-log/src/core/Logger.js:185:14)
      at Logger.logData (node_modules/electron-log/src/core/Logger.js:136:12)
      at Logger.<computed> (node_modules/electron-log/src/core/Logger.js:86:37)
      at getDb (src/main/db/connection.ts:15:7)
      at Object.<anonymous> (src/main/db/connection.test.ts:24:5)

    console.info
      21:28:57.651 › [db] opened OK, repoRoot=/tmp/app

      at Function.writeFn (node_modules/electron-log/src/node/transports/console.js:60:7)

    console.error
      Unhandled electron-log error Error: electron-log can't determine the app name. It tried these methods:
      1. Use `electron.app.name`
      2. Use productName or name from the nearest package.json`
      You can also set it through log.transports.file.setAppName()
          at NodeExternalApi.getAppName (/Users/johnneed/Projects/gmc-shelters/node_modules/electron-log/src/node/NodeExternalApi.js:26:13)
          at NodeExternalApi.getPathVariables (/Users/johnneed/Projects/gmc-shelters/node_modules/electron-log/src/node/NodeExternalApi.js:92:26)
          at initializeOnFirstAccess (/Users/johnneed/Projects/gmc-shelters/node_modules/electron-log/src/node/transports/file/index.js:91:23)
          at getFile (/Users/johnneed/Projects/gmc-shelters/node_modules/electron-log/src/node/transports/file/index.js:124:5)
          at transport (/Users/johnneed/Projects/gmc-shelters/node_modules/electron-log/src/node/transports/file/index.js:67:18)
          at Logger.processMessage (/Users/johnneed/Projects/gmc-shelters/node_modules/electron-log/src/core/Logger.js:182:11)
          at Logger.logData (/Users/johnneed/Projects/gmc-shelters/node_modules/electron-log/src/core/Logger.js:136:12)
          at Logger.<computed> (/Users/johnneed/Projects/gmc-shelters/node_modules/electron-log/src/core/Logger.js:86:37)
          at getDb (/Users/johnneed/Projects/gmc-shelters/src/main/db/connection.ts:22:9)
          at Object.<anonymous> (/Users/johnneed/Projects/gmc-shelters/src/main/db/connection.test.ts:24:5)
          at processTicksAndRejections (node:internal/process/task_queues:105:5)

      20 |     db.pragma('foreign_keys = ON');
      21 |     applyMigrations(db, repoRoot);
    > 22 |     log.info(`[db] opened OK, repoRoot=${repoRoot}`);
         |         ^
      23 |   } catch (err) {
      24 |     log.error(`[db] failed to open: ${err}`);
      25 |     throw err;

      at Function.writeFn (node_modules/electron-log/src/node/transports/console.js:60:7)
      at Logger.defaultLogger.processInternalErrorFn (node_modules/electron-log/src/node/createDefaultLogger.js:36:38)
      at Logger.processMessage (node_modules/electron-log/src/core/Logger.js:185:14)
      at Logger.logData (node_modules/electron-log/src/core/Logger.js:136:12)
      at Logger.<computed> (node_modules/electron-log/src/core/Logger.js:86:37)
      at getDb (src/main/db/connection.ts:22:9)
      at Object.<anonymous> (src/main/db/connection.test.ts:24:5)

    console.info
      21:28:57.662 › [db] opening: /tmp/app/database/gmc_shelters.sqlite

      at Function.writeFn (node_modules/electron-log/src/node/transports/console.js:60:7)

    console.error
      Unhandled electron-log error Error: electron-log can't determine the app name. It tried these methods:
      1. Use `electron.app.name`
      2. Use productName or name from the nearest package.json`
      You can also set it through log.transports.file.setAppName()
          at NodeExternalApi.getAppName (/Users/johnneed/Projects/gmc-shelters/node_modules/electron-log/src/node/NodeExternalApi.js:26:13)
          at NodeExternalApi.getPathVariables (/Users/johnneed/Projects/gmc-shelters/node_modules/electron-log/src/node/NodeExternalApi.js:92:26)
          at initializeOnFirstAccess (/Users/johnneed/Projects/gmc-shelters/node_modules/electron-log/src/node/transports/file/index.js:91:23)
          at getFile (/Users/johnneed/Projects/gmc-shelters/node_modules/electron-log/src/node/transports/file/index.js:124:5)
          at transport (/Users/johnneed/Projects/gmc-shelters/node_modules/electron-log/src/node/transports/file/index.js:67:18)
          at Logger.processMessage (/Users/johnneed/Projects/gmc-shelters/node_modules/electron-log/src/core/Logger.js:182:11)
          at Logger.logData (/Users/johnneed/Projects/gmc-shelters/node_modules/electron-log/src/core/Logger.js:136:12)
          at Logger.<computed> (/Users/johnneed/Projects/gmc-shelters/node_modules/electron-log/src/core/Logger.js:86:37)
          at getDb (/Users/johnneed/Projects/gmc-shelters/src/main/db/connection.ts:15:7)
          at Object.<anonymous> (/Users/johnneed/Projects/gmc-shelters/src/main/db/connection.test.ts:43:15)
          at processTicksAndRejections (node:internal/process/task_queues:105:5)

      13 |   const dbPath = path.join(repoRoot, 'database', 'gmc_shelters.sqlite');
      14 |
    > 15 |   log.info(`[db] opening: ${dbPath}`);
         |       ^
      16 |
      17 |   try {
      18 |     db = new Database(dbPath);

      at Function.writeFn (node_modules/electron-log/src/node/transports/console.js:60:7)
      at Logger.defaultLogger.processInternalErrorFn (node_modules/electron-log/src/node/createDefaultLogger.js:36:38)
      at Logger.processMessage (node_modules/electron-log/src/core/Logger.js:185:14)
      at Logger.logData (node_modules/electron-log/src/core/Logger.js:136:12)
      at Logger.<computed> (node_modules/electron-log/src/core/Logger.js:86:37)
      at getDb (src/main/db/connection.ts:15:7)
      at Object.<anonymous> (src/main/db/connection.test.ts:43:15)

    console.info
      21:28:57.663 › [db] opened OK, repoRoot=/tmp/app

      at Function.writeFn (node_modules/electron-log/src/node/transports/console.js:60:7)

    console.error
      Unhandled electron-log error Error: electron-log can't determine the app name. It tried these methods:
      1. Use `electron.app.name`
      2. Use productName or name from the nearest package.json`
      You can also set it through log.transports.file.setAppName()
          at NodeExternalApi.getAppName (/Users/johnneed/Projects/gmc-shelters/node_modules/electron-log/src/node/NodeExternalApi.js:26:13)
          at NodeExternalApi.getPathVariables (/Users/johnneed/Projects/gmc-shelters/node_modules/electron-log/src/node/NodeExternalApi.js:92:26)
          at initializeOnFirstAccess (/Users/johnneed/Projects/gmc-shelters/node_modules/electron-log/src/node/transports/file/index.js:91:23)
          at getFile (/Users/johnneed/Projects/gmc-shelters/node_modules/electron-log/src/node/transports/file/index.js:124:5)
          at transport (/Users/johnneed/Projects/gmc-shelters/node_modules/electron-log/src/node/transports/file/index.js:67:18)
          at Logger.processMessage (/Users/johnneed/Projects/gmc-shelters/node_modules/electron-log/src/core/Logger.js:182:11)
          at Logger.logData (/Users/johnneed/Projects/gmc-shelters/node_modules/electron-log/src/core/Logger.js:136:12)
          at Logger.<computed> (/Users/johnneed/Projects/gmc-shelters/node_modules/electron-log/src/core/Logger.js:86:37)
          at getDb (/Users/johnneed/Projects/gmc-shelters/src/main/db/connection.ts:22:9)
          at Object.<anonymous> (/Users/johnneed/Projects/gmc-shelters/src/main/db/connection.test.ts:43:15)
          at processTicksAndRejections (node:internal/process/task_queues:105:5)

      20 |     db.pragma('foreign_keys = ON');
      21 |     applyMigrations(db, repoRoot);
    > 22 |     log.info(`[db] opened OK, repoRoot=${repoRoot}`);
         |         ^
      23 |   } catch (err) {
      24 |     log.error(`[db] failed to open: ${err}`);
      25 |     throw err;

      at Function.writeFn (node_modules/electron-log/src/node/transports/console.js:60:7)
      at Logger.defaultLogger.processInternalErrorFn (node_modules/electron-log/src/node/createDefaultLogger.js:36:38)
      at Logger.processMessage (node_modules/electron-log/src/core/Logger.js:185:14)
      at Logger.logData (node_modules/electron-log/src/core/Logger.js:136:12)
      at Logger.<computed> (node_modules/electron-log/src/core/Logger.js:86:37)
      at getDb (src/main/db/connection.ts:22:9)
      at Object.<anonymous> (src/main/db/connection.test.ts:43:15)

    console.info
      21:28:57.690 › [db] opening: /tmp/app/database/gmc_shelters.sqlite

      at Function.writeFn (node_modules/electron-log/src/node/transports/console.js:60:7)

    console.error
      Unhandled electron-log error Error: electron-log can't determine the app name. It tried these methods:
      1. Use `electron.app.name`
      2. Use productName or name from the nearest package.json`
      You can also set it through log.transports.file.setAppName()
          at NodeExternalApi.getAppName (/Users/johnneed/Projects/gmc-shelters/node_modules/electron-log/src/node/NodeExternalApi.js:26:13)
          at NodeExternalApi.getPathVariables (/Users/johnneed/Projects/gmc-shelters/node_modules/electron-log/src/node/NodeExternalApi.js:92:26)
          at initializeOnFirstAccess (/Users/johnneed/Projects/gmc-shelters/node_modules/electron-log/src/node/transports/file/index.js:91:23)
          at getFile (/Users/johnneed/Projects/gmc-shelters/node_modules/electron-log/src/node/transports/file/index.js:124:5)
          at transport (/Users/johnneed/Projects/gmc-shelters/node_modules/electron-log/src/node/transports/file/index.js:67:18)
          at Logger.processMessage (/Users/johnneed/Projects/gmc-shelters/node_modules/electron-log/src/core/Logger.js:182:11)
          at Logger.logData (/Users/johnneed/Projects/gmc-shelters/node_modules/electron-log/src/core/Logger.js:136:12)
          at Logger.<computed> (/Users/johnneed/Projects/gmc-shelters/node_modules/electron-log/src/core/Logger.js:86:37)
          at getDb (/Users/johnneed/Projects/gmc-shelters/src/main/db/connection.ts:15:7)
          at Object.<anonymous> (/Users/johnneed/Projects/gmc-shelters/src/main/db/connection.test.ts:63:5)
          at processTicksAndRejections (node:internal/process/task_queues:105:5)

      13 |   const dbPath = path.join(repoRoot, 'database', 'gmc_shelters.sqlite');
      14 |
    > 15 |   log.info(`[db] opening: ${dbPath}`);
         |       ^
      16 |
      17 |   try {
      18 |     db = new Database(dbPath);

      at Function.writeFn (node_modules/electron-log/src/node/transports/console.js:60:7)
      at Logger.defaultLogger.processInternalErrorFn (node_modules/electron-log/src/node/createDefaultLogger.js:36:38)
      at Logger.processMessage (node_modules/electron-log/src/core/Logger.js:185:14)
      at Logger.logData (node_modules/electron-log/src/core/Logger.js:136:12)
      at Logger.<computed> (node_modules/electron-log/src/core/Logger.js:86:37)
      at getDb (src/main/db/connection.ts:15:7)
      at Object.<anonymous> (src/main/db/connection.test.ts:63:5)

    console.info
      21:28:57.692 › [db] opened OK, repoRoot=/tmp/app

      at Function.writeFn (node_modules/electron-log/src/node/transports/console.js:60:7)

    console.error
      Unhandled electron-log error Error: electron-log can't determine the app name. It tried these methods:
      1. Use `electron.app.name`
      2. Use productName or name from the nearest package.json`
      You can also set it through log.transports.file.setAppName()
          at NodeExternalApi.getAppName (/Users/johnneed/Projects/gmc-shelters/node_modules/electron-log/src/node/NodeExternalApi.js:26:13)
          at NodeExternalApi.getPathVariables (/Users/johnneed/Projects/gmc-shelters/node_modules/electron-log/src/node/NodeExternalApi.js:92:26)
          at initializeOnFirstAccess (/Users/johnneed/Projects/gmc-shelters/node_modules/electron-log/src/node/transports/file/index.js:91:23)
          at getFile (/Users/johnneed/Projects/gmc-shelters/node_modules/electron-log/src/node/transports/file/index.js:124:5)
          at transport (/Users/johnneed/Projects/gmc-shelters/node_modules/electron-log/src/node/transports/file/index.js:67:18)
          at Logger.processMessage (/Users/johnneed/Projects/gmc-shelters/node_modules/electron-log/src/core/Logger.js:182:11)
          at Logger.logData (/Users/johnneed/Projects/gmc-shelters/node_modules/electron-log/src/core/Logger.js:136:12)
          at Logger.<computed> (/Users/johnneed/Projects/gmc-shelters/node_modules/electron-log/src/core/Logger.js:86:37)
          at getDb (/Users/johnneed/Projects/gmc-shelters/src/main/db/connection.ts:22:9)
          at Object.<anonymous> (/Users/johnneed/Projects/gmc-shelters/src/main/db/connection.test.ts:63:5)
          at processTicksAndRejections (node:internal/process/task_queues:105:5)

      20 |     db.pragma('foreign_keys = ON');
      21 |     applyMigrations(db, repoRoot);
    > 22 |     log.info(`[db] opened OK, repoRoot=${repoRoot}`);
         |         ^
      23 |   } catch (err) {
      24 |     log.error(`[db] failed to open: ${err}`);
      25 |     throw err;

      at Function.writeFn (node_modules/electron-log/src/node/transports/console.js:60:7)
      at Logger.defaultLogger.processInternalErrorFn (node_modules/electron-log/src/node/createDefaultLogger.js:36:38)
      at Logger.processMessage (node_modules/electron-log/src/core/Logger.js:185:14)
      at Logger.logData (node_modules/electron-log/src/core/Logger.js:136:12)
      at Logger.<computed> (node_modules/electron-log/src/core/Logger.js:86:37)
      at getDb (src/main/db/connection.ts:22:9)
      at Object.<anonymous> (src/main/db/connection.test.ts:63:5)

(node:79205) [DEP0040] DeprecationWarning: The `punycode` module is deprecated. Please use a userland alternative instead.
(Use `node --trace-deprecation ...` to show where the warning was created)
PASS renderer src/renderer/components/MainPane/tabs/MapMarkersTab.test.tsx (28.601 s)
  ● Console

    console.error
      Warning: An update to MapMarkersTab inside a test was not wrapped in act(...).
      
      When testing, code that causes React state updates should be wrapped into act(...):
      
      act(() => {
        /* fire events that update state */
      });
      /* assert on the output */
      
      This ensures that you're testing the behavior the user would see in the browser. Learn more at https://reactjs.org/link/wrap-tests-with-act
          at MapMarkersTab (/Users/johnneed/Projects/gmc-shelters/src/renderer/components/MainPane/tabs/MapMarkersTab.tsx:23:41)
          at Provider (/Users/johnneed/Projects/gmc-shelters/node_modules/react-redux/src/components/Provider.tsx:60:11)

      185 |           notes: form.notes,
      186 |         };
    > 187 |         await dispatch(updateMarker({ id: editId, shelterId, input })).unwrap();
          |         ^
      188 |       } else {
      189 |         const input: MapMarkerCreateInput = {
      190 |           shelter_id: shelterId,

      at printWarning (node_modules/react-dom/cjs/react-dom.development.js:86:30)
      at error (node_modules/react-dom/cjs/react-dom.development.js:60:7)
      at warnIfUpdatesNotWrappedWithActDEV (node_modules/react-dom/cjs/react-dom.development.js:27628:9)
      at scheduleUpdateOnFiber (node_modules/react-dom/cjs/react-dom.development.js:25547:5)
      at forceStoreRerender (node_modules/react-dom/cjs/react-dom.development.js:16158:5)
      at Object.handleStoreChange [as callback] (node_modules/react-dom/cjs/react-dom.development.js:16134:7)
      at node_modules/react-redux/src/utils/Subscription.ts:29:20
      at defaultNoopBatch (node_modules/react-redux/src/utils/batch.ts:3:3)
      at Object.notify (node_modules/react-redux/src/utils/Subscription.ts:26:7)
      at Object.notifyNestedSubs (node_modules/react-redux/src/utils/Subscription.ts:124:15)
      at handleChangeWrapper (node_modules/react-redux/src/utils/Subscription.ts:129:20)
      at listener (node_modules/@reduxjs/toolkit/src/autoBatchEnhancer.ts:93:67)
      at node_modules/redux/src/createStore.ts:220:7
          at Map.forEach (<anonymous>)
      at Object.dispatch (node_modules/redux/src/createStore.ts:219:15)
      at dispatch (node_modules/@reduxjs/toolkit/src/autoBatchEnhancer.ts:126:22)
      at node_modules/@reduxjs/toolkit/src/serializableStateInvariantMiddleware.ts:169:22
      at node_modules/redux-thunk/dist/cjs/redux-thunk.cjs:32:12
      at node_modules/@reduxjs/toolkit/src/immutableStateInvariantMiddleware.ts:183:34
      at node_modules/@reduxjs/toolkit/src/actionCreatorInvariantMiddleware.ts:29:12
      at dispatch (node_modules/redux/src/applyMiddleware.ts:52:38)
      at node_modules/@reduxjs/toolkit/src/createAsyncThunk.ts:399:13
      at handleSave (src/renderer/components/MainPane/tabs/MapMarkersTab.tsx:187:9)

    console.error
      Warning: An update to MapMarkersTab inside a test was not wrapped in act(...).
      
      When testing, code that causes React state updates should be wrapped into act(...):
      
      act(() => {
        /* fire events that update state */
      });
      /* assert on the output */
      
      This ensures that you're testing the behavior the user would see in the browser. Learn more at https://reactjs.org/link/wrap-tests-with-act
          at MapMarkersTab (/Users/johnneed/Projects/gmc-shelters/src/renderer/components/MainPane/tabs/MapMarkersTab.tsx:23:41)
          at Provider (/Users/johnneed/Projects/gmc-shelters/node_modules/react-redux/src/components/Provider.tsx:60:11)

      185 |           notes: form.notes,
      186 |         };
    > 187 |         await dispatch(updateMarker({ id: editId, shelterId, input })).unwrap();
          |         ^
      188 |       } else {
      189 |         const input: MapMarkerCreateInput = {
      190 |           shelter_id: shelterId,

      at printWarning (node_modules/react-dom/cjs/react-dom.development.js:86:30)
      at error (node_modules/react-dom/cjs/react-dom.development.js:60:7)
      at warnIfUpdatesNotWrappedWithActDEV (node_modules/react-dom/cjs/react-dom.development.js:27628:9)
      at scheduleUpdateOnFiber (node_modules/react-dom/cjs/react-dom.development.js:25547:5)
      at forceStoreRerender (node_modules/react-dom/cjs/react-dom.development.js:16158:5)
      at Object.handleStoreChange [as callback] (node_modules/react-dom/cjs/react-dom.development.js:16134:7)
      at node_modules/react-redux/src/utils/Subscription.ts:29:20
      at defaultNoopBatch (node_modules/react-redux/src/utils/batch.ts:3:3)
      at Object.notify (node_modules/react-redux/src/utils/Subscription.ts:26:7)
      at Object.notifyNestedSubs (node_modules/react-redux/src/utils/Subscription.ts:124:15)
      at handleChangeWrapper (node_modules/react-redux/src/utils/Subscription.ts:129:20)
      at listener (node_modules/@reduxjs/toolkit/src/autoBatchEnhancer.ts:93:67)
      at node_modules/redux/src/createStore.ts:220:7
          at Map.forEach (<anonymous>)
      at Object.dispatch (node_modules/redux/src/createStore.ts:219:15)
      at dispatch (node_modules/@reduxjs/toolkit/src/autoBatchEnhancer.ts:126:22)
      at node_modules/@reduxjs/toolkit/src/serializableStateInvariantMiddleware.ts:169:22
      at node_modules/redux-thunk/dist/cjs/redux-thunk.cjs:32:12
      at node_modules/@reduxjs/toolkit/src/immutableStateInvariantMiddleware.ts:183:34
      at node_modules/@reduxjs/toolkit/src/actionCreatorInvariantMiddleware.ts:29:12
      at dispatch (node_modules/redux/src/applyMiddleware.ts:52:38)
      at node_modules/@reduxjs/toolkit/src/createAsyncThunk.ts:399:13
      at handleSave (src/renderer/components/MainPane/tabs/MapMarkersTab.tsx:187:9)

    console.error
      Warning: An update to MapMarkersTab inside a test was not wrapped in act(...).
      
      When testing, code that causes React state updates should be wrapped into act(...):
      
      act(() => {
        /* fire events that update state */
      });
      /* assert on the output */
      
      This ensures that you're testing the behavior the user would see in the browser. Learn more at https://reactjs.org/link/wrap-tests-with-act
          at MapMarkersTab (/Users/johnneed/Projects/gmc-shelters/src/renderer/components/MainPane/tabs/MapMarkersTab.tsx:23:41)
          at Provider (/Users/johnneed/Projects/gmc-shelters/node_modules/react-redux/src/components/Provider.tsx:60:11)

      162 |
      163 |   function cancelForm() {
    > 164 |     setMode('idle'); setEditId(null); setForm(emptyForm()); setErrorMsg(null);
          |     ^
      165 |   }
      166 |
      167 |   async function handleSave() {

      at printWarning (node_modules/react-dom/cjs/react-dom.development.js:86:30)
      at error (node_modules/react-dom/cjs/react-dom.development.js:60:7)
      at warnIfUpdatesNotWrappedWithActDEV (node_modules/react-dom/cjs/react-dom.development.js:27628:9)
      at scheduleUpdateOnFiber (node_modules/react-dom/cjs/react-dom.development.js:25547:5)
      at dispatchSetState (node_modules/react-dom/cjs/react-dom.development.js:16708:7)
      at cancelForm (src/renderer/components/MainPane/tabs/MapMarkersTab.tsx:164:5)
      at handleSave (src/renderer/components/MainPane/tabs/MapMarkersTab.tsx:201:7)

    console.error
      Warning: An update to MapMarkersTab inside a test was not wrapped in act(...).
      
      When testing, code that causes React state updates should be wrapped into act(...):
      
      act(() => {
        /* fire events that update state */
      });
      /* assert on the output */
      
      This ensures that you're testing the behavior the user would see in the browser. Learn more at https://reactjs.org/link/wrap-tests-with-act
          at MapMarkersTab (/Users/johnneed/Projects/gmc-shelters/src/renderer/components/MainPane/tabs/MapMarkersTab.tsx:23:41)
          at Provider (/Users/johnneed/Projects/gmc-shelters/node_modules/react-redux/src/components/Provider.tsx:60:11)

      162 |
      163 |   function cancelForm() {
    > 164 |     setMode('idle'); setEditId(null); setForm(emptyForm()); setErrorMsg(null);
          |                      ^
      165 |   }
      166 |
      167 |   async function handleSave() {

      at printWarning (node_modules/react-dom/cjs/react-dom.development.js:86:30)
      at error (node_modules/react-dom/cjs/react-dom.development.js:60:7)
      at warnIfUpdatesNotWrappedWithActDEV (node_modules/react-dom/cjs/react-dom.development.js:27628:9)
      at scheduleUpdateOnFiber (node_modules/react-dom/cjs/react-dom.development.js:25547:5)
      at dispatchSetState (node_modules/react-dom/cjs/react-dom.development.js:16708:7)
      at cancelForm (src/renderer/components/MainPane/tabs/MapMarkersTab.tsx:164:22)
      at handleSave (src/renderer/components/MainPane/tabs/MapMarkersTab.tsx:201:7)

    console.error
      Warning: An update to MapMarkersTab inside a test was not wrapped in act(...).
      
      When testing, code that causes React state updates should be wrapped into act(...):
      
      act(() => {
        /* fire events that update state */
      });
      /* assert on the output */
      
      This ensures that you're testing the behavior the user would see in the browser. Learn more at https://reactjs.org/link/wrap-tests-with-act
          at MapMarkersTab (/Users/johnneed/Projects/gmc-shelters/src/renderer/components/MainPane/tabs/MapMarkersTab.tsx:23:41)
          at Provider (/Users/johnneed/Projects/gmc-shelters/node_modules/react-redux/src/components/Provider.tsx:60:11)

      162 |
      163 |   function cancelForm() {
    > 164 |     setMode('idle'); setEditId(null); setForm(emptyForm()); setErrorMsg(null);
          |                                       ^
      165 |   }
      166 |
      167 |   async function handleSave() {

      at printWarning (node_modules/react-dom/cjs/react-dom.development.js:86:30)
      at error (node_modules/react-dom/cjs/react-dom.development.js:60:7)
      at warnIfUpdatesNotWrappedWithActDEV (node_modules/react-dom/cjs/react-dom.development.js:27628:9)
      at scheduleUpdateOnFiber (node_modules/react-dom/cjs/react-dom.development.js:25547:5)
      at dispatchSetState (node_modules/react-dom/cjs/react-dom.development.js:16708:7)
      at cancelForm (src/renderer/components/MainPane/tabs/MapMarkersTab.tsx:164:39)
      at handleSave (src/renderer/components/MainPane/tabs/MapMarkersTab.tsx:201:7)

    console.error
      Warning: An update to MapMarkersTab inside a test was not wrapped in act(...).
      
      When testing, code that causes React state updates should be wrapped into act(...):
      
      act(() => {
        /* fire events that update state */
      });
      /* assert on the output */
      
      This ensures that you're testing the behavior the user would see in the browser. Learn more at https://reactjs.org/link/wrap-tests-with-act
          at MapMarkersTab (/Users/johnneed/Projects/gmc-shelters/src/renderer/components/MainPane/tabs/MapMarkersTab.tsx:23:41)
          at Provider (/Users/johnneed/Projects/gmc-shelters/node_modules/react-redux/src/components/Provider.tsx:60:11)

      162 |
      163 |   function cancelForm() {
    > 164 |     setMode('idle'); setEditId(null); setForm(emptyForm()); setErrorMsg(null);
          |                                                             ^
      165 |   }
      166 |
      167 |   async function handleSave() {

      at printWarning (node_modules/react-dom/cjs/react-dom.development.js:86:30)
      at error (node_modules/react-dom/cjs/react-dom.development.js:60:7)
      at warnIfUpdatesNotWrappedWithActDEV (node_modules/react-dom/cjs/react-dom.development.js:27628:9)
      at scheduleUpdateOnFiber (node_modules/react-dom/cjs/react-dom.development.js:25547:5)
      at dispatchSetState (node_modules/react-dom/cjs/react-dom.development.js:16708:7)
      at cancelForm (src/renderer/components/MainPane/tabs/MapMarkersTab.tsx:164:61)
      at handleSave (src/renderer/components/MainPane/tabs/MapMarkersTab.tsx:201:7)

    console.error
      Warning: An update to MapMarkersTab inside a test was not wrapped in act(...).
      
      When testing, code that causes React state updates should be wrapped into act(...):
      
      act(() => {
        /* fire events that update state */
      });
      /* assert on the output */
      
      This ensures that you're testing the behavior the user would see in the browser. Learn more at https://reactjs.org/link/wrap-tests-with-act
          at MapMarkersTab (/Users/johnneed/Projects/gmc-shelters/src/renderer/components/MainPane/tabs/MapMarkersTab.tsx:23:41)
          at Provider (/Users/johnneed/Projects/gmc-shelters/node_modules/react-redux/src/components/Provider.tsx:60:11)

      203 |       setErrorMsg(err instanceof Error ? err.message : String(err));
      204 |     } finally {
    > 205 |       setSaving(false);
          |       ^
      206 |     }
      207 |   }
      208 |

      at printWarning (node_modules/react-dom/cjs/react-dom.development.js:86:30)
      at error (node_modules/react-dom/cjs/react-dom.development.js:60:7)
      at warnIfUpdatesNotWrappedWithActDEV (node_modules/react-dom/cjs/react-dom.development.js:27628:9)
      at scheduleUpdateOnFiber (node_modules/react-dom/cjs/react-dom.development.js:25547:5)
      at dispatchSetState (node_modules/react-dom/cjs/react-dom.development.js:16708:7)
      at handleSave (src/renderer/components/MainPane/tabs/MapMarkersTab.tsx:205:7)

PASS main src/main/db/sources.test.ts (25.864 s)
PASS renderer src/renderer/components/ui/Toast.test.tsx
PASS renderer src/renderer/components/MainPane/tabs/ConfirmDialog.test.tsx
PASS renderer src/renderer/components/Sidebar/Sidebar.test.tsx
  ● Console

    console.error
      Warning: An update to Sidebar inside a test was not wrapped in act(...).
      
      When testing, code that causes React state updates should be wrapped into act(...):
      
      act(() => {
        /* fire events that update state */
      });
      /* assert on the output */
      
      This ensures that you're testing the behavior the user would see in the browser. Learn more at https://reactjs.org/link/wrap-tests-with-act
          at Sidebar (/Users/johnneed/Projects/gmc-shelters/src/renderer/components/Sidebar/Sidebar.tsx:112:31)
          at Provider (/Users/johnneed/Projects/gmc-shelters/node_modules/react-redux/src/components/Provider.tsx:60:11)

      at printWarning (node_modules/react-dom/cjs/react-dom.development.js:86:30)
      at error (node_modules/react-dom/cjs/react-dom.development.js:60:7)
      at warnIfUpdatesNotWrappedWithActDEV (node_modules/react-dom/cjs/react-dom.development.js:27628:9)
      at scheduleUpdateOnFiber (node_modules/react-dom/cjs/react-dom.development.js:25547:5)
      at dispatchSetState (node_modules/react-dom/cjs/react-dom.development.js:16708:7)

    console.error
      Warning: An update to Sidebar inside a test was not wrapped in act(...).
      
      When testing, code that causes React state updates should be wrapped into act(...):
      
      act(() => {
        /* fire events that update state */
      });
      /* assert on the output */
      
      This ensures that you're testing the behavior the user would see in the browser. Learn more at https://reactjs.org/link/wrap-tests-with-act
          at Sidebar (/Users/johnneed/Projects/gmc-shelters/src/renderer/components/Sidebar/Sidebar.tsx:112:31)
          at Provider (/Users/johnneed/Projects/gmc-shelters/node_modules/react-redux/src/components/Provider.tsx:60:11)

      at printWarning (node_modules/react-dom/cjs/react-dom.development.js:86:30)
      at error (node_modules/react-dom/cjs/react-dom.development.js:60:7)
      at warnIfUpdatesNotWrappedWithActDEV (node_modules/react-dom/cjs/react-dom.development.js:27628:9)
      at scheduleUpdateOnFiber (node_modules/react-dom/cjs/react-dom.development.js:25547:5)
      at dispatchSetState (node_modules/react-dom/cjs/react-dom.development.js:16708:7)

PASS main src/main/ipc/map-markers.test.ts (26.539 s)
PASS renderer src/renderer/components/ui/IncludeInPostCheckbox.test.tsx
PASS renderer src/renderer/components/MainPane/tabs/MarkerMapPane.test.tsx
PASS renderer src/renderer/store/sourcesSlice.test.ts
(node:79209) [DEP0040] DeprecationWarning: The `punycode` module is deprecated. Please use a userland alternative instead.
(Use `node --trace-deprecation ...` to show where the warning was created)
PASS renderer src/renderer/components/MainPane/tabs/markerUtils.test.ts (26.686 s)
PASS renderer src/renderer/hooks/useRepoRoot.test.ts
PASS renderer src/renderer/utils/paths.test.ts
PASS main src/main/ipc/history.test.ts
PASS renderer src/renderer/store/sheltersSlice.test.ts
PASS renderer src/renderer/components/Sidebar/ShelterRow.test.tsx
PASS renderer src/renderer/store/uiSlice.test.ts
PASS renderer src/shared/cite-chicago.test.ts
PASS renderer src/renderer/components/MainPane/tabs/sourceTypes.test.ts
PASS main src/main/fs/photos.test.ts
PASS renderer src/shared/history-sources.test.ts
PASS main src/main/ipc/export.test.ts
PASS renderer src/renderer/utils/reorderByIds.test.ts
PASS renderer src/renderer/utils/cropUtils.test.ts
PASS main src/main/db/__tests__/migration-002.test.ts
PASS renderer src/renderer/components/MainPane/tabs/markerIcons.test.ts
PASS renderer src/renderer/store/mapMarkersSlice.test.ts
PASS main src/main/ipc/sources.test.ts
PASS main src/main/fs/history.test.ts
PASS main src/main/logger.test.ts
  ● Console

    console.info
      21:28:58.790 › test message

      at Function.writeFn (node_modules/electron-log/src/node/transports/console.js:60:7)

PASS main src/main/ipc/shell.test.ts
PASS renderer src/renderer/components/MainPane/tabs/MovePhotoDialog.test.tsx
(node:79210) [DEP0040] DeprecationWarning: The `punycode` module is deprecated. Please use a userland alternative instead.
PASS renderer src/renderer/components/MainPane/tabs/SourcesTab.test.tsx (28.041 s)
PASS main src/main/publish/index.test.ts (29.285 s)
A worker process has failed to exit gracefully and has been force exited. This is likely caused by tests leaking due to improper teardown. Try running with --detectOpenHandles to find leaks. Active timers can also cause this, ensure that .unref() was called on them.

Summary of all failing tests
FAIL src/renderer/components/MainPane/tabs/PhotoDetailPane.test.tsx (9.983 s)
  ● PhotoDetailPane › renders the photo title

    TypeError: fieldsRef.current?.scrollTo is not a function

      47 |
      48 |   useEffect(() => {
    > 49 |     fieldsRef.current?.scrollTo({ top: 0, behavior: 'smooth' });
         |                        ^
      50 |   }, [selected.id]);
      51 |
      52 |   return (

      at src/renderer/components/MainPane/tabs/PhotoDetailPane.tsx:49:24
      at commitHookEffectListMount (node_modules/react-dom/cjs/react-dom.development.js:23189:26)
      at commitPassiveMountOnFiber (node_modules/react-dom/cjs/react-dom.development.js:24970:11)
      at commitPassiveMountEffects_complete (node_modules/react-dom/cjs/react-dom.development.js:24930:9)
      at commitPassiveMountEffects_begin (node_modules/react-dom/cjs/react-dom.development.js:24917:7)
      at commitPassiveMountEffects (node_modules/react-dom/cjs/react-dom.development.js:24905:3)
      at flushPassiveEffectsImpl (node_modules/react-dom/cjs/react-dom.development.js:27078:3)
      at flushPassiveEffects (node_modules/react-dom/cjs/react-dom.development.js:27023:14)
      at node_modules/react-dom/cjs/react-dom.development.js:26808:9
      at flushActQueue (node_modules/react/cjs/react.development.js:2667:24)
      at act (node_modules/react/cjs/react.development.js:2582:11)
      at node_modules/@testing-library/react/dist/act-compat.js:46:25
      at renderRoot (node_modules/@testing-library/react/dist/pure.js:189:26)
      at render (node_modules/@testing-library/react/dist/pure.js:291:10)
      at Object.<anonymous> (src/renderer/components/MainPane/tabs/PhotoDetailPane.test.tsx:69:11)

  ● PhotoDetailPane › renders "Untitled" when title is empty

    TypeError: fieldsRef.current?.scrollTo is not a function

      47 |
      48 |   useEffect(() => {
    > 49 |     fieldsRef.current?.scrollTo({ top: 0, behavior: 'smooth' });
         |                        ^
      50 |   }, [selected.id]);
      51 |
      52 |   return (

      at src/renderer/components/MainPane/tabs/PhotoDetailPane.tsx:49:24
      at commitHookEffectListMount (node_modules/react-dom/cjs/react-dom.development.js:23189:26)
      at commitPassiveMountOnFiber (node_modules/react-dom/cjs/react-dom.development.js:24970:11)
      at commitPassiveMountEffects_complete (node_modules/react-dom/cjs/react-dom.development.js:24930:9)
      at commitPassiveMountEffects_begin (node_modules/react-dom/cjs/react-dom.development.js:24917:7)
      at commitPassiveMountEffects (node_modules/react-dom/cjs/react-dom.development.js:24905:3)
      at flushPassiveEffectsImpl (node_modules/react-dom/cjs/react-dom.development.js:27078:3)
      at flushPassiveEffects (node_modules/react-dom/cjs/react-dom.development.js:27023:14)
      at node_modules/react-dom/cjs/react-dom.development.js:26808:9
      at flushActQueue (node_modules/react/cjs/react.development.js:2667:24)
      at act (node_modules/react/cjs/react.development.js:2582:11)
      at node_modules/@testing-library/react/dist/act-compat.js:46:25
      at renderRoot (node_modules/@testing-library/react/dist/pure.js:189:26)
      at render (node_modules/@testing-library/react/dist/pure.js:291:10)
      at Object.<anonymous> (src/renderer/components/MainPane/tabs/PhotoDetailPane.test.tsx:74:11)

  ● PhotoDetailPane › renders the file_name below the title

    TypeError: fieldsRef.current?.scrollTo is not a function

      47 |
      48 |   useEffect(() => {
    > 49 |     fieldsRef.current?.scrollTo({ top: 0, behavior: 'smooth' });
         |                        ^
      50 |   }, [selected.id]);
      51 |
      52 |   return (

      at src/renderer/components/MainPane/tabs/PhotoDetailPane.tsx:49:24
      at commitHookEffectListMount (node_modules/react-dom/cjs/react-dom.development.js:23189:26)
      at commitPassiveMountOnFiber (node_modules/react-dom/cjs/react-dom.development.js:24970:11)
      at commitPassiveMountEffects_complete (node_modules/react-dom/cjs/react-dom.development.js:24930:9)
      at commitPassiveMountEffects_begin (node_modules/react-dom/cjs/react-dom.development.js:24917:7)
      at commitPassiveMountEffects (node_modules/react-dom/cjs/react-dom.development.js:24905:3)
      at flushPassiveEffectsImpl (node_modules/react-dom/cjs/react-dom.development.js:27078:3)
      at flushPassiveEffects (node_modules/react-dom/cjs/react-dom.development.js:27023:14)
      at node_modules/react-dom/cjs/react-dom.development.js:26808:9
      at flushActQueue (node_modules/react/cjs/react.development.js:2667:24)
      at act (node_modules/react/cjs/react.development.js:2582:11)
      at node_modules/@testing-library/react/dist/act-compat.js:46:25
      at renderRoot (node_modules/@testing-library/react/dist/pure.js:189:26)
      at render (node_modules/@testing-library/react/dist/pure.js:291:10)
      at Object.<anonymous> (src/renderer/components/MainPane/tabs/PhotoDetailPane.test.tsx:79:11)

  ● PhotoDetailPane › Save Metadata button is disabled when not dirty

    TypeError: fieldsRef.current?.scrollTo is not a function

      47 |
      48 |   useEffect(() => {
    > 49 |     fieldsRef.current?.scrollTo({ top: 0, behavior: 'smooth' });
         |                        ^
      50 |   }, [selected.id]);
      51 |
      52 |   return (

      at src/renderer/components/MainPane/tabs/PhotoDetailPane.tsx:49:24
      at commitHookEffectListMount (node_modules/react-dom/cjs/react-dom.development.js:23189:26)
      at commitPassiveMountOnFiber (node_modules/react-dom/cjs/react-dom.development.js:24970:11)
      at commitPassiveMountEffects_complete (node_modules/react-dom/cjs/react-dom.development.js:24930:9)
      at commitPassiveMountEffects_begin (node_modules/react-dom/cjs/react-dom.development.js:24917:7)
      at commitPassiveMountEffects (node_modules/react-dom/cjs/react-dom.development.js:24905:3)
      at flushPassiveEffectsImpl (node_modules/react-dom/cjs/react-dom.development.js:27078:3)
      at flushPassiveEffects (node_modules/react-dom/cjs/react-dom.development.js:27023:14)
      at node_modules/react-dom/cjs/react-dom.development.js:26808:9
      at flushActQueue (node_modules/react/cjs/react.development.js:2667:24)
      at act (node_modules/react/cjs/react.development.js:2582:11)
      at node_modules/@testing-library/react/dist/act-compat.js:46:25
      at renderRoot (node_modules/@testing-library/react/dist/pure.js:189:26)
      at render (node_modules/@testing-library/react/dist/pure.js:291:10)
      at Object.<anonymous> (src/renderer/components/MainPane/tabs/PhotoDetailPane.test.tsx:84:11)

  ● PhotoDetailPane › Save Metadata button is enabled when dirty

    TypeError: fieldsRef.current?.scrollTo is not a function

      47 |
      48 |   useEffect(() => {
    > 49 |     fieldsRef.current?.scrollTo({ top: 0, behavior: 'smooth' });
         |                        ^
      50 |   }, [selected.id]);
      51 |
      52 |   return (

      at src/renderer/components/MainPane/tabs/PhotoDetailPane.tsx:49:24
      at commitHookEffectListMount (node_modules/react-dom/cjs/react-dom.development.js:23189:26)
      at commitPassiveMountOnFiber (node_modules/react-dom/cjs/react-dom.development.js:24970:11)
      at commitPassiveMountEffects_complete (node_modules/react-dom/cjs/react-dom.development.js:24930:9)
      at commitPassiveMountEffects_begin (node_modules/react-dom/cjs/react-dom.development.js:24917:7)
      at commitPassiveMountEffects (node_modules/react-dom/cjs/react-dom.development.js:24905:3)
      at flushPassiveEffectsImpl (node_modules/react-dom/cjs/react-dom.development.js:27078:3)
      at flushPassiveEffects (node_modules/react-dom/cjs/react-dom.development.js:27023:14)
      at node_modules/react-dom/cjs/react-dom.development.js:26808:9
      at flushActQueue (node_modules/react/cjs/react.development.js:2667:24)
      at act (node_modules/react/cjs/react.development.js:2582:11)
      at node_modules/@testing-library/react/dist/act-compat.js:46:25
      at renderRoot (node_modules/@testing-library/react/dist/pure.js:189:26)
      at render (node_modules/@testing-library/react/dist/pure.js:291:10)
      at Object.<anonymous> (src/renderer/components/MainPane/tabs/PhotoDetailPane.test.tsx:89:11)

  ● PhotoDetailPane › calls onSaveMetadata when Save Metadata is clicked

    TypeError: fieldsRef.current?.scrollTo is not a function

      47 |
      48 |   useEffect(() => {
    > 49 |     fieldsRef.current?.scrollTo({ top: 0, behavior: 'smooth' });
         |                        ^
      50 |   }, [selected.id]);
      51 |
      52 |   return (

      at src/renderer/components/MainPane/tabs/PhotoDetailPane.tsx:49:24
      at commitHookEffectListMount (node_modules/react-dom/cjs/react-dom.development.js:23189:26)
      at commitPassiveMountOnFiber (node_modules/react-dom/cjs/react-dom.development.js:24970:11)
      at commitPassiveMountEffects_complete (node_modules/react-dom/cjs/react-dom.development.js:24930:9)
      at commitPassiveMountEffects_begin (node_modules/react-dom/cjs/react-dom.development.js:24917:7)
      at commitPassiveMountEffects (node_modules/react-dom/cjs/react-dom.development.js:24905:3)
      at flushPassiveEffectsImpl (node_modules/react-dom/cjs/react-dom.development.js:27078:3)
      at flushPassiveEffects (node_modules/react-dom/cjs/react-dom.development.js:27023:14)
      at node_modules/react-dom/cjs/react-dom.development.js:26808:9
      at flushActQueue (node_modules/react/cjs/react.development.js:2667:24)
      at act (node_modules/react/cjs/react.development.js:2582:11)
      at node_modules/@testing-library/react/dist/act-compat.js:46:25
      at renderRoot (node_modules/@testing-library/react/dist/pure.js:189:26)
      at render (node_modules/@testing-library/react/dist/pure.js:291:10)
      at Object.<anonymous> (src/renderer/components/MainPane/tabs/PhotoDetailPane.test.tsx:95:11)

  ● PhotoDetailPane › calls onOpenEditor when the preview is clicked

    TypeError: fieldsRef.current?.scrollTo is not a function

      47 |
      48 |   useEffect(() => {
    > 49 |     fieldsRef.current?.scrollTo({ top: 0, behavior: 'smooth' });
         |                        ^
      50 |   }, [selected.id]);
      51 |
      52 |   return (

      at src/renderer/components/MainPane/tabs/PhotoDetailPane.tsx:49:24
      at commitHookEffectListMount (node_modules/react-dom/cjs/react-dom.development.js:23189:26)
      at commitPassiveMountOnFiber (node_modules/react-dom/cjs/react-dom.development.js:24970:11)
      at commitPassiveMountEffects_complete (node_modules/react-dom/cjs/react-dom.development.js:24930:9)
      at commitPassiveMountEffects_begin (node_modules/react-dom/cjs/react-dom.development.js:24917:7)
      at commitPassiveMountEffects (node_modules/react-dom/cjs/react-dom.development.js:24905:3)
      at flushPassiveEffectsImpl (node_modules/react-dom/cjs/react-dom.development.js:27078:3)
      at flushPassiveEffects (node_modules/react-dom/cjs/react-dom.development.js:27023:14)
      at node_modules/react-dom/cjs/react-dom.development.js:26808:9
      at flushActQueue (node_modules/react/cjs/react.development.js:2667:24)
      at act (node_modules/react/cjs/react.development.js:2582:11)
      at node_modules/@testing-library/react/dist/act-compat.js:46:25
      at renderRoot (node_modules/@testing-library/react/dist/pure.js:189:26)
      at render (node_modules/@testing-library/react/dist/pure.js:291:10)
      at Object.<anonymous> (src/renderer/components/MainPane/tabs/PhotoDetailPane.test.tsx:102:11)

  ● PhotoDetailPane › calls onDelete when the delete button is clicked

    TypeError: fieldsRef.current?.scrollTo is not a function

      47 |
      48 |   useEffect(() => {
    > 49 |     fieldsRef.current?.scrollTo({ top: 0, behavior: 'smooth' });
         |                        ^
      50 |   }, [selected.id]);
      51 |
      52 |   return (

      at src/renderer/components/MainPane/tabs/PhotoDetailPane.tsx:49:24
      at commitHookEffectListMount (node_modules/react-dom/cjs/react-dom.development.js:23189:26)
      at commitPassiveMountOnFiber (node_modules/react-dom/cjs/react-dom.development.js:24970:11)
      at commitPassiveMountEffects_complete (node_modules/react-dom/cjs/react-dom.development.js:24930:9)
      at commitPassiveMountEffects_begin (node_modules/react-dom/cjs/react-dom.development.js:24917:7)
      at commitPassiveMountEffects (node_modules/react-dom/cjs/react-dom.development.js:24905:3)
      at flushPassiveEffectsImpl (node_modules/react-dom/cjs/react-dom.development.js:27078:3)
      at flushPassiveEffects (node_modules/react-dom/cjs/react-dom.development.js:27023:14)
      at node_modules/react-dom/cjs/react-dom.development.js:26808:9
      at flushActQueue (node_modules/react/cjs/react.development.js:2667:24)
      at act (node_modules/react/cjs/react.development.js:2582:11)
      at node_modules/@testing-library/react/dist/act-compat.js:46:25
      at renderRoot (node_modules/@testing-library/react/dist/pure.js:189:26)
      at render (node_modules/@testing-library/react/dist/pure.js:291:10)
      at Object.<anonymous> (src/renderer/components/MainPane/tabs/PhotoDetailPane.test.tsx:109:11)

  ● PhotoDetailPane › calls onMove when the move button is clicked

    TypeError: fieldsRef.current?.scrollTo is not a function

      47 |
      48 |   useEffect(() => {
    > 49 |     fieldsRef.current?.scrollTo({ top: 0, behavior: 'smooth' });
         |                        ^
      50 |   }, [selected.id]);
      51 |
      52 |   return (

      at src/renderer/components/MainPane/tabs/PhotoDetailPane.tsx:49:24
      at commitHookEffectListMount (node_modules/react-dom/cjs/react-dom.development.js:23189:26)
      at commitPassiveMountOnFiber (node_modules/react-dom/cjs/react-dom.development.js:24970:11)
      at commitPassiveMountEffects_complete (node_modules/react-dom/cjs/react-dom.development.js:24930:9)
      at commitPassiveMountEffects_begin (node_modules/react-dom/cjs/react-dom.development.js:24917:7)
      at commitPassiveMountEffects (node_modules/react-dom/cjs/react-dom.development.js:24905:3)
      at flushPassiveEffectsImpl (node_modules/react-dom/cjs/react-dom.development.js:27078:3)
      at flushPassiveEffects (node_modules/react-dom/cjs/react-dom.development.js:27023:14)
      at node_modules/react-dom/cjs/react-dom.development.js:26808:9
      at flushActQueue (node_modules/react/cjs/react.development.js:2667:24)
      at act (node_modules/react/cjs/react.development.js:2582:11)
      at node_modules/@testing-library/react/dist/act-compat.js:46:25
      at renderRoot (node_modules/@testing-library/react/dist/pure.js:189:26)
      at render (node_modules/@testing-library/react/dist/pure.js:291:10)
      at Object.<anonymous> (src/renderer/components/MainPane/tabs/PhotoDetailPane.test.tsx:116:11)

  ● PhotoDetailPane › disables the move button when canMove is false

    TypeError: fieldsRef.current?.scrollTo is not a function

      47 |
      48 |   useEffect(() => {
    > 49 |     fieldsRef.current?.scrollTo({ top: 0, behavior: 'smooth' });
         |                        ^
      50 |   }, [selected.id]);
      51 |
      52 |   return (

      at src/renderer/components/MainPane/tabs/PhotoDetailPane.tsx:49:24
      at commitHookEffectListMount (node_modules/react-dom/cjs/react-dom.development.js:23189:26)
      at commitPassiveMountOnFiber (node_modules/react-dom/cjs/react-dom.development.js:24970:11)
      at commitPassiveMountEffects_complete (node_modules/react-dom/cjs/react-dom.development.js:24930:9)
      at commitPassiveMountEffects_begin (node_modules/react-dom/cjs/react-dom.development.js:24917:7)
      at commitPassiveMountEffects (node_modules/react-dom/cjs/react-dom.development.js:24905:3)
      at flushPassiveEffectsImpl (node_modules/react-dom/cjs/react-dom.development.js:27078:3)
      at flushPassiveEffects (node_modules/react-dom/cjs/react-dom.development.js:27023:14)
      at node_modules/react-dom/cjs/react-dom.development.js:26808:9
      at flushActQueue (node_modules/react/cjs/react.development.js:2667:24)
      at act (node_modules/react/cjs/react.development.js:2582:11)
      at node_modules/@testing-library/react/dist/act-compat.js:46:25
      at renderRoot (node_modules/@testing-library/react/dist/pure.js:189:26)
      at render (node_modules/@testing-library/react/dist/pure.js:291:10)
      at Object.<anonymous> (src/renderer/components/MainPane/tabs/PhotoDetailPane.test.tsx:122:11)

  ● PhotoDetailPane › enables the move button when canMove is true

    TypeError: fieldsRef.current?.scrollTo is not a function

      47 |
      48 |   useEffect(() => {
    > 49 |     fieldsRef.current?.scrollTo({ top: 0, behavior: 'smooth' });
         |                        ^
      50 |   }, [selected.id]);
      51 |
      52 |   return (

      at src/renderer/components/MainPane/tabs/PhotoDetailPane.tsx:49:24
      at commitHookEffectListMount (node_modules/react-dom/cjs/react-dom.development.js:23189:26)
      at commitPassiveMountOnFiber (node_modules/react-dom/cjs/react-dom.development.js:24970:11)
      at commitPassiveMountEffects_complete (node_modules/react-dom/cjs/react-dom.development.js:24930:9)
      at commitPassiveMountEffects_begin (node_modules/react-dom/cjs/react-dom.development.js:24917:7)
      at commitPassiveMountEffects (node_modules/react-dom/cjs/react-dom.development.js:24905:3)
      at flushPassiveEffectsImpl (node_modules/react-dom/cjs/react-dom.development.js:27078:3)
      at flushPassiveEffects (node_modules/react-dom/cjs/react-dom.development.js:27023:14)
      at node_modules/react-dom/cjs/react-dom.development.js:26808:9
      at flushActQueue (node_modules/react/cjs/react.development.js:2667:24)
      at act (node_modules/react/cjs/react.development.js:2582:11)
      at node_modules/@testing-library/react/dist/act-compat.js:46:25
      at renderRoot (node_modules/@testing-library/react/dist/pure.js:189:26)
      at render (node_modules/@testing-library/react/dist/pure.js:291:10)
      at Object.<anonymous> (src/renderer/components/MainPane/tabs/PhotoDetailPane.test.tsx:127:11)

  ● PhotoDetailPane › calls onOpenMetadata when metadata button is clicked

    TypeError: fieldsRef.current?.scrollTo is not a function

      47 |
      48 |   useEffect(() => {
    > 49 |     fieldsRef.current?.scrollTo({ top: 0, behavior: 'smooth' });
         |                        ^
      50 |   }, [selected.id]);
      51 |
      52 |   return (

      at src/renderer/components/MainPane/tabs/PhotoDetailPane.tsx:49:24
      at commitHookEffectListMount (node_modules/react-dom/cjs/react-dom.development.js:23189:26)
      at commitPassiveMountOnFiber (node_modules/react-dom/cjs/react-dom.development.js:24970:11)
      at commitPassiveMountEffects_complete (node_modules/react-dom/cjs/react-dom.development.js:24930:9)
      at commitPassiveMountEffects_begin (node_modules/react-dom/cjs/react-dom.development.js:24917:7)
      at commitPassiveMountEffects (node_modules/react-dom/cjs/react-dom.development.js:24905:3)
      at flushPassiveEffectsImpl (node_modules/react-dom/cjs/react-dom.development.js:27078:3)
      at flushPassiveEffects (node_modules/react-dom/cjs/react-dom.development.js:27023:14)
      at node_modules/react-dom/cjs/react-dom.development.js:26808:9
      at flushActQueue (node_modules/react/cjs/react.development.js:2667:24)
      at act (node_modules/react/cjs/react.development.js:2582:11)
      at node_modules/@testing-library/react/dist/act-compat.js:46:25
      at renderRoot (node_modules/@testing-library/react/dist/pure.js:189:26)
      at render (node_modules/@testing-library/react/dist/pure.js:291:10)
      at Object.<anonymous> (src/renderer/components/MainPane/tabs/PhotoDetailPane.test.tsx:133:11)

  ● PhotoDetailPane › shows the ★ Default badge when isDefault is true

    TypeError: fieldsRef.current?.scrollTo is not a function

      47 |
      48 |   useEffect(() => {
    > 49 |     fieldsRef.current?.scrollTo({ top: 0, behavior: 'smooth' });
         |                        ^
      50 |   }, [selected.id]);
      51 |
      52 |   return (

      at src/renderer/components/MainPane/tabs/PhotoDetailPane.tsx:49:24
      at commitHookEffectListMount (node_modules/react-dom/cjs/react-dom.development.js:23189:26)
      at commitPassiveMountOnFiber (node_modules/react-dom/cjs/react-dom.development.js:24970:11)
      at commitPassiveMountEffects_complete (node_modules/react-dom/cjs/react-dom.development.js:24930:9)
      at commitPassiveMountEffects_begin (node_modules/react-dom/cjs/react-dom.development.js:24917:7)
      at commitPassiveMountEffects (node_modules/react-dom/cjs/react-dom.development.js:24905:3)
      at flushPassiveEffectsImpl (node_modules/react-dom/cjs/react-dom.development.js:27078:3)
      at flushPassiveEffects (node_modules/react-dom/cjs/react-dom.development.js:27023:14)
      at node_modules/react-dom/cjs/react-dom.development.js:26808:9
      at flushActQueue (node_modules/react/cjs/react.development.js:2667:24)
      at act (node_modules/react/cjs/react.development.js:2582:11)
      at node_modules/@testing-library/react/dist/act-compat.js:46:25
      at renderRoot (node_modules/@testing-library/react/dist/pure.js:189:26)
      at render (node_modules/@testing-library/react/dist/pure.js:291:10)
      at Object.<anonymous> (src/renderer/components/MainPane/tabs/PhotoDetailPane.test.tsx:139:11)

  ● PhotoDetailPane › does not show the default badge when isDefault is false

    TypeError: fieldsRef.current?.scrollTo is not a function

      47 |
      48 |   useEffect(() => {
    > 49 |     fieldsRef.current?.scrollTo({ top: 0, behavior: 'smooth' });
         |                        ^
      50 |   }, [selected.id]);
      51 |
      52 |   return (

      at src/renderer/components/MainPane/tabs/PhotoDetailPane.tsx:49:24
      at commitHookEffectListMount (node_modules/react-dom/cjs/react-dom.development.js:23189:26)
      at commitPassiveMountOnFiber (node_modules/react-dom/cjs/react-dom.development.js:24970:11)
      at commitPassiveMountEffects_complete (node_modules/react-dom/cjs/react-dom.development.js:24930:9)
      at commitPassiveMountEffects_begin (node_modules/react-dom/cjs/react-dom.development.js:24917:7)
      at commitPassiveMountEffects (node_modules/react-dom/cjs/react-dom.development.js:24905:3)
      at flushPassiveEffectsImpl (node_modules/react-dom/cjs/react-dom.development.js:27078:3)
      at flushPassiveEffects (node_modules/react-dom/cjs/react-dom.development.js:27023:14)
      at node_modules/react-dom/cjs/react-dom.development.js:26808:9
      at flushActQueue (node_modules/react/cjs/react.development.js:2667:24)
      at act (node_modules/react/cjs/react.development.js:2582:11)
      at node_modules/@testing-library/react/dist/act-compat.js:46:25
      at renderRoot (node_modules/@testing-library/react/dist/pure.js:189:26)
      at render (node_modules/@testing-library/react/dist/pure.js:291:10)
      at Object.<anonymous> (src/renderer/components/MainPane/tabs/PhotoDetailPane.test.tsx:144:11)

  ● PhotoDetailPane › shows photo_preview-clickable class on the preview

    TypeError: fieldsRef.current?.scrollTo is not a function

      47 |
      48 |   useEffect(() => {
    > 49 |     fieldsRef.current?.scrollTo({ top: 0, behavior: 'smooth' });
         |                        ^
      50 |   }, [selected.id]);
      51 |
      52 |   return (

      at src/renderer/components/MainPane/tabs/PhotoDetailPane.tsx:49:24
      at commitHookEffectListMount (node_modules/react-dom/cjs/react-dom.development.js:23189:26)
      at commitPassiveMountOnFiber (node_modules/react-dom/cjs/react-dom.development.js:24970:11)
      at commitPassiveMountEffects_complete (node_modules/react-dom/cjs/react-dom.development.js:24930:9)
      at commitPassiveMountEffects_begin (node_modules/react-dom/cjs/react-dom.development.js:24917:7)
      at commitPassiveMountEffects (node_modules/react-dom/cjs/react-dom.development.js:24905:3)
      at flushPassiveEffectsImpl (node_modules/react-dom/cjs/react-dom.development.js:27078:3)
      at flushPassiveEffects (node_modules/react-dom/cjs/react-dom.development.js:27023:14)
      at node_modules/react-dom/cjs/react-dom.development.js:26808:9
      at flushActQueue (node_modules/react/cjs/react.development.js:2667:24)
      at act (node_modules/react/cjs/react.development.js:2582:11)
      at node_modules/@testing-library/react/dist/act-compat.js:46:25
      at renderRoot (node_modules/@testing-library/react/dist/pure.js:189:26)
      at render (node_modules/@testing-library/react/dist/pure.js:291:10)
      at Object.<anonymous> (src/renderer/components/MainPane/tabs/PhotoDetailPane.test.tsx:149:11)

  ● PhotoDetailPane › calls onExport when Export button is clicked

    TypeError: fieldsRef.current?.scrollTo is not a function

      47 |
      48 |   useEffect(() => {
    > 49 |     fieldsRef.current?.scrollTo({ top: 0, behavior: 'smooth' });
         |                        ^
      50 |   }, [selected.id]);
      51 |
      52 |   return (

      at src/renderer/components/MainPane/tabs/PhotoDetailPane.tsx:49:24
      at commitHookEffectListMount (node_modules/react-dom/cjs/react-dom.development.js:23189:26)
      at commitPassiveMountOnFiber (node_modules/react-dom/cjs/react-dom.development.js:24970:11)
      at commitPassiveMountEffects_complete (node_modules/react-dom/cjs/react-dom.development.js:24930:9)
      at commitPassiveMountEffects_begin (node_modules/react-dom/cjs/react-dom.development.js:24917:7)
      at commitPassiveMountEffects (node_modules/react-dom/cjs/react-dom.development.js:24905:3)
      at flushPassiveEffectsImpl (node_modules/react-dom/cjs/react-dom.development.js:27078:3)
      at flushPassiveEffects (node_modules/react-dom/cjs/react-dom.development.js:27023:14)
      at node_modules/react-dom/cjs/react-dom.development.js:26808:9
      at flushActQueue (node_modules/react/cjs/react.development.js:2667:24)
      at act (node_modules/react/cjs/react.development.js:2582:11)
      at node_modules/@testing-library/react/dist/act-compat.js:46:25
      at renderRoot (node_modules/@testing-library/react/dist/pure.js:189:26)
      at render (node_modules/@testing-library/react/dist/pure.js:291:10)
      at Object.<anonymous> (src/renderer/components/MainPane/tabs/PhotoDetailPane.test.tsx:155:11)

  ● PhotoDetailPane › renders the preview pane image using selectedPhotoUrl (preview-size thumbnail)

    TypeError: fieldsRef.current?.scrollTo is not a function

      47 |
      48 |   useEffect(() => {
    > 49 |     fieldsRef.current?.scrollTo({ top: 0, behavior: 'smooth' });
         |                        ^
      50 |   }, [selected.id]);
      51 |
      52 |   return (

      at src/renderer/components/MainPane/tabs/PhotoDetailPane.tsx:49:24
      at commitHookEffectListMount (node_modules/react-dom/cjs/react-dom.development.js:23189:26)
      at commitPassiveMountOnFiber (node_modules/react-dom/cjs/react-dom.development.js:24970:11)
      at commitPassiveMountEffects_complete (node_modules/react-dom/cjs/react-dom.development.js:24930:9)
      at commitPassiveMountEffects_begin (node_modules/react-dom/cjs/react-dom.development.js:24917:7)
      at commitPassiveMountEffects (node_modules/react-dom/cjs/react-dom.development.js:24905:3)
      at flushPassiveEffectsImpl (node_modules/react-dom/cjs/react-dom.development.js:27078:3)
      at flushPassiveEffects (node_modules/react-dom/cjs/react-dom.development.js:27023:14)
      at node_modules/react-dom/cjs/react-dom.development.js:26808:9
      at flushActQueue (node_modules/react/cjs/react.development.js:2667:24)
      at act (node_modules/react/cjs/react.development.js:2582:11)
      at node_modules/@testing-library/react/dist/act-compat.js:46:25
      at renderRoot (node_modules/@testing-library/react/dist/pure.js:189:26)
      at render (node_modules/@testing-library/react/dist/pure.js:291:10)
      at Object.<anonymous> (src/renderer/components/MainPane/tabs/PhotoDetailPane.test.tsx:161:11)

  ● PhotoDetailPane › passes editorPhotoUrl (not selectedPhotoUrl) to the photo editor dialog

    TypeError: fieldsRef.current?.scrollTo is not a function

      47 |
      48 |   useEffect(() => {
    > 49 |     fieldsRef.current?.scrollTo({ top: 0, behavior: 'smooth' });
         |                        ^
      50 |   }, [selected.id]);
      51 |
      52 |   return (

      at src/renderer/components/MainPane/tabs/PhotoDetailPane.tsx:49:24
      at commitHookEffectListMount (node_modules/react-dom/cjs/react-dom.development.js:23189:26)
      at commitPassiveMountOnFiber (node_modules/react-dom/cjs/react-dom.development.js:24970:11)
      at commitPassiveMountEffects_complete (node_modules/react-dom/cjs/react-dom.development.js:24930:9)
      at commitPassiveMountEffects_begin (node_modules/react-dom/cjs/react-dom.development.js:24917:7)
      at commitPassiveMountEffects (node_modules/react-dom/cjs/react-dom.development.js:24905:3)
      at flushPassiveEffectsImpl (node_modules/react-dom/cjs/react-dom.development.js:27078:3)
      at flushPassiveEffects (node_modules/react-dom/cjs/react-dom.development.js:27023:14)
      at node_modules/react-dom/cjs/react-dom.development.js:26808:9
      at flushActQueue (node_modules/react/cjs/react.development.js:2667:24)
      at act (node_modules/react/cjs/react.development.js:2582:11)
      at node_modules/@testing-library/react/dist/act-compat.js:46:25
      at renderRoot (node_modules/@testing-library/react/dist/pure.js:189:26)
      at render (node_modules/@testing-library/react/dist/pure.js:291:10)
      at Object.<anonymous> (src/renderer/components/MainPane/tabs/PhotoDetailPane.test.tsx:168:11)

FAIL src/renderer/components/MainPane/tabs/PhotosTab.test.tsx (15.338 s)
  ● US1 — Photo editor dialog triggers › T005: clicking the right-aside photo preview opens the editor dialog

    TypeError: fieldsRef.current?.scrollTo is not a function

      47 |
      48 |   useEffect(() => {
    > 49 |     fieldsRef.current?.scrollTo({ top: 0, behavior: 'smooth' });
         |                        ^
      50 |   }, [selected.id]);
      51 |
      52 |   return (

      at src/renderer/components/MainPane/tabs/PhotoDetailPane.tsx:49:24
      at commitHookEffectListMount (node_modules/react-dom/cjs/react-dom.development.js:23189:26)
      at commitPassiveMountOnFiber (node_modules/react-dom/cjs/react-dom.development.js:24970:11)
      at commitPassiveMountEffects_complete (node_modules/react-dom/cjs/react-dom.development.js:24930:9)
      at commitPassiveMountEffects_begin (node_modules/react-dom/cjs/react-dom.development.js:24917:7)
      at commitPassiveMountEffects (node_modules/react-dom/cjs/react-dom.development.js:24905:3)
      at flushPassiveEffectsImpl (node_modules/react-dom/cjs/react-dom.development.js:27078:3)
      at flushPassiveEffects (node_modules/react-dom/cjs/react-dom.development.js:27023:14)
      at performSyncWorkOnRoot (node_modules/react-dom/cjs/react-dom.development.js:26115:3)
      at flushSyncCallbacks (node_modules/react-dom/cjs/react-dom.development.js:12042:22)
      at commitRootImpl (node_modules/react-dom/cjs/react-dom.development.js:26998:3)
      at commitRoot (node_modules/react-dom/cjs/react-dom.development.js:26721:5)
      at finishConcurrentRender (node_modules/react-dom/cjs/react-dom.development.js:26020:9)
      at performConcurrentWorkOnRoot (node_modules/react-dom/cjs/react-dom.development.js:25848:7)
      at flushActQueue (node_modules/react/cjs/react.development.js:2667:24)
      at act (node_modules/react/cjs/react.development.js:2582:11)
      at node_modules/@testing-library/react/dist/act-compat.js:46:25
      at renderRoot (node_modules/@testing-library/react/dist/pure.js:189:26)
      at render (node_modules/@testing-library/react/dist/pure.js:291:10)
      at Object.<anonymous> (src/renderer/components/MainPane/tabs/PhotosTab.test.tsx:249:11)

  ● US1 — Photo editor dialog triggers › T006: double-clicking a PhotoCard in grid view opens the editor dialog

    TypeError: fieldsRef.current?.scrollTo is not a function

      47 |
      48 |   useEffect(() => {
    > 49 |     fieldsRef.current?.scrollTo({ top: 0, behavior: 'smooth' });
         |                        ^
      50 |   }, [selected.id]);
      51 |
      52 |   return (

      at src/renderer/components/MainPane/tabs/PhotoDetailPane.tsx:49:24
      at commitHookEffectListMount (node_modules/react-dom/cjs/react-dom.development.js:23189:26)
      at commitPassiveMountOnFiber (node_modules/react-dom/cjs/react-dom.development.js:24970:11)
      at commitPassiveMountEffects_complete (node_modules/react-dom/cjs/react-dom.development.js:24930:9)
      at commitPassiveMountEffects_begin (node_modules/react-dom/cjs/react-dom.development.js:24917:7)
      at commitPassiveMountEffects (node_modules/react-dom/cjs/react-dom.development.js:24905:3)
      at flushPassiveEffectsImpl (node_modules/react-dom/cjs/react-dom.development.js:27078:3)
      at flushPassiveEffects (node_modules/react-dom/cjs/react-dom.development.js:27023:14)
      at performSyncWorkOnRoot (node_modules/react-dom/cjs/react-dom.development.js:26115:3)
      at flushSyncCallbacks (node_modules/react-dom/cjs/react-dom.development.js:12042:22)
      at commitRootImpl (node_modules/react-dom/cjs/react-dom.development.js:26998:3)
      at commitRoot (node_modules/react-dom/cjs/react-dom.development.js:26721:5)
      at finishConcurrentRender (node_modules/react-dom/cjs/react-dom.development.js:26020:9)
      at performConcurrentWorkOnRoot (node_modules/react-dom/cjs/react-dom.development.js:25848:7)
      at flushActQueue (node_modules/react/cjs/react.development.js:2667:24)
      at act (node_modules/react/cjs/react.development.js:2582:11)
      at node_modules/@testing-library/react/dist/act-compat.js:46:25
      at renderRoot (node_modules/@testing-library/react/dist/pure.js:189:26)
      at render (node_modules/@testing-library/react/dist/pure.js:291:10)
      at Object.<anonymous> (src/renderer/components/MainPane/tabs/PhotosTab.test.tsx:267:11)

  ● US1 — Photo editor dialog triggers › T007: double-clicking a ListRow in list view opens the editor dialog

    TypeError: fieldsRef.current?.scrollTo is not a function

      47 |
      48 |   useEffect(() => {
    > 49 |     fieldsRef.current?.scrollTo({ top: 0, behavior: 'smooth' });
         |                        ^
      50 |   }, [selected.id]);
      51 |
      52 |   return (

      at src/renderer/components/MainPane/tabs/PhotoDetailPane.tsx:49:24
      at commitHookEffectListMount (node_modules/react-dom/cjs/react-dom.development.js:23189:26)
      at commitPassiveMountOnFiber (node_modules/react-dom/cjs/react-dom.development.js:24970:11)
      at commitPassiveMountEffects_complete (node_modules/react-dom/cjs/react-dom.development.js:24930:9)
      at commitPassiveMountEffects_begin (node_modules/react-dom/cjs/react-dom.development.js:24917:7)
      at commitPassiveMountEffects (node_modules/react-dom/cjs/react-dom.development.js:24905:3)
      at flushPassiveEffectsImpl (node_modules/react-dom/cjs/react-dom.development.js:27078:3)
      at flushPassiveEffects (node_modules/react-dom/cjs/react-dom.development.js:27023:14)
      at performSyncWorkOnRoot (node_modules/react-dom/cjs/react-dom.development.js:26115:3)
      at flushSyncCallbacks (node_modules/react-dom/cjs/react-dom.development.js:12042:22)
      at commitRootImpl (node_modules/react-dom/cjs/react-dom.development.js:26998:3)
      at commitRoot (node_modules/react-dom/cjs/react-dom.development.js:26721:5)
      at finishConcurrentRender (node_modules/react-dom/cjs/react-dom.development.js:26020:9)
      at performConcurrentWorkOnRoot (node_modules/react-dom/cjs/react-dom.development.js:25848:7)
      at flushActQueue (node_modules/react/cjs/react.development.js:2667:24)
      at act (node_modules/react/cjs/react.development.js:2582:11)
      at node_modules/@testing-library/react/dist/act-compat.js:46:25
      at renderRoot (node_modules/@testing-library/react/dist/pure.js:189:26)
      at render (node_modules/@testing-library/react/dist/pure.js:291:10)
      at Object.<anonymous> (src/renderer/components/MainPane/tabs/PhotosTab.test.tsx:286:11)

  ● US4 — Editing tools removed from right-aside panel › T019: right-aside panel does not contain crop, rotate, or flip controls

    TypeError: fieldsRef.current?.scrollTo is not a function

      47 |
      48 |   useEffect(() => {
    > 49 |     fieldsRef.current?.scrollTo({ top: 0, behavior: 'smooth' });
         |                        ^
      50 |   }, [selected.id]);
      51 |
      52 |   return (

      at src/renderer/components/MainPane/tabs/PhotoDetailPane.tsx:49:24
      at commitHookEffectListMount (node_modules/react-dom/cjs/react-dom.development.js:23189:26)
      at commitPassiveMountOnFiber (node_modules/react-dom/cjs/react-dom.development.js:24970:11)
      at commitPassiveMountEffects_complete (node_modules/react-dom/cjs/react-dom.development.js:24930:9)
      at commitPassiveMountEffects_begin (node_modules/react-dom/cjs/react-dom.development.js:24917:7)
      at commitPassiveMountEffects (node_modules/react-dom/cjs/react-dom.development.js:24905:3)
      at flushPassiveEffectsImpl (node_modules/react-dom/cjs/react-dom.development.js:27078:3)
      at flushPassiveEffects (node_modules/react-dom/cjs/react-dom.development.js:27023:14)
      at performSyncWorkOnRoot (node_modules/react-dom/cjs/react-dom.development.js:26115:3)
      at flushSyncCallbacks (node_modules/react-dom/cjs/react-dom.development.js:12042:22)
      at commitRootImpl (node_modules/react-dom/cjs/react-dom.development.js:26998:3)
      at commitRoot (node_modules/react-dom/cjs/react-dom.development.js:26721:5)
      at finishConcurrentRender (node_modules/react-dom/cjs/react-dom.development.js:26020:9)
      at performConcurrentWorkOnRoot (node_modules/react-dom/cjs/react-dom.development.js:25848:7)
      at flushActQueue (node_modules/react/cjs/react.development.js:2667:24)
      at act (node_modules/react/cjs/react.development.js:2582:11)
      at node_modules/@testing-library/react/dist/act-compat.js:46:25
      at renderRoot (node_modules/@testing-library/react/dist/pure.js:189:26)
      at render (node_modules/@testing-library/react/dist/pure.js:291:10)
      at Object.<anonymous> (src/renderer/components/MainPane/tabs/PhotosTab.test.tsx:310:11)

  ● US4 — Editing tools removed from right-aside panel › T020: the right-aside photo preview has the photo-preview-clickable class

    TypeError: fieldsRef.current?.scrollTo is not a function

      47 |
      48 |   useEffect(() => {
    > 49 |     fieldsRef.current?.scrollTo({ top: 0, behavior: 'smooth' });
         |                        ^
      50 |   }, [selected.id]);
      51 |
      52 |   return (

      at src/renderer/components/MainPane/tabs/PhotoDetailPane.tsx:49:24
      at commitHookEffectListMount (node_modules/react-dom/cjs/react-dom.development.js:23189:26)
      at commitPassiveMountOnFiber (node_modules/react-dom/cjs/react-dom.development.js:24970:11)
      at commitPassiveMountEffects_complete (node_modules/react-dom/cjs/react-dom.development.js:24930:9)
      at commitPassiveMountEffects_begin (node_modules/react-dom/cjs/react-dom.development.js:24917:7)
      at commitPassiveMountEffects (node_modules/react-dom/cjs/react-dom.development.js:24905:3)
      at flushPassiveEffectsImpl (node_modules/react-dom/cjs/react-dom.development.js:27078:3)
      at flushPassiveEffects (node_modules/react-dom/cjs/react-dom.development.js:27023:14)
      at performSyncWorkOnRoot (node_modules/react-dom/cjs/react-dom.development.js:26115:3)
      at flushSyncCallbacks (node_modules/react-dom/cjs/react-dom.development.js:12042:22)
      at commitRootImpl (node_modules/react-dom/cjs/react-dom.development.js:26998:3)
      at commitRoot (node_modules/react-dom/cjs/react-dom.development.js:26721:5)
      at finishConcurrentRender (node_modules/react-dom/cjs/react-dom.development.js:26020:9)
      at performConcurrentWorkOnRoot (node_modules/react-dom/cjs/react-dom.development.js:25848:7)
      at flushActQueue (node_modules/react/cjs/react.development.js:2667:24)
      at act (node_modules/react/cjs/react.development.js:2582:11)
      at node_modules/@testing-library/react/dist/act-compat.js:46:25
      at renderRoot (node_modules/@testing-library/react/dist/pure.js:189:26)
      at render (node_modules/@testing-library/react/dist/pure.js:291:10)
      at Object.<anonymous> (src/renderer/components/MainPane/tabs/PhotosTab.test.tsx:327:11)

  ● US1 — Metadata icon button › T003b: metadata icon button is present in photo-detail-head when a photo is selected

    TypeError: fieldsRef.current?.scrollTo is not a function

      47 |
      48 |   useEffect(() => {
    > 49 |     fieldsRef.current?.scrollTo({ top: 0, behavior: 'smooth' });
         |                        ^
      50 |   }, [selected.id]);
      51 |
      52 |   return (

      at src/renderer/components/MainPane/tabs/PhotoDetailPane.tsx:49:24
      at commitHookEffectListMount (node_modules/react-dom/cjs/react-dom.development.js:23189:26)
      at commitPassiveMountOnFiber (node_modules/react-dom/cjs/react-dom.development.js:24970:11)
      at commitPassiveMountEffects_complete (node_modules/react-dom/cjs/react-dom.development.js:24930:9)
      at commitPassiveMountEffects_begin (node_modules/react-dom/cjs/react-dom.development.js:24917:7)
      at commitPassiveMountEffects (node_modules/react-dom/cjs/react-dom.development.js:24905:3)
      at flushPassiveEffectsImpl (node_modules/react-dom/cjs/react-dom.development.js:27078:3)
      at flushPassiveEffects (node_modules/react-dom/cjs/react-dom.development.js:27023:14)
      at performSyncWorkOnRoot (node_modules/react-dom/cjs/react-dom.development.js:26115:3)
      at flushSyncCallbacks (node_modules/react-dom/cjs/react-dom.development.js:12042:22)
      at commitRootImpl (node_modules/react-dom/cjs/react-dom.development.js:26998:3)
      at commitRoot (node_modules/react-dom/cjs/react-dom.development.js:26721:5)
      at finishConcurrentRender (node_modules/react-dom/cjs/react-dom.development.js:26020:9)
      at performConcurrentWorkOnRoot (node_modules/react-dom/cjs/react-dom.development.js:25848:7)
      at flushActQueue (node_modules/react/cjs/react.development.js:2667:24)
      at act (node_modules/react/cjs/react.development.js:2582:11)
      at node_modules/@testing-library/react/dist/act-compat.js:46:25
      at renderRoot (node_modules/@testing-library/react/dist/pure.js:189:26)
      at render (node_modules/@testing-library/react/dist/pure.js:291:10)
      at Object.<anonymous> (src/renderer/components/MainPane/tabs/PhotosTab.test.tsx:350:11)

  ● US1 — Metadata icon button › T003c: clicking the metadata icon button opens the metadata dialog

    TypeError: fieldsRef.current?.scrollTo is not a function

      47 |
      48 |   useEffect(() => {
    > 49 |     fieldsRef.current?.scrollTo({ top: 0, behavior: 'smooth' });
         |                        ^
      50 |   }, [selected.id]);
      51 |
      52 |   return (

      at src/renderer/components/MainPane/tabs/PhotoDetailPane.tsx:49:24
      at commitHookEffectListMount (node_modules/react-dom/cjs/react-dom.development.js:23189:26)
      at commitPassiveMountOnFiber (node_modules/react-dom/cjs/react-dom.development.js:24970:11)
      at commitPassiveMountEffects_complete (node_modules/react-dom/cjs/react-dom.development.js:24930:9)
      at commitPassiveMountEffects_begin (node_modules/react-dom/cjs/react-dom.development.js:24917:7)
      at commitPassiveMountEffects (node_modules/react-dom/cjs/react-dom.development.js:24905:3)
      at flushPassiveEffectsImpl (node_modules/react-dom/cjs/react-dom.development.js:27078:3)
      at flushPassiveEffects (node_modules/react-dom/cjs/react-dom.development.js:27023:14)
      at performSyncWorkOnRoot (node_modules/react-dom/cjs/react-dom.development.js:26115:3)
      at flushSyncCallbacks (node_modules/react-dom/cjs/react-dom.development.js:12042:22)
      at commitRootImpl (node_modules/react-dom/cjs/react-dom.development.js:26998:3)
      at commitRoot (node_modules/react-dom/cjs/react-dom.development.js:26721:5)
      at finishConcurrentRender (node_modules/react-dom/cjs/react-dom.development.js:26020:9)
      at performConcurrentWorkOnRoot (node_modules/react-dom/cjs/react-dom.development.js:25848:7)
      at flushActQueue (node_modules/react/cjs/react.development.js:2667:24)
      at act (node_modules/react/cjs/react.development.js:2582:11)
      at node_modules/@testing-library/react/dist/act-compat.js:46:25
      at renderRoot (node_modules/@testing-library/react/dist/pure.js:189:26)
      at render (node_modules/@testing-library/react/dist/pure.js:291:10)
      at Object.<anonymous> (src/renderer/components/MainPane/tabs/PhotosTab.test.tsx:360:11)

  ● US1 — Metadata icon button › T010d: clicking the button calls readFileMetadata with the shelter slug

    TypeError: fieldsRef.current?.scrollTo is not a function

      47 |
      48 |   useEffect(() => {
    > 49 |     fieldsRef.current?.scrollTo({ top: 0, behavior: 'smooth' });
         |                        ^
      50 |   }, [selected.id]);
      51 |
      52 |   return (

      at src/renderer/components/MainPane/tabs/PhotoDetailPane.tsx:49:24
      at commitHookEffectListMount (node_modules/react-dom/cjs/react-dom.development.js:23189:26)
      at commitPassiveMountOnFiber (node_modules/react-dom/cjs/react-dom.development.js:24970:11)
      at commitPassiveMountEffects_complete (node_modules/react-dom/cjs/react-dom.development.js:24930:9)
      at commitPassiveMountEffects_begin (node_modules/react-dom/cjs/react-dom.development.js:24917:7)
      at commitPassiveMountEffects (node_modules/react-dom/cjs/react-dom.development.js:24905:3)
      at flushPassiveEffectsImpl (node_modules/react-dom/cjs/react-dom.development.js:27078:3)
      at flushPassiveEffects (node_modules/react-dom/cjs/react-dom.development.js:27023:14)
      at performSyncWorkOnRoot (node_modules/react-dom/cjs/react-dom.development.js:26115:3)
      at flushSyncCallbacks (node_modules/react-dom/cjs/react-dom.development.js:12042:22)
      at commitRootImpl (node_modules/react-dom/cjs/react-dom.development.js:26998:3)
      at commitRoot (node_modules/react-dom/cjs/react-dom.development.js:26721:5)
      at finishConcurrentRender (node_modules/react-dom/cjs/react-dom.development.js:26020:9)
      at performConcurrentWorkOnRoot (node_modules/react-dom/cjs/react-dom.development.js:25848:7)
      at flushActQueue (node_modules/react/cjs/react.development.js:2667:24)
      at act (node_modules/react/cjs/react.development.js:2582:11)
      at node_modules/@testing-library/react/dist/act-compat.js:46:25
      at renderRoot (node_modules/@testing-library/react/dist/pure.js:189:26)
      at render (node_modules/@testing-library/react/dist/pure.js:291:10)
      at Object.<anonymous> (src/renderer/components/MainPane/tabs/PhotosTab.test.tsx:372:11)

  ● US1 — Metadata icon button › export icon button is present in photo-detail-head when a photo is selected

    TypeError: fieldsRef.current?.scrollTo is not a function

      47 |
      48 |   useEffect(() => {
    > 49 |     fieldsRef.current?.scrollTo({ top: 0, behavior: 'smooth' });
         |                        ^
      50 |   }, [selected.id]);
      51 |
      52 |   return (

      at src/renderer/components/MainPane/tabs/PhotoDetailPane.tsx:49:24
      at commitHookEffectListMount (node_modules/react-dom/cjs/react-dom.development.js:23189:26)
      at commitPassiveMountOnFiber (node_modules/react-dom/cjs/react-dom.development.js:24970:11)
      at commitPassiveMountEffects_complete (node_modules/react-dom/cjs/react-dom.development.js:24930:9)
      at commitPassiveMountEffects_begin (node_modules/react-dom/cjs/react-dom.development.js:24917:7)
      at commitPassiveMountEffects (node_modules/react-dom/cjs/react-dom.development.js:24905:3)
      at flushPassiveEffectsImpl (node_modules/react-dom/cjs/react-dom.development.js:27078:3)
      at flushPassiveEffects (node_modules/react-dom/cjs/react-dom.development.js:27023:14)
      at performSyncWorkOnRoot (node_modules/react-dom/cjs/react-dom.development.js:26115:3)
      at flushSyncCallbacks (node_modules/react-dom/cjs/react-dom.development.js:12042:22)
      at commitRootImpl (node_modules/react-dom/cjs/react-dom.development.js:26998:3)
      at commitRoot (node_modules/react-dom/cjs/react-dom.development.js:26721:5)
      at finishConcurrentRender (node_modules/react-dom/cjs/react-dom.development.js:26020:9)
      at performConcurrentWorkOnRoot (node_modules/react-dom/cjs/react-dom.development.js:25848:7)
      at flushActQueue (node_modules/react/cjs/react.development.js:2667:24)
      at act (node_modules/react/cjs/react.development.js:2582:11)
      at node_modules/@testing-library/react/dist/act-compat.js:46:25
      at renderRoot (node_modules/@testing-library/react/dist/pure.js:189:26)
      at render (node_modules/@testing-library/react/dist/pure.js:291:10)
      at Object.<anonymous> (src/renderer/components/MainPane/tabs/PhotosTab.test.tsx:382:11)

  ● US1 — Metadata icon button › clicking the export button calls photos.export with the slug, file name and title

    TypeError: fieldsRef.current?.scrollTo is not a function

      47 |
      48 |   useEffect(() => {
    > 49 |     fieldsRef.current?.scrollTo({ top: 0, behavior: 'smooth' });
         |                        ^
      50 |   }, [selected.id]);
      51 |
      52 |   return (

      at src/renderer/components/MainPane/tabs/PhotoDetailPane.tsx:49:24
      at commitHookEffectListMount (node_modules/react-dom/cjs/react-dom.development.js:23189:26)
      at commitPassiveMountOnFiber (node_modules/react-dom/cjs/react-dom.development.js:24970:11)
      at commitPassiveMountEffects_complete (node_modules/react-dom/cjs/react-dom.development.js:24930:9)
      at commitPassiveMountEffects_begin (node_modules/react-dom/cjs/react-dom.development.js:24917:7)
      at commitPassiveMountEffects (node_modules/react-dom/cjs/react-dom.development.js:24905:3)
      at flushPassiveEffectsImpl (node_modules/react-dom/cjs/react-dom.development.js:27078:3)
      at flushPassiveEffects (node_modules/react-dom/cjs/react-dom.development.js:27023:14)
      at performSyncWorkOnRoot (node_modules/react-dom/cjs/react-dom.development.js:26115:3)
      at flushSyncCallbacks (node_modules/react-dom/cjs/react-dom.development.js:12042:22)
      at commitRootImpl (node_modules/react-dom/cjs/react-dom.development.js:26998:3)
      at commitRoot (node_modules/react-dom/cjs/react-dom.development.js:26721:5)
      at finishConcurrentRender (node_modules/react-dom/cjs/react-dom.development.js:26020:9)
      at performConcurrentWorkOnRoot (node_modules/react-dom/cjs/react-dom.development.js:25848:7)
      at flushActQueue (node_modules/react/cjs/react.development.js:2667:24)
      at act (node_modules/react/cjs/react.development.js:2582:11)
      at node_modules/@testing-library/react/dist/act-compat.js:46:25
      at renderRoot (node_modules/@testing-library/react/dist/pure.js:189:26)
      at render (node_modules/@testing-library/react/dist/pure.js:291:10)
      at Object.<anonymous> (src/renderer/components/MainPane/tabs/PhotosTab.test.tsx:392:11)

  ● US1 — Metadata icon button › clicking delete opens a confirm dialog without deleting immediately

    TypeError: fieldsRef.current?.scrollTo is not a function

      47 |
      48 |   useEffect(() => {
    > 49 |     fieldsRef.current?.scrollTo({ top: 0, behavior: 'smooth' });
         |                        ^
      50 |   }, [selected.id]);
      51 |
      52 |   return (

      at src/renderer/components/MainPane/tabs/PhotoDetailPane.tsx:49:24
      at commitHookEffectListMount (node_modules/react-dom/cjs/react-dom.development.js:23189:26)
      at commitPassiveMountOnFiber (node_modules/react-dom/cjs/react-dom.development.js:24970:11)
      at commitPassiveMountEffects_complete (node_modules/react-dom/cjs/react-dom.development.js:24930:9)
      at commitPassiveMountEffects_begin (node_modules/react-dom/cjs/react-dom.development.js:24917:7)
      at commitPassiveMountEffects (node_modules/react-dom/cjs/react-dom.development.js:24905:3)
      at flushPassiveEffectsImpl (node_modules/react-dom/cjs/react-dom.development.js:27078:3)
      at flushPassiveEffects (node_modules/react-dom/cjs/react-dom.development.js:27023:14)
      at performSyncWorkOnRoot (node_modules/react-dom/cjs/react-dom.development.js:26115:3)
      at flushSyncCallbacks (node_modules/react-dom/cjs/react-dom.development.js:12042:22)
      at commitRootImpl (node_modules/react-dom/cjs/react-dom.development.js:26998:3)
      at commitRoot (node_modules/react-dom/cjs/react-dom.development.js:26721:5)
      at finishConcurrentRender (node_modules/react-dom/cjs/react-dom.development.js:26020:9)
      at performConcurrentWorkOnRoot (node_modules/react-dom/cjs/react-dom.development.js:25848:7)
      at flushActQueue (node_modules/react/cjs/react.development.js:2667:24)
      at act (node_modules/react/cjs/react.development.js:2582:11)
      at node_modules/@testing-library/react/dist/act-compat.js:46:25
      at renderRoot (node_modules/@testing-library/react/dist/pure.js:189:26)
      at render (node_modules/@testing-library/react/dist/pure.js:291:10)
      at Object.<anonymous> (src/renderer/components/MainPane/tabs/PhotosTab.test.tsx:404:11)

  ● US1 — Metadata icon button › confirming the delete dialog calls photos.delete

    TypeError: fieldsRef.current?.scrollTo is not a function

      47 |
      48 |   useEffect(() => {
    > 49 |     fieldsRef.current?.scrollTo({ top: 0, behavior: 'smooth' });
         |                        ^
      50 |   }, [selected.id]);
      51 |
      52 |   return (

      at src/renderer/components/MainPane/tabs/PhotoDetailPane.tsx:49:24
      at commitHookEffectListMount (node_modules/react-dom/cjs/react-dom.development.js:23189:26)
      at commitPassiveMountOnFiber (node_modules/react-dom/cjs/react-dom.development.js:24970:11)
      at commitPassiveMountEffects_complete (node_modules/react-dom/cjs/react-dom.development.js:24930:9)
      at commitPassiveMountEffects_begin (node_modules/react-dom/cjs/react-dom.development.js:24917:7)
      at commitPassiveMountEffects (node_modules/react-dom/cjs/react-dom.development.js:24905:3)
      at flushPassiveEffectsImpl (node_modules/react-dom/cjs/react-dom.development.js:27078:3)
      at flushPassiveEffects (node_modules/react-dom/cjs/react-dom.development.js:27023:14)
      at performSyncWorkOnRoot (node_modules/react-dom/cjs/react-dom.development.js:26115:3)
      at flushSyncCallbacks (node_modules/react-dom/cjs/react-dom.development.js:12042:22)
      at commitRootImpl (node_modules/react-dom/cjs/react-dom.development.js:26998:3)
      at commitRoot (node_modules/react-dom/cjs/react-dom.development.js:26721:5)
      at finishConcurrentRender (node_modules/react-dom/cjs/react-dom.development.js:26020:9)
      at performConcurrentWorkOnRoot (node_modules/react-dom/cjs/react-dom.development.js:25848:7)
      at flushActQueue (node_modules/react/cjs/react.development.js:2667:24)
      at act (node_modules/react/cjs/react.development.js:2582:11)
      at node_modules/@testing-library/react/dist/act-compat.js:46:25
      at renderRoot (node_modules/@testing-library/react/dist/pure.js:189:26)
      at render (node_modules/@testing-library/react/dist/pure.js:291:10)
      at Object.<anonymous> (src/renderer/components/MainPane/tabs/PhotosTab.test.tsx:415:11)

  ● US1 — Metadata icon button › cancelling the delete dialog does not call photos.delete

    TypeError: fieldsRef.current?.scrollTo is not a function

      47 |
      48 |   useEffect(() => {
    > 49 |     fieldsRef.current?.scrollTo({ top: 0, behavior: 'smooth' });
         |                        ^
      50 |   }, [selected.id]);
      51 |
      52 |   return (

      at src/renderer/components/MainPane/tabs/PhotoDetailPane.tsx:49:24
      at commitHookEffectListMount (node_modules/react-dom/cjs/react-dom.development.js:23189:26)
      at commitPassiveMountOnFiber (node_modules/react-dom/cjs/react-dom.development.js:24970:11)
      at commitPassiveMountEffects_complete (node_modules/react-dom/cjs/react-dom.development.js:24930:9)
      at commitPassiveMountEffects_begin (node_modules/react-dom/cjs/react-dom.development.js:24917:7)
      at commitPassiveMountEffects (node_modules/react-dom/cjs/react-dom.development.js:24905:3)
      at flushPassiveEffectsImpl (node_modules/react-dom/cjs/react-dom.development.js:27078:3)
      at flushPassiveEffects (node_modules/react-dom/cjs/react-dom.development.js:27023:14)
      at performSyncWorkOnRoot (node_modules/react-dom/cjs/react-dom.development.js:26115:3)
      at flushSyncCallbacks (node_modules/react-dom/cjs/react-dom.development.js:12042:22)
      at commitRootImpl (node_modules/react-dom/cjs/react-dom.development.js:26998:3)
      at commitRoot (node_modules/react-dom/cjs/react-dom.development.js:26721:5)
      at finishConcurrentRender (node_modules/react-dom/cjs/react-dom.development.js:26020:9)
      at performConcurrentWorkOnRoot (node_modules/react-dom/cjs/react-dom.development.js:25848:7)
      at flushActQueue (node_modules/react/cjs/react.development.js:2667:24)
      at act (node_modules/react/cjs/react.development.js:2582:11)
      at node_modules/@testing-library/react/dist/act-compat.js:46:25
      at renderRoot (node_modules/@testing-library/react/dist/pure.js:189:26)
      at render (node_modules/@testing-library/react/dist/pure.js:291:10)
      at Object.<anonymous> (src/renderer/components/MainPane/tabs/PhotosTab.test.tsx:428:11)

  ● US1 — Move to shelter › clicking move opens the move dialog without moving immediately

    TypeError: fieldsRef.current?.scrollTo is not a function

      47 |
      48 |   useEffect(() => {
    > 49 |     fieldsRef.current?.scrollTo({ top: 0, behavior: 'smooth' });
         |                        ^
      50 |   }, [selected.id]);
      51 |
      52 |   return (

      at src/renderer/components/MainPane/tabs/PhotoDetailPane.tsx:49:24
      at commitHookEffectListMount (node_modules/react-dom/cjs/react-dom.development.js:23189:26)
      at commitPassiveMountOnFiber (node_modules/react-dom/cjs/react-dom.development.js:24970:11)
      at commitPassiveMountEffects_complete (node_modules/react-dom/cjs/react-dom.development.js:24930:9)
      at commitPassiveMountEffects_begin (node_modules/react-dom/cjs/react-dom.development.js:24917:7)
      at commitPassiveMountEffects (node_modules/react-dom/cjs/react-dom.development.js:24905:3)
      at flushPassiveEffectsImpl (node_modules/react-dom/cjs/react-dom.development.js:27078:3)
      at flushPassiveEffects (node_modules/react-dom/cjs/react-dom.development.js:27023:14)
      at performSyncWorkOnRoot (node_modules/react-dom/cjs/react-dom.development.js:26115:3)
      at flushSyncCallbacks (node_modules/react-dom/cjs/react-dom.development.js:12042:22)
      at commitRootImpl (node_modules/react-dom/cjs/react-dom.development.js:26998:3)
      at commitRoot (node_modules/react-dom/cjs/react-dom.development.js:26721:5)
      at finishConcurrentRender (node_modules/react-dom/cjs/react-dom.development.js:26020:9)
      at performConcurrentWorkOnRoot (node_modules/react-dom/cjs/react-dom.development.js:25848:7)
      at flushActQueue (node_modules/react/cjs/react.development.js:2667:24)
      at act (node_modules/react/cjs/react.development.js:2582:11)
      at node_modules/@testing-library/react/dist/act-compat.js:46:25
      at renderRoot (node_modules/@testing-library/react/dist/pure.js:189:26)
      at render (node_modules/@testing-library/react/dist/pure.js:291:10)
      at Object.<anonymous> (src/renderer/components/MainPane/tabs/PhotosTab.test.tsx:443:11)

  ● US1 — Move to shelter › confirming the move dialog calls photos.move and removes the photo from the current shelter list

    TypeError: fieldsRef.current?.scrollTo is not a function

      47 |
      48 |   useEffect(() => {
    > 49 |     fieldsRef.current?.scrollTo({ top: 0, behavior: 'smooth' });
         |                        ^
      50 |   }, [selected.id]);
      51 |
      52 |   return (

      at src/renderer/components/MainPane/tabs/PhotoDetailPane.tsx:49:24
      at commitHookEffectListMount (node_modules/react-dom/cjs/react-dom.development.js:23189:26)
      at commitPassiveMountOnFiber (node_modules/react-dom/cjs/react-dom.development.js:24970:11)
      at commitPassiveMountEffects_complete (node_modules/react-dom/cjs/react-dom.development.js:24930:9)
      at commitPassiveMountEffects_begin (node_modules/react-dom/cjs/react-dom.development.js:24917:7)
      at commitPassiveMountEffects (node_modules/react-dom/cjs/react-dom.development.js:24905:3)
      at flushPassiveEffectsImpl (node_modules/react-dom/cjs/react-dom.development.js:27078:3)
      at flushPassiveEffects (node_modules/react-dom/cjs/react-dom.development.js:27023:14)
      at performSyncWorkOnRoot (node_modules/react-dom/cjs/react-dom.development.js:26115:3)
      at flushSyncCallbacks (node_modules/react-dom/cjs/react-dom.development.js:12042:22)
      at commitRootImpl (node_modules/react-dom/cjs/react-dom.development.js:26998:3)
      at commitRoot (node_modules/react-dom/cjs/react-dom.development.js:26721:5)
      at finishConcurrentRender (node_modules/react-dom/cjs/react-dom.development.js:26020:9)
      at performConcurrentWorkOnRoot (node_modules/react-dom/cjs/react-dom.development.js:25848:7)
      at flushActQueue (node_modules/react/cjs/react.development.js:2667:24)
      at act (node_modules/react/cjs/react.development.js:2582:11)
      at node_modules/@testing-library/react/dist/act-compat.js:46:25
      at renderRoot (node_modules/@testing-library/react/dist/pure.js:189:26)
      at render (node_modules/@testing-library/react/dist/pure.js:291:10)
      at Object.<anonymous> (src/renderer/components/MainPane/tabs/PhotosTab.test.tsx:455:11)

  ● US1 — Move to shelter › cancelling the move dialog does not call photos.move

    TypeError: fieldsRef.current?.scrollTo is not a function

      47 |
      48 |   useEffect(() => {
    > 49 |     fieldsRef.current?.scrollTo({ top: 0, behavior: 'smooth' });
         |                        ^
      50 |   }, [selected.id]);
      51 |
      52 |   return (

      at src/renderer/components/MainPane/tabs/PhotoDetailPane.tsx:49:24
      at commitHookEffectListMount (node_modules/react-dom/cjs/react-dom.development.js:23189:26)
      at commitPassiveMountOnFiber (node_modules/react-dom/cjs/react-dom.development.js:24970:11)
      at commitPassiveMountEffects_complete (node_modules/react-dom/cjs/react-dom.development.js:24930:9)
      at commitPassiveMountEffects_begin (node_modules/react-dom/cjs/react-dom.development.js:24917:7)
      at commitPassiveMountEffects (node_modules/react-dom/cjs/react-dom.development.js:24905:3)
      at flushPassiveEffectsImpl (node_modules/react-dom/cjs/react-dom.development.js:27078:3)
      at flushPassiveEffects (node_modules/react-dom/cjs/react-dom.development.js:27023:14)
      at performSyncWorkOnRoot (node_modules/react-dom/cjs/react-dom.development.js:26115:3)
      at flushSyncCallbacks (node_modules/react-dom/cjs/react-dom.development.js:12042:22)
      at commitRootImpl (node_modules/react-dom/cjs/react-dom.development.js:26998:3)
      at commitRoot (node_modules/react-dom/cjs/react-dom.development.js:26721:5)
      at finishConcurrentRender (node_modules/react-dom/cjs/react-dom.development.js:26020:9)
      at performConcurrentWorkOnRoot (node_modules/react-dom/cjs/react-dom.development.js:25848:7)
      at flushActQueue (node_modules/react/cjs/react.development.js:2667:24)
      at act (node_modules/react/cjs/react.development.js:2582:11)
      at node_modules/@testing-library/react/dist/act-compat.js:46:25
      at renderRoot (node_modules/@testing-library/react/dist/pure.js:189:26)
      at render (node_modules/@testing-library/react/dist/pure.js:291:10)
      at Object.<anonymous> (src/renderer/components/MainPane/tabs/PhotosTab.test.tsx:471:11)

  ● US1 — Move to shelter › shows a failure toast and makes no state change when photos.move rejects

    TypeError: fieldsRef.current?.scrollTo is not a function

      47 |
      48 |   useEffect(() => {
    > 49 |     fieldsRef.current?.scrollTo({ top: 0, behavior: 'smooth' });
         |                        ^
      50 |   }, [selected.id]);
      51 |
      52 |   return (

      at src/renderer/components/MainPane/tabs/PhotoDetailPane.tsx:49:24
      at commitHookEffectListMount (node_modules/react-dom/cjs/react-dom.development.js:23189:26)
      at commitPassiveMountOnFiber (node_modules/react-dom/cjs/react-dom.development.js:24970:11)
      at commitPassiveMountEffects_complete (node_modules/react-dom/cjs/react-dom.development.js:24930:9)
      at commitPassiveMountEffects_begin (node_modules/react-dom/cjs/react-dom.development.js:24917:7)
      at commitPassiveMountEffects (node_modules/react-dom/cjs/react-dom.development.js:24905:3)
      at flushPassiveEffectsImpl (node_modules/react-dom/cjs/react-dom.development.js:27078:3)
      at flushPassiveEffects (node_modules/react-dom/cjs/react-dom.development.js:27023:14)
      at performSyncWorkOnRoot (node_modules/react-dom/cjs/react-dom.development.js:26115:3)
      at flushSyncCallbacks (node_modules/react-dom/cjs/react-dom.development.js:12042:22)
      at commitRootImpl (node_modules/react-dom/cjs/react-dom.development.js:26998:3)
      at commitRoot (node_modules/react-dom/cjs/react-dom.development.js:26721:5)
      at finishConcurrentRender (node_modules/react-dom/cjs/react-dom.development.js:26020:9)
      at performConcurrentWorkOnRoot (node_modules/react-dom/cjs/react-dom.development.js:25848:7)
      at flushActQueue (node_modules/react/cjs/react.development.js:2667:24)
      at act (node_modules/react/cjs/react.development.js:2582:11)
      at node_modules/@testing-library/react/dist/act-compat.js:46:25
      at renderRoot (node_modules/@testing-library/react/dist/pure.js:189:26)
      at render (node_modules/@testing-library/react/dist/pure.js:291:10)
      at Object.<anonymous> (src/renderer/components/MainPane/tabs/PhotosTab.test.tsx:485:11)

  ● US1 — Move to shelter › clears the source shelter default_photo_id when the moved photo was the default (FR-008)

    TypeError: fieldsRef.current?.scrollTo is not a function

      47 |
      48 |   useEffect(() => {
    > 49 |     fieldsRef.current?.scrollTo({ top: 0, behavior: 'smooth' });
         |                        ^
      50 |   }, [selected.id]);
      51 |
      52 |   return (

      at src/renderer/components/MainPane/tabs/PhotoDetailPane.tsx:49:24
      at commitHookEffectListMount (node_modules/react-dom/cjs/react-dom.development.js:23189:26)
      at commitPassiveMountOnFiber (node_modules/react-dom/cjs/react-dom.development.js:24970:11)
      at commitPassiveMountEffects_complete (node_modules/react-dom/cjs/react-dom.development.js:24930:9)
      at commitPassiveMountEffects_begin (node_modules/react-dom/cjs/react-dom.development.js:24917:7)
      at commitPassiveMountEffects (node_modules/react-dom/cjs/react-dom.development.js:24905:3)
      at flushPassiveEffectsImpl (node_modules/react-dom/cjs/react-dom.development.js:27078:3)
      at flushPassiveEffects (node_modules/react-dom/cjs/react-dom.development.js:27023:14)
      at performSyncWorkOnRoot (node_modules/react-dom/cjs/react-dom.development.js:26115:3)
      at flushSyncCallbacks (node_modules/react-dom/cjs/react-dom.development.js:12042:22)
      at commitRootImpl (node_modules/react-dom/cjs/react-dom.development.js:26998:3)
      at commitRoot (node_modules/react-dom/cjs/react-dom.development.js:26721:5)
      at finishConcurrentRender (node_modules/react-dom/cjs/react-dom.development.js:26020:9)
      at performConcurrentWorkOnRoot (node_modules/react-dom/cjs/react-dom.development.js:25848:7)
      at flushActQueue (node_modules/react/cjs/react.development.js:2667:24)
      at act (node_modules/react/cjs/react.development.js:2582:11)
      at node_modules/@testing-library/react/dist/act-compat.js:46:25
      at renderRoot (node_modules/@testing-library/react/dist/pure.js:189:26)
      at render (node_modules/@testing-library/react/dist/pure.js:291:10)
      at Object.<anonymous> (src/renderer/components/MainPane/tabs/PhotosTab.test.tsx:500:11)

  ● US1 — Move to shelter › disables the move button when no other shelter exists

    TypeError: fieldsRef.current?.scrollTo is not a function

      47 |
      48 |   useEffect(() => {
    > 49 |     fieldsRef.current?.scrollTo({ top: 0, behavior: 'smooth' });
         |                        ^
      50 |   }, [selected.id]);
      51 |
      52 |   return (

      at src/renderer/components/MainPane/tabs/PhotoDetailPane.tsx:49:24
      at commitHookEffectListMount (node_modules/react-dom/cjs/react-dom.development.js:23189:26)
      at commitPassiveMountOnFiber (node_modules/react-dom/cjs/react-dom.development.js:24970:11)
      at commitPassiveMountEffects_complete (node_modules/react-dom/cjs/react-dom.development.js:24930:9)
      at commitPassiveMountEffects_begin (node_modules/react-dom/cjs/react-dom.development.js:24917:7)
      at commitPassiveMountEffects (node_modules/react-dom/cjs/react-dom.development.js:24905:3)
      at flushPassiveEffectsImpl (node_modules/react-dom/cjs/react-dom.development.js:27078:3)
      at flushPassiveEffects (node_modules/react-dom/cjs/react-dom.development.js:27023:14)
      at performSyncWorkOnRoot (node_modules/react-dom/cjs/react-dom.development.js:26115:3)
      at flushSyncCallbacks (node_modules/react-dom/cjs/react-dom.development.js:12042:22)
      at commitRootImpl (node_modules/react-dom/cjs/react-dom.development.js:26998:3)
      at commitRoot (node_modules/react-dom/cjs/react-dom.development.js:26721:5)
      at finishConcurrentRender (node_modules/react-dom/cjs/react-dom.development.js:26020:9)
      at performConcurrentWorkOnRoot (node_modules/react-dom/cjs/react-dom.development.js:25848:7)
      at flushActQueue (node_modules/react/cjs/react.development.js:2667:24)
      at act (node_modules/react/cjs/react.development.js:2582:11)
      at node_modules/@testing-library/react/dist/act-compat.js:46:25
      at renderRoot (node_modules/@testing-library/react/dist/pure.js:189:26)
      at render (node_modules/@testing-library/react/dist/pure.js:291:10)
      at Object.<anonymous> (src/renderer/components/MainPane/tabs/PhotosTab.test.tsx:514:11)

  ● include_in_post quick-toggle checkbox › grid: renders unchecked checkbox when include_in_post is false

    TypeError: fieldsRef.current?.scrollTo is not a function

      47 |
      48 |   useEffect(() => {
    > 49 |     fieldsRef.current?.scrollTo({ top: 0, behavior: 'smooth' });
         |                        ^
      50 |   }, [selected.id]);
      51 |
      52 |   return (

      at src/renderer/components/MainPane/tabs/PhotoDetailPane.tsx:49:24
      at commitHookEffectListMount (node_modules/react-dom/cjs/react-dom.development.js:23189:26)
      at commitPassiveMountOnFiber (node_modules/react-dom/cjs/react-dom.development.js:24970:11)
      at commitPassiveMountEffects_complete (node_modules/react-dom/cjs/react-dom.development.js:24930:9)
      at commitPassiveMountEffects_begin (node_modules/react-dom/cjs/react-dom.development.js:24917:7)
      at commitPassiveMountEffects (node_modules/react-dom/cjs/react-dom.development.js:24905:3)
      at flushPassiveEffectsImpl (node_modules/react-dom/cjs/react-dom.development.js:27078:3)
      at flushPassiveEffects (node_modules/react-dom/cjs/react-dom.development.js:27023:14)
      at performSyncWorkOnRoot (node_modules/react-dom/cjs/react-dom.development.js:26115:3)
      at flushSyncCallbacks (node_modules/react-dom/cjs/react-dom.development.js:12042:22)
      at commitRootImpl (node_modules/react-dom/cjs/react-dom.development.js:26998:3)
      at commitRoot (node_modules/react-dom/cjs/react-dom.development.js:26721:5)
      at finishConcurrentRender (node_modules/react-dom/cjs/react-dom.development.js:26020:9)
      at performConcurrentWorkOnRoot (node_modules/react-dom/cjs/react-dom.development.js:25848:7)
      at flushActQueue (node_modules/react/cjs/react.development.js:2667:24)
      at act (node_modules/react/cjs/react.development.js:2582:11)
      at node_modules/@testing-library/react/dist/act-compat.js:46:25
      at renderRoot (node_modules/@testing-library/react/dist/pure.js:189:26)
      at render (node_modules/@testing-library/react/dist/pure.js:291:10)
      at Object.<anonymous> (src/renderer/components/MainPane/tabs/PhotosTab.test.tsx:525:11)

  ● include_in_post quick-toggle checkbox › photo drag reordering › grid: renders photos as sortable cards in order

    TypeError: fieldsRef.current?.scrollTo is not a function

      47 |
      48 |   useEffect(() => {
    > 49 |     fieldsRef.current?.scrollTo({ top: 0, behavior: 'smooth' });
         |                        ^
      50 |   }, [selected.id]);
      51 |
      52 |   return (

      at src/renderer/components/MainPane/tabs/PhotoDetailPane.tsx:49:24
      at commitHookEffectListMount (node_modules/react-dom/cjs/react-dom.development.js:23189:26)
      at commitPassiveMountOnFiber (node_modules/react-dom/cjs/react-dom.development.js:24970:11)
      at commitPassiveMountEffects_complete (node_modules/react-dom/cjs/react-dom.development.js:24930:9)
      at commitPassiveMountEffects_begin (node_modules/react-dom/cjs/react-dom.development.js:24917:7)
      at commitPassiveMountEffects (node_modules/react-dom/cjs/react-dom.development.js:24905:3)
      at flushPassiveEffectsImpl (node_modules/react-dom/cjs/react-dom.development.js:27078:3)
      at flushPassiveEffects (node_modules/react-dom/cjs/react-dom.development.js:27023:14)
      at performSyncWorkOnRoot (node_modules/react-dom/cjs/react-dom.development.js:26115:3)
      at flushSyncCallbacks (node_modules/react-dom/cjs/react-dom.development.js:12042:22)
      at commitRootImpl (node_modules/react-dom/cjs/react-dom.development.js:26998:3)
      at commitRoot (node_modules/react-dom/cjs/react-dom.development.js:26721:5)
      at finishConcurrentRender (node_modules/react-dom/cjs/react-dom.development.js:26020:9)
      at performConcurrentWorkOnRoot (node_modules/react-dom/cjs/react-dom.development.js:25848:7)
      at flushActQueue (node_modules/react/cjs/react.development.js:2667:24)
      at act (node_modules/react/cjs/react.development.js:2582:11)
      at node_modules/@testing-library/react/dist/act-compat.js:46:25
      at renderRoot (node_modules/@testing-library/react/dist/pure.js:189:26)
      at render (node_modules/@testing-library/react/dist/pure.js:291:10)
      at Object.<anonymous> (src/renderer/components/MainPane/tabs/PhotosTab.test.tsx:544:13)

  ● include_in_post quick-toggle checkbox › photo drag reordering › list: renders rows as sortable items in order

    TypeError: fieldsRef.current?.scrollTo is not a function

      47 |
      48 |   useEffect(() => {
    > 49 |     fieldsRef.current?.scrollTo({ top: 0, behavior: 'smooth' });
         |                        ^
      50 |   }, [selected.id]);
      51 |
      52 |   return (

      at src/renderer/components/MainPane/tabs/PhotoDetailPane.tsx:49:24
      at commitHookEffectListMount (node_modules/react-dom/cjs/react-dom.development.js:23189:26)
      at commitPassiveMountOnFiber (node_modules/react-dom/cjs/react-dom.development.js:24970:11)
      at commitPassiveMountEffects_complete (node_modules/react-dom/cjs/react-dom.development.js:24930:9)
      at commitPassiveMountEffects_begin (node_modules/react-dom/cjs/react-dom.development.js:24917:7)
      at commitPassiveMountEffects (node_modules/react-dom/cjs/react-dom.development.js:24905:3)
      at flushPassiveEffectsImpl (node_modules/react-dom/cjs/react-dom.development.js:27078:3)
      at flushPassiveEffects (node_modules/react-dom/cjs/react-dom.development.js:27023:14)
      at performSyncWorkOnRoot (node_modules/react-dom/cjs/react-dom.development.js:26115:3)
      at flushSyncCallbacks (node_modules/react-dom/cjs/react-dom.development.js:12042:22)
      at commitRootImpl (node_modules/react-dom/cjs/react-dom.development.js:26998:3)
      at commitRoot (node_modules/react-dom/cjs/react-dom.development.js:26721:5)
      at finishConcurrentRender (node_modules/react-dom/cjs/react-dom.development.js:26020:9)
      at performConcurrentWorkOnRoot (node_modules/react-dom/cjs/react-dom.development.js:25848:7)
      at flushActQueue (node_modules/react/cjs/react.development.js:2667:24)
      at act (node_modules/react/cjs/react.development.js:2582:11)
      at node_modules/@testing-library/react/dist/act-compat.js:46:25
      at renderRoot (node_modules/@testing-library/react/dist/pure.js:189:26)
      at render (node_modules/@testing-library/react/dist/pure.js:291:10)
      at Object.<anonymous> (src/renderer/components/MainPane/tabs/PhotosTab.test.tsx:555:13)

  ● include_in_post quick-toggle checkbox › grid: renders checked checkbox when include_in_post is true

    TypeError: fieldsRef.current?.scrollTo is not a function

      47 |
      48 |   useEffect(() => {
    > 49 |     fieldsRef.current?.scrollTo({ top: 0, behavior: 'smooth' });
         |                        ^
      50 |   }, [selected.id]);
      51 |
      52 |   return (

      at src/renderer/components/MainPane/tabs/PhotoDetailPane.tsx:49:24
      at commitHookEffectListMount (node_modules/react-dom/cjs/react-dom.development.js:23189:26)
      at commitPassiveMountOnFiber (node_modules/react-dom/cjs/react-dom.development.js:24970:11)
      at commitPassiveMountEffects_complete (node_modules/react-dom/cjs/react-dom.development.js:24930:9)
      at commitPassiveMountEffects_begin (node_modules/react-dom/cjs/react-dom.development.js:24917:7)
      at commitPassiveMountEffects (node_modules/react-dom/cjs/react-dom.development.js:24905:3)
      at flushPassiveEffectsImpl (node_modules/react-dom/cjs/react-dom.development.js:27078:3)
      at flushPassiveEffects (node_modules/react-dom/cjs/react-dom.development.js:27023:14)
      at performSyncWorkOnRoot (node_modules/react-dom/cjs/react-dom.development.js:26115:3)
      at flushSyncCallbacks (node_modules/react-dom/cjs/react-dom.development.js:12042:22)
      at commitRootImpl (node_modules/react-dom/cjs/react-dom.development.js:26998:3)
      at commitRoot (node_modules/react-dom/cjs/react-dom.development.js:26721:5)
      at finishConcurrentRender (node_modules/react-dom/cjs/react-dom.development.js:26020:9)
      at performConcurrentWorkOnRoot (node_modules/react-dom/cjs/react-dom.development.js:25848:7)
      at flushActQueue (node_modules/react/cjs/react.development.js:2667:24)
      at act (node_modules/react/cjs/react.development.js:2582:11)
      at node_modules/@testing-library/react/dist/act-compat.js:46:25
      at renderRoot (node_modules/@testing-library/react/dist/pure.js:189:26)
      at render (node_modules/@testing-library/react/dist/pure.js:291:10)
      at Object.<anonymous> (src/renderer/components/MainPane/tabs/PhotosTab.test.tsx:569:11)

  ● include_in_post quick-toggle checkbox › grid: clicking checkbox calls photos.update with toggled include_in_post

    TypeError: fieldsRef.current?.scrollTo is not a function

      47 |
      48 |   useEffect(() => {
    > 49 |     fieldsRef.current?.scrollTo({ top: 0, behavior: 'smooth' });
         |                        ^
      50 |   }, [selected.id]);
      51 |
      52 |   return (

      at src/renderer/components/MainPane/tabs/PhotoDetailPane.tsx:49:24
      at commitHookEffectListMount (node_modules/react-dom/cjs/react-dom.development.js:23189:26)
      at commitPassiveMountOnFiber (node_modules/react-dom/cjs/react-dom.development.js:24970:11)
      at commitPassiveMountEffects_complete (node_modules/react-dom/cjs/react-dom.development.js:24930:9)
      at commitPassiveMountEffects_begin (node_modules/react-dom/cjs/react-dom.development.js:24917:7)
      at commitPassiveMountEffects (node_modules/react-dom/cjs/react-dom.development.js:24905:3)
      at flushPassiveEffectsImpl (node_modules/react-dom/cjs/react-dom.development.js:27078:3)
      at flushPassiveEffects (node_modules/react-dom/cjs/react-dom.development.js:27023:14)
      at performSyncWorkOnRoot (node_modules/react-dom/cjs/react-dom.development.js:26115:3)
      at flushSyncCallbacks (node_modules/react-dom/cjs/react-dom.development.js:12042:22)
      at commitRootImpl (node_modules/react-dom/cjs/react-dom.development.js:26998:3)
      at commitRoot (node_modules/react-dom/cjs/react-dom.development.js:26721:5)
      at finishConcurrentRender (node_modules/react-dom/cjs/react-dom.development.js:26020:9)
      at performConcurrentWorkOnRoot (node_modules/react-dom/cjs/react-dom.development.js:25848:7)
      at flushActQueue (node_modules/react/cjs/react.development.js:2667:24)
      at act (node_modules/react/cjs/react.development.js:2582:11)
      at node_modules/@testing-library/react/dist/act-compat.js:46:25
      at renderRoot (node_modules/@testing-library/react/dist/pure.js:189:26)
      at render (node_modules/@testing-library/react/dist/pure.js:291:10)
      at Object.<anonymous> (src/renderer/components/MainPane/tabs/PhotosTab.test.tsx:577:11)

  ● include_in_post quick-toggle checkbox › list: renders unchecked checkbox when include_in_post is false

    TypeError: fieldsRef.current?.scrollTo is not a function

      47 |
      48 |   useEffect(() => {
    > 49 |     fieldsRef.current?.scrollTo({ top: 0, behavior: 'smooth' });
         |                        ^
      50 |   }, [selected.id]);
      51 |
      52 |   return (

      at src/renderer/components/MainPane/tabs/PhotoDetailPane.tsx:49:24
      at commitHookEffectListMount (node_modules/react-dom/cjs/react-dom.development.js:23189:26)
      at commitPassiveMountOnFiber (node_modules/react-dom/cjs/react-dom.development.js:24970:11)
      at commitPassiveMountEffects_complete (node_modules/react-dom/cjs/react-dom.development.js:24930:9)
      at commitPassiveMountEffects_begin (node_modules/react-dom/cjs/react-dom.development.js:24917:7)
      at commitPassiveMountEffects (node_modules/react-dom/cjs/react-dom.development.js:24905:3)
      at flushPassiveEffectsImpl (node_modules/react-dom/cjs/react-dom.development.js:27078:3)
      at flushPassiveEffects (node_modules/react-dom/cjs/react-dom.development.js:27023:14)
      at performSyncWorkOnRoot (node_modules/react-dom/cjs/react-dom.development.js:26115:3)
      at flushSyncCallbacks (node_modules/react-dom/cjs/react-dom.development.js:12042:22)
      at commitRootImpl (node_modules/react-dom/cjs/react-dom.development.js:26998:3)
      at commitRoot (node_modules/react-dom/cjs/react-dom.development.js:26721:5)
      at finishConcurrentRender (node_modules/react-dom/cjs/react-dom.development.js:26020:9)
      at performConcurrentWorkOnRoot (node_modules/react-dom/cjs/react-dom.development.js:25848:7)
      at flushActQueue (node_modules/react/cjs/react.development.js:2667:24)
      at act (node_modules/react/cjs/react.development.js:2582:11)
      at node_modules/@testing-library/react/dist/act-compat.js:46:25
      at renderRoot (node_modules/@testing-library/react/dist/pure.js:189:26)
      at render (node_modules/@testing-library/react/dist/pure.js:291:10)
      at Object.<anonymous> (src/renderer/components/MainPane/tabs/PhotosTab.test.tsx:588:11)

  ● include_in_post quick-toggle checkbox › list: renders checked checkbox when include_in_post is true

    TypeError: fieldsRef.current?.scrollTo is not a function

      47 |
      48 |   useEffect(() => {
    > 49 |     fieldsRef.current?.scrollTo({ top: 0, behavior: 'smooth' });
         |                        ^
      50 |   }, [selected.id]);
      51 |
      52 |   return (

      at src/renderer/components/MainPane/tabs/PhotoDetailPane.tsx:49:24
      at commitHookEffectListMount (node_modules/react-dom/cjs/react-dom.development.js:23189:26)
      at commitPassiveMountOnFiber (node_modules/react-dom/cjs/react-dom.development.js:24970:11)
      at commitPassiveMountEffects_complete (node_modules/react-dom/cjs/react-dom.development.js:24930:9)
      at commitPassiveMountEffects_begin (node_modules/react-dom/cjs/react-dom.development.js:24917:7)
      at commitPassiveMountEffects (node_modules/react-dom/cjs/react-dom.development.js:24905:3)
      at flushPassiveEffectsImpl (node_modules/react-dom/cjs/react-dom.development.js:27078:3)
      at flushPassiveEffects (node_modules/react-dom/cjs/react-dom.development.js:27023:14)
      at performSyncWorkOnRoot (node_modules/react-dom/cjs/react-dom.development.js:26115:3)
      at flushSyncCallbacks (node_modules/react-dom/cjs/react-dom.development.js:12042:22)
      at commitRootImpl (node_modules/react-dom/cjs/react-dom.development.js:26998:3)
      at commitRoot (node_modules/react-dom/cjs/react-dom.development.js:26721:5)
      at finishConcurrentRender (node_modules/react-dom/cjs/react-dom.development.js:26020:9)
      at performConcurrentWorkOnRoot (node_modules/react-dom/cjs/react-dom.development.js:25848:7)
      at flushActQueue (node_modules/react/cjs/react.development.js:2667:24)
      at act (node_modules/react/cjs/react.development.js:2582:11)
      at node_modules/@testing-library/react/dist/act-compat.js:46:25
      at renderRoot (node_modules/@testing-library/react/dist/pure.js:189:26)
      at render (node_modules/@testing-library/react/dist/pure.js:291:10)
      at Object.<anonymous> (src/renderer/components/MainPane/tabs/PhotosTab.test.tsx:597:11)

  ● include_in_post quick-toggle checkbox › list: clicking checkbox calls photos.update with toggled include_in_post

    TypeError: fieldsRef.current?.scrollTo is not a function

      47 |
      48 |   useEffect(() => {
    > 49 |     fieldsRef.current?.scrollTo({ top: 0, behavior: 'smooth' });
         |                        ^
      50 |   }, [selected.id]);
      51 |
      52 |   return (

      at src/renderer/components/MainPane/tabs/PhotoDetailPane.tsx:49:24
      at commitHookEffectListMount (node_modules/react-dom/cjs/react-dom.development.js:23189:26)
      at commitPassiveMountOnFiber (node_modules/react-dom/cjs/react-dom.development.js:24970:11)
      at commitPassiveMountEffects_complete (node_modules/react-dom/cjs/react-dom.development.js:24930:9)
      at commitPassiveMountEffects_begin (node_modules/react-dom/cjs/react-dom.development.js:24917:7)
      at commitPassiveMountEffects (node_modules/react-dom/cjs/react-dom.development.js:24905:3)
      at flushPassiveEffectsImpl (node_modules/react-dom/cjs/react-dom.development.js:27078:3)
      at flushPassiveEffects (node_modules/react-dom/cjs/react-dom.development.js:27023:14)
      at performSyncWorkOnRoot (node_modules/react-dom/cjs/react-dom.development.js:26115:3)
      at flushSyncCallbacks (node_modules/react-dom/cjs/react-dom.development.js:12042:22)
      at commitRootImpl (node_modules/react-dom/cjs/react-dom.development.js:26998:3)
      at commitRoot (node_modules/react-dom/cjs/react-dom.development.js:26721:5)
      at finishConcurrentRender (node_modules/react-dom/cjs/react-dom.development.js:26020:9)
      at performConcurrentWorkOnRoot (node_modules/react-dom/cjs/react-dom.development.js:25848:7)
      at flushActQueue (node_modules/react/cjs/react.development.js:2667:24)
      at act (node_modules/react/cjs/react.development.js:2582:11)
      at node_modules/@testing-library/react/dist/act-compat.js:46:25
      at renderRoot (node_modules/@testing-library/react/dist/pure.js:189:26)
      at render (node_modules/@testing-library/react/dist/pure.js:291:10)
      at Object.<anonymous> (src/renderer/components/MainPane/tabs/PhotosTab.test.tsx:606:11)

  ● US1 — Sync from File button › T014a: "Sync from File" button is present when a photo is selected

    TypeError: fieldsRef.current?.scrollTo is not a function

      47 |
      48 |   useEffect(() => {
    > 49 |     fieldsRef.current?.scrollTo({ top: 0, behavior: 'smooth' });
         |                        ^
      50 |   }, [selected.id]);
      51 |
      52 |   return (

      at src/renderer/components/MainPane/tabs/PhotoDetailPane.tsx:49:24
      at commitHookEffectListMount (node_modules/react-dom/cjs/react-dom.development.js:23189:26)
      at commitPassiveMountOnFiber (node_modules/react-dom/cjs/react-dom.development.js:24970:11)
      at commitPassiveMountEffects_complete (node_modules/react-dom/cjs/react-dom.development.js:24930:9)
      at commitPassiveMountEffects_begin (node_modules/react-dom/cjs/react-dom.development.js:24917:7)
      at commitPassiveMountEffects (node_modules/react-dom/cjs/react-dom.development.js:24905:3)
      at flushPassiveEffectsImpl (node_modules/react-dom/cjs/react-dom.development.js:27078:3)
      at flushPassiveEffects (node_modules/react-dom/cjs/react-dom.development.js:27023:14)
      at performSyncWorkOnRoot (node_modules/react-dom/cjs/react-dom.development.js:26115:3)
      at flushSyncCallbacks (node_modules/react-dom/cjs/react-dom.development.js:12042:22)
      at commitRootImpl (node_modules/react-dom/cjs/react-dom.development.js:26998:3)
      at commitRoot (node_modules/react-dom/cjs/react-dom.development.js:26721:5)
      at finishConcurrentRender (node_modules/react-dom/cjs/react-dom.development.js:26020:9)
      at performConcurrentWorkOnRoot (node_modules/react-dom/cjs/react-dom.development.js:25848:7)
      at flushActQueue (node_modules/react/cjs/react.development.js:2667:24)
      at act (node_modules/react/cjs/react.development.js:2582:11)
      at node_modules/@testing-library/react/dist/act-compat.js:46:25
      at renderRoot (node_modules/@testing-library/react/dist/pure.js:189:26)
      at render (node_modules/@testing-library/react/dist/pure.js:291:10)
      at Object.<anonymous> (src/renderer/components/MainPane/tabs/PhotosTab.test.tsx:622:11)

  ● US1 — Sync from File button › photo date taken field › accepts a year-only value and saves it

    TypeError: fieldsRef.current?.scrollTo is not a function

      47 |
      48 |   useEffect(() => {
    > 49 |     fieldsRef.current?.scrollTo({ top: 0, behavior: 'smooth' });
         |                        ^
      50 |   }, [selected.id]);
      51 |
      52 |   return (

      at src/renderer/components/MainPane/tabs/PhotoDetailPane.tsx:49:24
      at commitHookEffectListMount (node_modules/react-dom/cjs/react-dom.development.js:23189:26)
      at commitPassiveMountOnFiber (node_modules/react-dom/cjs/react-dom.development.js:24970:11)
      at commitPassiveMountEffects_complete (node_modules/react-dom/cjs/react-dom.development.js:24930:9)
      at commitPassiveMountEffects_begin (node_modules/react-dom/cjs/react-dom.development.js:24917:7)
      at commitPassiveMountEffects (node_modules/react-dom/cjs/react-dom.development.js:24905:3)
      at flushPassiveEffectsImpl (node_modules/react-dom/cjs/react-dom.development.js:27078:3)
      at flushPassiveEffects (node_modules/react-dom/cjs/react-dom.development.js:27023:14)
      at performSyncWorkOnRoot (node_modules/react-dom/cjs/react-dom.development.js:26115:3)
      at flushSyncCallbacks (node_modules/react-dom/cjs/react-dom.development.js:12042:22)
      at commitRootImpl (node_modules/react-dom/cjs/react-dom.development.js:26998:3)
      at commitRoot (node_modules/react-dom/cjs/react-dom.development.js:26721:5)
      at finishConcurrentRender (node_modules/react-dom/cjs/react-dom.development.js:26020:9)
      at performConcurrentWorkOnRoot (node_modules/react-dom/cjs/react-dom.development.js:25848:7)
      at flushActQueue (node_modules/react/cjs/react.development.js:2667:24)
      at act (node_modules/react/cjs/react.development.js:2582:11)
      at node_modules/@testing-library/react/dist/act-compat.js:46:25
      at renderRoot (node_modules/@testing-library/react/dist/pure.js:189:26)
      at render (node_modules/@testing-library/react/dist/pure.js:291:10)
      at Object.<anonymous> (src/renderer/components/MainPane/tabs/PhotosTab.test.tsx:633:13)

  ● US1 — Sync from File button › T014b: "Import from File" label is absent

    TypeError: fieldsRef.current?.scrollTo is not a function

      47 |
      48 |   useEffect(() => {
    > 49 |     fieldsRef.current?.scrollTo({ top: 0, behavior: 'smooth' });
         |                        ^
      50 |   }, [selected.id]);
      51 |
      52 |   return (

      at src/renderer/components/MainPane/tabs/PhotoDetailPane.tsx:49:24
      at commitHookEffectListMount (node_modules/react-dom/cjs/react-dom.development.js:23189:26)
      at commitPassiveMountOnFiber (node_modules/react-dom/cjs/react-dom.development.js:24970:11)
      at commitPassiveMountEffects_complete (node_modules/react-dom/cjs/react-dom.development.js:24930:9)
      at commitPassiveMountEffects_begin (node_modules/react-dom/cjs/react-dom.development.js:24917:7)
      at commitPassiveMountEffects (node_modules/react-dom/cjs/react-dom.development.js:24905:3)
      at flushPassiveEffectsImpl (node_modules/react-dom/cjs/react-dom.development.js:27078:3)
      at flushPassiveEffects (node_modules/react-dom/cjs/react-dom.development.js:27023:14)
      at performSyncWorkOnRoot (node_modules/react-dom/cjs/react-dom.development.js:26115:3)
      at flushSyncCallbacks (node_modules/react-dom/cjs/react-dom.development.js:12042:22)
      at commitRootImpl (node_modules/react-dom/cjs/react-dom.development.js:26998:3)
      at commitRoot (node_modules/react-dom/cjs/react-dom.development.js:26721:5)
      at finishConcurrentRender (node_modules/react-dom/cjs/react-dom.development.js:26020:9)
      at performConcurrentWorkOnRoot (node_modules/react-dom/cjs/react-dom.development.js:25848:7)
      at flushActQueue (node_modules/react/cjs/react.development.js:2667:24)
      at act (node_modules/react/cjs/react.development.js:2582:11)
      at node_modules/@testing-library/react/dist/act-compat.js:46:25
      at renderRoot (node_modules/@testing-library/react/dist/pure.js:189:26)
      at render (node_modules/@testing-library/react/dist/pure.js:291:10)
      at Object.<anonymous> (src/renderer/components/MainPane/tabs/PhotosTab.test.tsx:654:11)

  ● default photo badge (grid view) › renders the default badge as an overlay inside the photo thumb

    TypeError: fieldsRef.current?.scrollTo is not a function

      47 |
      48 |   useEffect(() => {
    > 49 |     fieldsRef.current?.scrollTo({ top: 0, behavior: 'smooth' });
         |                        ^
      50 |   }, [selected.id]);
      51 |
      52 |   return (

      at src/renderer/components/MainPane/tabs/PhotoDetailPane.tsx:49:24
      at commitHookEffectListMount (node_modules/react-dom/cjs/react-dom.development.js:23189:26)
      at commitPassiveMountOnFiber (node_modules/react-dom/cjs/react-dom.development.js:24970:11)
      at commitPassiveMountEffects_complete (node_modules/react-dom/cjs/react-dom.development.js:24930:9)
      at commitPassiveMountEffects_begin (node_modules/react-dom/cjs/react-dom.development.js:24917:7)
      at commitPassiveMountEffects (node_modules/react-dom/cjs/react-dom.development.js:24905:3)
      at flushPassiveEffectsImpl (node_modules/react-dom/cjs/react-dom.development.js:27078:3)
      at flushPassiveEffects (node_modules/react-dom/cjs/react-dom.development.js:27023:14)
      at performSyncWorkOnRoot (node_modules/react-dom/cjs/react-dom.development.js:26115:3)
      at flushSyncCallbacks (node_modules/react-dom/cjs/react-dom.development.js:12042:22)
      at commitRootImpl (node_modules/react-dom/cjs/react-dom.development.js:26998:3)
      at commitRoot (node_modules/react-dom/cjs/react-dom.development.js:26721:5)
      at finishConcurrentRender (node_modules/react-dom/cjs/react-dom.development.js:26020:9)
      at performConcurrentWorkOnRoot (node_modules/react-dom/cjs/react-dom.development.js:25848:7)
      at flushActQueue (node_modules/react/cjs/react.development.js:2667:24)
      at act (node_modules/react/cjs/react.development.js:2582:11)
      at node_modules/@testing-library/react/dist/act-compat.js:46:25
      at renderRoot (node_modules/@testing-library/react/dist/pure.js:189:26)
      at render (node_modules/@testing-library/react/dist/pure.js:291:10)
      at Object.<anonymous> (src/renderer/components/MainPane/tabs/PhotosTab.test.tsx:665:11)

  ● default photo badge (grid view) › does not render the badge in the meta row below the thumb

    TypeError: fieldsRef.current?.scrollTo is not a function

      47 |
      48 |   useEffect(() => {
    > 49 |     fieldsRef.current?.scrollTo({ top: 0, behavior: 'smooth' });
         |                        ^
      50 |   }, [selected.id]);
      51 |
      52 |   return (

      at src/renderer/components/MainPane/tabs/PhotoDetailPane.tsx:49:24
      at commitHookEffectListMount (node_modules/react-dom/cjs/react-dom.development.js:23189:26)
      at commitPassiveMountOnFiber (node_modules/react-dom/cjs/react-dom.development.js:24970:11)
      at commitPassiveMountEffects_complete (node_modules/react-dom/cjs/react-dom.development.js:24930:9)
      at commitPassiveMountEffects_begin (node_modules/react-dom/cjs/react-dom.development.js:24917:7)
      at commitPassiveMountEffects (node_modules/react-dom/cjs/react-dom.development.js:24905:3)
      at flushPassiveEffectsImpl (node_modules/react-dom/cjs/react-dom.development.js:27078:3)
      at flushPassiveEffects (node_modules/react-dom/cjs/react-dom.development.js:27023:14)
      at performSyncWorkOnRoot (node_modules/react-dom/cjs/react-dom.development.js:26115:3)
      at flushSyncCallbacks (node_modules/react-dom/cjs/react-dom.development.js:12042:22)
      at commitRootImpl (node_modules/react-dom/cjs/react-dom.development.js:26998:3)
      at commitRoot (node_modules/react-dom/cjs/react-dom.development.js:26721:5)
      at finishConcurrentRender (node_modules/react-dom/cjs/react-dom.development.js:26020:9)
      at performConcurrentWorkOnRoot (node_modules/react-dom/cjs/react-dom.development.js:25848:7)
      at flushActQueue (node_modules/react/cjs/react.development.js:2667:24)
      at act (node_modules/react/cjs/react.development.js:2582:11)
      at node_modules/@testing-library/react/dist/act-compat.js:46:25
      at renderRoot (node_modules/@testing-library/react/dist/pure.js:189:26)
      at render (node_modules/@testing-library/react/dist/pure.js:291:10)
      at Object.<anonymous> (src/renderer/components/MainPane/tabs/PhotosTab.test.tsx:676:11)

  ● default photo badge (grid view) › renders no badge when the photo is not the default

    TypeError: fieldsRef.current?.scrollTo is not a function

      47 |
      48 |   useEffect(() => {
    > 49 |     fieldsRef.current?.scrollTo({ top: 0, behavior: 'smooth' });
         |                        ^
      50 |   }, [selected.id]);
      51 |
      52 |   return (

      at src/renderer/components/MainPane/tabs/PhotoDetailPane.tsx:49:24
      at commitHookEffectListMount (node_modules/react-dom/cjs/react-dom.development.js:23189:26)
      at commitPassiveMountOnFiber (node_modules/react-dom/cjs/react-dom.development.js:24970:11)
      at commitPassiveMountEffects_complete (node_modules/react-dom/cjs/react-dom.development.js:24930:9)
      at commitPassiveMountEffects_begin (node_modules/react-dom/cjs/react-dom.development.js:24917:7)
      at commitPassiveMountEffects (node_modules/react-dom/cjs/react-dom.development.js:24905:3)
      at flushPassiveEffectsImpl (node_modules/react-dom/cjs/react-dom.development.js:27078:3)
      at flushPassiveEffects (node_modules/react-dom/cjs/react-dom.development.js:27023:14)
      at performSyncWorkOnRoot (node_modules/react-dom/cjs/react-dom.development.js:26115:3)
      at flushSyncCallbacks (node_modules/react-dom/cjs/react-dom.development.js:12042:22)
      at commitRootImpl (node_modules/react-dom/cjs/react-dom.development.js:26998:3)
      at commitRoot (node_modules/react-dom/cjs/react-dom.development.js:26721:5)
      at finishConcurrentRender (node_modules/react-dom/cjs/react-dom.development.js:26020:9)
      at performConcurrentWorkOnRoot (node_modules/react-dom/cjs/react-dom.development.js:25848:7)
      at flushActQueue (node_modules/react/cjs/react.development.js:2667:24)
      at act (node_modules/react/cjs/react.development.js:2582:11)
      at node_modules/@testing-library/react/dist/act-compat.js:46:25
      at renderRoot (node_modules/@testing-library/react/dist/pure.js:189:26)
      at render (node_modules/@testing-library/react/dist/pure.js:291:10)
      at Object.<anonymous> (src/renderer/components/MainPane/tabs/PhotosTab.test.tsx:684:11)

  ● default photo badge (grid view) › labels the include-in-post toggle "Post on web"

    TypeError: fieldsRef.current?.scrollTo is not a function

      47 |
      48 |   useEffect(() => {
    > 49 |     fieldsRef.current?.scrollTo({ top: 0, behavior: 'smooth' });
         |                        ^
      50 |   }, [selected.id]);
      51 |
      52 |   return (

      at src/renderer/components/MainPane/tabs/PhotoDetailPane.tsx:49:24
      at commitHookEffectListMount (node_modules/react-dom/cjs/react-dom.development.js:23189:26)
      at commitPassiveMountOnFiber (node_modules/react-dom/cjs/react-dom.development.js:24970:11)
      at commitPassiveMountEffects_complete (node_modules/react-dom/cjs/react-dom.development.js:24930:9)
      at commitPassiveMountEffects_begin (node_modules/react-dom/cjs/react-dom.development.js:24917:7)
      at commitPassiveMountEffects (node_modules/react-dom/cjs/react-dom.development.js:24905:3)
      at flushPassiveEffectsImpl (node_modules/react-dom/cjs/react-dom.development.js:27078:3)
      at flushPassiveEffects (node_modules/react-dom/cjs/react-dom.development.js:27023:14)
      at performSyncWorkOnRoot (node_modules/react-dom/cjs/react-dom.development.js:26115:3)
      at flushSyncCallbacks (node_modules/react-dom/cjs/react-dom.development.js:12042:22)
      at commitRootImpl (node_modules/react-dom/cjs/react-dom.development.js:26998:3)
      at commitRoot (node_modules/react-dom/cjs/react-dom.development.js:26721:5)
      at finishConcurrentRender (node_modules/react-dom/cjs/react-dom.development.js:26020:9)
      at performConcurrentWorkOnRoot (node_modules/react-dom/cjs/react-dom.development.js:25848:7)
      at flushActQueue (node_modules/react/cjs/react.development.js:2667:24)
      at act (node_modules/react/cjs/react.development.js:2582:11)
      at node_modules/@testing-library/react/dist/act-compat.js:46:25
      at renderRoot (node_modules/@testing-library/react/dist/pure.js:189:26)
      at render (node_modules/@testing-library/react/dist/pure.js:291:10)
      at Object.<anonymous> (src/renderer/components/MainPane/tabs/PhotosTab.test.tsx:691:11)

  ● list view drag handle › renders a dedicated drag handle as the first cell of each row

    TypeError: fieldsRef.current?.scrollTo is not a function

      47 |
      48 |   useEffect(() => {
    > 49 |     fieldsRef.current?.scrollTo({ top: 0, behavior: 'smooth' });
         |                        ^
      50 |   }, [selected.id]);
      51 |
      52 |   return (

      at src/renderer/components/MainPane/tabs/PhotoDetailPane.tsx:49:24
      at commitHookEffectListMount (node_modules/react-dom/cjs/react-dom.development.js:23189:26)
      at commitPassiveMountOnFiber (node_modules/react-dom/cjs/react-dom.development.js:24970:11)
      at commitPassiveMountEffects_complete (node_modules/react-dom/cjs/react-dom.development.js:24930:9)
      at commitPassiveMountEffects_begin (node_modules/react-dom/cjs/react-dom.development.js:24917:7)
      at commitPassiveMountEffects (node_modules/react-dom/cjs/react-dom.development.js:24905:3)
      at flushPassiveEffectsImpl (node_modules/react-dom/cjs/react-dom.development.js:27078:3)
      at flushPassiveEffects (node_modules/react-dom/cjs/react-dom.development.js:27023:14)
      at performSyncWorkOnRoot (node_modules/react-dom/cjs/react-dom.development.js:26115:3)
      at flushSyncCallbacks (node_modules/react-dom/cjs/react-dom.development.js:12042:22)
      at commitRootImpl (node_modules/react-dom/cjs/react-dom.development.js:26998:3)
      at commitRoot (node_modules/react-dom/cjs/react-dom.development.js:26721:5)
      at finishConcurrentRender (node_modules/react-dom/cjs/react-dom.development.js:26020:9)
      at performConcurrentWorkOnRoot (node_modules/react-dom/cjs/react-dom.development.js:25848:7)
      at flushActQueue (node_modules/react/cjs/react.development.js:2667:24)
      at act (node_modules/react/cjs/react.development.js:2582:11)
      at node_modules/@testing-library/react/dist/act-compat.js:46:25
      at renderRoot (node_modules/@testing-library/react/dist/pure.js:189:26)
      at render (node_modules/@testing-library/react/dist/pure.js:291:10)
      at Object.<anonymous> (src/renderer/components/MainPane/tabs/PhotosTab.test.tsx:701:11)

  ● list view drag handle › does not set a grab cursor on the whole row

    TypeError: fieldsRef.current?.scrollTo is not a function

      47 |
      48 |   useEffect(() => {
    > 49 |     fieldsRef.current?.scrollTo({ top: 0, behavior: 'smooth' });
         |                        ^
      50 |   }, [selected.id]);
      51 |
      52 |   return (

      at src/renderer/components/MainPane/tabs/PhotoDetailPane.tsx:49:24
      at commitHookEffectListMount (node_modules/react-dom/cjs/react-dom.development.js:23189:26)
      at commitPassiveMountOnFiber (node_modules/react-dom/cjs/react-dom.development.js:24970:11)
      at commitPassiveMountEffects_complete (node_modules/react-dom/cjs/react-dom.development.js:24930:9)
      at commitPassiveMountEffects_begin (node_modules/react-dom/cjs/react-dom.development.js:24917:7)
      at commitPassiveMountEffects (node_modules/react-dom/cjs/react-dom.development.js:24905:3)
      at flushPassiveEffectsImpl (node_modules/react-dom/cjs/react-dom.development.js:27078:3)
      at flushPassiveEffects (node_modules/react-dom/cjs/react-dom.development.js:27023:14)
      at performSyncWorkOnRoot (node_modules/react-dom/cjs/react-dom.development.js:26115:3)
      at flushSyncCallbacks (node_modules/react-dom/cjs/react-dom.development.js:12042:22)
      at commitRootImpl (node_modules/react-dom/cjs/react-dom.development.js:26998:3)
      at commitRoot (node_modules/react-dom/cjs/react-dom.development.js:26721:5)
      at finishConcurrentRender (node_modules/react-dom/cjs/react-dom.development.js:26020:9)
      at performConcurrentWorkOnRoot (node_modules/react-dom/cjs/react-dom.development.js:25848:7)
      at flushActQueue (node_modules/react/cjs/react.development.js:2667:24)
      at act (node_modules/react/cjs/react.development.js:2582:11)
      at node_modules/@testing-library/react/dist/act-compat.js:46:25
      at renderRoot (node_modules/@testing-library/react/dist/pure.js:189:26)
      at render (node_modules/@testing-library/react/dist/pure.js:291:10)
      at Object.<anonymous> (src/renderer/components/MainPane/tabs/PhotosTab.test.tsx:711:11)

  ● thumbnail size routing (US1/US2) › grid: photo card image src includes ?size=grid

    TypeError: fieldsRef.current?.scrollTo is not a function

      47 |
      48 |   useEffect(() => {
    > 49 |     fieldsRef.current?.scrollTo({ top: 0, behavior: 'smooth' });
         |                        ^
      50 |   }, [selected.id]);
      51 |
      52 |   return (

      at src/renderer/components/MainPane/tabs/PhotoDetailPane.tsx:49:24
      at commitHookEffectListMount (node_modules/react-dom/cjs/react-dom.development.js:23189:26)
      at commitPassiveMountOnFiber (node_modules/react-dom/cjs/react-dom.development.js:24970:11)
      at commitPassiveMountEffects_complete (node_modules/react-dom/cjs/react-dom.development.js:24930:9)
      at commitPassiveMountEffects_begin (node_modules/react-dom/cjs/react-dom.development.js:24917:7)
      at commitPassiveMountEffects (node_modules/react-dom/cjs/react-dom.development.js:24905:3)
      at flushPassiveEffectsImpl (node_modules/react-dom/cjs/react-dom.development.js:27078:3)
      at flushPassiveEffects (node_modules/react-dom/cjs/react-dom.development.js:27023:14)
      at performSyncWorkOnRoot (node_modules/react-dom/cjs/react-dom.development.js:26115:3)
      at flushSyncCallbacks (node_modules/react-dom/cjs/react-dom.development.js:12042:22)
      at commitRootImpl (node_modules/react-dom/cjs/react-dom.development.js:26998:3)
      at commitRoot (node_modules/react-dom/cjs/react-dom.development.js:26721:5)
      at finishConcurrentRender (node_modules/react-dom/cjs/react-dom.development.js:26020:9)
      at performConcurrentWorkOnRoot (node_modules/react-dom/cjs/react-dom.development.js:25848:7)
      at flushActQueue (node_modules/react/cjs/react.development.js:2667:24)
      at act (node_modules/react/cjs/react.development.js:2582:11)
      at node_modules/@testing-library/react/dist/act-compat.js:46:25
      at renderRoot (node_modules/@testing-library/react/dist/pure.js:189:26)
      at render (node_modules/@testing-library/react/dist/pure.js:291:10)
      at Object.<anonymous> (src/renderer/components/MainPane/tabs/PhotosTab.test.tsx:721:11)

  ● thumbnail size routing (US1/US2) › list: row image src includes ?size=grid

    TypeError: fieldsRef.current?.scrollTo is not a function

      47 |
      48 |   useEffect(() => {
    > 49 |     fieldsRef.current?.scrollTo({ top: 0, behavior: 'smooth' });
         |                        ^
      50 |   }, [selected.id]);
      51 |
      52 |   return (

      at src/renderer/components/MainPane/tabs/PhotoDetailPane.tsx:49:24
      at commitHookEffectListMount (node_modules/react-dom/cjs/react-dom.development.js:23189:26)
      at commitPassiveMountOnFiber (node_modules/react-dom/cjs/react-dom.development.js:24970:11)
      at commitPassiveMountEffects_complete (node_modules/react-dom/cjs/react-dom.development.js:24930:9)
      at commitPassiveMountEffects_begin (node_modules/react-dom/cjs/react-dom.development.js:24917:7)
      at commitPassiveMountEffects (node_modules/react-dom/cjs/react-dom.development.js:24905:3)
      at flushPassiveEffectsImpl (node_modules/react-dom/cjs/react-dom.development.js:27078:3)
      at flushPassiveEffects (node_modules/react-dom/cjs/react-dom.development.js:27023:14)
      at performSyncWorkOnRoot (node_modules/react-dom/cjs/react-dom.development.js:26115:3)
      at flushSyncCallbacks (node_modules/react-dom/cjs/react-dom.development.js:12042:22)
      at commitRootImpl (node_modules/react-dom/cjs/react-dom.development.js:26998:3)
      at commitRoot (node_modules/react-dom/cjs/react-dom.development.js:26721:5)
      at finishConcurrentRender (node_modules/react-dom/cjs/react-dom.development.js:26020:9)
      at performConcurrentWorkOnRoot (node_modules/react-dom/cjs/react-dom.development.js:25848:7)
      at flushActQueue (node_modules/react/cjs/react.development.js:2667:24)
      at act (node_modules/react/cjs/react.development.js:2582:11)
      at node_modules/@testing-library/react/dist/act-compat.js:46:25
      at renderRoot (node_modules/@testing-library/react/dist/pure.js:189:26)
      at render (node_modules/@testing-library/react/dist/pure.js:291:10)
      at Object.<anonymous> (src/renderer/components/MainPane/tabs/PhotosTab.test.tsx:730:11)

  ● thumbnail size routing (US1/US2) › selected-photo preview pane uses ?size=preview

    TypeError: fieldsRef.current?.scrollTo is not a function

      47 |
      48 |   useEffect(() => {
    > 49 |     fieldsRef.current?.scrollTo({ top: 0, behavior: 'smooth' });
         |                        ^
      50 |   }, [selected.id]);
      51 |
      52 |   return (

      at src/renderer/components/MainPane/tabs/PhotoDetailPane.tsx:49:24
      at commitHookEffectListMount (node_modules/react-dom/cjs/react-dom.development.js:23189:26)
      at commitPassiveMountOnFiber (node_modules/react-dom/cjs/react-dom.development.js:24970:11)
      at commitPassiveMountEffects_complete (node_modules/react-dom/cjs/react-dom.development.js:24930:9)
      at commitPassiveMountEffects_begin (node_modules/react-dom/cjs/react-dom.development.js:24917:7)
      at commitPassiveMountEffects (node_modules/react-dom/cjs/react-dom.development.js:24905:3)
      at flushPassiveEffectsImpl (node_modules/react-dom/cjs/react-dom.development.js:27078:3)
      at flushPassiveEffects (node_modules/react-dom/cjs/react-dom.development.js:27023:14)
      at performSyncWorkOnRoot (node_modules/react-dom/cjs/react-dom.development.js:26115:3)
      at flushSyncCallbacks (node_modules/react-dom/cjs/react-dom.development.js:12042:22)
      at commitRootImpl (node_modules/react-dom/cjs/react-dom.development.js:26998:3)
      at commitRoot (node_modules/react-dom/cjs/react-dom.development.js:26721:5)
      at finishConcurrentRender (node_modules/react-dom/cjs/react-dom.development.js:26020:9)
      at performConcurrentWorkOnRoot (node_modules/react-dom/cjs/react-dom.development.js:25848:7)
      at flushActQueue (node_modules/react/cjs/react.development.js:2667:24)
      at act (node_modules/react/cjs/react.development.js:2582:11)
      at node_modules/@testing-library/react/dist/act-compat.js:46:25
      at renderRoot (node_modules/@testing-library/react/dist/pure.js:189:26)
      at render (node_modules/@testing-library/react/dist/pure.js:291:10)
      at Object.<anonymous> (src/renderer/components/MainPane/tabs/PhotosTab.test.tsx:740:11)

  ● thumbnail size routing (US1/US2) › opening the photo editor loads the full-resolution image (no size param)

    TypeError: fieldsRef.current?.scrollTo is not a function

      47 |
      48 |   useEffect(() => {
    > 49 |     fieldsRef.current?.scrollTo({ top: 0, behavior: 'smooth' });
         |                        ^
      50 |   }, [selected.id]);
      51 |
      52 |   return (

      at src/renderer/components/MainPane/tabs/PhotoDetailPane.tsx:49:24
      at commitHookEffectListMount (node_modules/react-dom/cjs/react-dom.development.js:23189:26)
      at commitPassiveMountOnFiber (node_modules/react-dom/cjs/react-dom.development.js:24970:11)
      at commitPassiveMountEffects_complete (node_modules/react-dom/cjs/react-dom.development.js:24930:9)
      at commitPassiveMountEffects_begin (node_modules/react-dom/cjs/react-dom.development.js:24917:7)
      at commitPassiveMountEffects (node_modules/react-dom/cjs/react-dom.development.js:24905:3)
      at flushPassiveEffectsImpl (node_modules/react-dom/cjs/react-dom.development.js:27078:3)
      at flushPassiveEffects (node_modules/react-dom/cjs/react-dom.development.js:27023:14)
      at performSyncWorkOnRoot (node_modules/react-dom/cjs/react-dom.development.js:26115:3)
      at flushSyncCallbacks (node_modules/react-dom/cjs/react-dom.development.js:12042:22)
      at commitRootImpl (node_modules/react-dom/cjs/react-dom.development.js:26998:3)
      at commitRoot (node_modules/react-dom/cjs/react-dom.development.js:26721:5)
      at finishConcurrentRender (node_modules/react-dom/cjs/react-dom.development.js:26020:9)
      at performConcurrentWorkOnRoot (node_modules/react-dom/cjs/react-dom.development.js:25848:7)
      at flushActQueue (node_modules/react/cjs/react.development.js:2667:24)
      at act (node_modules/react/cjs/react.development.js:2582:11)
      at node_modules/@testing-library/react/dist/act-compat.js:46:25
      at renderRoot (node_modules/@testing-library/react/dist/pure.js:189:26)
      at render (node_modules/@testing-library/react/dist/pure.js:291:10)
      at Object.<anonymous> (src/renderer/components/MainPane/tabs/PhotosTab.test.tsx:749:11)


Test Suites: 2 failed, 70 passed, 72 total
Tests:       58 failed, 703 passed, 761 total
Snapshots:   0 total
Time:        49.983 s
Ran all test suites in 2 projects.
